TREE: 64a51a5a32883066f13b3ed3aeecde678000f633 @ /c/Users/Johannes/Desktop/canary-observation-hardening
date: 2026-09-06T15:42:59Z node v26.7.0 Windows_NT
cmd: npm test (full Canary suite incl. new onboarding.test.ts)

> canary-reliability-network@0.0.0 test
> npm run build && node --test "packages/**/dist/test/*.test.js" "apps/**/dist/test/*.test.js"


> canary-reliability-network@0.0.0 build
> tsc -b

▶ panel K layer 1 — the validator refuses hostile frame streams
  ✔ CONTROL: an honest watched lifecycle validates VALID (the battery needs a standing baseline) (1.8458ms)
  ✔ post-glm F6b: capture DELIBERATELY honors a complete stream paired with exit -1 — the veto lives in classification, not here (0.4181ms)
  ✔ (ii) injected round with ZERO frames on the channel is INVALID (0.3751ms)
  ✔ (iii) a missing bye — and a misplaced bye — are INVALID boundary violations (0.5912ms)
  ✔ (iv) a reject frame (adapter caught a forged/dup event LIVE) condemns the round (0.3244ms)
  ✔ (v) text claiming "2 passing" over 1 watched pass is INVALID — and a lying bye cannot fix it (0.3995ms)
  ✔ (vi) a forged hello.mochaVersion is INVALID — vs the pin and vs its own shape (0.3606ms)
  ✔ panel 1 extras: flood truncation, duplicate credits, unknown kinds and no-summary all fail closed (0.3021ms)
  ✔ (xi) garbage lines, non-object frames, adapter-error and masked exit each condemn the round (0.3636ms)
✔ panel K layer 1 — the validator refuses hostile frame streams (6.7697ms)
▶ panel K layer 2 — the pipeline end-to-end refuses unattested execution
  ✔ (i) a plain-node text stub that reads as a clean run degrades to INCONCLUSIVE rule 14 (8051.0143ms)
  ✔ (vii) an UNPINNED double running the observer protocol on fd 3 gets stray-bytes forensics, zero credit (7639.0402ms)
  ✔ (viii) AM-1 kill test: double CLAIMS the pinned version, bytes are wrong -> ABSENT, strong unreachable (7165.0145ms)
  ✔ (ix) a subject --require in spec argv is refused fail-closed (protected preload flag) (2725.4789ms)
  ✔ (x) process.exit() mid-round: watched lifecycle never ends -> INVALID, never strong (6087.8119ms)
✔ panel K layer 2 — the pipeline end-to-end refuses unattested execution (31668.9963ms)
▶ post-GLM F1 — off-position runner token earns no execution credit
  ✔ refused fail-closed: forging `node -e` with the token trailing (2139.9017ms)
  ✔ refused fail-closed: forging prelude script with the token after it (2037.2094ms)
  ✔ positive control: the executed-position token still earns VALID and a strong verdict (5722.1061ms)
✔ post-GLM F1 — off-position runner token earns no execution credit (9899.5773ms)
▶ post-GLM F4 — infra prose cannot mask an attested regression
  ✔ a VALID round whose stdout trips the infra signature still yields CONFIRMED_REGRESSION (5656.9698ms)
✔ post-GLM F4 — infra prose cannot mask an attested regression (5657.1838ms)
▶ post-GLM F5 — an untrusted spec cannot select the canary double
  ✔ double bytes staged by the spec itself: NO injection, every round ABSENT, INCONCLUSIVE rule 14 (5671.5483ms)
  ✔ trusted control: with the in-process grant the SAME spec earns VALID + a strong verdict (5584.7434ms)
✔ post-GLM F5 — an untrusted spec cannot select the canary double (11256.5711ms)
▶ audit M8 — CLI subprocess exit-code contract
  ✔ check on honest evidence exits 0 and prints PASS (8816.0882ms)
  ✔ check on a tampered artifact exits 3 and names the tampered file (7753.7049ms)
  ✔ report refuses a fabricated bundle (exit 3) and renders a valid one (exit 0) (7177.414ms)
  ✔ audit F12: report with NO argument defaults to the latest run and renders bundle-persisted failing identities (6964.0598ms)
  ✔ version exits 0; no command prints usage and exits 3 (misuse) (183.6662ms)
  ✔ round-3 secondary: an infrastructure abort exits 2 (environment fault), never 3 (misuse) (374.6111ms)
✔ audit M8 — CLI subprocess exit-code contract (31271.1614ms)
▶ FINDING A — subject text alone can never create a strong verdict
  ✔ the GLM counterexample (console.log "128 passing") is never PASS (8045.9679ms)
  ✔ test command node -e printing mocha-shaped prose is never PASS (7641.8856ms)
  ✔ a printed failing summary is never CONFIRMED_REGRESSION (7194.8676ms)
✔ FINDING A — subject text alone can never create a strong verdict (22884.2555ms)
▶ KNOWN_RUNNER_RELEASES — table == disk (canary-double)
  ✔ the pinned double hash equals the treeSha256 of the repo fixture bytes (2.0511ms)
  ✔ no placeholder digests survive, every entry is well-formed, versions unique per package (0.3416ms)
✔ KNOWN_RUNNER_RELEASES — table == disk (canary-double) (3.2218ms)
▶ detection (pure)
  ✔ lockfiles pick the package manager, first match wins in declared order (2.8572ms)
  ✔ plan is conservative, ordered, and exact-name only (0.944ms)
  ✔ shell-shaped script names never enter a plan (1.3418ms)
  ✔ a quote-bearing CLI path cannot be embedded — buildHookCommand refuses (0.1975ms)
✔ detection (pure) (6.5034ms)
▶ setup
  ✔ happy path: READY, hook registered, evidence written, user repo untouched otherwise (1331.0901ms)
  ✔ re-run is idempotent: one Canary entry, no duplicates, user entry preserved (1322.3522ms)
  ✔ malformed settings.json: refuse, exit NEEDS ATTENTION, bytes untouched (127.288ms)
  ✔ failing project checks never print READY (NO PROOF, NO DONE) (1090.024ms)
  ✔ unattended without --yes: installed but NOT READY — nothing executed, nothing proven (103.3777ms)
  ✔ no supported harness: explicit message, not a fake integration (192.7794ms)
✔ setup (4167.539ms)
▶ checkpoint (harness entry)
  ✔ pass -> silent allow (human never interrupted) (1214.5597ms)
  ✔ failure -> decision:block with the reason (agent gets a repair turn) (1122.6964ms)
  ✔ loop guard: stop_hook_active allows with an honest systemMessage, never re-blocks (1104.1991ms)
  ✔ repo without Canary wiring: exit 0, silent (stay out of the way) (83.9944ms)
✔ checkpoint (harness entry) (3525.8171ms)
▶ doctor + uninstall
  ✔ READY after a green setup; hook deletion is detected loudly; --run re-proves (3086.4719ms)
  ✔ never set up -> NEEDS ATTENTION with the one command; outside git -> UNSUPPORTED (206.1414ms)
  ✔ uninstall removes exactly Canary, preserves everything else; repeat is safe (1415.3662ms)
✔ doctor + uninstall (4708.201ms)
▶ hook entry shape + ownership
  ✔ hasCanaryEntry matches exact command only (0.1712ms)
✔ hook entry shape + ownership (0.2563ms)
▶ audit M8 — offline pipeline end-to-end
  ✔ confined regression: CONFIRMED_REGRESSION, real artifacts re-hash clean (8584.9122ms)
  ✔ unconfined tree drift is downgraded to INCONCLUSIVE rule 9 (F9 e2e) (7114.6081ms)
  ✔ a tampered artifact is caught end-to-end by the prove path (F4 e2e) (7161.0766ms)
  ✔ a fabricated self-contradictory bundle is refuted by validateBundle (F3 e2e) (6835.3788ms)
  ✔ round-3 secondary: a fetch failure is INFRASTRUCTURE (InfraAbort -> CLI exit 2), not generic error (2.808ms)
  ✔ round-3 secondary: an extraction failure is INFRASTRUCTURE too (3.0273ms)
✔ audit M8 — offline pipeline end-to-end (29703.538ms)
▶ round-3 B3 — the proof host is the ACTUAL runtime, never the evidence
  ✔ pristine run + proofHost = this machine: full gate PASSes with ZERO skipped assertions (7896.9936ms)
  ✔ THE AUDIT ATTACK: reseal host metadata to dodge host checks -> gate FAILS (exit 1), never skip-to-PASS (7407.0061ms)
  ✔ resealing the environment TO MATCH the real machine is not an attack: identity is reality, not paper (7204.9233ms)
  ✔ off the proof host (simulate a foreign runtime): strict checks SKIP and the verdict INCOMPLETE (exit 2) — PASS is not claimed (6842.6304ms)
  ✔ post-sol F1 — SELF-CONSISTENT is NOT proof-agreement: a bundle fully consistent on this machine can still FAIL check against a diverged committed proof (6017.806ms)
  ✔ a lying proof file cannot flip the verdict either: proofHost=foreign while running here still skips (evidence-agnostic) (5798.7265ms)
✔ round-3 B3 — the proof host is the ACTUAL runtime, never the evidence (41170.1967ms)
▶ post-GLM F2 — executable bytes are part of the host identity
  ✔ a trojan runtime claiming the proof-host METADATA but running different bytes can never PASS (5701.0125ms)
  ✔ a proof naming a proofHost but omitting the exec digest is REFUSED — loud FAIL, never a silently weaker gate (5665.7444ms)
  ✔ the sampler reports the ACTUAL bytes of the running executable (68.4883ms)
  ✔ an environment ATTESTATION stays metadata-only: the evidence block carries no bytes to compare (documented residual) (0.238ms)
✔ post-GLM F2 — executable bytes are part of the host identity (11435.8705ms)
▶ verifyArtifacts — audit F4 (proof must rehash the real artifacts)
  ✔ accepts a bundle whose every recorded hash matches the file on disk (25.3672ms)
  ✔ rejects a tampered raw stdout (recorded hash kept, content swapped) (24.2162ms)
  ✔ rejects a tampered normalized stdout independently of the raw one (30.0757ms)
  ✔ rejects quietly deleted stderr artifacts (25.0971ms)
  ✔ rejects all four substituted files of one round (raw, raw-err, norm, norm-err) (23.6282ms)
  ✔ rejects a logPath that breaks the round-ownership contract (18.8618ms)
✔ verifyArtifacts — audit F4 (proof must rehash the real artifacts) (149.1033ms)
▶ verifyArtifacts — audit B3 (path confinement + ownership)
  ✔ ../../ identical external substitution is refused (ownership), not verified against the external bytes (9.4899ms)
  ✔ absolute external path in logPath is refused (7.8907ms)
  ✔ cross-round swap (candidate#1 claims candidate#2 log) is refused (11.6087ms)
  ✔ baseline pointing at a candidate artifact is refused (8.5065ms)
  ✔ a valid canonical relative artifact path verifies clean (12.5168ms)
  ✔ missing + modified artifacts are refused (23.5934ms)
  ✔ a symlinked artifact resolving outside the dir is refused (symlink escape) (14.3079ms)
✔ verifyArtifacts — audit B3 (path confinement + ownership) (88.7918ms)
▶ assertProof — audit F11 + round-3 B3 (host-exactness from the ACTUAL runtime)
  ✔ legacy proof (no proofHost): host-exact hashes NEVER assert — recorded-env match grants nothing (post-glm F6f) (11.2073ms)
  ✔ post-glm F6f: an ABSENT proofHost can never grant host-exact trust — resealed env metadata cannot PASS the proof (8.3083ms)
  ✔ matching proofHost + actual runtime on it: every assertion including hashes AND the environment binding evaluates (8.8984ms)
  ✔ round-3 B3 core: resealing the evidence environment can NO LONGER skip strict checks — it FAILS the binding (9.3047ms)
  ✔ off-proof-host: host-exact comparisons skip (flagged, not silent); portable assertions still evaluate; verdict is INCOMPLETE (10.5358ms)
  ✔ off-proof-host with tampered committed hashes still passes portable checks (and this is exactly why verifyArtifacts exists) (70.2383ms)
✔ assertProof — audit F11 + round-3 B3 (host-exactness from the ACTUAL runtime) (119.0669ms)
▶ round-3 B3 — environment attestation + verdict helpers
  ✔ environmentAttestationIssues: silent only when claim == ACTUAL runtime (8.284ms)
  ✔ proofVerdict: PASS requires zero failures AND zero skips (0.3201ms)
✔ round-3 B3 — environment attestation + verdict helpers (8.805ms)
▶ round-3 B4-D — exact failing-identity set equality (proof vs candidate bytes)
  ✔ faithful expectation: exact set holds (0.4943ms)
  ✔ proof pinning a SUBSET (hiding a real failure) FAILS (0.3426ms)
  ✔ proof pinning an EXTRA (non-existent) identity FAILS (0.4657ms)
  ✔ the exact-set check is portable — it evaluates (never skips) off-host (0.3825ms)
  ✔ a proof that does not pin the tarball digest FAILS the pin requirement (0.2777ms)
  ✔ assertProof alone refuses a resealed experimentId the proof does not name (mutation N10) (1.6697ms)
  ✔ a proof declaring a schema version the reader does not implement FAILS (portable) (0.3677ms)
✔ round-3 B4-D — exact failing-identity set equality (proof vs candidate bytes) (8.4819ms)
▶ post-sol secondary — host sampling is immune to the verifier process environment
  ✔ a poisoned NODE_OPTIONS in the verifying process does NOT crash or steer the fingerprint (299.4092ms)
✔ post-sol secondary — host sampling is immune to the verifier process environment (299.571ms)
▶ audit B4 — provenance forgery matrix (which layer refuses)
  ✔ pristine run passes the whole gate (7861.2843ms)
  ✔ rewriting failure counts is caught — round-3 B1 coverage gate fires even earlier (at validateBundle) (7350.2344ms)
  ✔ rewriting failing-test identities is caught by byte re-derivation (resealed) (7219.621ms)
  ✔ NEW: per-round name/value disagreement with bytes is caught (one round forged) (6833.04ms)
  ✔ rewriting digests away from bytes is caught by verifyArtifacts (resealed) (5930.2949ms)
  ✔ rewriting the repo URL is caught by the committed proof (resealed) (5635.8841ms)
  ✔ rewriting experimentId is caught by the workspace binding (resealed) — B4-A fires before the proof (5638.6776ms)
  ✔ rewriting the pinned commit is caught by the committed proof (resealed) (5674.0227ms)
  ✔ rewriting runtime platform is caught by the committed proof (resealed) (5855.4511ms)
  ✔ flipping drift-confined to false is caught (resealed) — trustful+unconfined (5734.273ms)
  ✔ downgrading a tree observation to INCOMPLETE cannot support a trustful label (resealed) (5425.5016ms)
  ✔ NEW: relabeling a real regression PASS is caught by re-derivation (resealed) (5245.5603ms)
  ✔ adding a non-allowlisted env key is refused (resealed) (5010.0242ms)
  ✔ naive (argv) rewrite without recomputing the manifest is caught by integrity (4860.3937ms)
  ✔ naive (tarball digest) rewrite without recomputing the manifest is caught by integrity (4903.8844ms)
  ✔ naive (runId) rewrite without recomputing the manifest is caught by integrity (4868.0964ms)
  ✔ manifest integrity catches ANY single-field rewrite done without recompute (4855.0492ms)
✔ audit B4 — provenance forgery matrix (which layer refuses) (98903.6476ms)
▶ round-3 B4 — coherent-reseal matrix on release-critical fields
  ✔ resealed runId alone is contradicted by the workspace directory (4878.9766ms)
  ✔ resealed runId AND experimentId (coherent prefix) still contradicts the directory (5006.9739ms)
  ✔ resealed tarball digest is contradicted by the retained fixture.tgz bytes (4967.0553ms)
  ✔ attacker who swaps the TARBALL BYTES too is stopped by the committed proof pin (5009.1201ms)
  ✔ resealed argv is contradicted by the committed spec re-expansion (proof host) (4913.6911ms)
  ✔ weakened envKeys (valid allowlist subset) is contradicted by the policy re-derivation (4887.7734ms)
  ✔ classification REASON tampering (label/rule/count coherent) is caught by byte re-derivation (4946.0584ms)
  ✔ coherent INCONCLUSIVE-rule9 relabel is refused (no unconfined drift to justify it) (9797.9909ms)
  ✔ resealed dependency-copy count is contradicted by the retained snapshot recount (4890.6285ms)
  ✔ a crash hidden from the record (crash line IN the bytes, resealed) is caught by byte re-derivation (4822.3369ms)
  ✔ an invented crashSignal on clean bytes is caught too (bidirectional binding, resealed) (4878.3657ms)
  ✔ a tampered infraSignal (false where bytes carry an infra line) is caught by bytes (4911.7636ms)
  ✔ a proof pinning a SUBSET of the failing identities is refused (exact-set equality, B4-D) (4921.3801ms)
  ✔ a proof pinning a WRONG extra identity is refused too (exact-set equality, B4-D) (4913.4197ms)
  ✔ a proof that forgot to pin the tarball digest cannot support PASS (B4) (4916.7183ms)
✔ round-3 B4 — coherent-reseal matrix on release-critical fields (78663.1909ms)
▶ flattenNpmLsJson — npm 11.19 empty-object representation (pipeline path)
  ✔ an empty {} node with no problems mention is expected-absent: no anomaly, no hole (2.372ms)
  ✔ the same {} node IS an anomaly when problems mentions it (unmet-optional-that-matters fails closed) (0.2946ms)
  ✔ a version-less node with missing:true is an anomaly (uninstalled REQUIRED dep) (0.2113ms)
  ✔ a version-less node carrying a declared subtree: missing-version + unwalked-subtree (0.336ms)
  ✔ problems name-matching is token-anchored: "util" is not matched by "bufferutil@1.0.0" (0.2449ms)
  ✔ non-object node entries are malformed-node anomalies (0.1873ms)
  ✔ empty / effectively-empty trees can NEVER become VALID (criterion 6) (0.2259ms)
  ✔ a {} node for the STUDIED dependency itself is absence, not presence (criterion 7) (0.2193ms)
  ✔ ANY anomaly caps the observation at INCOMPLETE even with the dep present (0.215ms)
✔ flattenNpmLsJson — npm 11.19 empty-object representation (pipeline path) (5.9457ms)
▶ post-sol M-2 — empty-node semantics (narrowest exemption)
  ✔ the REAL captured npm 11.19 shape (root fsevents {}, ws nested {} natives) stays VALID (0.8596ms)
  ✔ R4-SR1 (self-review): problems WITH a silent stderr is npm's real extraneous-only shape — the observation is complete, not contradictory (0.6045ms)
  ✔ an empty/absent problems field under an ELSPROBLEMS stderr IS the contradiction (stripped-report forgery) (0.4766ms)
  ✔ problems ABSENT but stderr SCREAMING ELSPROBLEMS is equally a contradiction (stripped-stderr forgery) (0.1821ms)
  ✔ a MALFORMED problems field (string, object, or array with non-strings) kills the exemption and is itself an anomaly (0.3351ms)
  ✔ string-valued problems mentioning the node fail closed identically on BOTH parsers (N4 differential) (0.2751ms)
  ✔ the STUDIED dependency appearing as {} is absence (INCOMPLETE via depPresent), never presence (0.3135ms)
  ✔ drift caused by DISAPPEARANCE of a formerly-versioned dep is byte-visible, not exemption-hidden (outside-subtree drift -> unconfined) (0.3652ms)
  ✔ deeply nested hostile trees are BOUNDED on both parsers (no stack exhaustion; fails closed) (3.2756ms)
  ✔ the traversal budgets are IDENTICAL contracts in both implementations (0.1295ms)
  ✔ anomalies from the two problem channels are DETERMINISTIC and deduped across repeated {} nodes (0.168ms)
✔ post-sol M-2 — empty-node semantics (narrowest exemption) (7.7622ms)
▶ cross-implementation parity — pipeline flatten vs verify-tree re-flatten (criteria 2+3)
  ✔ parity: plain (0.5711ms)
  ✔ parity: 11.19 empty optionals (0.2073ms)
  ✔ parity: empty optional + problems mention (0.2225ms)
  ✔ parity: missing required (0.1907ms)
  ✔ parity: scoped names (0.217ms)
  ✔ parity: nested copies (0.4898ms)
  ✔ parity: malformed nodes (0.3909ms)
  ✔ parity: version-less with subtree (0.1213ms)
  ✔ parity: problems only (no deps) (1.4565ms)
  ✔ parity: truncated json (0.2448ms)
  ✔ parity: json scalar (0.1104ms)
  ✔ parity: json null (0.088ms)
  ✔ parity: empty root (0.1093ms)
✔ cross-implementation parity — pipeline flatten vs verify-tree re-flatten (criteria 2+3) (5.8607ms)
▶ confinement semantics survive the compatibility fix (criterion 3)
  ✔ a {} drift node is never a flat key, so drift sets stay byte-derived (0.2406ms)
  ✔ drift OUTSIDE the subtree stays unconfined even next to {} nodes (0.1955ms)
  ✔ scoped-name escape stays closed under segment semantics (0.1284ms)
✔ confinement semantics survive the compatibility fix (criterion 3) (0.7467ms)
▶ reflattenNpmLs — independent re-derivation of the tree observation
  ✔ flattens nested/scoped trees with versions, no anomalies (problems ignored) (3.1782ms)
  ✔ a missing-version node (npm unmet dependency) is an anomaly, never an "x" sentinel (0.5774ms)
  ✔ an empty {} node with no problems mention is an expected-absent optional, not a hole (0.3764ms)
  ✔ the same empty {} node IS an anomaly when problems mentions it (unmet-optional-that-matters fails closed) (0.2567ms)
  ✔ problems name-matching is token-anchored: "util" is not mentioned by "bufferutil@1.0.0" (0.3455ms)
  ✔ a {} node WITH a declared subtree is still missing-version + unwalked-subtree (0.2543ms)
  ✔ a version-less NODE hides a whole subtree: missing-version + unwalked-subtree (0.2274ms)
  ✔ truncated / malformed JSON => parsed=false (INVALID territory), never a partial success (1.0902ms)
  ✔ copies are counted by full path segments; subtree containment is segment membership (0.4131ms)
✔ reflattenNpmLs — independent re-derivation of the tree observation (10.8355ms)
▶ retained tree snapshots — real pipeline bytes, independent verifier
  ✔ a fresh confined CONFIRMED run retains arm-named artifacts that verify clean (7971.4513ms)
  ✔ naive tamper of retained raw bytes (no reseal) is caught (7603.2631ms)
  ✔ LAZY reseal (raw digest fixed, canonical/tree-hash left stale) is caught by the chain (7214.4915ms)
  ✔ reseal that rewrites bytes+digests but keeps the old attestation claim is caught by verify-tree (6732.0527ms)
  ✔ COHERENT full tree-side reseal: bundle layer catches the version lie (attestation invariant) (5929.6705ms)
  ✔ a coherent reseal claiming VALID over bytes with a missing-version hole is caught (status + anomaly re-derivation) (5653.7991ms)
  ✔ pointing one arm at the other arm bytes is caught by BOTH layers (5645.6293ms)
  ✔ flipping driftConfinedToDependency against the retained snapshots is caught (5792.7985ms)
  ✔ stripping snapshot refs from a trustful bundle: verifier says unverifiable, schema refuses to seal trust on it (5783.2495ms)
  ✔ post-GLM G: naive tamper/deletion of the retained attest bytes is caught by verifyArtifacts (5796.6814ms)
  ✔ post-GLM G: a resealed framesSha256 the retained bytes do not back is caught ONLY by the bytes binding (5410.462ms)
  ✔ post-GLM G: reseal-everything-but-the-observation is REFUSED (the pre-G "clean 4-file resealed tuple" premise is forbidden by design) (5242.6417ms)
✔ retained tree snapshots — real pipeline bytes, independent verifier (74777.2002ms)
▶ validateBundle — round-3 B6 snapshot/anomaly/version gates
  ✔ trustful WITH snapshots + empty anomalies + consistent versions validates clean (0.8378ms)
  ✔ trustful WITHOUT retained snapshots is rejected (resealed) (0.4956ms)
  ✔ trustful with a MISSING anomaly array is rejected ("did not look" != "nothing found") (0.5844ms)
  ✔ trustful with NON-EMPTY recorded anomalies is rejected (partial observation cannot anchor trust) (0.3349ms)
  ✔ resolvedVersions contradicting the dependency block is rejected (resealed attestation forgery) (0.3384ms)
  ✔ snapshot artifact names must be arm-derived (candidate pointing at baseline bytes dies sealed) (0.4572ms)
  ✔ NON-trustful bundles may legitimately carry no snapshots (honest INCONCLUSIVE rule 10) (0.4579ms)
  ✔ trustful label with rounds observation-ABSENT is rejected (rule-14 mirror, panel H) (0.3979ms)
  ✔ trustful label with a VALID observation naming an UNPINNED runner is rejected (panel H/AM-1) (0.4599ms)
  ✔ trustful label whose observed counts DISAGREE with the text channel is rejected (cross-channel gate cannot be bypassed) (0.3697ms)
✔ validateBundle — round-3 B6 snapshot/anomaly/version gates (4.9895ms)
▶ AI adapter boundary
  ✔ noop provider attaches nothing (1.7391ms)
  ✔ attachSummary cannot alter any pre-existing field, including classification (0.8318ms)
✔ AI adapter boundary (5.0946ms)
▶ classify — decision table (docs/PLAN.md section 6)
  ✔ rule 3: baseline unanimous pass + candidate unanimous pass -> PASS (2.1746ms)
  ✔ rule 5: baseline passes, all candidate rounds fail -> CONFIRMED_REGRESSION (0.3895ms)
  ✔ rule 4: baseline fails with real summaries + candidate fails -> PRE_EXISTING_FAILURE (0.267ms)
  ✔ rule 1 (degenerate-run guard): failing round without runner summary -> INFRASTRUCTURE_FAILURE, never CONFIRMED_REGRESSION (0.1979ms)
  ✔ rule 1: killed round (exit -1) -> INFRASTRUCTURE_FAILURE (0.1853ms)
  ✔ rule 1: infra signal on a failing round outranks drift (0.1823ms)
  ✔ rule 2: split baseline -> FLAKY (experiment invalid) (0.1588ms)
  ✔ rule 7: clean baseline, mixed candidate -> FLAKY, not CONFIRMED (0.2065ms)
  ✔ rule 6: failing baseline + all-pass candidate -> INCONCLUSIVE (inverted pattern) (0.1971ms)
  ✔ rule 0: missing arms -> INCONCLUSIVE (0.2212ms)
  ✔ rule 1 (F1 guard): nonzero exit whose summary reports 0 failing is infra, not drift (0.1976ms)
  ✔ rule 1 (F5 guard): zero exit with masked failures in summary is never PASS (0.1624ms)
  ✔ audit B2: zero-test execution (exit 0, "0 passing") is INFRA, never PASS (0.2414ms)
  ✔ audit B2: a round with NO runner summary at exit 0 is INFRA, never PASS (0.1754ms)
  ✔ audit B2: recognized infra signature at EXIT ZERO is INFRA (a harness that swallows errors) (0.1393ms)
  ✔ audit B2: a candidate whose baseline is clean but rounds are zero-test is INFRA (never CONFIRMED) (0.1421ms)
  ✔ audit B2 positive control: a valid zero-failure run (N>0 passing, exit 0) still PASSES (0.1581ms)
  ✔ audit F1 (mocha-realistic): passing summary WITHOUT a failing line + nonzero exit -> INFRA, never CONFIRMED_REGRESSION (0.154ms)
  ✔ audit F2: candidate rounds failing DIFFERENT counts -> FLAKY rule 8, not CONFIRMED_REGRESSION (0.1864ms)
  ✔ audit F2: same count but DIFFERENT failing-test identities -> FLAKY rule 8 (0.145ms)
  ✔ audit F2: identical failure profiles (golden shape) -> still CONFIRMED_REGRESSION rule 5 (0.267ms)
  ✔ audit F2: profile comparison is order-independent (sorted identities) (0.1549ms)
  ✔ audit F2: unstable baseline failure identities block PRE_EXISTING_FAILURE -> FLAKY (0.1187ms)
  ✔ audit F1 contract: summary-present failing round WITHOUT any failing count is INFRA, not regression (0.1522ms)
  ✔ is pure: same facts always yield the same verdict (0.8626ms)
✔ classify — decision table (docs/PLAN.md section 6) (9.7799ms)
▶ audit F9/B6 — applyConfinementGuard (rules 9 + 10, enforced not decorative)
  ✔ downgrades CONFIRMED_REGRESSION to INCONCLUSIVE rule 9 when drift is unconfined (0.2972ms)
  ✔ is identity when drift IS confined and both trees VALID (a legit CONFIRMED survives) (0.1304ms)
  ✔ never masks an INFRASTRUCTURE_FAILURE (higher-fidelity reason kept) (0.1304ms)
  ✔ downgrades PASS and PRE_EXISTING_FAILURE too (any trustful verdict needs comparable arms) (0.1724ms)
  ✔ audit B6: an empty/partial tree observation downgrades to INCONCLUSIVE rule 10 even when drift is confined (0.1523ms)
  ✔ audit B6: tree-invalidity takes precedence over unconfined drift (rule 10 not 9) (0.1149ms)
  ✔ guard removal would flip the outcome: identical facts, opposite confinement (0.1225ms)
✔ audit F9/B6 — applyConfinementGuard (rules 9 + 10, enforced not decorative) (1.4501ms)
▶ round-3 blocker 1 — identity coverage gates trustful verdicts
  ✔ identityCoverage: exact match COMPLETE; fewer / more / missing => INCOMPLETE / NOT_OBSERVED (0.2125ms)
  ✔ two DIFFERENT root-level failures that collapsed to equal EMPTY sets can never CONFIRM (rule 11) (0.2041ms)
  ✔ repeated "2 failing" with only ONE extractable identity -> INCONCLUSIVE rule 11, never CONFIRMED (0.1615ms)
  ✔ single failing round claiming 9 failures with 0 identities -> INCONCLUSIVE rule 11 (0.1205ms)
  ✔ under-accounted BASELINE blocks PRE_EXISTING_FAILURE too (coverage is not candidate-only) (0.1024ms)
  ✔ genuinely distinct root failures stay distinct (rule 8 FLAKY, not coverage, not CONFIRMED) (0.1503ms)
  ✔ fully-accounted root-level identities CONFIRM (conservatism must not break real proofs) (0.1371ms)
✔ round-3 blocker 1 — identity coverage gates trustful verdicts (1.3471ms)
▶ round-3 blocker 2 — pending tests are NOT executed assertions
  ✔ all-pending candidate (0/0/7, exit 0) can never PASS -> INFRA (1.0674ms)
  ✔ infraCause flags a pending-only round directly (was: null) (0.1527ms)
  ✔ healthy baseline + ALL-skipped candidate: the run proves nothing executed (0.0978ms)
  ✔ summary present with NO machine-readable counts at all -> INFRA (prose "summary" proves nothing) (0.1267ms)
  ✔ pending-only counts (no passing/failing line — the real mocha shape) -> INFRA zero-executed (0.1653ms)
  ✔ zero-test with NO summary at all stays INFRA (B2 path unchanged) (0.153ms)
  ✔ a single executed assertion (1 passing, 0 failing, N pending) is enough to be a VALID run (0.1385ms)
  ✔ decoy early summary lines cannot steer a nonzero-exit round into CONFIRMED (probe P2) (0.1092ms)
  ✔ duplicate identical suite-qualified identities under-account -> rule 11, never trust (probe P4) (0.1189ms)
✔ round-3 blocker 2 — pending tests are NOT executed assertions (2.4167ms)
▶ post-sol RB-2 — coverage consistency gates strong verdicts
  ✔ Sol case 1: baseline 128 passing, candidate 1 passing is NOT PASS (0.3166ms)
  ✔ Sol case 2: baseline repetitions 128 then 1 (both exit 0) is NOT PASS (0.1479ms)
  ✔ Sol case 3: baseline 128, candidate 1 passing / 127 pending is NOT PASS (0.1223ms)
  ✔ Sol case 4: baseline 128, candidate 1 stable failing test is NOT CONFIRMED_REGRESSION (0.1489ms)
  ✔ Axios golden shape (128 passing -> 125 passing / 3 failing) STILL classifies CONFIRMED_REGRESSION rule 5 (0.1539ms)
  ✔ a passing->failing move at stable totals is a regression, not a coverage gap (0.1198ms)
  ✔ one executed test on BOTH arms, stable across repetitions, still PASSES (no hard-coded minimum) (0.1101ms)
  ✔ pending that SHRINKS candidate-side is caught by the observed total (5 executed + 0 pending vs 5 + 5 pending) (0.1161ms)
  ✔ candidate executing MORE than baseline is equally non-comparable (strong verdicts need both directions) (0.0787ms)
  ✔ rule 12 fires on candidate-side instability too (one repeat loses a test, both exit 0) (0.122ms)
  ✔ PRE_EXISTING_FAILURE also demands comparability (baseline fails with fewer executed than candidate) (0.3312ms)
  ✔ weak outputs are never inflated by the new rules: mixed candidate with a coverage gap stays FLAKY (rule 7), infra wins over coverage (rule 1) (0.2085ms)
  ✔ treats undefined counts as zero consistently with rule 1 (mocha omits the 0-failing line): 5 passing vs 5 passing+3 failing is NOT comparable (0.1196ms)
  ✔ a stable-coverage collapse on BOTH arms (128 -> 1 -> uniform) is comparable and can still PASS — and is reported honestly (0.1038ms)
✔ post-sol RB-2 — coverage consistency gates strong verdicts (2.6802ms)
▶ post-GLM — execution-observation gate (rule 14)
  ✔ the GLM shape: unanimous "passing" prose with NO observation -> INCONCLUSIVE rule 14, never PASS (0.3721ms)
  ✔ a VALID observation that LIES about counts is caught (text 5/0/0 vs observed 42/0/0) (0.1513ms)
  ✔ a VALID observation whose failing identities differ from the text is caught (0.1432ms)
  ✔ FLAKY is gated too: a split baseline WITHOUT observation is rule 14, not FLAKY (0.1443ms)
  ✔ PRE_EXISTING_FAILURE is gated: fail/fail/fail prose is rule 14 (the guard also gates the honest direction) (0.1876ms)
  ✔ status ABSENT is not "weak-but-fine": an explicit ABSENT observation gates like a missing one (0.1643ms)
  ✔ the gate reports the FIRST offending round in bundle order (deterministic reason) (0.1297ms)
  ✔ observationGateIssue: both exit-contradiction directions fail a VALID observation (0.1311ms)
  ✔ observationSatisfied agrees with the gate on both paths (0.1209ms)
  ✔ a VALID observation whose identity array is missing/malformed is a REFUSAL, not a crash (0.1586ms)
  ✔ post-GLM F4: infra TEXT signature alone cannot veto an attested execution (precedence) (0.1833ms)
  ✔ post-glm F6b: the ACTUAL containment of a VALID-observed killed round — gate blind, rule 1 absolute (0.1543ms)
  ✔ post-GLM F4 twin: WITHOUT attestation the same prose still yields rule 1 INFRA (0.0876ms)
  ✔ post-GLM F4 residual: a crash-signature TEXT cannot veto an attested execution either (0.3108ms)
  ✔ post-GLM F4 residual twin: WITHOUT attestation crash prose still yields rule 1 INFRA (0.1063ms)
  ✔ weak paths are NOT gated: rule 0/rule 1 keep their rule numbers without any observation (0.1271ms)
✔ post-GLM — execution-observation gate (rule 14) (3.29ms)
▶ post-GLM round 5 F1 — PRE_EXISTING requires failing-set containment
  ✔ a candidate failure Canary never saw fail in baseline is NOT pre-existing — INCONCLUSIVE 13 (never a swallowed regression) (0.5851ms)
  ✔ disjoint failing sets ({A} baseline vs {B} candidate) at equal totals describe no comparable transition — INCONCLUSIVE 13 (0.1619ms)
  ✔ an honest PRE_EXISTING_FAILURE (identical failing sets) keeps rule 4 — containment must not over-block (0.2541ms)
  ✔ CONFIRMED_REGRESSION is untouched by containment (baseline has zero failing identities) (0.2999ms)
  ✔ DOCUMENTED CEILING: version-gated passing-test substitution still PASSes (F3/§8.1) — equality of cardinality + failing sets is the exact invariant (0.1587ms)
✔ post-GLM round 5 F1 — PRE_EXISTING requires failing-set containment (2.2585ms)
▶ post-GLM round 5 F4 — rule 14 downgrades EVERY FLAKY producer (6/7/8/12)
  ✔ un-attested producer rule 6 (non-unanimous candidate under failing baseline) -> INCONCLUSIVE 14, never FLAKY (0.2181ms)
  ✔ un-attested producer rule 7 (clean baseline, mixed candidate) -> INCONCLUSIVE 14, never FLAKY (0.1662ms)
  ✔ un-attested producer rule 8 (failing rounds within an arm differ in identity) -> INCONCLUSIVE 14, never FLAKY (0.161ms)
  ✔ un-attested producer rule 12 (repetitions differ in coverage totals) -> INCONCLUSIVE 14, never FLAKY (0.1393ms)
✔ post-GLM round 5 F4 — rule 14 downgrades EVERY FLAKY producer (6/7/8/12) (0.879ms)
▶ inDependencySubtree
  ✔ matches the dep itself and its nested copies at any depth (escaped keys) (1.0968ms)
  ✔ scoped name collisions cannot masquerade when keys are escaped (F4) (0.2756ms)
  ✔ round-3 B6: descendants of a NESTED copy are inside the subtree (0.2104ms)
  ✔ audit F10: a SCOPED dependency matches its own escaped keys (0.1809ms)
✔ inDependencySubtree (3.1821ms)
▶ diffTrees — the arms-equality proof
  ✔ audit F10: scoped dependency drift inside its subtree is confined (1.5711ms)
  ✔ audit F10: scoped dep PLUS real external drift is still NOT confined (0.9436ms)
  ✔ golden case: only the dependency subtree changed (0.2432ms)
  ✔ detects contamination outside the dependency (0.2554ms)
  ✔ audit B6 exposes the vacuous-confinement hazard (empty trees report confined) (0.427ms)
✔ diffTrees — the arms-equality proof (3.9745ms)
▶ audit B6 — classifyTreeObservation (tree completeness)
  ✔ a parsed, non-empty tree containing the dependency is VALID (0.4225ms)
  ✔ empty tree (no data observed) is INVALID, not a proof of confinement (0.1271ms)
  ✔ unparseable / no-root-deps is INVALID (0.1373ms)
  ✔ tree present but the studied dependency absent is INCOMPLETE (0.111ms)
  ✔ scoped dependency presence is detected via the escaped key (dependencyInTree) (0.1041ms)
  ✔ round-3 B6: ANY observation anomaly caps the status at INCOMPLETE (0.1325ms)
✔ audit B6 — classifyTreeObservation (tree completeness) (1.362ms)
▶ log parsing (auxiliary — never decides classification)
  ✔ extracts canonical suite-qualified identities from mocha output (audit B1) (1.0001ms)
  ✔ audit B1: same leaf title in DIFFERENT suites stays DISTINCT (0.5587ms)
  ✔ audit B1: nested describe paths survive as multi-segment identities (0.1157ms)
  ✔ audit B1: progress-list lines (N) followed by a passing line yield NO identity (0.1554ms)
  ✔ audit B1: identical identities in one run dedupe deterministically; distinct never collapse (0.1377ms)
  ✔ audit B1: ava identities keep the full suite path (0.173ms)
  ✔ parses summary counts (0.5329ms)
  ✔ round-3 B1: ROOT-level failure ("1) title:" — colon on the numbered line) yields its identity (0.1522ms)
  ✔ round-3 B1: repeated root-level titles across rounds re-extract identically (deterministic) (0.1612ms)
  ✔ round-3 B1: mixed root + nested blocks do not corrupt each other (0.1362ms)
  ✔ round-3 B1: a nested block is abandoned at the summary line, never past it (0.1228ms)
  ✔ round-3 B1: malformed/truncated output yields NO fabricated identities (0.1613ms)
  ✔ round-3 B1: reordered distinct failures extract the same SET (profile order-independence) (0.1535ms)
✔ log parsing (auxiliary — never decides classification) (4.0278ms)
▶ streamsStable
  ✔ true only for identical hashes across all rounds (0.1241ms)
✔ streamsStable (0.2105ms)
▶ post-sol secondary — lone-CR line endings parse identically to LF/CRLF
  ✔ parseSummaryCounts reads the same totals across LF, CRLF and CR-only (0.3022ms)
  ✔ extractFailingTestNames finds the same identities across LF, CRLF and CR-only (0.1327ms)
✔ post-sol secondary — lone-CR line endings parse identically to LF/CRLF (0.5425ms)
▶ post-GLM F3 — ANSI-colored output parses identically to plain output
  ✔ parseSummaryCounts reads the same totals colored as plain (0.5297ms)
  ✔ extractFailingTestNames finds the same identities colored as plain (0.1212ms)
  ✔ F3 false-PASS battery: an ANSI-wrapped failing line cannot hide from the masked-failure count (0.094ms)
  ✔ precision control: stripping never fabricates counts (0.1414ms)
  ✔ ANSI and lone-CR compose: colored CR-only stream matches colored LF stream (0.1586ms)
✔ post-GLM F3 — ANSI-colored output parses identically to plain output (1.2632ms)
▶ validateSpec
  ✔ accepts the golden shape (1.4562ms)
  ✔ rejects branch/tag names instead of full SHAs (0.3722ms)
  ✔ rejects a swap that does not install the candidate (0.2574ms)
  ✔ requires >=2 candidate repetitions (a regression must reproduce) (0.2305ms)
  ✔ requires >=2 baseline rounds so the FLAKY guard is reachable (F8) (0.2268ms)
  ✔ rejects identical baseline/candidate (0.1859ms)
  ✔ rejects malformed prepare argv (not array-of-arrays) (0.2112ms)
  ✔ rejects non-object input without throwing (0.1994ms)
✔ validateSpec (4.9421ms)
▶ planArms
  ✔ orders steps with toolchain between prepare and build (1.0066ms)
  ✔ omits toolchain/build when absent (0.2364ms)
✔ planArms (1.5412ms)
▶ normalizers
  ✔ canonicalizes line endings, trailing ws, final newline (1.999ms)
  ✔ collapses timestamps, dates, durations (0.2388ms)
  ✔ collapses uuids and long hex addresses but not short hex (0.2203ms)
  ✔ collapses ports on localhost (0.173ms)
  ✔ normalizes the run workspace, temp, home, user, host (0.7133ms)
  ✔ pathVariants covers slash forms and drive case (0.2472ms)
  ✔ the stability invariant: same logical run shape at different moments collapses to identical bytes (2.1987ms)
  ✔ result lines are never rewritten by value-shape rules (0.1924ms)
✔ normalizers (8.6688ms)
▶ renderHtml
  ✔ renders the deterministic verdict verbatim (1.0195ms)
  ✔ shows hash prefixes and log paths for audit (0.1949ms)
  ✔ states the drift-confinement result (0.179ms)
  ✔ escapes hostile content from downstream logs/names (no HTML injection) (0.2664ms)
  ✔ audit F12: renders failing-test identities derived from the BUNDLE (no extras) (0.386ms)
  ✔ audit F12: a bundle with no failing identities omits the section (0.2163ms)
✔ renderHtml (3.8482ms)
▶ post-sol F1 — the verification banner says SELF-CONSISTENT, not VERIFIED
  ✔ a fully local-consistent render is labeled SELF-CONSISTENT and disclaims the committed proof (0.4269ms)
  ✔ a failing consistency render is labeled NOT SELF-CONSISTENT and still warns (0.3342ms)
  ✔ no verification argument at all renders NOT SELF-CONSISTENT (absence of checking is not success) (0.3144ms)
✔ post-sol F1 — the verification banner says SELF-CONSISTENT, not VERIFIED (1.4537ms)
▶ validateBundle
  ✔ accepts a well-formed bundle (7.3617ms)
  ✔ rejects an unknown classification label (1.3012ms)
  ✔ rejects short/hexless commit SHAs (no branch pins in evidence) (1.3323ms)
  ✔ rejects a bundle missing an arm (1.7303ms)
  ✔ rejects malformed stream hashes (1.1765ms)
  ✔ rejects a round whose envKeys leak outside the sanitized allowlist (F9) (0.8608ms)
  ✔ rejects reproductionCount < 1 (0.8131ms)
✔ validateBundle (16.3179ms)
▶ validateBundle — semantic integrity (audit F3)
  ✔ rejects a CONFIRMED_REGRESSION label whose own rounds say PASS (1.9917ms)
  ✔ rejects a CONFIRMED_REGRESSION built from rounds whose failure identities differ (must re-derive FLAKY rule 8) (2.102ms)
  ✔ rejects masked-failure rounds (exit 0 with reported failures) under a PASS label (1.2416ms)
  ✔ rejects killedByTimeout=true alongside a normal exit code (0.6638ms)
  ✔ rejects an inflated reproductionCount not backed by candidate rounds (0.6193ms)
  ✔ rejects a trustful verdict while drift says NOT confined (rule-9 guard bypassed) (0.5211ms)
  ✔ accepts the legitimate rule-9 override: unconfined drift + INCONCLUSIVE rule 9 (0.992ms)
  ✔ audit B6: rejects a trustful verdict built on a non-VALID tree observation (0.7659ms)
  ✔ audit B6: accepts the legitimate rule-10 override (confined drift but weak observation) (0.5021ms)
  ✔ audit B6: rejects a FABRICATED rule-10 downgrade even with a valid manifest (semantic layer alone catches it) (0.4653ms)
  ✔ audit B6: observationStatus is mandatory (0.5679ms)
  ✔ refuses to treat a CONFIRMED_REGRESSION as trustworthy when round facts are too sparse to re-derive (0.5097ms)
  ✔ self-review N3: the sparse-facts refusal covers a PASS claim too (was: CONFIRMED/PRE_EXISTING only) (0.5587ms)
  ✔ robustness H1: rejects duplicate (arm,round) indices (resealed) (0.9096ms)
  ✔ round-3 B1: a RESEALED CONFIRMED whose failing identities under-account the count dies twice over (0.9616ms)
  ✔ post-sol RB-2: a resealed trustful bundle over incomparable arm coverage dies twice over (0.8774ms)
  ✔ post-sol RB-2: a trustful label with only ONE round per arm is refused (0.6151ms)
  ✔ post-sol RB-2: unstable repetition coverage under a trustful label is refused (baseline 5 vs 4 passing) (0.8126ms)
  ✔ post-sol RB-2: weak labels carry no parity requirement (honest INCONCLUSIVE rule 13 validates) (2.0592ms)
  ✔ round-3 B2: a PASS label over zero-assertion (pending-only) rounds is rejected (1.246ms)
✔ validateBundle — semantic integrity (audit F3) (20.3742ms)
▶ post-sol M-1 — contract.ts is the single source of truth
  ✔ the committed schemas/evidence.schema.json EQUALS the generated contract (no drift) (2.8171ms)
  ✔ every always-required contract field is refused at runtime when DELETED (Sol: commands, killedByTimeout, startedAt, durationMs included) (32.1043ms)
  ✔ intentionally-optional fields may be absent (we do not blind-strictify) (1.4262ms)
  ✔ unknown fields are refused at root, round, and treeComparison scopes (policy is intentional) (1.7658ms)
  ✔ post-glm F6c: unknown fields NAMED LIKE Object.prototype members are refused too (own-property check, not `in`) (2.8148ms)
  ✔ trustful-tier fields: deleted infraSignal/snapshots/anomalies kill a trustful claim but validate clean under a weak honest label (1.3121ms)
  ✔ round indices must be contiguous per arm (an omitted round shrinks the claimed reproduction) (0.7717ms)
✔ post-sol M-1 — contract.ts is the single source of truth (43.5561ms)
▶ post-GLM round 5 — mirror constant independence + containment restatement
  ✔ STRONG_MIRROR_LABELS is a distinct copy of the classifier strong set with pinned equivalence (0.2278ms)
  ✔ refuses PRE_EXISTING_FAILURE whose candidate fails identities baseline did not (containment at 3d) (1.4744ms)
  ✔ accepts an honest PRE_EXISTING_FAILURE (identical failing sets across arms) — no over-blocking (0.6328ms)
✔ post-GLM round 5 — mirror constant independence + containment restatement (2.5671ms)
▶ Recorder.expandArgv — token expansion + enforced isolation
  ✔ expands $bin via resolver to node + bin path (7.6836ms)
  ✔ ALWAYS appends --ignore-scripts and cache isolation to install commands (4.8027ms)
  ✔ F6: flags are detected past leading options ($npm --loglevel install) (5.0281ms)
  ✔ F6: npm ci (runs lifecycle scripts by default) is also covered (4.7412ms)
  ✔ post-glm F6e: the controlled empty npm config is RE-ESTABLISHED immediately before install (tamper-between-creation-and-use) (5.6051ms)
  ✔ F6: $yarn install gets yarn-appropriate flags after -- and --ignore-scripts on the npx bootstrap (4.9396ms)
  ✔ F8: $npm -u evil.npmrc install x is REJECTED (was silent injection-skip) (4.6923ms)
  ✔ F8: conflicting config flags rejected BEFORE and AFTER the subcommand (4.6614ms)
  ✔ F8: unknown bare option before subcommand rejected; --key=value passes (4.0885ms)
  ✔ F8: exec/dlx/shell-style subcommands rejected; run of a local script is not (3.804ms)
  ✔ F8: conflicting flags rejected in CASE VARIANTS too (red-team) (4.182ms)
  ✔ F8: install-family options with = or after the subcommand still expand normally (3.4845ms)
  ✔ non-install commands get no injected flags (4.144ms)
✔ Recorder.expandArgv — token expansion + enforced isolation (65.2777ms)
▶ summary/infra matchers (F1/F5 hardening)
  ✔ strict summary matcher rejects prose and accepts runner lines (0.6675ms)
  ✔ environmental error patterns are infra (F1/F2) (0.7128ms)
  ✔ audit B2: errno code in a PASSING test name is NOT infra; in an error line IS (0.695ms)
✔ summary/infra matchers (F1/F5 hardening) (2.3601ms)
▶ Recorder.step/round — real subprocess, real artifacts (no mocks)
  ✔ captures exit code, streams, hashes, counts; unique-ifies repeated labels (533.0105ms)
  ✔ F1 shape: nonzero exit + summary claiming 0 failing is recorded with the count (482.3447ms)
  ✔ F5 shape: exit 0 while summary reports failures is captured (classifier then infra-guards) (506.1834ms)
  ✔ audit F13: failing-test identities from REAL subprocess output land in fact and evidence (501.3757ms)
  ✔ audit B2 (real subprocess): 0 passing at exit 0 records reportedPassing=0 (classifier => INFRA) (556.8081ms)
  ✔ audit B2 (real subprocess): ECONNREFUSED error line at exit 0 sets infraSignal true (not swallowed by exit) (501.5897ms)
  ✔ audit B2 (real subprocess): a genuinely passing run records reportedPassing>0 and stays valid (502.0205ms)
  ✔ audit B1 e2e: same leaf title, different SUITE across candidate rounds -> FLAKY (1454.237ms)
  ✔ audit B1 e2e: identical SUITE-QUALIFIED identity across rounds stays CONFIRM-eligible (1822.9373ms)
  ✔ timeout kills produce exit -1 (and tree-kill runs without throwing) (1521.4228ms)
✔ Recorder.step/round — real subprocess, real artifacts (no mocks) (8383.289ms)
▶ audit B5 — canonical package-manager policy (closed allowlist)
  ✔ B5: install ALIASES (the pre-fix silent-skip) now receive full injection (6.8755ms)
  ✔ B5: unknown/unvetted subcommands are REJECTED, not run without policy (2.7277ms)
  ✔ B5: RAW package-manager forms rejected for ANY command position (3.1325ms)
  ✔ B5: $bin:npm bypass is rejected; $bin:mocha still works (2.9718ms)
  ✔ B5: user `--` in an install command is rejected (was the trailing-flag dead-weight bypass) (13.8736ms)
  ✔ B5 invariant (property): accepted install => isolation flags in EFFECTIVE position after the subcommand, none after a `--` (5.1508ms)
  ✔ B5: closed-allowlist families classified correctly by the policy parser (0.1917ms)
✔ audit B5 — canonical package-manager policy (closed allowlist) (35.3075ms)
▶ round-3 B5 — wrapper-mediated / frontend package-manager execution is refused
  ✔ cmd /c npm install … is refused (the canonical Windows wrapper bypass) (2.2956ms)
  ✔ powershell / pwsh … npm is refused (1.8978ms)
  ✔ env / nohup / xargs / sh -c / sudo npm are refused (POSIX wrappers) (1.9997ms)
  ✔ package-manager FRONTENDS (pnpm/bun/corepack/volta) are refused (2.3033ms)
  ✔ node executed ON a package-manager file (node npm / node npm-cli.js) is refused (2.5897ms)
  ✔ any other unenumerated literal executable fails closed (not silently expanded) (2.175ms)
  ✔ REGRESSION: every SUPPORTED form still expands (allowlist does not over-reject) (2.6054ms)
  ✔ REGRESSION: raw npm / npm.cmd / direct npm-cli / $bin:npm still rejected (pre-existing B5.1) (2.3968ms)
✔ round-3 B5 — wrapper-mediated / frontend package-manager execution is refused (18.5706ms)
▶ round-3 secondary — crash & sweep signals reach the classification
  ✔ hasCrashSignature: matches V8/native abort phrasing, skips pass-glyph lines (0.1818ms)
  ✔ glyph discrimination (self-review N4): ava ✖ (U+2716) fires infra; ✗-titled (U+2717) prose does not (0.185ms)
  ✔ isInfraOutput: a hard infra phrase inside a PASSING test title is not false-INFRA (round-3 secondary) (0.0857ms)
  ✔ round() records crashSignal from a real post-summary crash -> classify says INFRA rule 1 (468.058ms)
  ✔ round() records sweepFailed (when the run outcome flags it) -> classify says INFRA rule 1 (6.97ms)
  ✔ post-sol secondary: CR-only line endings are matched like LF/CRLF (summary + anchored crash banner) (0.421ms)
  ✔ assertSupportedSpecExecutable: the allowlist is small and explicit (0.381ms)
✔ round-3 secondary — crash & sweep signals reach the classification (476.6581ms)
▶ observation hardening — expandArgvWithPlan injection decision
  ✔ the double fixture is actually pinned (fails if the pin table drifted) (0.1885ms)
  ✔ post-GLM F5: the canary double is UNSELECTABLE by default — pinned bytes, no execution authority (12.6486ms)
  ✔ pinned bytes at the canonical anchor: injected, --require appended LAST, plan from the PIN (11.9603ms)
  ✔ unpinned bytes at the canonical anchor: NO injection, runner-identity-unpinned + observed hash recorded (10.9022ms)
  ✔ pinned bytes OUTSIDE the canonical anchor (hoisted): not injectable (12.4999ms)
  ✔ post-glm F6a: pinned bytes reached through a LINK at the anchor are not injectable (root case) (13.0716ms)
  ✔ post-glm F6a: a LINK ABOVE the anchor (node_modules junctioned out) is not injectable either (13.7728ms)
  ✔ post-audit F6a coverage sentinel — the link-escape regression was ACTUALLY exercised on this platform (0.1052ms)
  ✔ a subject-supplied --require/-r in a mocha argv is refused fail-closed (7.7642ms)
  ✔ post-GLM F1: an off-position $bin:mocha token is refused, never credited (13.8823ms)
  ✔ non-mocha commands: no injection attempted, absentKind not-mocha-bin (1.9424ms)
  ✔ the ABSENT path end-to-end: an unpinned double runs REAL rounds and rule 14 refuses the strong label (997.1324ms)
✔ observation hardening — expandArgvWithPlan injection decision (1096.388ms)
▶ post-sol RB-1 — semantic package-manager policy (equivalence classes)
  ✔ Sol's accepted forms are now rejected in install-family commands (1.842ms)
  ✔ property: for EVERY protected key, every abbreviation/negation/case/= spelling is refused (install family) (41.1386ms)
  ✔ property: the per-package config family (@scope:registry, //…:auth) is refused everywhere (4.8315ms)
  ✔ property: accepted install argv ends with Canary protected flags after every user token (7.9234ms)
  ✔ invariant: no allowed install spelling resolves to a protected key (prefix-disjoint) (0.4208ms)
  ✔ legitimate script-family passthrough and fixture install shapes still expand (5.8062ms)
  ✔ resolveOptionToken normalizes case, =-values, and one leading no- (0.1376ms)
  ✔ empirical: npm applies abbreviation + negation + LAST-WINS ordering (the semantic premises) (964.5593ms)
✔ post-sol RB-1 — semantic package-manager policy (equivalence classes) (1027.0579ms)
▶ FINDING B — infra matching is case/encoding symmetric (must-match direction)
  ✔ exact GLM counterexample: mixed-case npm error + fake summary (1.5987ms)
  ✔ all case variants of npm error / npm ERR! fire (0.5205ms)
  ✔ hard patterns fire in any case (module/ERESOLVE/SyntaxError shapes) (0.6853ms)
  ✔ CR-only and CRLF line endings still see the signatures (0.3505ms)
  ✔ ANSI-wrapped signatures still fire (real colored npm output) (0.3062ms)
  ✔ SOFT errno lines fold case too (0.5101ms)
  ✔ crash signatures survive ANSI decoration (0.3581ms)
  ✔ runner summary is recognized through ANSI colors (real colored mocha) (0.4776ms)
✔ FINDING B — infra matching is case/encoding symmetric (must-match direction) (7.1413ms)
▶ FINDING B — benign prose NEVER flips to infrastructure (false-positive direction)
  ✔ passing test TITLES quoting error phrases are not infra (0.9405ms)
  ✔ intentional E404 assertions and historical logs inside test prose are not infra (0.2919ms)
  ✔ summary regexes stay anchored (prose containing "5 passing" mid-sentence) (0.2188ms)
✔ FINDING B — benign prose NEVER flips to infrastructure (false-positive direction) (1.7974ms)
▶ post-GLM F3 — summary recognition and count parsing share one view
  ✔ an ANSI-wrapped failing line is counted as surely as it is recognized (0.7152ms)
  ✔ a fully colored genuine run is recognized AND counted (no false infra) (1.2073ms)
  ✔ lone-CR and ANSI compose identically across both functions (0.3054ms)
✔ post-GLM F3 — summary recognition and count parsing share one view (2.6688ms)
▶ auditPackageManifestText — lifecycle hooks refuse execution
  ✔ accepts a clean manifest (1.1719ms)
  ✔ refuses preinstall hook (0.2473ms)
  ✔ refuses install hook (0.181ms)
  ✔ refuses postinstall hook (0.1798ms)
  ✔ refuses prepare hook (0.1492ms)
  ✔ rejects invalid JSON without throwing (0.1883ms)
✔ auditPackageManifestText — lifecycle hooks refuse execution (3.5854ms)
▶ auditFixtureDir — rc-file injection gate
  ✔ refuses a fixture shipping .npmrc (14.8395ms)
  ✔ F10: finds rc files nested anywhere in the pinned source (6.3435ms)
  ✔ F7: refuses an UPPERCASE .NPMRC (Windows/macOS load it as project config) (5.3115ms)
  ✔ F7: also catches mixed-case nested .YarnRc.yml (7.6869ms)
✔ auditFixtureDir — rc-file injection gate (34.7154ms)
▶ expectedExtractedDir
  ✔ matches codeload tarball root naming (0.2571ms)
✔ expectedExtractedDir (0.4186ms)
▶ audit F6 — child env observation: declared == observed
  ✔ the child sees EXACTLY the declared allowlist keys (nothing undeclared) (550.9051ms)
  ✔ Windows session identity vars are neutralized, not merely absent from the block (478.6316ms)
  ✔ the real account identity is not reachable via any observed value (499.9531ms)
✔ audit F6 — child env observation: declared == observed (1531.1384ms)
▶ KNOWN_RUNNER_RELEASES — npm pins equal their reviewed manifests (offline)
  ✔ every npm-origin entry has a manifest and the hashes agree (5.0106ms)
  ✔ canary-double entries are the ONLY non-manifested pins (offline e2e bytes live in-repo) (0.3716ms)
✔ KNOWN_RUNNER_RELEASES — npm pins equal their reviewed manifests (offline) (6.6091ms)
▶ post-GLM F5 — findRunnerPin: origin is an execution-authority gate
  ✔ double bytes are UNSELECTABLE by default: pinned hash, zero execution authority (0.326ms)
  ✔ only the explicit in-process grant selects the double (0.1786ms)
  ✔ npm pins stay selectable in BOTH postures — the gate is origin-scoped, not blanket (0.2089ms)
✔ post-GLM F5 — findRunnerPin: origin is an execution-authority gate (1.0396ms)
▶ audit F5 — sweep mechanism (live parent, positive proof)
  ✔ sweepDescendants finds and kills a live parent's child process (1130.4068ms)
✔ audit F5 — sweep mechanism (live parent, positive proof) (1131.7592ms)
▶ audit F5 — containment through runCommand
  ✔ normal exit-0 of a child that left a helper behind: sweep clean, no survivors (691.1687ms)
  ✔ a clean exit with no descendants sweeps nothing and does not fail (483.9425ms)
  ✔ timeout: tree kill + sweep leave no survivors and do not fail (2771.0579ms)
  ✔ the swept child PID itself is never listed as killed (only descendants) (440.5098ms)
✔ audit F5 — containment through runCommand (4387.3335ms)
▶ audit S1 — POSIX session-membership predicate (setpgid escapees)
  ✔ a member of the child session is caught even after it setpgid()s (0.2506ms)
  ✔ a member of the child group is caught (0.1453ms)
  ✔ an unrelated process is not swept (0.158ms)
✔ audit S1 — POSIX session-membership predicate (setpgid escapees) (0.836ms)
ℹ tests 491
ℹ suites 76
ℹ pass 491
ℹ fail 0
ℹ cancelled 0
ℹ skipped 0
ℹ todo 0
ℹ duration_ms 181316.763
SUITE_EXIT:0
