
> canary-reliability-network@0.0.0 test
> npm run build && node --test "packages/**/dist/test/*.test.js" "apps/**/dist/test/*.test.js"


> canary-reliability-network@0.0.0 build
> tsc -b

▶ panel K layer 1 — the validator refuses hostile frame streams
  ✔ CONTROL: an honest watched lifecycle validates VALID (the battery needs a standing baseline) (2.3815ms)
  ✔ post-glm F6b: capture DELIBERATELY honors a complete stream paired with exit -1 — the veto lives in classification, not here (0.4676ms)
  ✔ (ii) injected round with ZERO frames on the channel is INVALID (0.2877ms)
  ✔ (iii) a missing bye — and a misplaced bye — are INVALID boundary violations (0.4337ms)
  ✔ (iv) a reject frame (adapter caught a forged/dup event LIVE) condemns the round (0.319ms)
  ✔ (v) text claiming "2 passing" over 1 watched pass is INVALID — and a lying bye cannot fix it (0.382ms)
  ✔ (vi) a forged hello.mochaVersion is INVALID — vs the pin and vs its own shape (0.5237ms)
  ✔ panel 1 extras: flood truncation, duplicate credits, unknown kinds and no-summary all fail closed (0.3232ms)
  ✔ (xi) garbage lines, non-object frames, adapter-error and masked exit each condemn the round (0.4616ms)
✔ panel K layer 1 — the validator refuses hostile frame streams (7.6302ms)
▶ panel K layer 2 — the pipeline end-to-end refuses unattested execution
  ✔ (i) a plain-node text stub that reads as a clean run degrades to INCONCLUSIVE rule 14 (8117.4574ms)
  ✔ (vii) an UNPINNED double running the observer protocol on fd 3 gets stray-bytes forensics, zero credit (7722.5485ms)
  ✔ (viii) AM-1 kill test: double CLAIMS the pinned version, bytes are wrong -> ABSENT, strong unreachable (7474.721ms)
  ✔ (ix) a subject --require in spec argv is refused fail-closed (protected preload flag) (2777.6767ms)
  ✔ (x) process.exit() mid-round: watched lifecycle never ends -> INVALID, never strong (6205.3192ms)
✔ panel K layer 2 — the pipeline end-to-end refuses unattested execution (32298.5603ms)
▶ post-GLM F1 — off-position runner token earns no execution credit
  ✔ refused fail-closed: forging `node -e` with the token trailing (2138.3845ms)
  ✔ refused fail-closed: forging prelude script with the token after it (2039.3167ms)
  ✔ positive control: the executed-position token still earns VALID and a strong verdict (5732.5087ms)
✔ post-GLM F1 — off-position runner token earns no execution credit (9910.6351ms)
▶ post-GLM F4 — infra prose cannot mask an attested regression
  ✔ a VALID round whose stdout trips the infra signature still yields CONFIRMED_REGRESSION (5763.5518ms)
✔ post-GLM F4 — infra prose cannot mask an attested regression (5763.7721ms)
▶ post-GLM F5 — an untrusted spec cannot select the canary double
  ✔ double bytes staged by the spec itself: NO injection, every round ABSENT, INCONCLUSIVE rule 14 (5732.5715ms)
  ✔ trusted control: with the in-process grant the SAME spec earns VALID + a strong verdict (5930.3559ms)
✔ post-GLM F5 — an untrusted spec cannot select the canary double (11663.2186ms)
▶ audit M8 — CLI subprocess exit-code contract
  ✔ check on honest evidence exits 0 and prints PASS (8897.4219ms)
  ✔ check on a tampered artifact exits 3 and names the tampered file (7962.9933ms)
  ✔ report refuses a fabricated bundle (exit 3) and renders a valid one (exit 0) (7777.1128ms)
  ✔ audit F12: report with NO argument defaults to the latest run and renders bundle-persisted failing identities (6834.4508ms)
  ✔ version exits 0; no command prints usage and exits 3 (misuse) (168.4564ms)
  ✔ round-3 secondary: an infrastructure abort exits 2 (environment fault), never 3 (misuse) (346.6307ms)
✔ audit M8 — CLI subprocess exit-code contract (31988.571ms)
▶ FINDING A — subject text alone can never create a strong verdict
  ✔ the GLM counterexample (console.log "128 passing") is never PASS (8133.4739ms)
  ✔ test command node -e printing mocha-shaped prose is never PASS (7717.9132ms)
  ✔ a printed failing summary is never CONFIRMED_REGRESSION (7475.2142ms)
✔ FINDING A — subject text alone can never create a strong verdict (23328.1432ms)
▶ KNOWN_RUNNER_RELEASES — table == disk (canary-double)
  ✔ the pinned double hash equals the treeSha256 of the repo fixture bytes (2.4104ms)
  ✔ no placeholder digests survive, every entry is well-formed, versions unique per package (0.3743ms)
✔ KNOWN_RUNNER_RELEASES — table == disk (canary-double) (4.038ms)
▶ detection (pure)
  ✔ lockfiles pick the package manager, first match wins in declared order (3.064ms)
  ✔ plan is conservative, ordered, and exact-name only (0.9165ms)
  ✔ shell-shaped script names never enter a plan (0.4445ms)
  ✔ a quote-bearing CLI path cannot be embedded — buildHookCommand refuses (0.1101ms)
  ✔ containedRealPath: inside stays inside, outside resolves to null (S3 floor) (4.8539ms)
✔ detection (pure) (10.6894ms)
▶ setup
  ✔ happy path: READY, hook registered, evidence written, user repo untouched otherwise (1298.5129ms)
  ✔ re-run is idempotent: one Canary entry, no duplicates, user entry preserved (1332.6187ms)
  ✔ malformed settings.json: refuse, exit NEEDS ATTENTION, bytes untouched (124.3288ms)
  ✔ S5: valid JSON with a non-list hooks section gets a plain-words refusal, not an internal crash (245.3306ms)
  ✔ failing project checks never print READY (NO PROOF, NO DONE) (1524.3605ms)
  ✔ unattended without --yes: installed but NOT READY — nothing executed, nothing proven (103.4217ms)
  ✔ no supported harness: explicit message, not a fake integration (197.2852ms)
  ✔ Windows path quoting survives E2E: a project path containing spaces onboards and self-checks (1510.2852ms)
✔ setup (6337.0247ms)
▶ checkpoint (harness entry)
  ✔ pass -> silent allow (human never interrupted) (1166.9144ms)
  ✔ failure -> decision:block with the reason (agent gets a repair turn) (1191.172ms)
  ✔ loop guard: stop_hook_active allows with an honest systemMessage, never re-blocks (1237.2394ms)
  ✔ repo without Canary wiring: exit 0, silent (stay out of the way) (108.2251ms)
  ✔ S2: a config written by a different installation never executes — loud UNVERIFIED instead (706.9489ms)
  ✔ S7: a parseable-but-wrong-shape config is treated as corrupt everywhere, never a crash (1544.022ms)
✔ checkpoint (harness entry) (5954.9503ms)
▶ doctor + uninstall
  ✔ READY after a green setup; hook deletion is detected loudly; --run still works (now always-on) (3350.4184ms)
  ✔ S4: a FORGED or stale checkpoint file can never produce READY — only this run can (1512.9936ms)
  ✔ never set up -> NEEDS ATTENTION with the one command; outside git -> UNSUPPORTED (219.8752ms)
  ✔ uninstall removes exactly Canary, preserves everything else; repeat is safe (1524.9385ms)
  ✔ S1: an out-of-repo touched path in the config is refused, untouched, loudly (803.3164ms)
  ✔ S6: partial cleanup keeps .canary so the promised retry can actually finish (792.9443ms)
  ✔ S2-adjacent: uninstall of a foreign-cliPath config is refused (cannot prove ownership) (608.79ms)
✔ doctor + uninstall (8813.7925ms)
▶ degenerate empty plan (hand-edited config must not fake green)
  ✔ checkpoint: zero checks executed -> UNVERIFIED systemMessage, never a silent pass; doctor flags it (1202.0238ms)
✔ degenerate empty plan (hand-edited config must not fake green) (1202.1857ms)
▶ link containment (S3)
  ✔ checkpoint evidence is never written through a link pointing outside the repo (1495.6419ms)
  ✔ setup refuses outright when a managed file is a link (dangling included) (103.3856ms)
✔ link containment (S3) (1599.2177ms)
▶ hook entry shape + ownership
  ✔ hasCanaryEntry matches exact command only (0.2034ms)
✔ hook entry shape + ownership (0.2793ms)
▶ audit M8 — offline pipeline end-to-end
  ✔ confined regression: CONFIRMED_REGRESSION, real artifacts re-hash clean (8692.0499ms)
  ✔ unconfined tree drift is downgraded to INCONCLUSIVE rule 9 (F9 e2e) (7423.0816ms)
  ✔ a tampered artifact is caught end-to-end by the prove path (F4 e2e) (7448.7902ms)
  ✔ a fabricated self-contradictory bundle is refuted by validateBundle (F3 e2e) (6591.0901ms)
  ✔ round-3 secondary: a fetch failure is INFRASTRUCTURE (InfraAbort -> CLI exit 2), not generic error (2.6833ms)
  ✔ round-3 secondary: an extraction failure is INFRASTRUCTURE too (3.3128ms)
✔ audit M8 — offline pipeline end-to-end (30162.5446ms)
▶ round-3 B3 — the proof host is the ACTUAL runtime, never the evidence
  ✔ pristine run + proofHost = this machine: full gate PASSes with ZERO skipped assertions (7778.5723ms)
  ✔ THE AUDIT ATTACK: reseal host metadata to dodge host checks -> gate FAILS (exit 1), never skip-to-PASS (7862.1852ms)
  ✔ resealing the environment TO MATCH the real machine is not an attack: identity is reality, not paper (7541.8048ms)
  ✔ off the proof host (simulate a foreign runtime): strict checks SKIP and the verdict INCOMPLETE (exit 2) — PASS is not claimed (6732.8442ms)
  ✔ post-sol F1 — SELF-CONSISTENT is NOT proof-agreement: a bundle fully consistent on this machine can still FAIL check against a diverged committed proof (6109.0218ms)
  ✔ a lying proof file cannot flip the verdict either: proofHost=foreign while running here still skips (evidence-agnostic) (5792.1632ms)
✔ round-3 B3 — the proof host is the ACTUAL runtime, never the evidence (41818.4103ms)
▶ post-GLM F2 — executable bytes are part of the host identity
  ✔ a trojan runtime claiming the proof-host METADATA but running different bytes can never PASS (5839.2478ms)
  ✔ a proof naming a proofHost but omitting the exec digest is REFUSED — loud FAIL, never a silently weaker gate (5865.7615ms)
  ✔ the sampler reports the ACTUAL bytes of the running executable (70.5141ms)
  ✔ an environment ATTESTATION stays metadata-only: the evidence block carries no bytes to compare (documented residual) (0.2388ms)
✔ post-GLM F2 — executable bytes are part of the host identity (11776.2816ms)
▶ verifyArtifacts — audit F4 (proof must rehash the real artifacts)
  ✔ accepts a bundle whose every recorded hash matches the file on disk (30.6857ms)
  ✔ rejects a tampered raw stdout (recorded hash kept, content swapped) (26.1362ms)
  ✔ rejects a tampered normalized stdout independently of the raw one (27.3462ms)
  ✔ rejects quietly deleted stderr artifacts (20.6494ms)
  ✔ rejects all four substituted files of one round (raw, raw-err, norm, norm-err) (21.9962ms)
  ✔ rejects a logPath that breaks the round-ownership contract (17.0992ms)
✔ verifyArtifacts — audit F4 (proof must rehash the real artifacts) (145.8723ms)
▶ verifyArtifacts — audit B3 (path confinement + ownership)
  ✔ ../../ identical external substitution is refused (ownership), not verified against the external bytes (8.0118ms)
  ✔ absolute external path in logPath is refused (8.5313ms)
  ✔ cross-round swap (candidate#1 claims candidate#2 log) is refused (15.6284ms)
  ✔ baseline pointing at a candidate artifact is refused (9.8599ms)
  ✔ a valid canonical relative artifact path verifies clean (16.1577ms)
  ✔ missing + modified artifacts are refused (24.5672ms)
  ✔ a symlinked artifact resolving outside the dir is refused (symlink escape) (13.4413ms)
✔ verifyArtifacts — audit B3 (path confinement + ownership) (96.9901ms)
▶ assertProof — audit F11 + round-3 B3 (host-exactness from the ACTUAL runtime)
  ✔ legacy proof (no proofHost): host-exact hashes NEVER assert — recorded-env match grants nothing (post-glm F6f) (10.6714ms)
  ✔ post-glm F6f: an ABSENT proofHost can never grant host-exact trust — resealed env metadata cannot PASS the proof (9.7163ms)
  ✔ matching proofHost + actual runtime on it: every assertion including hashes AND the environment binding evaluates (11.7671ms)
  ✔ round-3 B3 core: resealing the evidence environment can NO LONGER skip strict checks — it FAILS the binding (8.9098ms)
  ✔ off-proof-host: host-exact comparisons skip (flagged, not silent); portable assertions still evaluate; verdict is INCOMPLETE (11.4328ms)
  ✔ off-proof-host with tampered committed hashes still passes portable checks (and this is exactly why verifyArtifacts exists) (62.2053ms)
✔ assertProof — audit F11 + round-3 B3 (host-exactness from the ACTUAL runtime) (115.341ms)
▶ round-3 B3 — environment attestation + verdict helpers
  ✔ environmentAttestationIssues: silent only when claim == ACTUAL runtime (7.7378ms)
  ✔ proofVerdict: PASS requires zero failures AND zero skips (0.2301ms)
✔ round-3 B3 — environment attestation + verdict helpers (8.1105ms)
▶ round-3 B4-D — exact failing-identity set equality (proof vs candidate bytes)
  ✔ faithful expectation: exact set holds (0.3018ms)
  ✔ proof pinning a SUBSET (hiding a real failure) FAILS (0.2998ms)
  ✔ proof pinning an EXTRA (non-existent) identity FAILS (0.1903ms)
  ✔ the exact-set check is portable — it evaluates (never skips) off-host (0.1919ms)
  ✔ a proof that does not pin the tarball digest FAILS the pin requirement (1.2106ms)
  ✔ assertProof alone refuses a resealed experimentId the proof does not name (mutation N10) (0.4239ms)
  ✔ a proof declaring a schema version the reader does not implement FAILS (portable) (0.4056ms)
✔ round-3 B4-D — exact failing-identity set equality (proof vs candidate bytes) (6.1607ms)
▶ post-sol secondary — host sampling is immune to the verifier process environment
  ✔ a poisoned NODE_OPTIONS in the verifying process does NOT crash or steer the fingerprint (306.4507ms)
✔ post-sol secondary — host sampling is immune to the verifier process environment (306.661ms)
▶ audit B4 — provenance forgery matrix (which layer refuses)
  ✔ pristine run passes the whole gate (7759.3264ms)
  ✔ rewriting failure counts is caught — round-3 B1 coverage gate fires even earlier (at validateBundle) (7818.3816ms)
  ✔ rewriting failing-test identities is caught by byte re-derivation (resealed) (7575.1261ms)
  ✔ NEW: per-round name/value disagreement with bytes is caught (one round forged) (6708.5961ms)
  ✔ rewriting digests away from bytes is caught by verifyArtifacts (resealed) (6128.8854ms)
  ✔ rewriting the repo URL is caught by the committed proof (resealed) (5819.9048ms)
  ✔ rewriting experimentId is caught by the workspace binding (resealed) — B4-A fires before the proof (5819.6267ms)
  ✔ rewriting the pinned commit is caught by the committed proof (resealed) (5884.5958ms)
  ✔ rewriting runtime platform is caught by the committed proof (resealed) (5891.5046ms)
  ✔ flipping drift-confined to false is caught (resealed) — trustful+unconfined (5492.656ms)
  ✔ downgrading a tree observation to INCOMPLETE cannot support a trustful label (resealed) (5265.0954ms)
  ✔ NEW: relabeling a real regression PASS is caught by re-derivation (resealed) (5331.9184ms)
  ✔ adding a non-allowlisted env key is refused (resealed) (5079.4102ms)
  ✔ naive (argv) rewrite without recomputing the manifest is caught by integrity (5034.0905ms)
  ✔ naive (tarball digest) rewrite without recomputing the manifest is caught by integrity (4824.8653ms)
  ✔ naive (runId) rewrite without recomputing the manifest is caught by integrity (4819.1292ms)
  ✔ manifest integrity catches ANY single-field rewrite done without recompute (4852.1305ms)
✔ audit B4 — provenance forgery matrix (which layer refuses) (100107.814ms)
▶ round-3 B4 — coherent-reseal matrix on release-critical fields
  ✔ resealed runId alone is contradicted by the workspace directory (4814.6265ms)
  ✔ resealed runId AND experimentId (coherent prefix) still contradicts the directory (4886.8875ms)
  ✔ resealed tarball digest is contradicted by the retained fixture.tgz bytes (4819.7357ms)
  ✔ attacker who swaps the TARBALL BYTES too is stopped by the committed proof pin (4823.1497ms)
  ✔ resealed argv is contradicted by the committed spec re-expansion (proof host) (4824.9802ms)
  ✔ weakened envKeys (valid allowlist subset) is contradicted by the policy re-derivation (4815.3247ms)
  ✔ classification REASON tampering (label/rule/count coherent) is caught by byte re-derivation (4815.31ms)
  ✔ coherent INCONCLUSIVE-rule9 relabel is refused (no unconfined drift to justify it) (9594.3852ms)
  ✔ resealed dependency-copy count is contradicted by the retained snapshot recount (4851.5306ms)
  ✔ a crash hidden from the record (crash line IN the bytes, resealed) is caught by byte re-derivation (4837.7661ms)
  ✔ an invented crashSignal on clean bytes is caught too (bidirectional binding, resealed) (4833.1424ms)
  ✔ a tampered infraSignal (false where bytes carry an infra line) is caught by bytes (4828.3579ms)
  ✔ a proof pinning a SUBSET of the failing identities is refused (exact-set equality, B4-D) (4882.9234ms)
  ✔ a proof pinning a WRONG extra identity is refused too (exact-set equality, B4-D) (4820.0593ms)
  ✔ a proof that forgot to pin the tarball digest cannot support PASS (B4) (4853.5204ms)
✔ round-3 B4 — coherent-reseal matrix on release-critical fields (77302.6007ms)
▶ flattenNpmLsJson — npm 11.19 empty-object representation (pipeline path)
  ✔ an empty {} node with no problems mention is expected-absent: no anomaly, no hole (2.9788ms)
  ✔ the same {} node IS an anomaly when problems mentions it (unmet-optional-that-matters fails closed) (0.3254ms)
  ✔ a version-less node with missing:true is an anomaly (uninstalled REQUIRED dep) (0.2049ms)
  ✔ a version-less node carrying a declared subtree: missing-version + unwalked-subtree (0.3032ms)
  ✔ problems name-matching is token-anchored: "util" is not matched by "bufferutil@1.0.0" (0.2089ms)
  ✔ non-object node entries are malformed-node anomalies (0.1931ms)
  ✔ empty / effectively-empty trees can NEVER become VALID (criterion 6) (0.2202ms)
  ✔ a {} node for the STUDIED dependency itself is absence, not presence (criterion 7) (0.2167ms)
  ✔ ANY anomaly caps the observation at INCOMPLETE even with the dep present (0.2306ms)
✔ flattenNpmLsJson — npm 11.19 empty-object representation (pipeline path) (6.4988ms)
▶ post-sol M-2 — empty-node semantics (narrowest exemption)
  ✔ the REAL captured npm 11.19 shape (root fsevents {}, ws nested {} natives) stays VALID (1.5522ms)
  ✔ R4-SR1 (self-review): problems WITH a silent stderr is npm's real extraneous-only shape — the observation is complete, not contradictory (0.3533ms)
  ✔ an empty/absent problems field under an ELSPROBLEMS stderr IS the contradiction (stripped-report forgery) (0.3479ms)
  ✔ problems ABSENT but stderr SCREAMING ELSPROBLEMS is equally a contradiction (stripped-stderr forgery) (0.5099ms)
  ✔ a MALFORMED problems field (string, object, or array with non-strings) kills the exemption and is itself an anomaly (1.6421ms)
  ✔ string-valued problems mentioning the node fail closed identically on BOTH parsers (N4 differential) (0.255ms)
  ✔ the STUDIED dependency appearing as {} is absence (INCOMPLETE via depPresent), never presence (0.477ms)
  ✔ drift caused by DISAPPEARANCE of a formerly-versioned dep is byte-visible, not exemption-hidden (outside-subtree drift -> unconfined) (0.3104ms)
  ✔ deeply nested hostile trees are BOUNDED on both parsers (no stack exhaustion; fails closed) (3.3508ms)
  ✔ the traversal budgets are IDENTICAL contracts in both implementations (0.1144ms)
  ✔ anomalies from the two problem channels are DETERMINISTIC and deduped across repeated {} nodes (0.1706ms)
✔ post-sol M-2 — empty-node semantics (narrowest exemption) (9.825ms)
▶ cross-implementation parity — pipeline flatten vs verify-tree re-flatten (criteria 2+3)
  ✔ parity: plain (0.5518ms)
  ✔ parity: 11.19 empty optionals (0.1547ms)
  ✔ parity: empty optional + problems mention (0.1655ms)
  ✔ parity: missing required (0.1456ms)
  ✔ parity: scoped names (0.175ms)
  ✔ parity: nested copies (0.1113ms)
  ✔ parity: malformed nodes (0.1127ms)
  ✔ parity: version-less with subtree (0.1296ms)
  ✔ parity: problems only (no deps) (1.3381ms)
  ✔ parity: truncated json (0.2148ms)
  ✔ parity: json scalar (0.1055ms)
  ✔ parity: json null (0.0945ms)
  ✔ parity: empty root (0.1006ms)
✔ cross-implementation parity — pipeline flatten vs verify-tree re-flatten (criteria 2+3) (3.9474ms)
▶ confinement semantics survive the compatibility fix (criterion 3)
  ✔ a {} drift node is never a flat key, so drift sets stay byte-derived (0.2219ms)
  ✔ drift OUTSIDE the subtree stays unconfined even next to {} nodes (0.1784ms)
  ✔ scoped-name escape stays closed under segment semantics (0.1357ms)
✔ confinement semantics survive the compatibility fix (criterion 3) (0.6765ms)
▶ reflattenNpmLs — independent re-derivation of the tree observation
  ✔ flattens nested/scoped trees with versions, no anomalies (problems ignored) (2.1722ms)
  ✔ a missing-version node (npm unmet dependency) is an anomaly, never an "x" sentinel (0.3614ms)
  ✔ an empty {} node with no problems mention is an expected-absent optional, not a hole (0.3595ms)
  ✔ the same empty {} node IS an anomaly when problems mentions it (unmet-optional-that-matters fails closed) (0.4961ms)
  ✔ problems name-matching is token-anchored: "util" is not mentioned by "bufferutil@1.0.0" (0.3915ms)
  ✔ a {} node WITH a declared subtree is still missing-version + unwalked-subtree (0.2491ms)
  ✔ a version-less NODE hides a whole subtree: missing-version + unwalked-subtree (0.2637ms)
  ✔ truncated / malformed JSON => parsed=false (INVALID territory), never a partial success (0.3325ms)
  ✔ copies are counted by full path segments; subtree containment is segment membership (0.4501ms)
✔ reflattenNpmLs — independent re-derivation of the tree observation (6.8536ms)
▶ retained tree snapshots — real pipeline bytes, independent verifier
  ✔ a fresh confined CONFIRMED run retains arm-named artifacts that verify clean (8078.0979ms)
  ✔ naive tamper of retained raw bytes (no reseal) is caught (7761.4119ms)
  ✔ LAZY reseal (raw digest fixed, canonical/tree-hash left stale) is caught by the chain (7401.5218ms)
  ✔ reseal that rewrites bytes+digests but keeps the old attestation claim is caught by verify-tree (6660.1358ms)
  ✔ COHERENT full tree-side reseal: bundle layer catches the version lie (attestation invariant) (6051.5592ms)
  ✔ a coherent reseal claiming VALID over bytes with a missing-version hole is caught (status + anomaly re-derivation) (5798.4468ms)
  ✔ pointing one arm at the other arm bytes is caught by BOTH layers (5837.0941ms)
  ✔ flipping driftConfinedToDependency against the retained snapshots is caught (5860.3612ms)
  ✔ stripping snapshot refs from a trustful bundle: verifier says unverifiable, schema refuses to seal trust on it (5984.3013ms)
  ✔ post-GLM G: naive tamper/deletion of the retained attest bytes is caught by verifyArtifacts (5857.6439ms)
  ✔ post-GLM G: a resealed framesSha256 the retained bytes do not back is caught ONLY by the bytes binding (5249.434ms)
  ✔ post-GLM G: reseal-everything-but-the-observation is REFUSED (the pre-G "clean 4-file resealed tuple" premise is forbidden by design) (5326.872ms)
✔ retained tree snapshots — real pipeline bytes, independent verifier (75868.0301ms)
▶ validateBundle — round-3 B6 snapshot/anomaly/version gates
  ✔ trustful WITH snapshots + empty anomalies + consistent versions validates clean (1.0505ms)
  ✔ trustful WITHOUT retained snapshots is rejected (resealed) (0.5597ms)
  ✔ trustful with a MISSING anomaly array is rejected ("did not look" != "nothing found") (0.8603ms)
  ✔ trustful with NON-EMPTY recorded anomalies is rejected (partial observation cannot anchor trust) (0.5548ms)
  ✔ resolvedVersions contradicting the dependency block is rejected (resealed attestation forgery) (0.5759ms)
  ✔ snapshot artifact names must be arm-derived (candidate pointing at baseline bytes dies sealed) (0.8192ms)
  ✔ NON-trustful bundles may legitimately carry no snapshots (honest INCONCLUSIVE rule 10) (0.8808ms)
  ✔ trustful label with rounds observation-ABSENT is rejected (rule-14 mirror, panel H) (0.51ms)
  ✔ trustful label with a VALID observation naming an UNPINNED runner is rejected (panel H/AM-1) (0.8288ms)
  ✔ trustful label whose observed counts DISAGREE with the text channel is rejected (cross-channel gate cannot be bypassed) (0.5094ms)
✔ validateBundle — round-3 B6 snapshot/anomaly/version gates (7.501ms)
▶ AI adapter boundary
  ✔ noop provider attaches nothing (0.9043ms)
  ✔ attachSummary cannot alter any pre-existing field, including classification (0.5941ms)
✔ AI adapter boundary (3.5921ms)
▶ classify — decision table (docs/PLAN.md section 6)
  ✔ rule 3: baseline unanimous pass + candidate unanimous pass -> PASS (2.2344ms)
  ✔ rule 5: baseline passes, all candidate rounds fail -> CONFIRMED_REGRESSION (0.6646ms)
  ✔ rule 4: baseline fails with real summaries + candidate fails -> PRE_EXISTING_FAILURE (0.2818ms)
  ✔ rule 1 (degenerate-run guard): failing round without runner summary -> INFRASTRUCTURE_FAILURE, never CONFIRMED_REGRESSION (0.2247ms)
  ✔ rule 1: killed round (exit -1) -> INFRASTRUCTURE_FAILURE (0.2129ms)
  ✔ rule 1: infra signal on a failing round outranks drift (0.1708ms)
  ✔ rule 2: split baseline -> FLAKY (experiment invalid) (0.1635ms)
  ✔ rule 7: clean baseline, mixed candidate -> FLAKY, not CONFIRMED (0.2215ms)
  ✔ rule 6: failing baseline + all-pass candidate -> INCONCLUSIVE (inverted pattern) (0.2553ms)
  ✔ rule 0: missing arms -> INCONCLUSIVE (0.3325ms)
  ✔ rule 1 (F1 guard): nonzero exit whose summary reports 0 failing is infra, not drift (0.1837ms)
  ✔ rule 1 (F5 guard): zero exit with masked failures in summary is never PASS (0.1508ms)
  ✔ audit B2: zero-test execution (exit 0, "0 passing") is INFRA, never PASS (0.2303ms)
  ✔ audit B2: a round with NO runner summary at exit 0 is INFRA, never PASS (0.1383ms)
  ✔ audit B2: recognized infra signature at EXIT ZERO is INFRA (a harness that swallows errors) (0.1126ms)
  ✔ audit B2: a candidate whose baseline is clean but rounds are zero-test is INFRA (never CONFIRMED) (0.1222ms)
  ✔ audit B2 positive control: a valid zero-failure run (N>0 passing, exit 0) still PASSES (0.1388ms)
  ✔ audit F1 (mocha-realistic): passing summary WITHOUT a failing line + nonzero exit -> INFRA, never CONFIRMED_REGRESSION (0.1616ms)
  ✔ audit F2: candidate rounds failing DIFFERENT counts -> FLAKY rule 8, not CONFIRMED_REGRESSION (0.172ms)
  ✔ audit F2: same count but DIFFERENT failing-test identities -> FLAKY rule 8 (0.1741ms)
  ✔ audit F2: identical failure profiles (golden shape) -> still CONFIRMED_REGRESSION rule 5 (0.2464ms)
  ✔ audit F2: profile comparison is order-independent (sorted identities) (0.183ms)
  ✔ audit F2: unstable baseline failure identities block PRE_EXISTING_FAILURE -> FLAKY (0.1439ms)
  ✔ audit F1 contract: summary-present failing round WITHOUT any failing count is INFRA, not regression (0.1351ms)
  ✔ is pure: same facts always yield the same verdict (0.819ms)
✔ classify — decision table (docs/PLAN.md section 6) (10.2146ms)
▶ audit F9/B6 — applyConfinementGuard (rules 9 + 10, enforced not decorative)
  ✔ downgrades CONFIRMED_REGRESSION to INCONCLUSIVE rule 9 when drift is unconfined (0.3363ms)
  ✔ is identity when drift IS confined and both trees VALID (a legit CONFIRMED survives) (0.1337ms)
  ✔ never masks an INFRASTRUCTURE_FAILURE (higher-fidelity reason kept) (0.1281ms)
  ✔ downgrades PASS and PRE_EXISTING_FAILURE too (any trustful verdict needs comparable arms) (0.1733ms)
  ✔ audit B6: an empty/partial tree observation downgrades to INCONCLUSIVE rule 10 even when drift is confined (0.1526ms)
  ✔ audit B6: tree-invalidity takes precedence over unconfined drift (rule 10 not 9) (0.1125ms)
  ✔ guard removal would flip the outcome: identical facts, opposite confinement (0.1378ms)
✔ audit F9/B6 — applyConfinementGuard (rules 9 + 10, enforced not decorative) (1.5353ms)
▶ round-3 blocker 1 — identity coverage gates trustful verdicts
  ✔ identityCoverage: exact match COMPLETE; fewer / more / missing => INCOMPLETE / NOT_OBSERVED (0.2756ms)
  ✔ two DIFFERENT root-level failures that collapsed to equal EMPTY sets can never CONFIRM (rule 11) (0.1923ms)
  ✔ repeated "2 failing" with only ONE extractable identity -> INCONCLUSIVE rule 11, never CONFIRMED (0.1926ms)
  ✔ single failing round claiming 9 failures with 0 identities -> INCONCLUSIVE rule 11 (0.1463ms)
  ✔ under-accounted BASELINE blocks PRE_EXISTING_FAILURE too (coverage is not candidate-only) (0.1381ms)
  ✔ genuinely distinct root failures stay distinct (rule 8 FLAKY, not coverage, not CONFIRMED) (0.1794ms)
  ✔ fully-accounted root-level identities CONFIRM (conservatism must not break real proofs) (0.1588ms)
✔ round-3 blocker 1 — identity coverage gates trustful verdicts (1.6004ms)
▶ round-3 blocker 2 — pending tests are NOT executed assertions
  ✔ all-pending candidate (0/0/7, exit 0) can never PASS -> INFRA (1.311ms)
  ✔ infraCause flags a pending-only round directly (was: null) (0.1819ms)
  ✔ healthy baseline + ALL-skipped candidate: the run proves nothing executed (0.1148ms)
  ✔ summary present with NO machine-readable counts at all -> INFRA (prose "summary" proves nothing) (0.1397ms)
  ✔ pending-only counts (no passing/failing line — the real mocha shape) -> INFRA zero-executed (0.1777ms)
  ✔ zero-test with NO summary at all stays INFRA (B2 path unchanged) (0.1383ms)
  ✔ a single executed assertion (1 passing, 0 failing, N pending) is enough to be a VALID run (0.1863ms)
  ✔ decoy early summary lines cannot steer a nonzero-exit round into CONFIRMED (probe P2) (0.1208ms)
  ✔ duplicate identical suite-qualified identities under-account -> rule 11, never trust (probe P4) (0.1349ms)
✔ round-3 blocker 2 — pending tests are NOT executed assertions (2.8706ms)
▶ post-sol RB-2 — coverage consistency gates strong verdicts
  ✔ Sol case 1: baseline 128 passing, candidate 1 passing is NOT PASS (0.2982ms)
  ✔ Sol case 2: baseline repetitions 128 then 1 (both exit 0) is NOT PASS (0.1411ms)
  ✔ Sol case 3: baseline 128, candidate 1 passing / 127 pending is NOT PASS (0.1333ms)
  ✔ Sol case 4: baseline 128, candidate 1 stable failing test is NOT CONFIRMED_REGRESSION (0.1546ms)
  ✔ Axios golden shape (128 passing -> 125 passing / 3 failing) STILL classifies CONFIRMED_REGRESSION rule 5 (0.1539ms)
  ✔ a passing->failing move at stable totals is a regression, not a coverage gap (0.1158ms)
  ✔ one executed test on BOTH arms, stable across repetitions, still PASSES (no hard-coded minimum) (0.141ms)
  ✔ pending that SHRINKS candidate-side is caught by the observed total (5 executed + 0 pending vs 5 + 5 pending) (0.1319ms)
  ✔ candidate executing MORE than baseline is equally non-comparable (strong verdicts need both directions) (0.1026ms)
  ✔ rule 12 fires on candidate-side instability too (one repeat loses a test, both exit 0) (0.1123ms)
  ✔ PRE_EXISTING_FAILURE also demands comparability (baseline fails with fewer executed than candidate) (0.186ms)
  ✔ weak outputs are never inflated by the new rules: mixed candidate with a coverage gap stays FLAKY (rule 7), infra wins over coverage (rule 1) (0.2021ms)
  ✔ treats undefined counts as zero consistently with rule 1 (mocha omits the 0-failing line): 5 passing vs 5 passing+3 failing is NOT comparable (0.1111ms)
  ✔ a stable-coverage collapse on BOTH arms (128 -> 1 -> uniform) is comparable and can still PASS — and is reported honestly (0.0989ms)
✔ post-sol RB-2 — coverage consistency gates strong verdicts (2.5512ms)
▶ post-GLM — execution-observation gate (rule 14)
  ✔ the GLM shape: unanimous "passing" prose with NO observation -> INCONCLUSIVE rule 14, never PASS (0.3572ms)
  ✔ a VALID observation that LIES about counts is caught (text 5/0/0 vs observed 42/0/0) (0.137ms)
  ✔ a VALID observation whose failing identities differ from the text is caught (0.1367ms)
  ✔ FLAKY is gated too: a split baseline WITHOUT observation is rule 14, not FLAKY (0.1378ms)
  ✔ PRE_EXISTING_FAILURE is gated: fail/fail/fail prose is rule 14 (the guard also gates the honest direction) (0.1418ms)
  ✔ status ABSENT is not "weak-but-fine": an explicit ABSENT observation gates like a missing one (0.1463ms)
  ✔ the gate reports the FIRST offending round in bundle order (deterministic reason) (0.1176ms)
  ✔ observationGateIssue: both exit-contradiction directions fail a VALID observation (0.1569ms)
  ✔ observationSatisfied agrees with the gate on both paths (0.112ms)
  ✔ a VALID observation whose identity array is missing/malformed is a REFUSAL, not a crash (0.1535ms)
  ✔ post-GLM F4: infra TEXT signature alone cannot veto an attested execution (precedence) (0.1923ms)
  ✔ post-glm F6b: the ACTUAL containment of a VALID-observed killed round — gate blind, rule 1 absolute (0.1672ms)
  ✔ post-GLM F4 twin: WITHOUT attestation the same prose still yields rule 1 INFRA (0.103ms)
  ✔ post-GLM F4 residual: a crash-signature TEXT cannot veto an attested execution either (0.2974ms)
  ✔ post-GLM F4 residual twin: WITHOUT attestation crash prose still yields rule 1 INFRA (0.1194ms)
  ✔ weak paths are NOT gated: rule 0/rule 1 keep their rule numbers without any observation (0.142ms)
✔ post-GLM — execution-observation gate (rule 14) (3.2211ms)
▶ post-GLM round 5 F1 — PRE_EXISTING requires failing-set containment
  ✔ a candidate failure Canary never saw fail in baseline is NOT pre-existing — INCONCLUSIVE 13 (never a swallowed regression) (0.2689ms)
  ✔ disjoint failing sets ({A} baseline vs {B} candidate) at equal totals describe no comparable transition — INCONCLUSIVE 13 (0.1551ms)
  ✔ an honest PRE_EXISTING_FAILURE (identical failing sets) keeps rule 4 — containment must not over-block (0.1352ms)
  ✔ CONFIRMED_REGRESSION is untouched by containment (baseline has zero failing identities) (0.1555ms)
  ✔ DOCUMENTED CEILING: version-gated passing-test substitution still PASSes (F3/§8.1) — equality of cardinality + failing sets is the exact invariant (0.1283ms)
✔ post-GLM round 5 F1 — PRE_EXISTING requires failing-set containment (1.061ms)
▶ post-GLM round 5 F4 — rule 14 downgrades EVERY FLAKY producer (6/7/8/12)
  ✔ un-attested producer rule 6 (non-unanimous candidate under failing baseline) -> INCONCLUSIVE 14, never FLAKY (0.1941ms)
  ✔ un-attested producer rule 7 (clean baseline, mixed candidate) -> INCONCLUSIVE 14, never FLAKY (0.1087ms)
  ✔ un-attested producer rule 8 (failing rounds within an arm differ in identity) -> INCONCLUSIVE 14, never FLAKY (0.1051ms)
  ✔ un-attested producer rule 12 (repetitions differ in coverage totals) -> INCONCLUSIVE 14, never FLAKY (0.105ms)
✔ post-GLM round 5 F4 — rule 14 downgrades EVERY FLAKY producer (6/7/8/12) (0.68ms)
▶ inDependencySubtree
  ✔ matches the dep itself and its nested copies at any depth (escaped keys) (0.89ms)
  ✔ scoped name collisions cannot masquerade when keys are escaped (F4) (0.1863ms)
  ✔ round-3 B6: descendants of a NESTED copy are inside the subtree (0.1685ms)
  ✔ audit F10: a SCOPED dependency matches its own escaped keys (0.168ms)
✔ inDependencySubtree (2.6652ms)
▶ diffTrees — the arms-equality proof
  ✔ audit F10: scoped dependency drift inside its subtree is confined (1.664ms)
  ✔ audit F10: scoped dep PLUS real external drift is still NOT confined (0.9683ms)
  ✔ golden case: only the dependency subtree changed (0.2096ms)
  ✔ detects contamination outside the dependency (0.2371ms)
  ✔ audit B6 exposes the vacuous-confinement hazard (empty trees report confined) (0.2215ms)
✔ diffTrees — the arms-equality proof (3.7717ms)
▶ audit B6 — classifyTreeObservation (tree completeness)
  ✔ a parsed, non-empty tree containing the dependency is VALID (0.553ms)
  ✔ empty tree (no data observed) is INVALID, not a proof of confinement (0.123ms)
  ✔ unparseable / no-root-deps is INVALID (0.1342ms)
  ✔ tree present but the studied dependency absent is INCOMPLETE (0.1262ms)
  ✔ scoped dependency presence is detected via the escaped key (dependencyInTree) (0.12ms)
  ✔ round-3 B6: ANY observation anomaly caps the status at INCOMPLETE (0.1308ms)
✔ audit B6 — classifyTreeObservation (tree completeness) (1.4781ms)
▶ log parsing (auxiliary — never decides classification)
  ✔ extracts canonical suite-qualified identities from mocha output (audit B1) (1.0764ms)
  ✔ audit B1: same leaf title in DIFFERENT suites stays DISTINCT (0.5316ms)
  ✔ audit B1: nested describe paths survive as multi-segment identities (0.1228ms)
  ✔ audit B1: progress-list lines (N) followed by a passing line yield NO identity (0.1939ms)
  ✔ audit B1: identical identities in one run dedupe deterministically; distinct never collapse (0.1733ms)
  ✔ audit B1: ava identities keep the full suite path (0.1559ms)
  ✔ parses summary counts (0.4668ms)
  ✔ round-3 B1: ROOT-level failure ("1) title:" — colon on the numbered line) yields its identity (0.1359ms)
  ✔ round-3 B1: repeated root-level titles across rounds re-extract identically (deterministic) (0.144ms)
  ✔ round-3 B1: mixed root + nested blocks do not corrupt each other (0.1105ms)
  ✔ round-3 B1: a nested block is abandoned at the summary line, never past it (0.1097ms)
  ✔ round-3 B1: malformed/truncated output yields NO fabricated identities (0.1217ms)
  ✔ round-3 B1: reordered distinct failures extract the same SET (profile order-independence) (0.1327ms)
✔ log parsing (auxiliary — never decides classification) (3.9641ms)
▶ streamsStable
  ✔ true only for identical hashes across all rounds (0.1483ms)
✔ streamsStable (0.2426ms)
▶ post-sol secondary — lone-CR line endings parse identically to LF/CRLF
  ✔ parseSummaryCounts reads the same totals across LF, CRLF and CR-only (0.2739ms)
  ✔ extractFailingTestNames finds the same identities across LF, CRLF and CR-only (0.1308ms)
✔ post-sol secondary — lone-CR line endings parse identically to LF/CRLF (0.5135ms)
▶ post-GLM F3 — ANSI-colored output parses identically to plain output
  ✔ parseSummaryCounts reads the same totals colored as plain (0.5081ms)
  ✔ extractFailingTestNames finds the same identities colored as plain (0.1376ms)
  ✔ F3 false-PASS battery: an ANSI-wrapped failing line cannot hide from the masked-failure count (0.1067ms)
  ✔ precision control: stripping never fabricates counts (0.1294ms)
  ✔ ANSI and lone-CR compose: colored CR-only stream matches colored LF stream (0.1479ms)
✔ post-GLM F3 — ANSI-colored output parses identically to plain output (1.2579ms)
▶ validateSpec
  ✔ accepts the golden shape (1.5051ms)
  ✔ rejects branch/tag names instead of full SHAs (0.3428ms)
  ✔ rejects a swap that does not install the candidate (0.2337ms)
  ✔ requires >=2 candidate repetitions (a regression must reproduce) (0.1939ms)
  ✔ requires >=2 baseline rounds so the FLAKY guard is reachable (F8) (0.2163ms)
  ✔ rejects identical baseline/candidate (0.2075ms)
  ✔ rejects malformed prepare argv (not array-of-arrays) (0.174ms)
  ✔ rejects non-object input without throwing (0.1938ms)
✔ validateSpec (4.7771ms)
▶ planArms
  ✔ orders steps with toolchain between prepare and build (1.0004ms)
  ✔ omits toolchain/build when absent (0.228ms)
✔ planArms (1.5002ms)
▶ normalizers
  ✔ canonicalizes line endings, trailing ws, final newline (1.7512ms)
  ✔ collapses timestamps, dates, durations (0.2168ms)
  ✔ collapses uuids and long hex addresses but not short hex (0.1803ms)
  ✔ collapses ports on localhost (0.1509ms)
  ✔ normalizes the run workspace, temp, home, user, host (0.5752ms)
  ✔ pathVariants covers slash forms and drive case (0.1767ms)
  ✔ the stability invariant: same logical run shape at different moments collapses to identical bytes (1.3205ms)
  ✔ result lines are never rewritten by value-shape rules (0.1602ms)
✔ normalizers (6.1393ms)
▶ renderHtml
  ✔ renders the deterministic verdict verbatim (1.0459ms)
  ✔ shows hash prefixes and log paths for audit (0.2097ms)
  ✔ states the drift-confinement result (0.1823ms)
  ✔ escapes hostile content from downstream logs/names (no HTML injection) (0.3091ms)
  ✔ audit F12: renders failing-test identities derived from the BUNDLE (no extras) (0.3901ms)
  ✔ audit F12: a bundle with no failing identities omits the section (0.2719ms)
✔ renderHtml (4.0167ms)
▶ post-sol F1 — the verification banner says SELF-CONSISTENT, not VERIFIED
  ✔ a fully local-consistent render is labeled SELF-CONSISTENT and disclaims the committed proof (0.3936ms)
  ✔ a failing consistency render is labeled NOT SELF-CONSISTENT and still warns (0.3071ms)
  ✔ no verification argument at all renders NOT SELF-CONSISTENT (absence of checking is not success) (0.1738ms)
✔ post-sol F1 — the verification banner says SELF-CONSISTENT, not VERIFIED (1.1693ms)
▶ validateBundle
  ✔ accepts a well-formed bundle (7.6471ms)
  ✔ rejects an unknown classification label (1.1247ms)
  ✔ rejects short/hexless commit SHAs (no branch pins in evidence) (1.2726ms)
  ✔ rejects a bundle missing an arm (2.1109ms)
  ✔ rejects malformed stream hashes (0.9427ms)
  ✔ rejects a round whose envKeys leak outside the sanitized allowlist (F9) (0.6944ms)
  ✔ rejects reproductionCount < 1 (0.7803ms)
✔ validateBundle (16.3706ms)
▶ validateBundle — semantic integrity (audit F3)
  ✔ rejects a CONFIRMED_REGRESSION label whose own rounds say PASS (1.6182ms)
  ✔ rejects a CONFIRMED_REGRESSION built from rounds whose failure identities differ (must re-derive FLAKY rule 8) (1.5194ms)
  ✔ rejects masked-failure rounds (exit 0 with reported failures) under a PASS label (1.2222ms)
  ✔ rejects killedByTimeout=true alongside a normal exit code (0.4995ms)
  ✔ rejects an inflated reproductionCount not backed by candidate rounds (0.4731ms)
  ✔ rejects a trustful verdict while drift says NOT confined (rule-9 guard bypassed) (0.4588ms)
  ✔ accepts the legitimate rule-9 override: unconfined drift + INCONCLUSIVE rule 9 (0.5549ms)
  ✔ audit B6: rejects a trustful verdict built on a non-VALID tree observation (1.0728ms)
  ✔ audit B6: accepts the legitimate rule-10 override (confined drift but weak observation) (0.6065ms)
  ✔ audit B6: rejects a FABRICATED rule-10 downgrade even with a valid manifest (semantic layer alone catches it) (0.5172ms)
  ✔ audit B6: observationStatus is mandatory (0.5687ms)
  ✔ refuses to treat a CONFIRMED_REGRESSION as trustworthy when round facts are too sparse to re-derive (0.6139ms)
  ✔ self-review N3: the sparse-facts refusal covers a PASS claim too (was: CONFIRMED/PRE_EXISTING only) (0.5089ms)
  ✔ robustness H1: rejects duplicate (arm,round) indices (resealed) (1.3947ms)
  ✔ round-3 B1: a RESEALED CONFIRMED whose failing identities under-account the count dies twice over (1.1213ms)
  ✔ post-sol RB-2: a resealed trustful bundle over incomparable arm coverage dies twice over (1.3658ms)
  ✔ post-sol RB-2: a trustful label with only ONE round per arm is refused (0.6727ms)
  ✔ post-sol RB-2: unstable repetition coverage under a trustful label is refused (baseline 5 vs 4 passing) (0.8151ms)
  ✔ post-sol RB-2: weak labels carry no parity requirement (honest INCONCLUSIVE rule 13 validates) (1.6992ms)
  ✔ round-3 B2: a PASS label over zero-assertion (pending-only) rounds is rejected (0.9391ms)
✔ validateBundle — semantic integrity (audit F3) (19.3834ms)
▶ post-sol M-1 — contract.ts is the single source of truth
  ✔ the committed schemas/evidence.schema.json EQUALS the generated contract (no drift) (1.8297ms)
  ✔ every always-required contract field is refused at runtime when DELETED (Sol: commands, killedByTimeout, startedAt, durationMs included) (34.8156ms)
  ✔ intentionally-optional fields may be absent (we do not blind-strictify) (0.7ms)
  ✔ unknown fields are refused at root, round, and treeComparison scopes (policy is intentional) (1.7914ms)
  ✔ post-glm F6c: unknown fields NAMED LIKE Object.prototype members are refused too (own-property check, not `in`) (2.8161ms)
  ✔ trustful-tier fields: deleted infraSignal/snapshots/anomalies kill a trustful claim but validate clean under a weak honest label (1.9725ms)
  ✔ round indices must be contiguous per arm (an omitted round shrinks the claimed reproduction) (0.7454ms)
✔ post-sol M-1 — contract.ts is the single source of truth (45.1646ms)
▶ post-GLM round 5 — mirror constant independence + containment restatement
  ✔ STRONG_MIRROR_LABELS is a distinct copy of the classifier strong set with pinned equivalence (0.3808ms)
  ✔ refuses PRE_EXISTING_FAILURE whose candidate fails identities baseline did not (containment at 3d) (1.2413ms)
  ✔ accepts an honest PRE_EXISTING_FAILURE (identical failing sets across arms) — no over-blocking (0.5574ms)
✔ post-GLM round 5 — mirror constant independence + containment restatement (2.5737ms)
▶ Recorder.expandArgv — token expansion + enforced isolation
  ✔ expands $bin via resolver to node + bin path (6.3191ms)
  ✔ ALWAYS appends --ignore-scripts and cache isolation to install commands (4.907ms)
  ✔ F6: flags are detected past leading options ($npm --loglevel install) (5.4438ms)
  ✔ F6: npm ci (runs lifecycle scripts by default) is also covered (3.7918ms)
  ✔ post-glm F6e: the controlled empty npm config is RE-ESTABLISHED immediately before install (tamper-between-creation-and-use) (6.9646ms)
  ✔ F6: $yarn install gets yarn-appropriate flags after -- and --ignore-scripts on the npx bootstrap (3.9083ms)
  ✔ F8: $npm -u evil.npmrc install x is REJECTED (was silent injection-skip) (3.794ms)
  ✔ F8: conflicting config flags rejected BEFORE and AFTER the subcommand (4.5953ms)
  ✔ F8: unknown bare option before subcommand rejected; --key=value passes (5.1334ms)
  ✔ F8: exec/dlx/shell-style subcommands rejected; run of a local script is not (4.8096ms)
  ✔ F8: conflicting flags rejected in CASE VARIANTS too (red-team) (3.42ms)
  ✔ F8: install-family options with = or after the subcommand still expand normally (3.6146ms)
  ✔ non-install commands get no injected flags (3.9829ms)
✔ Recorder.expandArgv — token expansion + enforced isolation (63.9377ms)
▶ summary/infra matchers (F1/F5 hardening)
  ✔ strict summary matcher rejects prose and accepts runner lines (0.462ms)
  ✔ environmental error patterns are infra (F1/F2) (0.6263ms)
  ✔ audit B2: errno code in a PASSING test name is NOT infra; in an error line IS (0.5171ms)
✔ summary/infra matchers (F1/F5 hardening) (1.8168ms)
▶ Recorder.step/round — real subprocess, real artifacts (no mocks)
  ✔ captures exit code, streams, hashes, counts; unique-ifies repeated labels (636.0097ms)
  ✔ F1 shape: nonzero exit + summary claiming 0 failing is recorded with the count (467.7243ms)
  ✔ F5 shape: exit 0 while summary reports failures is captured (classifier then infra-guards) (517.2234ms)
  ✔ audit F13: failing-test identities from REAL subprocess output land in fact and evidence (510.4564ms)
  ✔ audit B2 (real subprocess): 0 passing at exit 0 records reportedPassing=0 (classifier => INFRA) (533.4669ms)
  ✔ audit B2 (real subprocess): ECONNREFUSED error line at exit 0 sets infraSignal true (not swallowed by exit) (453.9568ms)
  ✔ audit B2 (real subprocess): a genuinely passing run records reportedPassing>0 and stays valid (448.7304ms)
  ✔ audit B1 e2e: same leaf title, different SUITE across candidate rounds -> FLAKY (1397.0099ms)
  ✔ audit B1 e2e: identical SUITE-QUALIFIED identity across rounds stays CONFIRM-eligible (1824.1415ms)
  ✔ timeout kills produce exit -1 (and tree-kill runs without throwing) (1549.0695ms)
✔ Recorder.step/round — real subprocess, real artifacts (no mocks) (8339.0478ms)
▶ audit B5 — canonical package-manager policy (closed allowlist)
  ✔ B5: install ALIASES (the pre-fix silent-skip) now receive full injection (6.2156ms)
  ✔ B5: unknown/unvetted subcommands are REJECTED, not run without policy (2.5324ms)
  ✔ B5: RAW package-manager forms rejected for ANY command position (2.4712ms)
  ✔ B5: $bin:npm bypass is rejected; $bin:mocha still works (3.0235ms)
  ✔ B5: user `--` in an install command is rejected (was the trailing-flag dead-weight bypass) (2.6531ms)
  ✔ B5 invariant (property): accepted install => isolation flags in EFFECTIVE position after the subcommand, none after a `--` (4.8189ms)
  ✔ B5: closed-allowlist families classified correctly by the policy parser (0.2187ms)
✔ audit B5 — canonical package-manager policy (closed allowlist) (22.228ms)
▶ round-3 B5 — wrapper-mediated / frontend package-manager execution is refused
  ✔ cmd /c npm install … is refused (the canonical Windows wrapper bypass) (2.7012ms)
  ✔ powershell / pwsh … npm is refused (2.6071ms)
  ✔ env / nohup / xargs / sh -c / sudo npm are refused (POSIX wrappers) (2.7928ms)
  ✔ package-manager FRONTENDS (pnpm/bun/corepack/volta) are refused (2.7082ms)
  ✔ node executed ON a package-manager file (node npm / node npm-cli.js) is refused (2.3317ms)
  ✔ any other unenumerated literal executable fails closed (not silently expanded) (2.5821ms)
  ✔ REGRESSION: every SUPPORTED form still expands (allowlist does not over-reject) (3.2479ms)
  ✔ REGRESSION: raw npm / npm.cmd / direct npm-cli / $bin:npm still rejected (pre-existing B5.1) (2.3873ms)
✔ round-3 B5 — wrapper-mediated / frontend package-manager execution is refused (21.7326ms)
▶ round-3 secondary — crash & sweep signals reach the classification
  ✔ hasCrashSignature: matches V8/native abort phrasing, skips pass-glyph lines (0.2431ms)
  ✔ glyph discrimination (self-review N4): ava ✖ (U+2716) fires infra; ✗-titled (U+2717) prose does not (0.2782ms)
  ✔ isInfraOutput: a hard infra phrase inside a PASSING test title is not false-INFRA (round-3 secondary) (0.1139ms)
  ✔ round() records crashSignal from a real post-summary crash -> classify says INFRA rule 1 (478.3149ms)
  ✔ round() records sweepFailed (when the run outcome flags it) -> classify says INFRA rule 1 (5.6261ms)
  ✔ post-sol secondary: CR-only line endings are matched like LF/CRLF (summary + anchored crash banner) (0.2666ms)
  ✔ assertSupportedSpecExecutable: the allowlist is small and explicit (0.1951ms)
✔ round-3 secondary — crash & sweep signals reach the classification (485.2992ms)
▶ observation hardening — expandArgvWithPlan injection decision
  ✔ the double fixture is actually pinned (fails if the pin table drifted) (0.1227ms)
  ✔ post-GLM F5: the canary double is UNSELECTABLE by default — pinned bytes, no execution authority (11.5365ms)
  ✔ pinned bytes at the canonical anchor: injected, --require appended LAST, plan from the PIN (12.3456ms)
  ✔ unpinned bytes at the canonical anchor: NO injection, runner-identity-unpinned + observed hash recorded (28.9594ms)
  ✔ pinned bytes OUTSIDE the canonical anchor (hoisted): not injectable (14.1743ms)
  ✔ post-glm F6a: pinned bytes reached through a LINK at the anchor are not injectable (root case) (16.4323ms)
  ✔ post-glm F6a: a LINK ABOVE the anchor (node_modules junctioned out) is not injectable either (15.9147ms)
  ✔ post-audit F6a coverage sentinel — the link-escape regression was ACTUALLY exercised on this platform (0.1516ms)
  ✔ a subject-supplied --require/-r in a mocha argv is refused fail-closed (9.5845ms)
  ✔ post-GLM F1: an off-position $bin:mocha token is refused, never credited (14.9584ms)
  ✔ non-mocha commands: no injection attempted, absentKind not-mocha-bin (2.8299ms)
  ✔ the ABSENT path end-to-end: an unpinned double runs REAL rounds and rule 14 refuses the strong label (991.2665ms)
✔ observation hardening — expandArgvWithPlan injection decision (1118.9345ms)
▶ post-sol RB-1 — semantic package-manager policy (equivalence classes)
  ✔ Sol's accepted forms are now rejected in install-family commands (2.1453ms)
  ✔ property: for EVERY protected key, every abbreviation/negation/case/= spelling is refused (install family) (37.1744ms)
  ✔ property: the per-package config family (@scope:registry, //…:auth) is refused everywhere (60.2098ms)
  ✔ property: accepted install argv ends with Canary protected flags after every user token (8.6468ms)
  ✔ invariant: no allowed install spelling resolves to a protected key (prefix-disjoint) (0.503ms)
  ✔ legitimate script-family passthrough and fixture install shapes still expand (5.7205ms)
  ✔ resolveOptionToken normalizes case, =-values, and one leading no- (0.1432ms)
  ✔ empirical: npm applies abbreviation + negation + LAST-WINS ordering (the semantic premises) (1043.2457ms)
✔ post-sol RB-1 — semantic package-manager policy (equivalence classes) (1158.1469ms)
▶ FINDING B — infra matching is case/encoding symmetric (must-match direction)
  ✔ exact GLM counterexample: mixed-case npm error + fake summary (1.3727ms)
  ✔ all case variants of npm error / npm ERR! fire (0.2643ms)
  ✔ hard patterns fire in any case (module/ERESOLVE/SyntaxError shapes) (0.2974ms)
  ✔ CR-only and CRLF line endings still see the signatures (0.1841ms)
  ✔ ANSI-wrapped signatures still fire (real colored npm output) (0.2175ms)
  ✔ SOFT errno lines fold case too (0.5684ms)
  ✔ crash signatures survive ANSI decoration (0.5831ms)
  ✔ runner summary is recognized through ANSI colors (real colored mocha) (0.3581ms)
✔ FINDING B — infra matching is case/encoding symmetric (must-match direction) (5.6507ms)
▶ FINDING B — benign prose NEVER flips to infrastructure (false-positive direction)
  ✔ passing test TITLES quoting error phrases are not infra (1.0033ms)
  ✔ intentional E404 assertions and historical logs inside test prose are not infra (0.3821ms)
  ✔ summary regexes stay anchored (prose containing "5 passing" mid-sentence) (0.1656ms)
✔ FINDING B — benign prose NEVER flips to infrastructure (false-positive direction) (1.9151ms)
▶ post-GLM F3 — summary recognition and count parsing share one view
  ✔ an ANSI-wrapped failing line is counted as surely as it is recognized (0.7114ms)
  ✔ a fully colored genuine run is recognized AND counted (no false infra) (1.0546ms)
  ✔ lone-CR and ANSI compose identically across both functions (0.1767ms)
✔ post-GLM F3 — summary recognition and count parsing share one view (2.1757ms)
▶ auditPackageManifestText — lifecycle hooks refuse execution
  ✔ accepts a clean manifest (1.1754ms)
  ✔ refuses preinstall hook (0.2386ms)
  ✔ refuses install hook (0.1684ms)
  ✔ refuses postinstall hook (0.173ms)
  ✔ refuses prepare hook (0.1525ms)
  ✔ rejects invalid JSON without throwing (0.2276ms)
✔ auditPackageManifestText — lifecycle hooks refuse execution (3.6309ms)
▶ auditFixtureDir — rc-file injection gate
  ✔ refuses a fixture shipping .npmrc (12.106ms)
  ✔ F10: finds rc files nested anywhere in the pinned source (5.4224ms)
  ✔ F7: refuses an UPPERCASE .NPMRC (Windows/macOS load it as project config) (5.0064ms)
  ✔ F7: also catches mixed-case nested .YarnRc.yml (6.2823ms)
✔ auditFixtureDir — rc-file injection gate (29.3207ms)
▶ expectedExtractedDir
  ✔ matches codeload tarball root naming (0.2239ms)
✔ expectedExtractedDir (0.4069ms)
▶ audit F6 — child env observation: declared == observed
  ✔ the child sees EXACTLY the declared allowlist keys (nothing undeclared) (685.3794ms)
  ✔ Windows session identity vars are neutralized, not merely absent from the block (460.3695ms)
  ✔ the real account identity is not reachable via any observed value (490.2574ms)
✔ audit F6 — child env observation: declared == observed (1637.7499ms)
▶ KNOWN_RUNNER_RELEASES — npm pins equal their reviewed manifests (offline)
  ✔ every npm-origin entry has a manifest and the hashes agree (5.2472ms)
  ✔ canary-double entries are the ONLY non-manifested pins (offline e2e bytes live in-repo) (0.3907ms)
✔ KNOWN_RUNNER_RELEASES — npm pins equal their reviewed manifests (offline) (6.9682ms)
▶ post-GLM F5 — findRunnerPin: origin is an execution-authority gate
  ✔ double bytes are UNSELECTABLE by default: pinned hash, zero execution authority (0.3393ms)
  ✔ only the explicit in-process grant selects the double (0.1681ms)
  ✔ npm pins stay selectable in BOTH postures — the gate is origin-scoped, not blanket (0.1861ms)
✔ post-GLM F5 — findRunnerPin: origin is an execution-authority gate (1.0229ms)
▶ audit F5 — sweep mechanism (live parent, positive proof)
  ✔ sweepDescendants finds and kills a live parent's child process (1138.4298ms)
✔ audit F5 — sweep mechanism (live parent, positive proof) (1139.955ms)
▶ audit F5 — containment through runCommand
  ✔ normal exit-0 of a child that left a helper behind: sweep clean, no survivors (773.839ms)
  ✔ a clean exit with no descendants sweeps nothing and does not fail (519.9983ms)
  ✔ timeout: tree kill + sweep leave no survivors and do not fail (2734.3166ms)
  ✔ the swept child PID itself is never listed as killed (only descendants) (451.749ms)
✔ audit F5 — containment through runCommand (4480.4679ms)
▶ audit S1 — POSIX session-membership predicate (setpgid escapees)
  ✔ a member of the child session is caught even after it setpgid()s (0.2558ms)
  ✔ a member of the child group is caught (0.1437ms)
  ✔ an unrelated process is not swept (0.1665ms)
✔ audit S1 — POSIX session-membership predicate (setpgid escapees) (0.8311ms)
ℹ tests 503
ℹ suites 78
ℹ pass 503
ℹ fail 0
ℹ cancelled 0
ℹ skipped 0
ℹ todo 0
ℹ duration_ms 181629.7924
EXIT:0
