▶ panel K layer 1 — the validator refuses hostile frame streams
  ✔ CONTROL: an honest watched lifecycle validates VALID (the battery needs a standing baseline) (1.6514ms)
  ✔ (ii) injected round with ZERO frames on the channel is INVALID (0.2204ms)
  ✔ (iii) a missing bye — and a misplaced bye — are INVALID boundary violations (0.2824ms)
  ✔ (iv) a reject frame (adapter caught a forged/dup event LIVE) condemns the round (0.1625ms)
  ✔ (v) text claiming "2 passing" over 1 watched pass is INVALID — and a lying bye cannot fix it (0.2692ms)
  ✔ (vi) a forged hello.mochaVersion is INVALID — vs the pin and vs its own shape (0.3764ms)
  ✔ panel 1 extras: flood truncation, duplicate credits, unknown kinds and no-summary all fail closed (0.2703ms)
  ✔ (xi) garbage lines, non-object frames, adapter-error and masked exit each condemn the round (0.3707ms)
✔ panel K layer 1 — the validator refuses hostile frame streams (5.3963ms)
▶ panel K layer 2 — the pipeline end-to-end refuses unattested execution
  ✔ (i) a plain-node text stub that reads as a clean run degrades to INCONCLUSIVE rule 14 (6914.208ms)
  ✔ (vii) an UNPINNED double running the observer protocol on fd 3 gets stray-bytes forensics, zero credit (7094.3091ms)
  ✔ (viii) AM-1 kill test: double CLAIMS the pinned version, bytes are wrong -> ABSENT, strong unreachable (6988.2577ms)
  ✔ (ix) a subject --require in spec argv is refused fail-closed (protected preload flag) (2626.36ms)
  ✔ (x) process.exit() mid-round: watched lifecycle never ends -> INVALID, never strong (6050.7806ms)
✔ panel K layer 2 — the pipeline end-to-end refuses unattested execution (29674.752ms)
▶ post-GLM F1 — off-position runner token earns no execution credit
  ✔ refused fail-closed: forging `node -e` with the token trailing (2017.4405ms)
  ✔ refused fail-closed: forging prelude script with the token after it (1944.9526ms)
  ✔ positive control: the executed-position token still earns VALID and a strong verdict (5584.3246ms)
✔ post-GLM F1 — off-position runner token earns no execution credit (9547.0941ms)
▶ post-GLM F4 — infra prose cannot mask an attested regression
  ✔ a VALID round whose stdout trips the infra signature still yields CONFIRMED_REGRESSION (5521.056ms)
✔ post-GLM F4 — infra prose cannot mask an attested regression (5521.2756ms)
▶ post-GLM F5 — an untrusted spec cannot select the canary double
  ✔ double bytes staged by the spec itself: NO injection, every round ABSENT, INCONCLUSIVE rule 14 (5701.3162ms)
  ✔ trusted control: with the in-process grant the SAME spec earns VALID + a strong verdict (5767.8897ms)
✔ post-GLM F5 — an untrusted spec cannot select the canary double (11469.4681ms)
▶ audit M8 — CLI subprocess exit-code contract
  ✔ check on honest evidence exits 0 and prints PASS (7587.592ms)
  ✔ check on a tampered artifact exits 3 and names the tampered file (7200.6458ms)
  ✔ report refuses a fabricated bundle (exit 3) and renders a valid one (exit 0) (7073.6046ms)
  ✔ audit F12: report with NO argument defaults to the latest run and renders bundle-persisted failing identities (6890.0517ms)
  ✔ version exits 0; no command prints usage and exits 3 (misuse) (175.2615ms)
  ✔ round-3 secondary: an infrastructure abort exits 2 (environment fault), never 3 (misuse) (363.9182ms)
✔ audit M8 — CLI subprocess exit-code contract (29292.8221ms)
▶ FINDING A — subject text alone can never create a strong verdict
  ✔ the GLM counterexample (console.log "128 passing") is never PASS (6909.8386ms)
  ✔ test command node -e printing mocha-shaped prose is never PASS (7102.1378ms)
  ✔ a printed failing summary is never CONFIRMED_REGRESSION (6977.0352ms)
✔ FINDING A — subject text alone can never create a strong verdict (20990.5921ms)
▶ KNOWN_RUNNER_RELEASES — table == disk (canary-double)
  ✔ the pinned double hash equals the treeSha256 of the repo fixture bytes (2.2124ms)
  ✔ no placeholder digests survive, every entry is well-formed, versions unique per package (0.4818ms)
✔ KNOWN_RUNNER_RELEASES — table == disk (canary-double) (3.9685ms)
▶ audit M8 — offline pipeline end-to-end
  ✔ confined regression: CONFIRMED_REGRESSION, real artifacts re-hash clean (7410.3881ms)
  ✔ unconfined tree drift is downgraded to INCONCLUSIVE rule 9 (F9 e2e) (6647.8183ms)
  ✔ a tampered artifact is caught end-to-end by the prove path (F4 e2e) (6930.034ms)
  ✔ a fabricated self-contradictory bundle is refuted by validateBundle (F3 e2e) (6641.2599ms)
  ✔ round-3 secondary: a fetch failure is INFRASTRUCTURE (InfraAbort -> CLI exit 2), not generic error (3.0498ms)
  ✔ round-3 secondary: an extraction failure is INFRASTRUCTURE too (3.2929ms)
✔ audit M8 — offline pipeline end-to-end (27637.4842ms)
▶ round-3 B3 — the proof host is the ACTUAL runtime, never the evidence
  ✔ pristine run + proofHost = this machine: full gate PASSes with ZERO skipped assertions (6854.582ms)
  ✔ THE AUDIT ATTACK: reseal host metadata to dodge host checks -> gate FAILS (exit 1), never skip-to-PASS (6899.3613ms)
  ✔ resealing the environment TO MATCH the real machine is not an attack: identity is reality, not paper (6977.7231ms)
  ✔ off the proof host (simulate a foreign runtime): strict checks SKIP and the verdict INCOMPLETE (exit 2) — PASS is not claimed (6659.5086ms)
  ✔ post-sol F1 — SELF-CONSISTENT is NOT proof-agreement: a bundle fully consistent on this machine can still FAIL check against a diverged committed proof (6061.712ms)
  ✔ a lying proof file cannot flip the verdict either: proofHost=foreign while running here still skips (evidence-agnostic) (5795.5721ms)
✔ round-3 B3 — the proof host is the ACTUAL runtime, never the evidence (39250.4703ms)
▶ post-GLM F2 — executable bytes are part of the host identity
  ✔ a trojan runtime claiming the proof-host METADATA but running different bytes can never PASS (5883.9324ms)
  ✔ a proof naming a proofHost but omitting the exec digest is REFUSED — loud FAIL, never a silently weaker gate (5775.0744ms)
  ✔ the sampler reports the ACTUAL bytes of the running executable (72.4954ms)
  ✔ an environment ATTESTATION stays metadata-only: the evidence block carries no bytes to compare (documented residual) (0.2316ms)
✔ post-GLM F2 — executable bytes are part of the host identity (11732.1625ms)
▶ verifyArtifacts — audit F4 (proof must rehash the real artifacts)
  ✔ accepts a bundle whose every recorded hash matches the file on disk (18.5201ms)
  ✔ rejects a tampered raw stdout (recorded hash kept, content swapped) (17.6914ms)
  ✔ rejects a tampered normalized stdout independently of the raw one (19.078ms)
  ✔ rejects quietly deleted stderr artifacts (16.1876ms)
  ✔ rejects all four substituted files of one round (raw, raw-err, norm, norm-err) (15.4993ms)
  ✔ rejects a logPath that breaks the round-ownership contract (11.0573ms)
✔ verifyArtifacts — audit F4 (proof must rehash the real artifacts) (99.1916ms)
▶ verifyArtifacts — audit B3 (path confinement + ownership)
  ✔ ../../ identical external substitution is refused (ownership), not verified against the external bytes (6.3823ms)
  ✔ absolute external path in logPath is refused (5.8191ms)
  ✔ cross-round swap (candidate#1 claims candidate#2 log) is refused (8.2435ms)
  ✔ baseline pointing at a candidate artifact is refused (4.9789ms)
  ✔ a valid canonical relative artifact path verifies clean (9.5776ms)
  ✔ missing + modified artifacts are refused (16.7668ms)
  ✔ a symlinked artifact resolving outside the dir is refused (symlink escape) (12.6885ms)
✔ verifyArtifacts — audit B3 (path confinement + ownership) (65.0835ms)
▶ assertProof — audit F11 + round-3 B3 (host-exactness from the ACTUAL runtime)
  ✔ legacy proof (no proofHost): host-exact hashes NEVER assert — recorded-env match grants nothing (post-glm F6f) (10.3673ms)
  ✔ post-glm F6f: an ABSENT proofHost can never grant host-exact trust — resealed env metadata cannot PASS the proof (7.2334ms)
  ✔ matching proofHost + actual runtime on it: every assertion including hashes AND the environment binding evaluates (7.5861ms)
  ✔ round-3 B3 core: resealing the evidence environment can NO LONGER skip strict checks — it FAILS the binding (7.2629ms)
  ✔ off-proof-host: host-exact comparisons skip (flagged, not silent); portable assertions still evaluate; verdict is INCOMPLETE (7.2512ms)
  ✔ off-proof-host with tampered committed hashes still passes portable checks (and this is exactly why verifyArtifacts exists) (31.2608ms)
✔ assertProof — audit F11 + round-3 B3 (host-exactness from the ACTUAL runtime) (71.3768ms)
▶ round-3 B3 — environment attestation + verdict helpers
  ✔ environmentAttestationIssues: silent only when claim == ACTUAL runtime (7.4685ms)
  ✔ proofVerdict: PASS requires zero failures AND zero skips (0.1768ms)
✔ round-3 B3 — environment attestation + verdict helpers (7.795ms)
▶ round-3 B4-D — exact failing-identity set equality (proof vs candidate bytes)
  ✔ faithful expectation: exact set holds (0.4215ms)
  ✔ proof pinning a SUBSET (hiding a real failure) FAILS (0.2974ms)
  ✔ proof pinning an EXTRA (non-existent) identity FAILS (0.1659ms)
  ✔ the exact-set check is portable — it evaluates (never skips) off-host (0.2036ms)
  ✔ a proof that does not pin the tarball digest FAILS the pin requirement (0.1758ms)
  ✔ assertProof alone refuses a resealed experimentId the proof does not name (mutation N10) (0.2689ms)
  ✔ a proof declaring a schema version the reader does not implement FAILS (portable) (0.6208ms)
✔ round-3 B4-D — exact failing-identity set equality (proof vs candidate bytes) (4.4038ms)
▶ post-sol secondary — host sampling is immune to the verifier process environment
  ✔ a poisoned NODE_OPTIONS in the verifying process does NOT crash or steer the fingerprint (283.4035ms)
✔ post-sol secondary — host sampling is immune to the verifier process environment (283.5389ms)
▶ audit B4 — provenance forgery matrix (which layer refuses)
  ✔ pristine run passes the whole gate (6806.0498ms)
  ✔ rewriting failure counts is caught — round-3 B1 coverage gate fires even earlier (at validateBundle) (6843.2216ms)
  ✔ rewriting failing-test identities is caught by byte re-derivation (resealed) (6996.1777ms)
  ✔ NEW: per-round name/value disagreement with bytes is caught (one round forged) (6629.4684ms)
  ✔ rewriting digests away from bytes is caught by verifyArtifacts (resealed) (6096.9314ms)
  ✔ rewriting the repo URL is caught by the committed proof (resealed) (5827.4716ms)
  ✔ rewriting experimentId is caught by the workspace binding (resealed) — B4-A fires before the proof (5860.7124ms)
  ✔ rewriting the pinned commit is caught by the committed proof (resealed) (5798.4047ms)
  ✔ rewriting runtime platform is caught by the committed proof (resealed) (5648.7076ms)
  ✔ flipping drift-confined to false is caught (resealed) — trustful+unconfined (5251.2743ms)
  ✔ downgrading a tree observation to INCOMPLETE cannot support a trustful label (resealed) (5268.8161ms)
  ✔ NEW: relabeling a real regression PASS is caught by re-derivation (resealed) (5266.4813ms)
  ✔ adding a non-allowlisted env key is refused (resealed) (5017.7286ms)
  ✔ naive (argv) rewrite without recomputing the manifest is caught by integrity (4824.4854ms)
  ✔ naive (tarball digest) rewrite without recomputing the manifest is caught by integrity (4836.6541ms)
  ✔ naive (runId) rewrite without recomputing the manifest is caught by integrity (4822.2047ms)
  ✔ manifest integrity catches ANY single-field rewrite done without recompute (4815.4043ms)
✔ audit B4 — provenance forgery matrix (which layer refuses) (96613.0214ms)
▶ round-3 B4 — coherent-reseal matrix on release-critical fields
  ✔ resealed runId alone is contradicted by the workspace directory (4828.2733ms)
  ✔ resealed runId AND experimentId (coherent prefix) still contradicts the directory (4832.5109ms)
  ✔ resealed tarball digest is contradicted by the retained fixture.tgz bytes (4899.9401ms)
  ✔ attacker who swaps the TARBALL BYTES too is stopped by the committed proof pin (4834.1249ms)
  ✔ resealed argv is contradicted by the committed spec re-expansion (proof host) (4861.5087ms)
  ✔ weakened envKeys (valid allowlist subset) is contradicted by the policy re-derivation (4881.9018ms)
  ✔ classification REASON tampering (label/rule/count coherent) is caught by byte re-derivation (4853.5682ms)
  ✔ coherent INCONCLUSIVE-rule9 relabel is refused (no unconfined drift to justify it) (9622.9035ms)
  ✔ resealed dependency-copy count is contradicted by the retained snapshot recount (4840.1591ms)
  ✔ a crash hidden from the record (crash line IN the bytes, resealed) is caught by byte re-derivation (4860.1159ms)
  ✔ an invented crashSignal on clean bytes is caught too (bidirectional binding, resealed) (4856.1192ms)
  ✔ a tampered infraSignal (false where bytes carry an infra line) is caught by bytes (4866.1235ms)
  ✔ a proof pinning a SUBSET of the failing identities is refused (exact-set equality, B4-D) (4862.045ms)
  ✔ a proof pinning a WRONG extra identity is refused too (exact-set equality, B4-D) (4844.1991ms)
  ✔ a proof that forgot to pin the tarball digest cannot support PASS (B4) (4862.1091ms)
✔ round-3 B4 — coherent-reseal matrix on release-critical fields (77606.5697ms)
▶ flattenNpmLsJson — npm 11.19 empty-object representation (pipeline path)
  ✔ an empty {} node with no problems mention is expected-absent: no anomaly, no hole (2.1564ms)
  ✔ the same {} node IS an anomaly when problems mentions it (unmet-optional-that-matters fails closed) (0.1773ms)
  ✔ a version-less node with missing:true is an anomaly (uninstalled REQUIRED dep) (0.1508ms)
  ✔ a version-less node carrying a declared subtree: missing-version + unwalked-subtree (0.1948ms)
  ✔ problems name-matching is token-anchored: "util" is not matched by "bufferutil@1.0.0" (0.1776ms)
  ✔ non-object node entries are malformed-node anomalies (0.1336ms)
  ✔ empty / effectively-empty trees can NEVER become VALID (criterion 6) (0.1596ms)
  ✔ a {} node for the STUDIED dependency itself is absence, not presence (criterion 7) (0.1303ms)
  ✔ ANY anomaly caps the observation at INCOMPLETE even with the dep present (0.1522ms)
✔ flattenNpmLsJson — npm 11.19 empty-object representation (pipeline path) (4.8925ms)
▶ post-sol M-2 — empty-node semantics (narrowest exemption)
  ✔ the REAL captured npm 11.19 shape (root fsevents {}, ws nested {} natives) stays VALID (0.578ms)
  ✔ R4-SR1 (self-review): problems WITH a silent stderr is npm's real extraneous-only shape — the observation is complete, not contradictory (0.2486ms)
  ✔ an empty/absent problems field under an ELSPROBLEMS stderr IS the contradiction (stripped-report forgery) (0.2842ms)
  ✔ problems ABSENT but stderr SCREAMING ELSPROBLEMS is equally a contradiction (stripped-stderr forgery) (0.1385ms)
  ✔ a MALFORMED problems field (string, object, or array with non-strings) kills the exemption and is itself an anomaly (0.2548ms)
  ✔ string-valued problems mentioning the node fail closed identically on BOTH parsers (N4 differential) (0.1464ms)
  ✔ the STUDIED dependency appearing as {} is absence (INCOMPLETE via depPresent), never presence (0.2634ms)
  ✔ drift caused by DISAPPEARANCE of a formerly-versioned dep is byte-visible, not exemption-hidden (outside-subtree drift -> unconfined) (0.2889ms)
  ✔ deeply nested hostile trees are BOUNDED on both parsers (no stack exhaustion; fails closed) (1.9019ms)
  ✔ the traversal budgets are IDENTICAL contracts in both implementations (0.0678ms)
  ✔ anomalies from the two problem channels are DETERMINISTIC and deduped across repeated {} nodes (0.1491ms)
✔ post-sol M-2 — empty-node semantics (narrowest exemption) (4.8368ms)
▶ cross-implementation parity — pipeline flatten vs verify-tree re-flatten (criteria 2+3)
  ✔ parity: plain (0.2549ms)
  ✔ parity: 11.19 empty optionals (0.1314ms)
  ✔ parity: empty optional + problems mention (0.1244ms)
  ✔ parity: missing required (0.1358ms)
  ✔ parity: scoped names (0.0946ms)
  ✔ parity: nested copies (0.0762ms)
  ✔ parity: malformed nodes (0.0728ms)
  ✔ parity: version-less with subtree (0.117ms)
  ✔ parity: problems only (no deps) (0.1094ms)
  ✔ parity: truncated json (0.1249ms)
  ✔ parity: json scalar (0.0725ms)
  ✔ parity: json null (0.1851ms)
  ✔ parity: empty root (0.1121ms)
✔ cross-implementation parity — pipeline flatten vs verify-tree re-flatten (criteria 2+3) (2.789ms)
▶ confinement semantics survive the compatibility fix (criterion 3)
  ✔ a {} drift node is never a flat key, so drift sets stay byte-derived (0.154ms)
  ✔ drift OUTSIDE the subtree stays unconfined even next to {} nodes (0.1135ms)
  ✔ scoped-name escape stays closed under segment semantics (0.0834ms)
✔ confinement semantics survive the compatibility fix (criterion 3) (0.4538ms)
▶ reflattenNpmLs — independent re-derivation of the tree observation
  ✔ flattens nested/scoped trees with versions, no anomalies (problems ignored) (1.4161ms)
  ✔ a missing-version node (npm unmet dependency) is an anomaly, never an "x" sentinel (0.2175ms)
  ✔ an empty {} node with no problems mention is an expected-absent optional, not a hole (0.246ms)
  ✔ the same empty {} node IS an anomaly when problems mentions it (unmet-optional-that-matters fails closed) (0.2312ms)
  ✔ problems name-matching is token-anchored: "util" is not mentioned by "bufferutil@1.0.0" (0.191ms)
  ✔ a {} node WITH a declared subtree is still missing-version + unwalked-subtree (0.186ms)
  ✔ a version-less NODE hides a whole subtree: missing-version + unwalked-subtree (0.1467ms)
  ✔ truncated / malformed JSON => parsed=false (INVALID territory), never a partial success (0.2779ms)
  ✔ copies are counted by full path segments; subtree containment is segment membership (0.2742ms)
✔ reflattenNpmLs — independent re-derivation of the tree observation (4.3664ms)
▶ retained tree snapshots — real pipeline bytes, independent verifier
  ✔ a fresh confined CONFIRMED run retains arm-named artifacts that verify clean (6879.8807ms)
  ✔ naive tamper of retained raw bytes (no reseal) is caught (7072.624ms)
  ✔ LAZY reseal (raw digest fixed, canonical/tree-hash left stale) is caught by the chain (6982.3954ms)
  ✔ reseal that rewrites bytes+digests but keeps the old attestation claim is caught by verify-tree (6664.781ms)
  ✔ COHERENT full tree-side reseal: bundle layer catches the version lie (attestation invariant) (6061.558ms)
  ✔ a coherent reseal claiming VALID over bytes with a missing-version hole is caught (status + anomaly re-derivation) (5800.7131ms)
  ✔ pointing one arm at the other arm bytes is caught by BOTH layers (5684.1553ms)
  ✔ flipping driftConfinedToDependency against the retained snapshots is caught (5574.5428ms)
  ✔ stripping snapshot refs from a trustful bundle: verifier says unverifiable, schema refuses to seal trust on it (6034.084ms)
  ✔ post-GLM G: naive tamper/deletion of the retained attest bytes is caught by verifyArtifacts (5330.6343ms)
  ✔ post-GLM G: a resealed framesSha256 the retained bytes do not back is caught ONLY by the bytes binding (5255.2462ms)
  ✔ post-GLM G: reseal-everything-but-the-observation is REFUSED (the pre-G "clean 4-file resealed tuple" premise is forbidden by design) (5247.7295ms)
✔ retained tree snapshots — real pipeline bytes, independent verifier (72589.5829ms)
▶ validateBundle — round-3 B6 snapshot/anomaly/version gates
  ✔ trustful WITH snapshots + empty anomalies + consistent versions validates clean (1.112ms)
  ✔ trustful WITHOUT retained snapshots is rejected (resealed) (0.6036ms)
  ✔ trustful with a MISSING anomaly array is rejected ("did not look" != "nothing found") (0.7264ms)
  ✔ trustful with NON-EMPTY recorded anomalies is rejected (partial observation cannot anchor trust) (0.543ms)
  ✔ resolvedVersions contradicting the dependency block is rejected (resealed attestation forgery) (0.3771ms)
  ✔ snapshot artifact names must be arm-derived (candidate pointing at baseline bytes dies sealed) (0.64ms)
  ✔ NON-trustful bundles may legitimately carry no snapshots (honest INCONCLUSIVE rule 10) (0.8889ms)
  ✔ trustful label with rounds observation-ABSENT is rejected (rule-14 mirror, panel H) (0.7078ms)
  ✔ trustful label with a VALID observation naming an UNPINNED runner is rejected (panel H/AM-1) (0.8309ms)
  ✔ trustful label whose observed counts DISAGREE with the text channel is rejected (cross-channel gate cannot be bypassed) (0.6549ms)
✔ validateBundle — round-3 B6 snapshot/anomaly/version gates (7.4383ms)
ℹ tests 174
ℹ suites 26
ℹ pass 174
ℹ fail 0
ℹ cancelled 0
ℹ skipped 0
ℹ todo 0
ℹ duration_ms 178206.1466
