▶ Recorder.expandArgv — token expansion + enforced isolation
  ✔ expands $bin via resolver to node + bin path (3.2521ms)
  ✔ ALWAYS appends --ignore-scripts and cache isolation to install commands (2.237ms)
  ✔ F6: flags are detected past leading options ($npm --loglevel install) (2.015ms)
  ✔ F6: npm ci (runs lifecycle scripts by default) is also covered (1.8308ms)
  ✔ post-glm F6e: the controlled empty npm config is RE-ESTABLISHED immediately before install (tamper-between-creation-and-use) (2.087ms)
  ✔ F6: $yarn install gets yarn-appropriate flags after -- and --ignore-scripts on the npx bootstrap (1.6661ms)
  ✔ F8: $npm -u evil.npmrc install x is REJECTED (was silent injection-skip) (1.8353ms)
  ✔ F8: conflicting config flags rejected BEFORE and AFTER the subcommand (2.0262ms)
  ✔ F8: unknown bare option before subcommand rejected; --key=value passes (1.9014ms)
  ✔ F8: exec/dlx/shell-style subcommands rejected; run of a local script is not (1.7793ms)
  ✔ F8: conflicting flags rejected in CASE VARIANTS too (red-team) (1.6548ms)
  ✔ F8: install-family options with = or after the subcommand still expand normally (1.6957ms)
  ✔ non-install commands get no injected flags (1.5143ms)
✔ Recorder.expandArgv — token expansion + enforced isolation (26.6365ms)
▶ summary/infra matchers (F1/F5 hardening)
  ✔ strict summary matcher rejects prose and accepts runner lines (0.2549ms)
  ✔ environmental error patterns are infra (F1/F2) (0.3669ms)
  ✔ audit B2: errno code in a PASSING test name is NOT infra; in an error line IS (0.3351ms)
✔ summary/infra matchers (F1/F5 hardening) (1.0669ms)
▶ Recorder.step/round — real subprocess, real artifacts (no mocks)
  ✔ captures exit code, streams, hashes, counts; unique-ifies repeated labels (331.6546ms)
  ✔ F1 shape: nonzero exit + summary claiming 0 failing is recorded with the count (312.0451ms)
  ✔ F5 shape: exit 0 while summary reports failures is captured (classifier then infra-guards) (308.1851ms)
  ✔ audit F13: failing-test identities from REAL subprocess output land in fact and evidence (306.4404ms)
  ✔ audit B2 (real subprocess): 0 passing at exit 0 records reportedPassing=0 (classifier => INFRA) (315.3462ms)
  ✔ audit B2 (real subprocess): ECONNREFUSED error line at exit 0 sets infraSignal true (not swallowed by exit) (311.5727ms)
  ✔ audit B2 (real subprocess): a genuinely passing run records reportedPassing>0 and stays valid (308.8471ms)
  ✔ audit B1 e2e: same leaf title, different SUITE across candidate rounds -> FLAKY (968.4756ms)
  ✔ audit B1 e2e: identical SUITE-QUALIFIED identity across rounds stays CONFIRM-eligible (1262.9264ms)
  ✔ timeout kills produce exit -1 (and tree-kill runs without throwing) (1357.278ms)
✔ Recorder.step/round — real subprocess, real artifacts (no mocks) (5783.5714ms)
▶ audit B5 — canonical package-manager policy (closed allowlist)
  ✔ B5: install ALIASES (the pre-fix silent-skip) now receive full injection (4.6988ms)
  ✔ B5: unknown/unvetted subcommands are REJECTED, not run without policy (1.8354ms)
  ✔ B5: RAW package-manager forms rejected for ANY command position (2.0993ms)
  ✔ B5: $bin:npm bypass is rejected; $bin:mocha still works (2.0234ms)
  ✔ B5: user `--` in an install command is rejected (was the trailing-flag dead-weight bypass) (2.0355ms)
  ✔ B5 invariant (property): accepted install => isolation flags in EFFECTIVE position after the subcommand, none after a `--` (3.3677ms)
  ✔ B5: closed-allowlist families classified correctly by the policy parser (0.1784ms)
✔ audit B5 — canonical package-manager policy (closed allowlist) (16.4681ms)
▶ round-3 B5 — wrapper-mediated / frontend package-manager execution is refused
  ✔ cmd /c npm install … is refused (the canonical Windows wrapper bypass) (2.0642ms)
  ✔ powershell / pwsh … npm is refused (1.9644ms)
  ✔ env / nohup / xargs / sh -c / sudo npm are refused (POSIX wrappers) (1.9811ms)
  ✔ package-manager FRONTENDS (pnpm/bun/corepack/volta) are refused (1.934ms)
  ✔ node executed ON a package-manager file (node npm / node npm-cli.js) is refused (1.7475ms)
  ✔ any other unenumerated literal executable fails closed (not silently expanded) (1.7874ms)
  ✔ REGRESSION: every SUPPORTED form still expands (allowlist does not over-reject) (1.9557ms)
  ✔ REGRESSION: raw npm / npm.cmd / direct npm-cli / $bin:npm still rejected (pre-existing B5.1) (2.0167ms)
✔ round-3 B5 — wrapper-mediated / frontend package-manager execution is refused (15.682ms)
▶ round-3 secondary — crash & sweep signals reach the classification
  ✔ hasCrashSignature: matches V8/native abort phrasing, skips pass-glyph lines (0.1347ms)
  ✔ glyph discrimination (self-review N4): ava ✖ (U+2716) fires infra; ✗-titled (U+2717) prose does not (0.1545ms)
  ✔ isInfraOutput: a hard infra phrase inside a PASSING test title is not false-INFRA (round-3 secondary) (0.0686ms)
  ✔ round() records crashSignal from a real post-summary crash -> classify says INFRA rule 1 (313.0932ms)
  ✔ round() records sweepFailed (when the run outcome flags it) -> classify says INFRA rule 1 (4.1401ms)
  ✔ post-sol secondary: CR-only line endings are matched like LF/CRLF (summary + anchored crash banner) (0.2357ms)
  ✔ assertSupportedSpecExecutable: the allowlist is small and explicit (0.1893ms)
✔ round-3 secondary — crash & sweep signals reach the classification (318.2066ms)
▶ observation hardening — expandArgvWithPlan injection decision
  ✔ the double fixture is actually pinned (fails if the pin table drifted) (0.1117ms)
  ✔ post-GLM F5: the canary double is UNSELECTABLE by default — pinned bytes, no execution authority (8.7506ms)
  ✔ pinned bytes at the canonical anchor: injected, --require appended LAST, plan from the PIN (8.7581ms)
  ✔ unpinned bytes at the canonical anchor: NO injection, runner-identity-unpinned + observed hash recorded (7.9673ms)
  ✔ pinned bytes OUTSIDE the canonical anchor (hoisted): not injectable (8.7395ms)
  ✔ post-glm F6a: pinned bytes reached through a LINK at the anchor are not injectable (root case) (9.4118ms)
  ✔ post-glm F6a: a LINK ABOVE the anchor (node_modules junctioned out) is not injectable either (9.6929ms)
  ✔ a subject-supplied --require/-r in a mocha argv is refused fail-closed (6.4358ms)
  ✔ post-GLM F1: an off-position $bin:mocha token is refused, never credited (9.7443ms)
  ✔ non-mocha commands: no injection attempted, absentKind not-mocha-bin (1.8673ms)
  ✔ the ABSENT path end-to-end: an unpinned double runs REAL rounds and rule 14 refuses the strong label (639.7283ms)
✔ observation hardening — expandArgvWithPlan injection decision (711.9788ms)
▶ post-sol RB-1 — semantic package-manager policy (equivalence classes)
  ✔ Sol's accepted forms are now rejected in install-family commands (1.9506ms)
  ✔ property: for EVERY protected key, every abbreviation/negation/case/= spelling is refused (install family) (32.394ms)
  ✔ property: the per-package config family (@scope:registry, //…:auth) is refused everywhere (1.9058ms)
  ✔ property: accepted install argv ends with Canary protected flags after every user token (3.0654ms)
  ✔ invariant: no allowed install spelling resolves to a protected key (prefix-disjoint) (0.3226ms)
  ✔ legitimate script-family passthrough and fixture install shapes still expand (2.456ms)
  ✔ resolveOptionToken normalizes case, =-values, and one leading no- (0.0923ms)
  ✔ empirical: npm applies abbreviation + negation + LAST-WINS ordering (the semantic premises) (643.8841ms)
✔ post-sol RB-1 — semantic package-manager policy (equivalence classes) (686.3147ms)
ℹ tests 67
ℹ suites 8
ℹ pass 67
ℹ fail 0
ℹ cancelled 0
ℹ skipped 0
ℹ todo 0
ℹ duration_ms 7635.4191
