▶ Recorder.expandArgv — token expansion + enforced isolation
  ✔ expands $bin via resolver to node + bin path (3.3118ms)
  ✔ ALWAYS appends --ignore-scripts and cache isolation to install commands (2.1223ms)
  ✔ F6: flags are detected past leading options ($npm --loglevel install) (1.985ms)
  ✔ F6: npm ci (runs lifecycle scripts by default) is also covered (1.8525ms)
  ✔ post-glm F6e: the controlled empty npm config is RE-ESTABLISHED immediately before install (tamper-between-creation-and-use) (2.1784ms)
  ✔ F6: $yarn install gets yarn-appropriate flags after -- and --ignore-scripts on the npx bootstrap (1.6636ms)
  ✔ F8: $npm -u evil.npmrc install x is REJECTED (was silent injection-skip) (1.8891ms)
  ✔ F8: conflicting config flags rejected BEFORE and AFTER the subcommand (2.0676ms)
  ✔ F8: unknown bare option before subcommand rejected; --key=value passes (2.511ms)
  ✔ F8: exec/dlx/shell-style subcommands rejected; run of a local script is not (2.0823ms)
  ✔ F8: conflicting flags rejected in CASE VARIANTS too (red-team) (1.7188ms)
  ✔ F8: install-family options with = or after the subcommand still expand normally (2.0166ms)
  ✔ non-install commands get no injected flags (1.521ms)
✔ Recorder.expandArgv — token expansion + enforced isolation (28.147ms)
▶ summary/infra matchers (F1/F5 hardening)
  ✔ strict summary matcher rejects prose and accepts runner lines (0.304ms)
  ✔ environmental error patterns are infra (F1/F2) (0.3886ms)
  ✔ audit B2: errno code in a PASSING test name is NOT infra; in an error line IS (0.3437ms)
✔ summary/infra matchers (F1/F5 hardening) (1.1588ms)
▶ Recorder.step/round — real subprocess, real artifacts (no mocks)
  ✔ captures exit code, streams, hashes, counts; unique-ifies repeated labels (319.667ms)
  ✔ F1 shape: nonzero exit + summary claiming 0 failing is recorded with the count (305.4147ms)
  ✔ F5 shape: exit 0 while summary reports failures is captured (classifier then infra-guards) (310.7694ms)
  ✔ audit F13: failing-test identities from REAL subprocess output land in fact and evidence (305.8654ms)
  ✔ audit B2 (real subprocess): 0 passing at exit 0 records reportedPassing=0 (classifier => INFRA) (307.9485ms)
  ✔ audit B2 (real subprocess): ECONNREFUSED error line at exit 0 sets infraSignal true (not swallowed by exit) (306.2008ms)
  ✔ audit B2 (real subprocess): a genuinely passing run records reportedPassing>0 and stays valid (312.4761ms)
  ✔ audit B1 e2e: same leaf title, different SUITE across candidate rounds -> FLAKY (946.8516ms)
  ✔ audit B1 e2e: identical SUITE-QUALIFIED identity across rounds stays CONFIRM-eligible (1259.2904ms)
  ✔ timeout kills produce exit -1 (and tree-kill runs without throwing) (1352.7704ms)
✔ Recorder.step/round — real subprocess, real artifacts (no mocks) (5728.0438ms)
▶ audit B5 — canonical package-manager policy (closed allowlist)
  ✔ B5: install ALIASES (the pre-fix silent-skip) now receive full injection (4.5527ms)
  ✔ B5: unknown/unvetted subcommands are REJECTED, not run without policy (1.8524ms)
  ✔ B5: RAW package-manager forms rejected for ANY command position (1.8863ms)
  ✔ B5: $bin:npm bypass is rejected; $bin:mocha still works (1.831ms)
  ✔ B5: user `--` in an install command is rejected (was the trailing-flag dead-weight bypass) (1.8512ms)
  ✔ B5 invariant (property): accepted install => isolation flags in EFFECTIVE position after the subcommand, none after a `--` (3.1636ms)
  ✔ B5: closed-allowlist families classified correctly by the policy parser (0.1386ms)
✔ audit B5 — canonical package-manager policy (closed allowlist) (15.4819ms)
▶ round-3 B5 — wrapper-mediated / frontend package-manager execution is refused
  ✔ cmd /c npm install … is refused (the canonical Windows wrapper bypass) (1.8818ms)
  ✔ powershell / pwsh … npm is refused (1.777ms)
  ✔ env / nohup / xargs / sh -c / sudo npm are refused (POSIX wrappers) (1.7842ms)
  ✔ package-manager FRONTENDS (pnpm/bun/corepack/volta) are refused (1.8119ms)
  ✔ node executed ON a package-manager file (node npm / node npm-cli.js) is refused (1.693ms)
  ✔ any other unenumerated literal executable fails closed (not silently expanded) (1.697ms)
  ✔ REGRESSION: every SUPPORTED form still expands (allowlist does not over-reject) (2.2509ms)
  ✔ REGRESSION: raw npm / npm.cmd / direct npm-cli / $bin:npm still rejected (pre-existing B5.1) (1.7442ms)
✔ round-3 B5 — wrapper-mediated / frontend package-manager execution is refused (14.868ms)
▶ round-3 secondary — crash & sweep signals reach the classification
  ✔ hasCrashSignature: matches V8/native abort phrasing, skips pass-glyph lines (0.1679ms)
  ✔ glyph discrimination (self-review N4): ava ✖ (U+2716) fires infra; ✗-titled (U+2717) prose does not (0.1617ms)
  ✔ isInfraOutput: a hard infra phrase inside a PASSING test title is not false-INFRA (round-3 secondary) (0.0676ms)
  ✔ round() records crashSignal from a real post-summary crash -> classify says INFRA rule 1 (313.1346ms)
  ✔ round() records sweepFailed (when the run outcome flags it) -> classify says INFRA rule 1 (4.1343ms)
  ✔ post-sol secondary: CR-only line endings are matched like LF/CRLF (summary + anchored crash banner) (0.2612ms)
  ✔ assertSupportedSpecExecutable: the allowlist is small and explicit (0.2431ms)
✔ round-3 secondary — crash & sweep signals reach the classification (318.3885ms)
▶ observation hardening — expandArgvWithPlan injection decision
  ✔ the double fixture is actually pinned (fails if the pin table drifted) (0.1674ms)
  ✔ post-GLM F5: the canary double is UNSELECTABLE by default — pinned bytes, no execution authority (11.0621ms)
  ✔ pinned bytes at the canonical anchor: injected, --require appended LAST, plan from the PIN (8.9887ms)
  ✔ unpinned bytes at the canonical anchor: NO injection, runner-identity-unpinned + observed hash recorded (8.2524ms)
  ✔ pinned bytes OUTSIDE the canonical anchor (hoisted): not injectable (8.9609ms)
  ✔ a subject-supplied --require/-r in a mocha argv is refused fail-closed (6.3693ms)
  ✔ post-GLM F1: an off-position $bin:mocha token is refused, never credited (8.9816ms)
  ✔ non-mocha commands: no injection attempted, absentKind not-mocha-bin (1.6556ms)
  ✔ the ABSENT path end-to-end: an unpinned double runs REAL rounds and rule 14 refuses the strong label (636.3918ms)
✔ observation hardening — expandArgvWithPlan injection decision (691.1702ms)
▶ post-sol RB-1 — semantic package-manager policy (equivalence classes)
  ✔ Sol's accepted forms are now rejected in install-family commands (2.0525ms)
  ✔ property: for EVERY protected key, every abbreviation/negation/case/= spelling is refused (install family) (32.5303ms)
  ✔ property: the per-package config family (@scope:registry, //…:auth) is refused everywhere (2.0044ms)
  ✔ property: accepted install argv ends with Canary protected flags after every user token (3.5225ms)
  ✔ invariant: no allowed install spelling resolves to a protected key (prefix-disjoint) (0.3574ms)
  ✔ legitimate script-family passthrough and fixture install shapes still expand (2.498ms)
  ✔ resolveOptionToken normalizes case, =-values, and one leading no- (0.1008ms)
  ✔ empirical: npm applies abbreviation + negation + LAST-WINS ordering (the semantic premises) (642.3605ms)
✔ post-sol RB-1 — semantic package-manager policy (equivalence classes) (685.6919ms)
▶ FINDING B — infra matching is case/encoding symmetric (must-match direction)
  ✔ exact GLM counterexample: mixed-case npm error + fake summary (0.7356ms)
  ✔ all case variants of npm error / npm ERR! fire (0.1718ms)
  ✔ hard patterns fire in any case (module/ERESOLVE/SyntaxError shapes) (0.1941ms)
  ✔ CR-only and CRLF line endings still see the signatures (0.104ms)
  ✔ ANSI-wrapped signatures still fire (real colored npm output) (0.1161ms)
  ✔ SOFT errno lines fold case too (0.2749ms)
  ✔ crash signatures survive ANSI decoration (0.2796ms)
  ✔ runner summary is recognized through ANSI colors (real colored mocha) (0.2235ms)
✔ FINDING B — infra matching is case/encoding symmetric (must-match direction) (3.0242ms)
▶ FINDING B — benign prose NEVER flips to infrastructure (false-positive direction)
  ✔ passing test TITLES quoting error phrases are not infra (0.4713ms)
  ✔ intentional E404 assertions and historical logs inside test prose are not infra (0.1537ms)
  ✔ summary regexes stay anchored (prose containing "5 passing" mid-sentence) (0.0827ms)
✔ FINDING B — benign prose NEVER flips to infrastructure (false-positive direction) (0.9199ms)
▶ post-GLM F3 — summary recognition and count parsing share one view
  ✔ an ANSI-wrapped failing line is counted as surely as it is recognized (0.311ms)
  ✔ a fully colored genuine run is recognized AND counted (no false infra) (0.5398ms)
  ✔ lone-CR and ANSI compose identically across both functions (0.1025ms)
✔ post-GLM F3 — summary recognition and count parsing share one view (1.0699ms)
ℹ tests 79
ℹ suites 11
ℹ pass 79
ℹ fail 0
ℹ cancelled 0
ℹ skipped 0
ℹ todo 0
ℹ duration_ms 7560.0055
