▶ panel K layer 1 — the validator refuses hostile frame streams
  ✔ CONTROL: an honest watched lifecycle validates VALID (the battery needs a standing baseline) (1.7719ms)
  ✔ (ii) injected round with ZERO frames on the channel is INVALID (0.1727ms)
  ✔ (iii) a missing bye — and a misplaced bye — are INVALID boundary violations (0.3114ms)
  ✔ (iv) a reject frame (adapter caught a forged/dup event LIVE) condemns the round (0.2057ms)
  ✔ (v) text claiming "2 passing" over 1 watched pass is INVALID — and a lying bye cannot fix it (0.2824ms)
  ✔ (vi) a forged hello.mochaVersion is INVALID — vs the pin and vs its own shape (0.3181ms)
  ✔ panel 1 extras: flood truncation, duplicate credits, unknown kinds and no-summary all fail closed (0.1794ms)
  ✔ (xi) garbage lines, non-object frames, adapter-error and masked exit each condemn the round (0.2562ms)
✔ panel K layer 1 — the validator refuses hostile frame streams (4.89ms)
▶ panel K layer 2 — the pipeline end-to-end refuses unattested execution
  ✔ (i) a plain-node text stub that reads as a clean run degrades to INCONCLUSIVE rule 14 (6758.0711ms)
  ✔ (vii) an UNPINNED double running the observer protocol on fd 3 gets stray-bytes forensics, zero credit (6802.5159ms)
  ✔ (viii) AM-1 kill test: double CLAIMS the pinned version, bytes are wrong -> ABSENT, strong unreachable (6895.2574ms)
  ✔ (ix) a subject --require in spec argv is refused fail-closed (protected preload flag) (2679.0508ms)
  ✔ (x) process.exit() mid-round: watched lifecycle never ends -> INVALID, never strong (6204.0187ms)
✔ panel K layer 2 — the pipeline end-to-end refuses unattested execution (29339.7058ms)
▶ post-GLM F1 — off-position runner token earns no execution credit
  ✔ refused fail-closed: forging `node -e` with the token trailing (1983.6579ms)
  ✔ refused fail-closed: forging prelude script with the token after it (1971.297ms)
  ✔ positive control: the executed-position token still earns VALID and a strong verdict (5768.4421ms)
✔ post-GLM F1 — off-position runner token earns no execution credit (9723.7869ms)
▶ post-GLM F4 — infra prose cannot mask an attested regression
  ✔ a VALID round whose stdout trips the infra signature still yields CONFIRMED_REGRESSION (5875.2804ms)
✔ post-GLM F4 — infra prose cannot mask an attested regression (5875.5657ms)
▶ post-GLM F5 — an untrusted spec cannot select the canary double
  ✔ double bytes staged by the spec itself: NO injection, every round ABSENT, INCONCLUSIVE rule 14 (5874.3669ms)
  ✔ trusted control: with the in-process grant the SAME spec earns VALID + a strong verdict (5642.7885ms)
✔ post-GLM F5 — an untrusted spec cannot select the canary double (11517.4962ms)
▶ audit M8 — CLI subprocess exit-code contract
  ✔ check on honest evidence exits 0 and prints PASS (7438.016ms)
  ✔ check on a tampered artifact exits 3 and names the tampered file (7111.3284ms)
  ✔ report refuses a fabricated bundle (exit 3) and renders a valid one (exit 0) (7044.96ms)
  ✔ audit F12: report with NO argument defaults to the latest run and renders bundle-persisted failing identities (6751.3649ms)
  ✔ version exits 0; no command prints usage and exits 3 (misuse) (153.8993ms)
  ✔ round-3 secondary: an infrastructure abort exits 2 (environment fault), never 3 (misuse) (373.2229ms)
✔ audit M8 — CLI subprocess exit-code contract (28874.3745ms)
▶ FINDING A — subject text alone can never create a strong verdict
  ✔ the GLM counterexample (console.log "128 passing") is never PASS (6752.0465ms)
  ✔ test command node -e printing mocha-shaped prose is never PASS (6813.6861ms)
  ✔ a printed failing summary is never CONFIRMED_REGRESSION (6887.3195ms)
✔ FINDING A — subject text alone can never create a strong verdict (20454.6709ms)
▶ KNOWN_RUNNER_RELEASES — table == disk (canary-double)
  ✔ the pinned double hash equals the treeSha256 of the repo fixture bytes (1.8017ms)
  ✔ no placeholder digests survive, every entry is well-formed, versions unique per package (0.33ms)
✔ KNOWN_RUNNER_RELEASES — table == disk (canary-double) (2.9484ms)
▶ audit M8 — offline pipeline end-to-end
  ✔ confined regression: CONFIRMED_REGRESSION, real artifacts re-hash clean (7299.666ms)
  ✔ unconfined tree drift is downgraded to INCONCLUSIVE rule 9 (F9 e2e) (6446.9212ms)
  ✔ a tampered artifact is caught end-to-end by the prove path (F4 e2e) (6960.8592ms)
  ✔ a fabricated self-contradictory bundle is refuted by validateBundle (F3 e2e) (6396.8755ms)
  ✔ round-3 secondary: a fetch failure is INFRASTRUCTURE (InfraAbort -> CLI exit 2), not generic error (3.2535ms)
  ✔ round-3 secondary: an extraction failure is INFRASTRUCTURE too (3.1151ms)
✔ audit M8 — offline pipeline end-to-end (27112.0077ms)
▶ round-3 B3 — the proof host is the ACTUAL runtime, never the evidence
  ✔ pristine run + proofHost = this machine: full gate PASSes with ZERO skipped assertions (6728.8723ms)
  ✔ THE AUDIT ATTACK: reseal host metadata to dodge host checks -> gate FAILS (exit 1), never skip-to-PASS (6706.0361ms)
  ✔ resealing the environment TO MATCH the real machine is not an attack: identity is reality, not paper (6985.3037ms)
  ✔ off the proof host (simulate a foreign runtime): strict checks SKIP and the verdict INCOMPLETE (exit 2) — PASS is not claimed (6520.4375ms)
  ✔ post-sol F1 — SELF-CONSISTENT is NOT proof-agreement: a bundle fully consistent on this machine can still FAIL check against a diverged committed proof (5915.3816ms)
  ✔ a lying proof file cannot flip the verdict either: proofHost=foreign while running here still skips (evidence-agnostic) (5914.678ms)
✔ round-3 B3 — the proof host is the ACTUAL runtime, never the evidence (38772.8051ms)
▶ post-GLM F2 — executable bytes are part of the host identity
  ✔ a trojan runtime claiming the proof-host METADATA but running different bytes can never PASS (5877.166ms)
  ✔ a proof naming a proofHost but omitting the exec digest is REFUSED — loud FAIL, never a silently weaker gate (5872.4909ms)
  ✔ the sampler reports the ACTUAL bytes of the running executable (71.3857ms)
  ✔ an environment ATTESTATION stays metadata-only: the evidence block carries no bytes to compare (documented residual) (0.2564ms)
✔ post-GLM F2 — executable bytes are part of the host identity (11821.8434ms)
▶ verifyArtifacts — audit F4 (proof must rehash the real artifacts)
  ✔ accepts a bundle whose every recorded hash matches the file on disk (18.9512ms)
  ✔ rejects a tampered raw stdout (recorded hash kept, content swapped) (17.2487ms)
  ✔ rejects a tampered normalized stdout independently of the raw one (17.4298ms)
  ✔ rejects quietly deleted stderr artifacts (16.6458ms)
  ✔ rejects all four substituted files of one round (raw, raw-err, norm, norm-err) (16.3528ms)
  ✔ rejects a logPath that breaks the round-ownership contract (12.6766ms)
✔ verifyArtifacts — audit F4 (proof must rehash the real artifacts) (100.5535ms)
▶ verifyArtifacts — audit B3 (path confinement + ownership)
  ✔ ../../ identical external substitution is refused (ownership), not verified against the external bytes (5.5768ms)
  ✔ absolute external path in logPath is refused (5.5302ms)
  ✔ cross-round swap (candidate#1 claims candidate#2 log) is refused (8.0254ms)
  ✔ baseline pointing at a candidate artifact is refused (4.5061ms)
  ✔ a valid canonical relative artifact path verifies clean (8.6921ms)
  ✔ missing + modified artifacts are refused (16.5878ms)
  ✔ a symlinked artifact resolving outside the dir is refused (symlink escape) (11.135ms)
✔ verifyArtifacts — audit B3 (path confinement + ownership) (60.5843ms)
▶ assertProof — audit F11 + round-3 B3 (host-exactness from the ACTUAL runtime)
  ✔ legacy proof (no proofHost): host-exact hashes NEVER assert — recorded-env match grants nothing (post-glm F6f) (9.858ms)
  ✔ post-glm F6f: an ABSENT proofHost can never grant host-exact trust — resealed env metadata cannot PASS the proof (7.6637ms)
  ✔ matching proofHost + actual runtime on it: every assertion including hashes AND the environment binding evaluates (7.6836ms)
  ✔ round-3 B3 core: resealing the evidence environment can NO LONGER skip strict checks — it FAILS the binding (8.0371ms)
  ✔ off-proof-host: host-exact comparisons skip (flagged, not silent); portable assertions still evaluate; verdict is INCOMPLETE (7.0095ms)
  ✔ off-proof-host with tampered committed hashes still passes portable checks (and this is exactly why verifyArtifacts exists) (59.2785ms)
✔ assertProof — audit F11 + round-3 B3 (host-exactness from the ACTUAL runtime) (99.9613ms)
▶ round-3 B3 — environment attestation + verdict helpers
  ✔ environmentAttestationIssues: silent only when claim == ACTUAL runtime (6.1879ms)
  ✔ proofVerdict: PASS requires zero failures AND zero skips (0.1306ms)
✔ round-3 B3 — environment attestation + verdict helpers (6.4284ms)
▶ round-3 B4-D — exact failing-identity set equality (proof vs candidate bytes)
  ✔ faithful expectation: exact set holds (0.2411ms)
  ✔ proof pinning a SUBSET (hiding a real failure) FAILS (0.244ms)
  ✔ proof pinning an EXTRA (non-existent) identity FAILS (0.1552ms)
  ✔ the exact-set check is portable — it evaluates (never skips) off-host (0.1522ms)
  ✔ a proof that does not pin the tarball digest FAILS the pin requirement (0.1665ms)
  ✔ assertProof alone refuses a resealed experimentId the proof does not name (mutation N10) (0.8519ms)
  ✔ a proof declaring a schema version the reader does not implement FAILS (portable) (0.2851ms)
✔ round-3 B4-D — exact failing-identity set equality (proof vs candidate bytes) (4.0811ms)
▶ post-sol secondary — host sampling is immune to the verifier process environment
  ✔ a poisoned NODE_OPTIONS in the verifying process does NOT crash or steer the fingerprint (250.2143ms)
✔ post-sol secondary — host sampling is immune to the verifier process environment (250.3386ms)
▶ audit B4 — provenance forgery matrix (which layer refuses)
  ✔ pristine run passes the whole gate (6724.8991ms)
  ✔ rewriting failure counts is caught — round-3 B1 coverage gate fires even earlier (at validateBundle) (6650.7872ms)
  ✔ rewriting failing-test identities is caught by byte re-derivation (resealed) (6877.6115ms)
  ✔ NEW: per-round name/value disagreement with bytes is caught (one round forged) (6533.8311ms)
  ✔ rewriting digests away from bytes is caught by verifyArtifacts (resealed) (6088.6613ms)
  ✔ rewriting the repo URL is caught by the committed proof (resealed) (5892.1501ms)
  ✔ rewriting experimentId is caught by the workspace binding (resealed) — B4-A fires before the proof (5852.6731ms)
  ✔ rewriting the pinned commit is caught by the committed proof (resealed) (5898.25ms)
  ✔ rewriting runtime platform is caught by the committed proof (resealed) (5638.0913ms)
  ✔ flipping drift-confined to false is caught (resealed) — trustful+unconfined (5478.8012ms)
  ✔ downgrading a tree observation to INCOMPLETE cannot support a trustful label (resealed) (5322.279ms)
  ✔ NEW: relabeling a real regression PASS is caught by re-derivation (resealed) (5257.1915ms)
  ✔ adding a non-allowlisted env key is refused (resealed) (5004.024ms)
  ✔ naive (argv) rewrite without recomputing the manifest is caught by integrity (4833.8992ms)
  ✔ naive (tarball digest) rewrite without recomputing the manifest is caught by integrity (4814.2956ms)
  ✔ naive (runId) rewrite without recomputing the manifest is caught by integrity (4804.4554ms)
  ✔ manifest integrity catches ANY single-field rewrite done without recompute (4758.9499ms)
✔ audit B4 — provenance forgery matrix (which layer refuses) (96433.1904ms)
▶ round-3 B4 — coherent-reseal matrix on release-critical fields
  ✔ resealed runId alone is contradicted by the workspace directory (4817.0828ms)
  ✔ resealed runId AND experimentId (coherent prefix) still contradicts the directory (4790.5136ms)
  ✔ resealed tarball digest is contradicted by the retained fixture.tgz bytes (4790.3316ms)
  ✔ attacker who swaps the TARBALL BYTES too is stopped by the committed proof pin (4841.4576ms)
  ✔ resealed argv is contradicted by the committed spec re-expansion (proof host) (4809.9907ms)
  ✔ weakened envKeys (valid allowlist subset) is contradicted by the policy re-derivation (4876.0523ms)
  ✔ classification REASON tampering (label/rule/count coherent) is caught by byte re-derivation (4830.583ms)
  ✔ coherent INCONCLUSIVE-rule9 relabel is refused (no unconfined drift to justify it) (9688.1277ms)
  ✔ resealed dependency-copy count is contradicted by the retained snapshot recount (4846.5105ms)
  ✔ a crash hidden from the record (crash line IN the bytes, resealed) is caught by byte re-derivation (4816.8609ms)
  ✔ an invented crashSignal on clean bytes is caught too (bidirectional binding, resealed) (4792.5948ms)
  ✔ a tampered infraSignal (false where bytes carry an infra line) is caught by bytes (4826.3683ms)
  ✔ a proof pinning a SUBSET of the failing identities is refused (exact-set equality, B4-D) (4821.3382ms)
  ✔ a proof pinning a WRONG extra identity is refused too (exact-set equality, B4-D) (4842.6519ms)
  ✔ a proof that forgot to pin the tarball digest cannot support PASS (B4) (4807.9246ms)
✔ round-3 B4 — coherent-reseal matrix on release-critical fields (77199.3819ms)
▶ flattenNpmLsJson — npm 11.19 empty-object representation (pipeline path)
  ✔ an empty {} node with no problems mention is expected-absent: no anomaly, no hole (2.0675ms)
  ✔ the same {} node IS an anomaly when problems mentions it (unmet-optional-that-matters fails closed) (0.2884ms)
  ✔ a version-less node with missing:true is an anomaly (uninstalled REQUIRED dep) (0.224ms)
  ✔ a version-less node carrying a declared subtree: missing-version + unwalked-subtree (0.3258ms)
  ✔ problems name-matching is token-anchored: "util" is not matched by "bufferutil@1.0.0" (0.2234ms)
  ✔ non-object node entries are malformed-node anomalies (0.1991ms)
  ✔ empty / effectively-empty trees can NEVER become VALID (criterion 6) (0.2107ms)
  ✔ a {} node for the STUDIED dependency itself is absence, not presence (criterion 7) (0.2103ms)
  ✔ ANY anomaly caps the observation at INCOMPLETE even with the dep present (0.2257ms)
✔ flattenNpmLsJson — npm 11.19 empty-object representation (pipeline path) (5.6237ms)
▶ post-sol M-2 — empty-node semantics (narrowest exemption)
  ✔ the REAL captured npm 11.19 shape (root fsevents {}, ws nested {} natives) stays VALID (0.8021ms)
  ✔ R4-SR1 (self-review): problems WITH a silent stderr is npm's real extraneous-only shape — the observation is complete, not contradictory (0.2789ms)
  ✔ an empty/absent problems field under an ELSPROBLEMS stderr IS the contradiction (stripped-report forgery) (0.2446ms)
  ✔ problems ABSENT but stderr SCREAMING ELSPROBLEMS is equally a contradiction (stripped-stderr forgery) (0.1486ms)
  ✔ a MALFORMED problems field (string, object, or array with non-strings) kills the exemption and is itself an anomaly (0.2454ms)
  ✔ string-valued problems mentioning the node fail closed identically on BOTH parsers (N4 differential) (0.1351ms)
  ✔ the STUDIED dependency appearing as {} is absence (INCOMPLETE via depPresent), never presence (0.1805ms)
  ✔ drift caused by DISAPPEARANCE of a formerly-versioned dep is byte-visible, not exemption-hidden (outside-subtree drift -> unconfined) (0.2967ms)
  ✔ deeply nested hostile trees are BOUNDED on both parsers (no stack exhaustion; fails closed) (1.7228ms)
  ✔ the traversal budgets are IDENTICAL contracts in both implementations (0.0967ms)
  ✔ anomalies from the two problem channels are DETERMINISTIC and deduped across repeated {} nodes (0.1645ms)
✔ post-sol M-2 — empty-node semantics (narrowest exemption) (4.8066ms)
▶ cross-implementation parity — pipeline flatten vs verify-tree re-flatten (criteria 2+3)
  ✔ parity: plain (0.1977ms)
  ✔ parity: 11.19 empty optionals (0.0678ms)
  ✔ parity: empty optional + problems mention (0.1342ms)
  ✔ parity: missing required (0.1239ms)
  ✔ parity: scoped names (0.1115ms)
  ✔ parity: nested copies (0.1202ms)
  ✔ parity: malformed nodes (0.0896ms)
  ✔ parity: version-less with subtree (0.1445ms)
  ✔ parity: problems only (no deps) (0.1166ms)
  ✔ parity: truncated json (0.1742ms)
  ✔ parity: json scalar (0.1079ms)
  ✔ parity: json null (0.0804ms)
  ✔ parity: empty root (0.0794ms)
✔ cross-implementation parity — pipeline flatten vs verify-tree re-flatten (criteria 2+3) (2.5414ms)
▶ confinement semantics survive the compatibility fix (criterion 3)
  ✔ a {} drift node is never a flat key, so drift sets stay byte-derived (0.15ms)
  ✔ drift OUTSIDE the subtree stays unconfined even next to {} nodes (0.1055ms)
  ✔ scoped-name escape stays closed under segment semantics (0.0785ms)
✔ confinement semantics survive the compatibility fix (criterion 3) (0.4432ms)
▶ reflattenNpmLs — independent re-derivation of the tree observation
  ✔ flattens nested/scoped trees with versions, no anomalies (problems ignored) (1.805ms)
  ✔ a missing-version node (npm unmet dependency) is an anomaly, never an "x" sentinel (0.3401ms)
  ✔ an empty {} node with no problems mention is an expected-absent optional, not a hole (0.3807ms)
  ✔ the same empty {} node IS an anomaly when problems mentions it (unmet-optional-that-matters fails closed) (0.2417ms)
  ✔ problems name-matching is token-anchored: "util" is not mentioned by "bufferutil@1.0.0" (0.2387ms)
  ✔ a {} node WITH a declared subtree is still missing-version + unwalked-subtree (0.1717ms)
  ✔ a version-less NODE hides a whole subtree: missing-version + unwalked-subtree (0.1924ms)
  ✔ truncated / malformed JSON => parsed=false (INVALID territory), never a partial success (0.3244ms)
  ✔ copies are counted by full path segments; subtree containment is segment membership (0.3472ms)
✔ reflattenNpmLs — independent re-derivation of the tree observation (5.6131ms)
▶ retained tree snapshots — real pipeline bytes, independent verifier
  ✔ a fresh confined CONFIRMED run retains arm-named artifacts that verify clean (6714.8224ms)
  ✔ naive tamper of retained raw bytes (no reseal) is caught (6784.4948ms)
  ✔ LAZY reseal (raw digest fixed, canonical/tree-hash left stale) is caught by the chain (6893.1831ms)
  ✔ reseal that rewrites bytes+digests but keeps the old attestation claim is caught by verify-tree (6673.1228ms)
  ✔ COHERENT full tree-side reseal: bundle layer catches the version lie (attestation invariant) (6069.5016ms)
  ✔ a coherent reseal claiming VALID over bytes with a missing-version hole is caught (status + anomaly re-derivation) (5863.0661ms)
  ✔ pointing one arm at the other arm bytes is caught by BOTH layers (5870.7464ms)
  ✔ flipping driftConfinedToDependency against the retained snapshots is caught (5877.5122ms)
  ✔ stripping snapshot refs from a trustful bundle: verifier says unverifiable, schema refuses to seal trust on it (5627.429ms)
  ✔ post-GLM G: naive tamper/deletion of the retained attest bytes is caught by verifyArtifacts (5560.7091ms)
  ✔ post-GLM G: a resealed framesSha256 the retained bytes do not back is caught ONLY by the bytes binding (5306.9781ms)
  ✔ post-GLM G: reseal-everything-but-the-observation is REFUSED (the pre-G "clean 4-file resealed tuple" premise is forbidden by design) (5254.9971ms)
✔ retained tree snapshots — real pipeline bytes, independent verifier (72497.8548ms)
▶ validateBundle — round-3 B6 snapshot/anomaly/version gates
  ✔ trustful WITH snapshots + empty anomalies + consistent versions validates clean (1.0116ms)
  ✔ trustful WITHOUT retained snapshots is rejected (resealed) (0.3625ms)
  ✔ trustful with a MISSING anomaly array is rejected ("did not look" != "nothing found") (0.8631ms)
  ✔ trustful with NON-EMPTY recorded anomalies is rejected (partial observation cannot anchor trust) (0.6046ms)
  ✔ resolvedVersions contradicting the dependency block is rejected (resealed attestation forgery) (0.3687ms)
  ✔ snapshot artifact names must be arm-derived (candidate pointing at baseline bytes dies sealed) (0.5564ms)
  ✔ NON-trustful bundles may legitimately carry no snapshots (honest INCONCLUSIVE rule 10) (0.4727ms)
  ✔ trustful label with rounds observation-ABSENT is rejected (rule-14 mirror, panel H) (0.3915ms)
  ✔ trustful label with a VALID observation naming an UNPINNED runner is rejected (panel H/AM-1) (0.7136ms)
  ✔ trustful label whose observed counts DISAGREE with the text channel is rejected (cross-channel gate cannot be bypassed) (0.6539ms)
✔ validateBundle — round-3 B6 snapshot/anomaly/version gates (6.3013ms)
ℹ tests 174
ℹ suites 26
ℹ pass 174
ℹ fail 0
ℹ cancelled 0
ℹ skipped 0
ℹ todo 0
ℹ duration_ms 177745.9104
