▶ audit M8 — CLI subprocess exit-code contract
  ✔ check on honest evidence exits 0 and prints PASS (6472.9932ms)
  ✔ check on a tampered artifact exits 3 and names the tampered file (6148.0135ms)
  ✔ report refuses a fabricated bundle (exit 3) and renders a valid one (exit 0) (6199.451ms)
  ✔ audit F12: report with NO argument defaults to the latest run and renders bundle-persisted failing identities (6058.7164ms)
  ✔ version exits 0; no command prints usage and exits 3 (misuse) (153.1293ms)
  ✔ round-3 secondary: an infrastructure abort exits 2 (environment fault), never 3 (misuse) (371.0838ms)
✔ audit M8 — CLI subprocess exit-code contract (25404.9345ms)
▶ audit M8 — offline pipeline end-to-end
  ✔ confined regression: CONFIRMED_REGRESSION, real artifacts re-hash clean (6363.9063ms)
  ✔ unconfined tree drift is downgraded to INCONCLUSIVE rule 9 (F9 e2e) (5625.9615ms)
  ✔ a tampered artifact is caught end-to-end by the prove path (F4 e2e) (6104.9022ms)
  ✔ a fabricated self-contradictory bundle is refuted by validateBundle (F3 e2e) (5758.4511ms)
  ✔ round-3 secondary: a fetch failure is INFRASTRUCTURE (InfraAbort -> CLI exit 2), not generic error (3.044ms)
  ✔ round-3 secondary: an extraction failure is INFRASTRUCTURE too (3.0236ms)
✔ audit M8 — offline pipeline end-to-end (23860.6534ms)
▶ round-3 B3 — the proof host is the ACTUAL runtime, never the evidence
  ✔ pristine run + proofHost = this machine: full gate PASSes with ZERO skipped assertions (5733.4584ms)
  ✔ THE AUDIT ATTACK: reseal host metadata to dodge host checks -> gate FAILS (exit 1), never skip-to-PASS (6013.2419ms)
  ✔ resealing the environment TO MATCH the real machine is not an attack: identity is reality, not paper (6134.8015ms)
  ✔ off the proof host (simulate a foreign runtime): strict checks SKIP and the verdict INCOMPLETE (exit 2) — PASS is not claimed (5779.611ms)
  ✔ post-sol F1 — SELF-CONSISTENT is NOT proof-agreement: a bundle fully consistent on this machine can still FAIL check against a diverged committed proof (5181.0227ms)
  ✔ a lying proof file cannot flip the verdict either: proofHost=foreign while running here still skips (evidence-agnostic) (5117.4525ms)
✔ round-3 B3 — the proof host is the ACTUAL runtime, never the evidence (33961.8454ms)
▶ post-GLM F2 — executable bytes are part of the host identity
  ✔ a trojan runtime claiming the proof-host METADATA but running different bytes can never PASS (5070.1795ms)
  ✔ a proof naming a proofHost but omitting the exec digest is REFUSED — loud FAIL, never a silently weaker gate (5020.6395ms)
  ✔ the sampler reports the ACTUAL bytes of the running executable (65.6224ms)
  ✔ an environment ATTESTATION stays metadata-only: the evidence block carries no bytes to compare (documented residual) (0.3091ms)
✔ post-GLM F2 — executable bytes are part of the host identity (10157.2063ms)
▶ verifyArtifacts — audit F4 (proof must rehash the real artifacts)
  ✔ accepts a bundle whose every recorded hash matches the file on disk (16.3289ms)
  ✔ rejects a tampered raw stdout (recorded hash kept, content swapped) (14.2192ms)
  ✔ rejects a tampered normalized stdout independently of the raw one (13.1247ms)
  ✔ rejects quietly deleted stderr artifacts (12.6794ms)
  ✔ rejects all four substituted files of one round (raw, raw-err, norm, norm-err) (11.823ms)
  ✔ rejects a logPath that breaks the round-ownership contract (12.2197ms)
✔ verifyArtifacts — audit F4 (proof must rehash the real artifacts) (81.437ms)
▶ verifyArtifacts — audit B3 (path confinement + ownership)
  ✔ ../../ identical external substitution is refused (ownership), not verified against the external bytes (4.7245ms)
  ✔ absolute external path in logPath is refused (4.8501ms)
  ✔ cross-round swap (candidate#1 claims candidate#2 log) is refused (6.4771ms)
  ✔ baseline pointing at a candidate artifact is refused (4.0039ms)
  ✔ a valid canonical relative artifact path verifies clean (8.3203ms)
  ✔ missing + modified artifacts are refused (13.3523ms)
  ✔ a symlinked artifact resolving outside the dir is refused (symlink escape) (8.4781ms)
✔ verifyArtifacts — audit B3 (path confinement + ownership) (50.5998ms)
▶ assertProof — audit F11 + round-3 B3 (host-exactness from the ACTUAL runtime)
  ✔ legacy proof (no proofHost): host-exact hashes NEVER assert — recorded-env match grants nothing (post-glm F6f) (6.7208ms)
  ✔ post-glm F6f: an ABSENT proofHost can never grant host-exact trust — resealed env metadata cannot PASS the proof (5.4109ms)
  ✔ matching proofHost + actual runtime on it: every assertion including hashes AND the environment binding evaluates (6.2581ms)
  ✔ round-3 B3 core: resealing the evidence environment can NO LONGER skip strict checks — it FAILS the binding (6.8141ms)
  ✔ off-proof-host: host-exact comparisons skip (flagged, not silent); portable assertions still evaluate; verdict is INCOMPLETE (6.2223ms)
  ✔ off-proof-host with tampered committed hashes still passes portable checks (and this is exactly why verifyArtifacts exists) (40.3525ms)
✔ assertProof — audit F11 + round-3 B3 (host-exactness from the ACTUAL runtime) (72.1355ms)
▶ round-3 B3 — environment attestation + verdict helpers
  ✔ environmentAttestationIssues: silent only when claim == ACTUAL runtime (6.1341ms)
  ✔ proofVerdict: PASS requires zero failures AND zero skips (0.1601ms)
✔ round-3 B3 — environment attestation + verdict helpers (6.4021ms)
▶ round-3 B4-D — exact failing-identity set equality (proof vs candidate bytes)
  ✔ faithful expectation: exact set holds (0.2787ms)
  ✔ proof pinning a SUBSET (hiding a real failure) FAILS (0.267ms)
  ✔ proof pinning an EXTRA (non-existent) identity FAILS (0.1672ms)
  ✔ the exact-set check is portable — it evaluates (never skips) off-host (0.1548ms)
  ✔ a proof that does not pin the tarball digest FAILS the pin requirement (0.1929ms)
  ✔ assertProof alone refuses a resealed experimentId the proof does not name (mutation N10) (0.2351ms)
  ✔ a proof declaring a schema version the reader does not implement FAILS (portable) (0.2271ms)
✔ round-3 B4-D — exact failing-identity set equality (proof vs candidate bytes) (3.8798ms)
▶ post-sol secondary — host sampling is immune to the verifier process environment
  ✔ a poisoned NODE_OPTIONS in the verifying process does NOT crash or steer the fingerprint (238.2431ms)
✔ post-sol secondary — host sampling is immune to the verifier process environment (238.3353ms)
▶ audit B4 — provenance forgery matrix (which layer refuses)
  ✔ pristine run passes the whole gate (5704.5104ms)
  ✔ rewriting failure counts is caught — round-3 B1 coverage gate fires even earlier (at validateBundle) (5967.9727ms)
  ✔ rewriting failing-test identities is caught by byte re-derivation (resealed) (5968.0738ms)
  ✔ NEW: per-round name/value disagreement with bytes is caught (one round forged) (5793.4933ms)
  ✔ rewriting digests away from bytes is caught by verifyArtifacts (resealed) (5216.8517ms)
  ✔ rewriting the repo URL is caught by the committed proof (resealed) (5151.3251ms)
  ✔ rewriting experimentId is caught by the workspace binding (resealed) — B4-A fires before the proof (5066.5373ms)
  ✔ rewriting the pinned commit is caught by the committed proof (resealed) (5130.8287ms)
  ✔ rewriting runtime platform is caught by the committed proof (resealed) (4961.6591ms)
  ✔ flipping drift-confined to false is caught (resealed) — trustful+unconfined (4847.5095ms)
  ✔ downgrading a tree observation to INCOMPLETE cannot support a trustful label (resealed) (4849.6926ms)
  ✔ NEW: relabeling a real regression PASS is caught by re-derivation (resealed) (4841.1794ms)
  ✔ adding a non-allowlisted env key is refused (resealed) (4809.9547ms)
  ✔ naive (argv) rewrite without recomputing the manifest is caught by integrity (4811.972ms)
  ✔ naive (tarball digest) rewrite without recomputing the manifest is caught by integrity (4804.6107ms)
  ✔ naive (runId) rewrite without recomputing the manifest is caught by integrity (4783.056ms)
  ✔ manifest integrity catches ANY single-field rewrite done without recompute (4776.5769ms)
✔ audit B4 — provenance forgery matrix (which layer refuses) (87487.9503ms)
▶ round-3 B4 — coherent-reseal matrix on release-critical fields
  ✔ resealed runId alone is contradicted by the workspace directory (4787.8899ms)
  ✔ resealed runId AND experimentId (coherent prefix) still contradicts the directory (4849.74ms)
  ✔ resealed tarball digest is contradicted by the retained fixture.tgz bytes (4791.1108ms)
  ✔ attacker who swaps the TARBALL BYTES too is stopped by the committed proof pin (4812.8866ms)
  ✔ resealed argv is contradicted by the committed spec re-expansion (proof host) (4830.4005ms)
  ✔ weakened envKeys (valid allowlist subset) is contradicted by the policy re-derivation (4825.5266ms)
  ✔ classification REASON tampering (label/rule/count coherent) is caught by byte re-derivation (4860.1422ms)
  ✔ coherent INCONCLUSIVE-rule9 relabel is refused (no unconfined drift to justify it) (9627.2397ms)
  ✔ resealed dependency-copy count is contradicted by the retained snapshot recount (4799.3574ms)
  ✔ a crash hidden from the record (crash line IN the bytes, resealed) is caught by byte re-derivation (4830.1744ms)
  ✔ an invented crashSignal on clean bytes is caught too (bidirectional binding, resealed) (4780.2416ms)
  ✔ a tampered infraSignal (false where bytes carry an infra line) is caught by bytes (4851.5078ms)
  ✔ a proof pinning a SUBSET of the failing identities is refused (exact-set equality, B4-D) (4833.3323ms)
  ✔ a proof pinning a WRONG extra identity is refused too (exact-set equality, B4-D) (4825.7193ms)
  ✔ a proof that forgot to pin the tarball digest cannot support PASS (B4) (4830.575ms)
✔ round-3 B4 — coherent-reseal matrix on release-critical fields (77136.805ms)
ℹ tests 83
ℹ suites 12
ℹ pass 83
ℹ fail 0
ℹ cancelled 0
ℹ skipped 0
ℹ todo 0
ℹ duration_ms 168515.4364
