
> canary-reliability-network@0.0.0 test
> npm run build && node --test "packages/**/dist/test/*.test.js" "apps/**/dist/test/*.test.js"


> canary-reliability-network@0.0.0 build
> tsc -b

▶ panel K layer 1 — the validator refuses hostile frame streams
  ✔ CONTROL: an honest watched lifecycle validates VALID (the battery needs a standing baseline) (2.2088ms)
  ✔ post-glm F6b: capture DELIBERATELY honors a complete stream paired with exit -1 — the veto lives in classification, not here (0.228ms)
  ✔ (ii) injected round with ZERO frames on the channel is INVALID (0.187ms)
  ✔ (iii) a missing bye — and a misplaced bye — are INVALID boundary violations (0.3128ms)
  ✔ (iv) a reject frame (adapter caught a forged/dup event LIVE) condemns the round (0.1904ms)
  ✔ (v) text claiming "2 passing" over 1 watched pass is INVALID — and a lying bye cannot fix it (0.2273ms)
  ✔ (vi) a forged hello.mochaVersion is INVALID — vs the pin and vs its own shape (0.2377ms)
  ✔ panel 1 extras: flood truncation, duplicate credits, unknown kinds and no-summary all fail closed (0.1937ms)
  ✔ (xi) garbage lines, non-object frames, adapter-error and masked exit each condemn the round (0.2528ms)
✔ panel K layer 1 — the validator refuses hostile frame streams (5.3809ms)
▶ panel K layer 2 — the pipeline end-to-end refuses unattested execution
  ✔ (i) a plain-node text stub that reads as a clean run degrades to INCONCLUSIVE rule 14 (7492.3466ms)
  ✔ (vii) an UNPINNED double running the observer protocol on fd 3 gets stray-bytes forensics, zero credit (7207.8279ms)
  ✔ (viii) AM-1 kill test: double CLAIMS the pinned version, bytes are wrong -> ABSENT, strong unreachable (6884.0297ms)
  ✔ (ix) a subject --require in spec argv is refused fail-closed (protected preload flag) (2822.3225ms)
  ✔ (x) process.exit() mid-round: watched lifecycle never ends -> INVALID, never strong (6004.243ms)
✔ panel K layer 2 — the pipeline end-to-end refuses unattested execution (30411.48ms)
▶ post-GLM F1 — off-position runner token earns no execution credit
  ✔ refused fail-closed: forging `node -e` with the token trailing (2063.1641ms)
  ✔ refused fail-closed: forging prelude script with the token after it (1940.9811ms)
  ✔ positive control: the executed-position token still earns VALID and a strong verdict (5785.5749ms)
✔ post-GLM F1 — off-position runner token earns no execution credit (9790.1342ms)
▶ post-GLM F4 — infra prose cannot mask an attested regression
  ✔ a VALID round whose stdout trips the infra signature still yields CONFIRMED_REGRESSION (5842.9115ms)
✔ post-GLM F4 — infra prose cannot mask an attested regression (5843.1568ms)
▶ post-GLM F5 — an untrusted spec cannot select the canary double
  ✔ double bytes staged by the spec itself: NO injection, every round ABSENT, INCONCLUSIVE rule 14 (5874.286ms)
  ✔ trusted control: with the in-process grant the SAME spec earns VALID + a strong verdict (5669.846ms)
✔ post-GLM F5 — an untrusted spec cannot select the canary double (11544.4735ms)
▶ audit M8 — CLI subprocess exit-code contract
  ✔ check on honest evidence exits 0 and prints PASS (8238.9331ms)
  ✔ check on a tampered artifact exits 3 and names the tampered file (7191.3389ms)
  ✔ report refuses a fabricated bundle (exit 3) and renders a valid one (exit 0) (7131.8672ms)
  ✔ audit F12: report with NO argument defaults to the latest run and renders bundle-persisted failing identities (6858.5513ms)
  ✔ version exits 0; no command prints usage and exits 3 (misuse) (165.7482ms)
  ✔ round-3 secondary: an infrastructure abort exits 2 (environment fault), never 3 (misuse) (345.7138ms)
✔ audit M8 — CLI subprocess exit-code contract (29933.8532ms)
▶ FINDING A — subject text alone can never create a strong verdict
  ✔ the GLM counterexample (console.log "128 passing") is never PASS (7487.3183ms)
  ✔ test command node -e printing mocha-shaped prose is never PASS (7204.035ms)
  ✔ a printed failing summary is never CONFIRMED_REGRESSION (6897.1752ms)
✔ FINDING A — subject text alone can never create a strong verdict (21590.204ms)
▶ KNOWN_RUNNER_RELEASES — table == disk (canary-double)
  ✔ the pinned double hash equals the treeSha256 of the repo fixture bytes (1.652ms)
  ✔ no placeholder digests survive, every entry is well-formed, versions unique per package (0.3189ms)
✔ KNOWN_RUNNER_RELEASES — table == disk (canary-double) (2.7849ms)
▶ audit M8 — offline pipeline end-to-end
  ✔ confined regression: CONFIRMED_REGRESSION, real artifacts re-hash clean (8003.0961ms)
  ✔ unconfined tree drift is downgraded to INCONCLUSIVE rule 9 (F9 e2e) (6719.9172ms)
  ✔ a tampered artifact is caught end-to-end by the prove path (F4 e2e) (6861.8885ms)
  ✔ a fabricated self-contradictory bundle is refuted by validateBundle (F3 e2e) (6896.2838ms)
  ✔ round-3 secondary: a fetch failure is INFRASTRUCTURE (InfraAbort -> CLI exit 2), not generic error (2.5559ms)
  ✔ round-3 secondary: an extraction failure is INFRASTRUCTURE too (3.3831ms)
✔ audit M8 — offline pipeline end-to-end (28488.685ms)
▶ round-3 B3 — the proof host is the ACTUAL runtime, never the evidence
  ✔ pristine run + proofHost = this machine: full gate PASSes with ZERO skipped assertions (7216.5378ms)
  ✔ THE AUDIT ATTACK: reseal host metadata to dodge host checks -> gate FAILS (exit 1), never skip-to-PASS (7097.0553ms)
  ✔ resealing the environment TO MATCH the real machine is not an attack: identity is reality, not paper (6885.7051ms)
  ✔ off the proof host (simulate a foreign runtime): strict checks SKIP and the verdict INCOMPLETE (exit 2) — PASS is not claimed (6891.2798ms)
  ✔ post-sol F1 — SELF-CONSISTENT is NOT proof-agreement: a bundle fully consistent on this machine can still FAIL check against a diverged committed proof (6058.6575ms)
  ✔ a lying proof file cannot flip the verdict either: proofHost=foreign while running here still skips (evidence-agnostic) (5737.1343ms)
✔ round-3 B3 — the proof host is the ACTUAL runtime, never the evidence (39888.6373ms)
▶ post-GLM F2 — executable bytes are part of the host identity
  ✔ a trojan runtime claiming the proof-host METADATA but running different bytes can never PASS (5860.045ms)
  ✔ a proof naming a proofHost but omitting the exec digest is REFUSED — loud FAIL, never a silently weaker gate (5779.6107ms)
  ✔ the sampler reports the ACTUAL bytes of the running executable (72.1725ms)
  ✔ an environment ATTESTATION stays metadata-only: the evidence block carries no bytes to compare (documented residual) (0.254ms)
✔ post-GLM F2 — executable bytes are part of the host identity (11712.5831ms)
▶ verifyArtifacts — audit F4 (proof must rehash the real artifacts)
  ✔ accepts a bundle whose every recorded hash matches the file on disk (24.8746ms)
  ✔ rejects a tampered raw stdout (recorded hash kept, content swapped) (28.3354ms)
  ✔ rejects a tampered normalized stdout independently of the raw one (27.7428ms)
  ✔ rejects quietly deleted stderr artifacts (23.0667ms)
  ✔ rejects all four substituted files of one round (raw, raw-err, norm, norm-err) (25.5743ms)
  ✔ rejects a logPath that breaks the round-ownership contract (17.02ms)
✔ verifyArtifacts — audit F4 (proof must rehash the real artifacts) (148.4861ms)
▶ verifyArtifacts — audit B3 (path confinement + ownership)
  ✔ ../../ identical external substitution is refused (ownership), not verified against the external bytes (8.901ms)
  ✔ absolute external path in logPath is refused (7.3578ms)
  ✔ cross-round swap (candidate#1 claims candidate#2 log) is refused (9.431ms)
  ✔ baseline pointing at a candidate artifact is refused (6.7288ms)
  ✔ a valid canonical relative artifact path verifies clean (13.0314ms)
  ✔ missing + modified artifacts are refused (20.0765ms)
  ✔ a symlinked artifact resolving outside the dir is refused (symlink escape) (11.1922ms)
✔ verifyArtifacts — audit B3 (path confinement + ownership) (77.5043ms)
▶ assertProof — audit F11 + round-3 B3 (host-exactness from the ACTUAL runtime)
  ✔ legacy proof (no proofHost): host-exact hashes NEVER assert — recorded-env match grants nothing (post-glm F6f) (10.6421ms)
  ✔ post-glm F6f: an ABSENT proofHost can never grant host-exact trust — resealed env metadata cannot PASS the proof (8.2582ms)
  ✔ matching proofHost + actual runtime on it: every assertion including hashes AND the environment binding evaluates (10.8977ms)
  ✔ round-3 B3 core: resealing the evidence environment can NO LONGER skip strict checks — it FAILS the binding (8.8258ms)
  ✔ off-proof-host: host-exact comparisons skip (flagged, not silent); portable assertions still evaluate; verdict is INCOMPLETE (8.5161ms)
  ✔ off-proof-host with tampered committed hashes still passes portable checks (and this is exactly why verifyArtifacts exists) (70.1851ms)
✔ assertProof — audit F11 + round-3 B3 (host-exactness from the ACTUAL runtime) (117.8612ms)
▶ round-3 B3 — environment attestation + verdict helpers
  ✔ environmentAttestationIssues: silent only when claim == ACTUAL runtime (7.3355ms)
  ✔ proofVerdict: PASS requires zero failures AND zero skips (0.1615ms)
✔ round-3 B3 — environment attestation + verdict helpers (7.6455ms)
▶ round-3 B4-D — exact failing-identity set equality (proof vs candidate bytes)
  ✔ faithful expectation: exact set holds (0.2923ms)
  ✔ proof pinning a SUBSET (hiding a real failure) FAILS (0.2498ms)
  ✔ proof pinning an EXTRA (non-existent) identity FAILS (0.1492ms)
  ✔ the exact-set check is portable — it evaluates (never skips) off-host (0.1789ms)
  ✔ a proof that does not pin the tarball digest FAILS the pin requirement (0.1703ms)
  ✔ assertProof alone refuses a resealed experimentId the proof does not name (mutation N10) (0.2354ms)
  ✔ a proof declaring a schema version the reader does not implement FAILS (portable) (0.2393ms)
✔ round-3 B4-D — exact failing-identity set equality (proof vs candidate bytes) (4.5896ms)
▶ post-sol secondary — host sampling is immune to the verifier process environment
  ✔ a poisoned NODE_OPTIONS in the verifying process does NOT crash or steer the fingerprint (306.152ms)
✔ post-sol secondary — host sampling is immune to the verifier process environment (306.2893ms)
▶ audit B4 — provenance forgery matrix (which layer refuses)
  ✔ pristine run passes the whole gate (7227.3879ms)
  ✔ rewriting failure counts is caught — round-3 B1 coverage gate fires even earlier (at validateBundle) (7029.6719ms)
  ✔ rewriting failing-test identities is caught by byte re-derivation (resealed) (6918.7648ms)
  ✔ NEW: per-round name/value disagreement with bytes is caught (one round forged) (6857.0271ms)
  ✔ rewriting digests away from bytes is caught by verifyArtifacts (resealed) (5906.1892ms)
  ✔ rewriting the repo URL is caught by the committed proof (resealed) (5861.3843ms)
  ✔ rewriting experimentId is caught by the workspace binding (resealed) — B4-A fires before the proof (5823.414ms)
  ✔ rewriting the pinned commit is caught by the committed proof (resealed) (5905.5549ms)
  ✔ rewriting runtime platform is caught by the committed proof (resealed) (5659.8351ms)
  ✔ flipping drift-confined to false is caught (resealed) — trustful+unconfined (5448.4067ms)
  ✔ downgrading a tree observation to INCOMPLETE cannot support a trustful label (resealed) (5347.0122ms)
  ✔ NEW: relabeling a real regression PASS is caught by re-derivation (resealed) (5334.4886ms)
  ✔ adding a non-allowlisted env key is refused (resealed) (5192.4694ms)
  ✔ naive (argv) rewrite without recomputing the manifest is caught by integrity (4922.1828ms)
  ✔ naive (tarball digest) rewrite without recomputing the manifest is caught by integrity (4872.0167ms)
  ✔ naive (runId) rewrite without recomputing the manifest is caught by integrity (4879.6989ms)
  ✔ manifest integrity catches ANY single-field rewrite done without recompute (4890.8169ms)
✔ audit B4 — provenance forgery matrix (which layer refuses) (98079.127ms)
▶ round-3 B4 — coherent-reseal matrix on release-critical fields
  ✔ resealed runId alone is contradicted by the workspace directory (4899.5784ms)
  ✔ resealed runId AND experimentId (coherent prefix) still contradicts the directory (4835.9947ms)
  ✔ resealed tarball digest is contradicted by the retained fixture.tgz bytes (4895.1203ms)
  ✔ attacker who swaps the TARBALL BYTES too is stopped by the committed proof pin (4943.5736ms)
  ✔ resealed argv is contradicted by the committed spec re-expansion (proof host) (4928.1089ms)
  ✔ weakened envKeys (valid allowlist subset) is contradicted by the policy re-derivation (4860.5204ms)
  ✔ classification REASON tampering (label/rule/count coherent) is caught by byte re-derivation (4859.4582ms)
  ✔ coherent INCONCLUSIVE-rule9 relabel is refused (no unconfined drift to justify it) (9666.0852ms)
  ✔ resealed dependency-copy count is contradicted by the retained snapshot recount (4861.0956ms)
  ✔ a crash hidden from the record (crash line IN the bytes, resealed) is caught by byte re-derivation (4932.343ms)
  ✔ an invented crashSignal on clean bytes is caught too (bidirectional binding, resealed) (4849.3349ms)
  ✔ a tampered infraSignal (false where bytes carry an infra line) is caught by bytes (4871.8296ms)
  ✔ a proof pinning a SUBSET of the failing identities is refused (exact-set equality, B4-D) (4884.1181ms)
  ✔ a proof pinning a WRONG extra identity is refused too (exact-set equality, B4-D) (4850.2301ms)
  ✔ a proof that forgot to pin the tarball digest cannot support PASS (B4) (4854.7275ms)
✔ round-3 B4 — coherent-reseal matrix on release-critical fields (77993.0496ms)
▶ flattenNpmLsJson — npm 11.19 empty-object representation (pipeline path)
  ✔ an empty {} node with no problems mention is expected-absent: no anomaly, no hole (2.2536ms)
  ✔ the same {} node IS an anomaly when problems mentions it (unmet-optional-that-matters fails closed) (0.2624ms)
  ✔ a version-less node with missing:true is an anomaly (uninstalled REQUIRED dep) (0.177ms)
  ✔ a version-less node carrying a declared subtree: missing-version + unwalked-subtree (0.2803ms)
  ✔ problems name-matching is token-anchored: "util" is not matched by "bufferutil@1.0.0" (0.2087ms)
  ✔ non-object node entries are malformed-node anomalies (0.1793ms)
  ✔ empty / effectively-empty trees can NEVER become VALID (criterion 6) (0.1978ms)
  ✔ a {} node for the STUDIED dependency itself is absence, not presence (criterion 7) (0.1801ms)
  ✔ ANY anomaly caps the observation at INCOMPLETE even with the dep present (0.1897ms)
✔ flattenNpmLsJson — npm 11.19 empty-object representation (pipeline path) (5.4606ms)
▶ post-sol M-2 — empty-node semantics (narrowest exemption)
  ✔ the REAL captured npm 11.19 shape (root fsevents {}, ws nested {} natives) stays VALID (1.0449ms)
  ✔ R4-SR1 (self-review): problems WITH a silent stderr is npm's real extraneous-only shape — the observation is complete, not contradictory (0.3256ms)
  ✔ an empty/absent problems field under an ELSPROBLEMS stderr IS the contradiction (stripped-report forgery) (0.2923ms)
  ✔ problems ABSENT but stderr SCREAMING ELSPROBLEMS is equally a contradiction (stripped-stderr forgery) (0.1629ms)
  ✔ a MALFORMED problems field (string, object, or array with non-strings) kills the exemption and is itself an anomaly (0.2001ms)
  ✔ string-valued problems mentioning the node fail closed identically on BOTH parsers (N4 differential) (0.1341ms)
  ✔ the STUDIED dependency appearing as {} is absence (INCOMPLETE via depPresent), never presence (0.1983ms)
  ✔ drift caused by DISAPPEARANCE of a formerly-versioned dep is byte-visible, not exemption-hidden (outside-subtree drift -> unconfined) (0.3385ms)
  ✔ deeply nested hostile trees are BOUNDED on both parsers (no stack exhaustion; fails closed) (2.7349ms)
  ✔ the traversal budgets are IDENTICAL contracts in both implementations (0.1478ms)
  ✔ anomalies from the two problem channels are DETERMINISTIC and deduped across repeated {} nodes (0.211ms)
✔ post-sol M-2 — empty-node semantics (narrowest exemption) (6.3403ms)
▶ cross-implementation parity — pipeline flatten vs verify-tree re-flatten (criteria 2+3)
  ✔ parity: plain (0.293ms)
  ✔ parity: 11.19 empty optionals (0.2223ms)
  ✔ parity: empty optional + problems mention (0.1193ms)
  ✔ parity: missing required (0.1291ms)
  ✔ parity: scoped names (1.2619ms)
  ✔ parity: nested copies (0.2385ms)
  ✔ parity: malformed nodes (0.1718ms)
  ✔ parity: version-less with subtree (0.1558ms)
  ✔ parity: problems only (no deps) (0.1178ms)
  ✔ parity: truncated json (0.1604ms)
  ✔ parity: json scalar (0.0798ms)
  ✔ parity: json null (0.0594ms)
  ✔ parity: empty root (0.0821ms)
✔ cross-implementation parity — pipeline flatten vs verify-tree re-flatten (criteria 2+3) (3.6297ms)
▶ confinement semantics survive the compatibility fix (criterion 3)
  ✔ a {} drift node is never a flat key, so drift sets stay byte-derived (0.2688ms)
  ✔ drift OUTSIDE the subtree stays unconfined even next to {} nodes (0.1617ms)
  ✔ scoped-name escape stays closed under segment semantics (0.1109ms)
✔ confinement semantics survive the compatibility fix (criterion 3) (0.6843ms)
▶ reflattenNpmLs — independent re-derivation of the tree observation
  ✔ flattens nested/scoped trees with versions, no anomalies (problems ignored) (2.1127ms)
  ✔ a missing-version node (npm unmet dependency) is an anomaly, never an "x" sentinel (0.3737ms)
  ✔ an empty {} node with no problems mention is an expected-absent optional, not a hole (0.3708ms)
  ✔ the same empty {} node IS an anomaly when problems mentions it (unmet-optional-that-matters fails closed) (0.2614ms)
  ✔ problems name-matching is token-anchored: "util" is not mentioned by "bufferutil@1.0.0" (0.2501ms)
  ✔ a {} node WITH a declared subtree is still missing-version + unwalked-subtree (0.2019ms)
  ✔ a version-less NODE hides a whole subtree: missing-version + unwalked-subtree (0.2041ms)
  ✔ truncated / malformed JSON => parsed=false (INVALID territory), never a partial success (0.3082ms)
  ✔ copies are counted by full path segments; subtree containment is segment membership (0.3733ms)
✔ reflattenNpmLs — independent re-derivation of the tree observation (6.286ms)
▶ retained tree snapshots — real pipeline bytes, independent verifier
  ✔ a fresh confined CONFIRMED run retains arm-named artifacts that verify clean (7443.7816ms)
  ✔ naive tamper of retained raw bytes (no reseal) is caught (7156.0433ms)
  ✔ LAZY reseal (raw digest fixed, canonical/tree-hash left stale) is caught by the chain (6889.0813ms)
  ✔ reseal that rewrites bytes+digests but keeps the old attestation claim is caught by verify-tree (6936.0668ms)
  ✔ COHERENT full tree-side reseal: bundle layer catches the version lie (attestation invariant) (6017.3815ms)
  ✔ a coherent reseal claiming VALID over bytes with a missing-version hole is caught (status + anomaly re-derivation) (5750.071ms)
  ✔ pointing one arm at the other arm bytes is caught by BOTH layers (5851.0915ms)
  ✔ flipping driftConfinedToDependency against the retained snapshots is caught (5775.9383ms)
  ✔ stripping snapshot refs from a trustful bundle: verifier says unverifiable, schema refuses to seal trust on it (5656.917ms)
  ✔ post-GLM G: naive tamper/deletion of the retained attest bytes is caught by verifyArtifacts (5542.4488ms)
  ✔ post-GLM G: a resealed framesSha256 the retained bytes do not back is caught ONLY by the bytes binding (5317.5054ms)
  ✔ post-GLM G: reseal-everything-but-the-observation is REFUSED (the pre-G "clean 4-file resealed tuple" premise is forbidden by design) (5329.2297ms)
✔ retained tree snapshots — real pipeline bytes, independent verifier (73666.8312ms)
▶ validateBundle — round-3 B6 snapshot/anomaly/version gates
  ✔ trustful WITH snapshots + empty anomalies + consistent versions validates clean (0.9886ms)
  ✔ trustful WITHOUT retained snapshots is rejected (resealed) (0.622ms)
  ✔ trustful with a MISSING anomaly array is rejected ("did not look" != "nothing found") (0.6251ms)
  ✔ trustful with NON-EMPTY recorded anomalies is rejected (partial observation cannot anchor trust) (0.3426ms)
  ✔ resolvedVersions contradicting the dependency block is rejected (resealed attestation forgery) (0.4693ms)
  ✔ snapshot artifact names must be arm-derived (candidate pointing at baseline bytes dies sealed) (0.3659ms)
  ✔ NON-trustful bundles may legitimately carry no snapshots (honest INCONCLUSIVE rule 10) (0.6878ms)
  ✔ trustful label with rounds observation-ABSENT is rejected (rule-14 mirror, panel H) (0.4269ms)
  ✔ trustful label with a VALID observation naming an UNPINNED runner is rejected (panel H/AM-1) (0.3637ms)
  ✔ trustful label whose observed counts DISAGREE with the text channel is rejected (cross-channel gate cannot be bypassed) (0.8043ms)
✔ validateBundle — round-3 B6 snapshot/anomaly/version gates (6.0247ms)
▶ AI adapter boundary
  ✔ noop provider attaches nothing (0.877ms)
  ✔ attachSummary cannot alter any pre-existing field, including classification (0.5087ms)
✔ AI adapter boundary (3.5308ms)
▶ classify — decision table (docs/PLAN.md section 6)
  ✔ rule 3: baseline unanimous pass + candidate unanimous pass -> PASS (2.3829ms)
  ✔ rule 5: baseline passes, all candidate rounds fail -> CONFIRMED_REGRESSION (0.526ms)
  ✔ rule 4: baseline fails with real summaries + candidate fails -> PRE_EXISTING_FAILURE (0.2895ms)
  ✔ rule 1 (degenerate-run guard): failing round without runner summary -> INFRASTRUCTURE_FAILURE, never CONFIRMED_REGRESSION (0.1777ms)
  ✔ rule 1: killed round (exit -1) -> INFRASTRUCTURE_FAILURE (0.1878ms)
  ✔ rule 1: infra signal on a failing round outranks drift (0.2ms)
  ✔ rule 2: split baseline -> FLAKY (experiment invalid) (0.1642ms)
  ✔ rule 7: clean baseline, mixed candidate -> FLAKY, not CONFIRMED (0.2236ms)
  ✔ rule 6: failing baseline + all-pass candidate -> INCONCLUSIVE (inverted pattern) (0.2089ms)
  ✔ rule 0: missing arms -> INCONCLUSIVE (0.1874ms)
  ✔ rule 1 (F1 guard): nonzero exit whose summary reports 0 failing is infra, not drift (0.1471ms)
  ✔ rule 1 (F5 guard): zero exit with masked failures in summary is never PASS (0.1261ms)
  ✔ audit B2: zero-test execution (exit 0, "0 passing") is INFRA, never PASS (0.216ms)
  ✔ audit B2: a round with NO runner summary at exit 0 is INFRA, never PASS (0.1424ms)
  ✔ audit B2: recognized infra signature at EXIT ZERO is INFRA (a harness that swallows errors) (0.1743ms)
  ✔ audit B2: a candidate whose baseline is clean but rounds are zero-test is INFRA (never CONFIRMED) (0.1255ms)
  ✔ audit B2 positive control: a valid zero-failure run (N>0 passing, exit 0) still PASSES (0.1231ms)
  ✔ audit F1 (mocha-realistic): passing summary WITHOUT a failing line + nonzero exit -> INFRA, never CONFIRMED_REGRESSION (0.1466ms)
  ✔ audit F2: candidate rounds failing DIFFERENT counts -> FLAKY rule 8, not CONFIRMED_REGRESSION (0.1582ms)
  ✔ audit F2: same count but DIFFERENT failing-test identities -> FLAKY rule 8 (0.1591ms)
  ✔ audit F2: identical failure profiles (golden shape) -> still CONFIRMED_REGRESSION rule 5 (0.2415ms)
  ✔ audit F2: profile comparison is order-independent (sorted identities) (0.1905ms)
  ✔ audit F2: unstable baseline failure identities block PRE_EXISTING_FAILURE -> FLAKY (0.1476ms)
  ✔ audit F1 contract: summary-present failing round WITHOUT any failing count is INFRA, not regression (0.1445ms)
  ✔ is pure: same facts always yield the same verdict (0.8687ms)
✔ classify — decision table (docs/PLAN.md section 6) (9.841ms)
▶ audit F9/B6 — applyConfinementGuard (rules 9 + 10, enforced not decorative)
  ✔ downgrades CONFIRMED_REGRESSION to INCONCLUSIVE rule 9 when drift is unconfined (0.304ms)
  ✔ is identity when drift IS confined and both trees VALID (a legit CONFIRMED survives) (0.1082ms)
  ✔ never masks an INFRASTRUCTURE_FAILURE (higher-fidelity reason kept) (0.1394ms)
  ✔ downgrades PASS and PRE_EXISTING_FAILURE too (any trustful verdict needs comparable arms) (0.3866ms)
  ✔ audit B6: an empty/partial tree observation downgrades to INCONCLUSIVE rule 10 even when drift is confined (0.2447ms)
  ✔ audit B6: tree-invalidity takes precedence over unconfined drift (rule 10 not 9) (0.1629ms)
  ✔ guard removal would flip the outcome: identical facts, opposite confinement (0.1679ms)
✔ audit F9/B6 — applyConfinementGuard (rules 9 + 10, enforced not decorative) (1.8998ms)
▶ round-3 blocker 1 — identity coverage gates trustful verdicts
  ✔ identityCoverage: exact match COMPLETE; fewer / more / missing => INCOMPLETE / NOT_OBSERVED (0.4355ms)
  ✔ two DIFFERENT root-level failures that collapsed to equal EMPTY sets can never CONFIRM (rule 11) (0.2072ms)
  ✔ repeated "2 failing" with only ONE extractable identity -> INCONCLUSIVE rule 11, never CONFIRMED (0.168ms)
  ✔ single failing round claiming 9 failures with 0 identities -> INCONCLUSIVE rule 11 (0.1643ms)
  ✔ under-accounted BASELINE blocks PRE_EXISTING_FAILURE too (coverage is not candidate-only) (0.1355ms)
  ✔ genuinely distinct root failures stay distinct (rule 8 FLAKY, not coverage, not CONFIRMED) (0.1869ms)
  ✔ fully-accounted root-level identities CONFIRM (conservatism must not break real proofs) (0.1433ms)
✔ round-3 blocker 1 — identity coverage gates trustful verdicts (1.8016ms)
▶ round-3 blocker 2 — pending tests are NOT executed assertions
  ✔ all-pending candidate (0/0/7, exit 0) can never PASS -> INFRA (0.2913ms)
  ✔ infraCause flags a pending-only round directly (was: null) (0.1562ms)
  ✔ healthy baseline + ALL-skipped candidate: the run proves nothing executed (1.448ms)
  ✔ summary present with NO machine-readable counts at all -> INFRA (prose "summary" proves nothing) (0.1735ms)
  ✔ pending-only counts (no passing/failing line — the real mocha shape) -> INFRA zero-executed (0.2004ms)
  ✔ zero-test with NO summary at all stays INFRA (B2 path unchanged) (0.1616ms)
  ✔ a single executed assertion (1 passing, 0 failing, N pending) is enough to be a VALID run (0.1739ms)
  ✔ decoy early summary lines cannot steer a nonzero-exit round into CONFIRMED (probe P2) (0.1286ms)
  ✔ duplicate identical suite-qualified identities under-account -> rule 11, never trust (probe P4) (0.1559ms)
✔ round-3 blocker 2 — pending tests are NOT executed assertions (3.2927ms)
▶ post-sol RB-2 — coverage consistency gates strong verdicts
  ✔ Sol case 1: baseline 128 passing, candidate 1 passing is NOT PASS (0.3409ms)
  ✔ Sol case 2: baseline repetitions 128 then 1 (both exit 0) is NOT PASS (0.1542ms)
  ✔ Sol case 3: baseline 128, candidate 1 passing / 127 pending is NOT PASS (0.1205ms)
  ✔ Sol case 4: baseline 128, candidate 1 stable failing test is NOT CONFIRMED_REGRESSION (0.1698ms)
  ✔ Axios golden shape (128 passing -> 125 passing / 3 failing) STILL classifies CONFIRMED_REGRESSION rule 5 (0.2235ms)
  ✔ a passing->failing move at stable totals is a regression, not a coverage gap (0.1287ms)
  ✔ one executed test on BOTH arms, stable across repetitions, still PASSES (no hard-coded minimum) (0.1354ms)
  ✔ pending that SHRINKS candidate-side is caught by the observed total (5 executed + 0 pending vs 5 + 5 pending) (0.1225ms)
  ✔ candidate executing MORE than baseline is equally non-comparable (strong verdicts need both directions) (0.1286ms)
  ✔ rule 12 fires on candidate-side instability too (one repeat loses a test, both exit 0) (0.1183ms)
  ✔ PRE_EXISTING_FAILURE also demands comparability (baseline fails with fewer executed than candidate) (0.1538ms)
  ✔ weak outputs are never inflated by the new rules: mixed candidate with a coverage gap stays FLAKY (rule 7), infra wins over coverage (rule 1) (0.1614ms)
  ✔ treats undefined counts as zero consistently with rule 1 (mocha omits the 0-failing line): 5 passing vs 5 passing+3 failing is NOT comparable (0.0927ms)
  ✔ a stable-coverage collapse on BOTH arms (128 -> 1 -> uniform) is comparable and can still PASS — and is reported honestly (0.0886ms)
✔ post-sol RB-2 — coverage consistency gates strong verdicts (2.6418ms)
▶ post-GLM — execution-observation gate (rule 14)
  ✔ the GLM shape: unanimous "passing" prose with NO observation -> INCONCLUSIVE rule 14, never PASS (0.391ms)
  ✔ a VALID observation that LIES about counts is caught (text 5/0/0 vs observed 42/0/0) (0.1409ms)
  ✔ a VALID observation whose failing identities differ from the text is caught (0.1347ms)
  ✔ FLAKY is gated too: a split baseline WITHOUT observation is rule 14, not FLAKY (0.1179ms)
  ✔ PRE_EXISTING_FAILURE is gated: fail/fail/fail prose is rule 14 (the guard also gates the honest direction) (0.1227ms)
  ✔ status ABSENT is not "weak-but-fine": an explicit ABSENT observation gates like a missing one (0.2499ms)
  ✔ the gate reports the FIRST offending round in bundle order (deterministic reason) (0.1413ms)
  ✔ observationGateIssue: both exit-contradiction directions fail a VALID observation (0.474ms)
  ✔ observationSatisfied agrees with the gate on both paths (0.2488ms)
  ✔ a VALID observation whose identity array is missing/malformed is a REFUSAL, not a crash (0.3095ms)
  ✔ post-GLM F4: infra TEXT signature alone cannot veto an attested execution (precedence) (0.6223ms)
  ✔ post-glm F6b: the ACTUAL containment of a VALID-observed killed round — gate blind, rule 1 absolute (0.2107ms)
  ✔ post-GLM F4 twin: WITHOUT attestation the same prose still yields rule 1 INFRA (0.167ms)
  ✔ post-GLM F4 residual: a crash-signature TEXT cannot veto an attested execution either (0.6058ms)
  ✔ post-GLM F4 residual twin: WITHOUT attestation crash prose still yields rule 1 INFRA (0.878ms)
  ✔ weak paths are NOT gated: rule 0/rule 1 keep their rule numbers without any observation (0.1947ms)
✔ post-GLM — execution-observation gate (rule 14) (8.1289ms)
▶ post-GLM round 5 F1 — PRE_EXISTING requires failing-set containment
  ✔ a candidate failure Canary never saw fail in baseline is NOT pre-existing — INCONCLUSIVE 13 (never a swallowed regression) (0.4ms)
  ✔ disjoint failing sets ({A} baseline vs {B} candidate) at equal totals describe no comparable transition — INCONCLUSIVE 13 (0.1772ms)
  ✔ an honest PRE_EXISTING_FAILURE (identical failing sets) keeps rule 4 — containment must not over-block (0.1656ms)
  ✔ CONFIRMED_REGRESSION is untouched by containment (baseline has zero failing identities) (0.1729ms)
  ✔ DOCUMENTED CEILING: version-gated passing-test substitution still PASSes (F3/§8.1) — equality of cardinality + failing sets is the exact invariant (0.1163ms)
✔ post-GLM round 5 F1 — PRE_EXISTING requires failing-set containment (1.3287ms)
▶ post-GLM round 5 F4 — rule 14 downgrades EVERY FLAKY producer (6/7/8/12)
  ✔ un-attested producer rule 6 (non-unanimous candidate under failing baseline) -> INCONCLUSIVE 14, never FLAKY (0.196ms)
  ✔ un-attested producer rule 7 (clean baseline, mixed candidate) -> INCONCLUSIVE 14, never FLAKY (0.1368ms)
  ✔ un-attested producer rule 8 (failing rounds within an arm differ in identity) -> INCONCLUSIVE 14, never FLAKY (0.1224ms)
  ✔ un-attested producer rule 12 (repetitions differ in coverage totals) -> INCONCLUSIVE 14, never FLAKY (0.0921ms)
✔ post-GLM round 5 F4 — rule 14 downgrades EVERY FLAKY producer (6/7/8/12) (0.7078ms)
▶ inDependencySubtree
  ✔ matches the dep itself and its nested copies at any depth (escaped keys) (1.044ms)
  ✔ scoped name collisions cannot masquerade when keys are escaped (F4) (0.3167ms)
  ✔ round-3 B6: descendants of a NESTED copy are inside the subtree (0.2545ms)
  ✔ audit F10: a SCOPED dependency matches its own escaped keys (0.2569ms)
✔ inDependencySubtree (3.4544ms)
▶ diffTrees — the arms-equality proof
  ✔ audit F10: scoped dependency drift inside its subtree is confined (1.4437ms)
  ✔ audit F10: scoped dep PLUS real external drift is still NOT confined (0.7911ms)
  ✔ golden case: only the dependency subtree changed (0.19ms)
  ✔ detects contamination outside the dependency (0.208ms)
  ✔ audit B6 exposes the vacuous-confinement hazard (empty trees report confined) (0.2131ms)
✔ diffTrees — the arms-equality proof (3.2718ms)
▶ audit B6 — classifyTreeObservation (tree completeness)
  ✔ a parsed, non-empty tree containing the dependency is VALID (0.4072ms)
  ✔ empty tree (no data observed) is INVALID, not a proof of confinement (0.1175ms)
  ✔ unparseable / no-root-deps is INVALID (0.1223ms)
  ✔ tree present but the studied dependency absent is INCOMPLETE (0.1197ms)
  ✔ scoped dependency presence is detected via the escaped key (dependencyInTree) (0.1065ms)
  ✔ round-3 B6: ANY observation anomaly caps the status at INCOMPLETE (0.1341ms)
✔ audit B6 — classifyTreeObservation (tree completeness) (1.3064ms)
▶ log parsing (auxiliary — never decides classification)
  ✔ extracts canonical suite-qualified identities from mocha output (audit B1) (1.0277ms)
  ✔ audit B1: same leaf title in DIFFERENT suites stays DISTINCT (0.5019ms)
  ✔ audit B1: nested describe paths survive as multi-segment identities (0.1157ms)
  ✔ audit B1: progress-list lines (N) followed by a passing line yield NO identity (0.1516ms)
  ✔ audit B1: identical identities in one run dedupe deterministically; distinct never collapse (0.1765ms)
  ✔ audit B1: ava identities keep the full suite path (0.1739ms)
  ✔ parses summary counts (0.4809ms)
  ✔ round-3 B1: ROOT-level failure ("1) title:" — colon on the numbered line) yields its identity (0.1394ms)
  ✔ round-3 B1: repeated root-level titles across rounds re-extract identically (deterministic) (0.1529ms)
  ✔ round-3 B1: mixed root + nested blocks do not corrupt each other (0.1209ms)
  ✔ round-3 B1: a nested block is abandoned at the summary line, never past it (0.1353ms)
  ✔ round-3 B1: malformed/truncated output yields NO fabricated identities (0.1271ms)
  ✔ round-3 B1: reordered distinct failures extract the same SET (profile order-independence) (0.1451ms)
✔ log parsing (auxiliary — never decides classification) (3.9076ms)
▶ streamsStable
  ✔ true only for identical hashes across all rounds (0.1379ms)
✔ streamsStable (0.2503ms)
▶ post-sol secondary — lone-CR line endings parse identically to LF/CRLF
  ✔ parseSummaryCounts reads the same totals across LF, CRLF and CR-only (0.3106ms)
  ✔ extractFailingTestNames finds the same identities across LF, CRLF and CR-only (0.1389ms)
✔ post-sol secondary — lone-CR line endings parse identically to LF/CRLF (0.5745ms)
▶ post-GLM F3 — ANSI-colored output parses identically to plain output
  ✔ parseSummaryCounts reads the same totals colored as plain (0.6512ms)
  ✔ extractFailingTestNames finds the same identities colored as plain (0.1361ms)
  ✔ F3 false-PASS battery: an ANSI-wrapped failing line cannot hide from the masked-failure count (0.1032ms)
  ✔ precision control: stripping never fabricates counts (0.1293ms)
  ✔ ANSI and lone-CR compose: colored CR-only stream matches colored LF stream (0.1736ms)
✔ post-GLM F3 — ANSI-colored output parses identically to plain output (1.439ms)
▶ validateSpec
  ✔ accepts the golden shape (1.284ms)
  ✔ rejects branch/tag names instead of full SHAs (0.3183ms)
  ✔ rejects a swap that does not install the candidate (0.2147ms)
  ✔ requires >=2 candidate repetitions (a regression must reproduce) (0.1822ms)
  ✔ requires >=2 baseline rounds so the FLAKY guard is reachable (F8) (0.2043ms)
  ✔ rejects identical baseline/candidate (0.1911ms)
  ✔ rejects malformed prepare argv (not array-of-arrays) (0.1808ms)
  ✔ rejects non-object input without throwing (0.1879ms)
✔ validateSpec (4.3421ms)
▶ planArms
  ✔ orders steps with toolchain between prepare and build (0.9359ms)
  ✔ omits toolchain/build when absent (0.1937ms)
✔ planArms (1.3767ms)
▶ normalizers
  ✔ canonicalizes line endings, trailing ws, final newline (2.3923ms)
  ✔ collapses timestamps, dates, durations (0.2425ms)
  ✔ collapses uuids and long hex addresses but not short hex (0.2606ms)
  ✔ collapses ports on localhost (0.2166ms)
  ✔ normalizes the run workspace, temp, home, user, host (0.8303ms)
  ✔ pathVariants covers slash forms and drive case (0.2039ms)
  ✔ the stability invariant: same logical run shape at different moments collapses to identical bytes (1.1981ms)
  ✔ result lines are never rewritten by value-shape rules (0.1772ms)
✔ normalizers (7.3175ms)
▶ renderHtml
  ✔ renders the deterministic verdict verbatim (1.4432ms)
  ✔ shows hash prefixes and log paths for audit (0.1594ms)
  ✔ states the drift-confinement result (0.143ms)
  ✔ escapes hostile content from downstream logs/names (no HTML injection) (0.2715ms)
  ✔ audit F12: renders failing-test identities derived from the BUNDLE (no extras) (0.3356ms)
  ✔ audit F12: a bundle with no failing identities omits the section (0.1946ms)
✔ renderHtml (3.832ms)
▶ post-sol F1 — the verification banner says SELF-CONSISTENT, not VERIFIED
  ✔ a fully local-consistent render is labeled SELF-CONSISTENT and disclaims the committed proof (0.3794ms)
  ✔ a failing consistency render is labeled NOT SELF-CONSISTENT and still warns (0.695ms)
  ✔ no verification argument at all renders NOT SELF-CONSISTENT (absence of checking is not success) (1.744ms)
✔ post-sol F1 — the verification banner says SELF-CONSISTENT, not VERIFIED (4.0297ms)
▶ validateBundle
  ✔ accepts a well-formed bundle (6.0875ms)
  ✔ rejects an unknown classification label (1.1335ms)
  ✔ rejects short/hexless commit SHAs (no branch pins in evidence) (1.0206ms)
  ✔ rejects a bundle missing an arm (1.543ms)
  ✔ rejects malformed stream hashes (0.9831ms)
  ✔ rejects a round whose envKeys leak outside the sanitized allowlist (F9) (1.2977ms)
  ✔ rejects reproductionCount < 1 (1.2446ms)
✔ validateBundle (14.9496ms)
▶ validateBundle — semantic integrity (audit F3)
  ✔ rejects a CONFIRMED_REGRESSION label whose own rounds say PASS (1.9171ms)
  ✔ rejects a CONFIRMED_REGRESSION built from rounds whose failure identities differ (must re-derive FLAKY rule 8) (1.9515ms)
  ✔ rejects masked-failure rounds (exit 0 with reported failures) under a PASS label (1.2785ms)
  ✔ rejects killedByTimeout=true alongside a normal exit code (0.5095ms)
  ✔ rejects an inflated reproductionCount not backed by candidate rounds (0.5052ms)
  ✔ rejects a trustful verdict while drift says NOT confined (rule-9 guard bypassed) (0.7165ms)
  ✔ accepts the legitimate rule-9 override: unconfined drift + INCONCLUSIVE rule 9 (0.697ms)
  ✔ audit B6: rejects a trustful verdict built on a non-VALID tree observation (1.3535ms)
  ✔ audit B6: accepts the legitimate rule-10 override (confined drift but weak observation) (0.5716ms)
  ✔ audit B6: rejects a FABRICATED rule-10 downgrade even with a valid manifest (semantic layer alone catches it) (0.5753ms)
  ✔ audit B6: observationStatus is mandatory (0.6388ms)
  ✔ refuses to treat a CONFIRMED_REGRESSION as trustworthy when round facts are too sparse to re-derive (0.678ms)
  ✔ self-review N3: the sparse-facts refusal covers a PASS claim too (was: CONFIRMED/PRE_EXISTING only) (0.6934ms)
  ✔ robustness H1: rejects duplicate (arm,round) indices (resealed) (1.2373ms)
  ✔ round-3 B1: a RESEALED CONFIRMED whose failing identities under-account the count dies twice over (1.0048ms)
  ✔ post-sol RB-2: a resealed trustful bundle over incomparable arm coverage dies twice over (0.9428ms)
  ✔ post-sol RB-2: a trustful label with only ONE round per arm is refused (0.5846ms)
  ✔ post-sol RB-2: unstable repetition coverage under a trustful label is refused (baseline 5 vs 4 passing) (0.7257ms)
  ✔ post-sol RB-2: weak labels carry no parity requirement (honest INCONCLUSIVE rule 13 validates) (1.6984ms)
  ✔ round-3 B2: a PASS label over zero-assertion (pending-only) rounds is rejected (0.9283ms)
✔ validateBundle — semantic integrity (audit F3) (20.7209ms)
▶ post-sol M-1 — contract.ts is the single source of truth
  ✔ the committed schemas/evidence.schema.json EQUALS the generated contract (no drift) (1.9948ms)
  ✔ every always-required contract field is refused at runtime when DELETED (Sol: commands, killedByTimeout, startedAt, durationMs included) (31.1788ms)
  ✔ intentionally-optional fields may be absent (we do not blind-strictify) (0.6688ms)
  ✔ unknown fields are refused at root, round, and treeComparison scopes (policy is intentional) (1.8694ms)
  ✔ post-glm F6c: unknown fields NAMED LIKE Object.prototype members are refused too (own-property check, not `in`) (2.952ms)
  ✔ trustful-tier fields: deleted infraSignal/snapshots/anomalies kill a trustful claim but validate clean under a weak honest label (1.2949ms)
  ✔ round indices must be contiguous per arm (an omitted round shrinks the claimed reproduction) (0.6234ms)
✔ post-sol M-1 — contract.ts is the single source of truth (41.0496ms)
▶ post-GLM round 5 — mirror constant independence + containment restatement
  ✔ STRONG_MIRROR_LABELS is a distinct copy of the classifier strong set with pinned equivalence (0.2741ms)
  ✔ refuses PRE_EXISTING_FAILURE whose candidate fails identities baseline did not (containment at 3d) (0.9008ms)
  ✔ accepts an honest PRE_EXISTING_FAILURE (identical failing sets across arms) — no over-blocking (0.5761ms)
✔ post-GLM round 5 — mirror constant independence + containment restatement (1.9454ms)
▶ Recorder.expandArgv — token expansion + enforced isolation
  ✔ expands $bin via resolver to node + bin path (6.8334ms)
  ✔ ALWAYS appends --ignore-scripts and cache isolation to install commands (4.9675ms)
  ✔ F6: flags are detected past leading options ($npm --loglevel install) (3.8975ms)
  ✔ F6: npm ci (runs lifecycle scripts by default) is also covered (3.8663ms)
  ✔ post-glm F6e: the controlled empty npm config is RE-ESTABLISHED immediately before install (tamper-between-creation-and-use) (5.6326ms)
  ✔ F6: $yarn install gets yarn-appropriate flags after -- and --ignore-scripts on the npx bootstrap (3.5247ms)
  ✔ F8: $npm -u evil.npmrc install x is REJECTED (was silent injection-skip) (4.9686ms)
  ✔ F8: conflicting config flags rejected BEFORE and AFTER the subcommand (4.4134ms)
  ✔ F8: unknown bare option before subcommand rejected; --key=value passes (4.1316ms)
  ✔ F8: exec/dlx/shell-style subcommands rejected; run of a local script is not (3.9461ms)
  ✔ F8: conflicting flags rejected in CASE VARIANTS too (red-team) (3.7945ms)
  ✔ F8: install-family options with = or after the subcommand still expand normally (3.7641ms)
  ✔ non-install commands get no injected flags (3.8252ms)
✔ Recorder.expandArgv — token expansion + enforced isolation (59.9296ms)
▶ summary/infra matchers (F1/F5 hardening)
  ✔ strict summary matcher rejects prose and accepts runner lines (0.5199ms)
  ✔ environmental error patterns are infra (F1/F2) (0.6314ms)
  ✔ audit B2: errno code in a PASSING test name is NOT infra; in an error line IS (0.5774ms)
✔ summary/infra matchers (F1/F5 hardening) (1.9624ms)
▶ Recorder.step/round — real subprocess, real artifacts (no mocks)
  ✔ captures exit code, streams, hashes, counts; unique-ifies repeated labels (537.8569ms)
  ✔ F1 shape: nonzero exit + summary claiming 0 failing is recorded with the count (449.554ms)
  ✔ F5 shape: exit 0 while summary reports failures is captured (classifier then infra-guards) (511.7933ms)
  ✔ audit F13: failing-test identities from REAL subprocess output land in fact and evidence (470.9362ms)
  ✔ audit B2 (real subprocess): 0 passing at exit 0 records reportedPassing=0 (classifier => INFRA) (510.3476ms)
  ✔ audit B2 (real subprocess): ECONNREFUSED error line at exit 0 sets infraSignal true (not swallowed by exit) (424.1941ms)
  ✔ audit B2 (real subprocess): a genuinely passing run records reportedPassing>0 and stays valid (463.0791ms)
  ✔ audit B1 e2e: same leaf title, different SUITE across candidate rounds -> FLAKY (1345.3766ms)
  ✔ audit B1 e2e: identical SUITE-QUALIFIED identity across rounds stays CONFIRM-eligible (1743.0145ms)
  ✔ timeout kills produce exit -1 (and tree-kill runs without throwing) (1502.4592ms)
✔ Recorder.step/round — real subprocess, real artifacts (no mocks) (7959.7244ms)
▶ audit B5 — canonical package-manager policy (closed allowlist)
  ✔ B5: install ALIASES (the pre-fix silent-skip) now receive full injection (6.0022ms)
  ✔ B5: unknown/unvetted subcommands are REJECTED, not run without policy (2.095ms)
  ✔ B5: RAW package-manager forms rejected for ANY command position (2.1571ms)
  ✔ B5: $bin:npm bypass is rejected; $bin:mocha still works (2.1838ms)
  ✔ B5: user `--` in an install command is rejected (was the trailing-flag dead-weight bypass) (2.0343ms)
  ✔ B5 invariant (property): accepted install => isolation flags in EFFECTIVE position after the subcommand, none after a `--` (3.9556ms)
  ✔ B5: closed-allowlist families classified correctly by the policy parser (0.1489ms)
✔ audit B5 — canonical package-manager policy (closed allowlist) (18.8156ms)
▶ round-3 B5 — wrapper-mediated / frontend package-manager execution is refused
  ✔ cmd /c npm install … is refused (the canonical Windows wrapper bypass) (2.1096ms)
  ✔ powershell / pwsh … npm is refused (1.9448ms)
  ✔ env / nohup / xargs / sh -c / sudo npm are refused (POSIX wrappers) (2.2868ms)
  ✔ package-manager FRONTENDS (pnpm/bun/corepack/volta) are refused (2.2783ms)
  ✔ node executed ON a package-manager file (node npm / node npm-cli.js) is refused (1.9861ms)
  ✔ any other unenumerated literal executable fails closed (not silently expanded) (2.3772ms)
  ✔ REGRESSION: every SUPPORTED form still expands (allowlist does not over-reject) (2.2866ms)
  ✔ REGRESSION: raw npm / npm.cmd / direct npm-cli / $bin:npm still rejected (pre-existing B5.1) (2.0956ms)
✔ round-3 B5 — wrapper-mediated / frontend package-manager execution is refused (17.6437ms)
▶ round-3 secondary — crash & sweep signals reach the classification
  ✔ hasCrashSignature: matches V8/native abort phrasing, skips pass-glyph lines (0.163ms)
  ✔ glyph discrimination (self-review N4): ava ✖ (U+2716) fires infra; ✗-titled (U+2717) prose does not (0.2583ms)
  ✔ isInfraOutput: a hard infra phrase inside a PASSING test title is not false-INFRA (round-3 secondary) (0.075ms)
  ✔ round() records crashSignal from a real post-summary crash -> classify says INFRA rule 1 (432.0315ms)
  ✔ round() records sweepFailed (when the run outcome flags it) -> classify says INFRA rule 1 (6.8323ms)
  ✔ post-sol secondary: CR-only line endings are matched like LF/CRLF (summary + anchored crash banner) (0.3415ms)
  ✔ assertSupportedSpecExecutable: the allowlist is small and explicit (0.2525ms)
✔ round-3 secondary — crash & sweep signals reach the classification (440.237ms)
▶ observation hardening — expandArgvWithPlan injection decision
  ✔ the double fixture is actually pinned (fails if the pin table drifted) (0.1797ms)
  ✔ post-GLM F5: the canary double is UNSELECTABLE by default — pinned bytes, no execution authority (14.4519ms)
  ✔ pinned bytes at the canonical anchor: injected, --require appended LAST, plan from the PIN (15.8942ms)
  ✔ unpinned bytes at the canonical anchor: NO injection, runner-identity-unpinned + observed hash recorded (13.8717ms)
  ✔ pinned bytes OUTSIDE the canonical anchor (hoisted): not injectable (32.0798ms)
  ✔ post-glm F6a: pinned bytes reached through a LINK at the anchor are not injectable (root case) (18.1561ms)
  ✔ post-glm F6a: a LINK ABOVE the anchor (node_modules junctioned out) is not injectable either (17.9442ms)
  ✔ a subject-supplied --require/-r in a mocha argv is refused fail-closed (12.1287ms)
  ✔ post-GLM F1: an off-position $bin:mocha token is refused, never credited (15.9441ms)
  ✔ non-mocha commands: no injection attempted, absentKind not-mocha-bin (3.1036ms)
  ✔ the ABSENT path end-to-end: an unpinned double runs REAL rounds and rule 14 refuses the strong label (972.1221ms)
✔ observation hardening — expandArgvWithPlan injection decision (1116.4913ms)
▶ post-sol RB-1 — semantic package-manager policy (equivalence classes)
  ✔ Sol's accepted forms are now rejected in install-family commands (3.0444ms)
  ✔ property: for EVERY protected key, every abbreviation/negation/case/= spelling is refused (install family) (44.2431ms)
  ✔ property: the per-package config family (@scope:registry, //…:auth) is refused everywhere (3.8226ms)
  ✔ property: accepted install argv ends with Canary protected flags after every user token (5.3308ms)
  ✔ invariant: no allowed install spelling resolves to a protected key (prefix-disjoint) (0.6158ms)
  ✔ legitimate script-family passthrough and fixture install shapes still expand (4.2171ms)
  ✔ resolveOptionToken normalizes case, =-values, and one leading no- (0.152ms)
  ✔ empirical: npm applies abbreviation + negation + LAST-WINS ordering (the semantic premises) (909.0927ms)
✔ post-sol RB-1 — semantic package-manager policy (equivalence classes) (970.9612ms)
▶ FINDING B — infra matching is case/encoding symmetric (must-match direction)
  ✔ exact GLM counterexample: mixed-case npm error + fake summary (1.2226ms)
  ✔ all case variants of npm error / npm ERR! fire (0.2492ms)
  ✔ hard patterns fire in any case (module/ERESOLVE/SyntaxError shapes) (0.2969ms)
  ✔ CR-only and CRLF line endings still see the signatures (0.1393ms)
  ✔ ANSI-wrapped signatures still fire (real colored npm output) (0.2185ms)
  ✔ SOFT errno lines fold case too (0.4246ms)
  ✔ crash signatures survive ANSI decoration (0.6401ms)
  ✔ runner summary is recognized through ANSI colors (real colored mocha) (0.4699ms)
✔ FINDING B — infra matching is case/encoding symmetric (must-match direction) (5.2991ms)
▶ FINDING B — benign prose NEVER flips to infrastructure (false-positive direction)
  ✔ passing test TITLES quoting error phrases are not infra (0.8245ms)
  ✔ intentional E404 assertions and historical logs inside test prose are not infra (0.2215ms)
  ✔ summary regexes stay anchored (prose containing "5 passing" mid-sentence) (0.1399ms)
✔ FINDING B — benign prose NEVER flips to infrastructure (false-positive direction) (1.4894ms)
▶ post-GLM F3 — summary recognition and count parsing share one view
  ✔ an ANSI-wrapped failing line is counted as surely as it is recognized (0.7793ms)
  ✔ a fully colored genuine run is recognized AND counted (no false infra) (1.0877ms)
  ✔ lone-CR and ANSI compose identically across both functions (0.2383ms)
✔ post-GLM F3 — summary recognition and count parsing share one view (2.3977ms)
▶ auditPackageManifestText — lifecycle hooks refuse execution
  ✔ accepts a clean manifest (1.004ms)
  ✔ refuses preinstall hook (0.2175ms)
  ✔ refuses install hook (0.1382ms)
  ✔ refuses postinstall hook (0.1426ms)
  ✔ refuses prepare hook (0.1503ms)
  ✔ rejects invalid JSON without throwing (0.2104ms)
✔ auditPackageManifestText — lifecycle hooks refuse execution (3.2697ms)
▶ auditFixtureDir — rc-file injection gate
  ✔ refuses a fixture shipping .npmrc (14.7405ms)
  ✔ F10: finds rc files nested anywhere in the pinned source (6.5459ms)
  ✔ F7: refuses an UPPERCASE .NPMRC (Windows/macOS load it as project config) (4.8036ms)
  ✔ F7: also catches mixed-case nested .YarnRc.yml (6.5933ms)
✔ auditFixtureDir — rc-file injection gate (33.1892ms)
▶ expectedExtractedDir
  ✔ matches codeload tarball root naming (0.2164ms)
✔ expectedExtractedDir (0.3585ms)
▶ audit F6 — child env observation: declared == observed
  ✔ the child sees EXACTLY the declared allowlist keys (nothing undeclared) (529.3695ms)
  ✔ Windows session identity vars are neutralized, not merely absent from the block (440.2649ms)
  ✔ the real account identity is not reachable via any observed value (504.7474ms)
✔ audit F6 — child env observation: declared == observed (1475.888ms)
▶ KNOWN_RUNNER_RELEASES — npm pins equal their reviewed manifests (offline)
  ✔ every npm-origin entry has a manifest and the hashes agree (3.69ms)
  ✔ canary-double entries are the ONLY non-manifested pins (offline e2e bytes live in-repo) (0.3727ms)
✔ KNOWN_RUNNER_RELEASES — npm pins equal their reviewed manifests (offline) (6.2781ms)
▶ post-GLM F5 — findRunnerPin: origin is an execution-authority gate
  ✔ double bytes are UNSELECTABLE by default: pinned hash, zero execution authority (0.3187ms)
  ✔ only the explicit in-process grant selects the double (0.1319ms)
  ✔ npm pins stay selectable in BOTH postures — the gate is origin-scoped, not blanket (0.1746ms)
✔ post-GLM F5 — findRunnerPin: origin is an execution-authority gate (0.9124ms)
▶ audit F5 — sweep mechanism (live parent, positive proof)
  ✔ sweepDescendants finds and kills a live parent's child process (1081.9716ms)
✔ audit F5 — sweep mechanism (live parent, positive proof) (1083.2584ms)
▶ audit F5 — containment through runCommand
  ✔ normal exit-0 of a child that left a helper behind: sweep clean, no survivors (750.9782ms)
  ✔ a clean exit with no descendants sweeps nothing and does not fail (510.0702ms)
  ✔ timeout: tree kill + sweep leave no survivors and do not fail (2724.1461ms)
  ✔ the swept child PID itself is never listed as killed (only descendants) (436.8358ms)
✔ audit F5 — containment through runCommand (4422.7424ms)
▶ audit S1 — POSIX session-membership predicate (setpgid escapees)
  ✔ a member of the child session is caught even after it setpgid()s (0.3279ms)
  ✔ a member of the child group is caught (0.1529ms)
  ✔ an unrelated process is not swept (0.1623ms)
✔ audit S1 — POSIX session-membership predicate (setpgid escapees) (0.9437ms)
ℹ tests 472
ℹ suites 71
ℹ pass 472
ℹ fail 0
ℹ cancelled 0
ℹ skipped 0
ℹ todo 0
ℹ duration_ms 180123.285
