TREE: aad1b81eccf867a59343f8ad9100fe382f8c6f08 @ /c/Users/Johannes/Desktop/canary-observation-hardening
> canary-reliability-network@0.0.0 test
> npm run build && node --test "packages/**/dist/test/*.test.js" "apps/**/dist/test/*.test.js"


> canary-reliability-network@0.0.0 build
> tsc -b

▶ panel K layer 1 — the validator refuses hostile frame streams
  ✔ CONTROL: an honest watched lifecycle validates VALID (the battery needs a standing baseline) (6.5007ms)
  ✔ post-glm F6b: capture DELIBERATELY honors a complete stream paired with exit -1 — the veto lives in classification, not here (0.5719ms)
  ✔ (ii) injected round with ZERO frames on the channel is INVALID (0.3832ms)
  ✔ (iii) a missing bye — and a misplaced bye — are INVALID boundary violations (0.6607ms)
  ✔ (iv) a reject frame (adapter caught a forged/dup event LIVE) condemns the round (0.5969ms)
  ✔ (v) text claiming "2 passing" over 1 watched pass is INVALID — and a lying bye cannot fix it (0.7973ms)
  ✔ (vi) a forged hello.mochaVersion is INVALID — vs the pin and vs its own shape (0.6662ms)
  ✔ panel 1 extras: flood truncation, duplicate credits, unknown kinds and no-summary all fail closed (0.6195ms)
  ✔ (xi) garbage lines, non-object frames, adapter-error and masked exit each condemn the round (0.5373ms)
✔ panel K layer 1 — the validator refuses hostile frame streams (14.0781ms)
▶ panel K layer 2 — the pipeline end-to-end refuses unattested execution
  ✔ (i) a plain-node text stub that reads as a clean run degrades to INCONCLUSIVE rule 14 (12804.6037ms)
  ✔ (vii) an UNPINNED double running the observer protocol on fd 3 gets stray-bytes forensics, zero credit (6757.3889ms)
  ✔ (viii) AM-1 kill test: double CLAIMS the pinned version, bytes are wrong -> ABSENT, strong unreachable (6945.0627ms)
  ✔ (ix) a subject --require in spec argv is refused fail-closed (protected preload flag) (2570.2061ms)
  ✔ (x) process.exit() mid-round: watched lifecycle never ends -> INVALID, never strong (6031.579ms)
✔ panel K layer 2 — the pipeline end-to-end refuses unattested execution (35109.5207ms)
▶ post-GLM F1 — off-position runner token earns no execution credit
  ✔ refused fail-closed: forging `node -e` with the token trailing (1989.2136ms)
  ✔ refused fail-closed: forging prelude script with the token after it (1991.533ms)
  ✔ positive control: the executed-position token still earns VALID and a strong verdict (5634.6649ms)
✔ post-GLM F1 — off-position runner token earns no execution credit (9615.7643ms)
▶ post-GLM F4 — infra prose cannot mask an attested regression
  ✔ a VALID round whose stdout trips the infra signature still yields CONFIRMED_REGRESSION (5850.2856ms)
✔ post-GLM F4 — infra prose cannot mask an attested regression (5850.4901ms)
▶ post-GLM F5 — an untrusted spec cannot select the canary double
  ✔ double bytes staged by the spec itself: NO injection, every round ABSENT, INCONCLUSIVE rule 14 (5759.8281ms)
  ✔ trusted control: with the in-process grant the SAME spec earns VALID + a strong verdict (5867.6019ms)
✔ post-GLM F5 — an untrusted spec cannot select the canary double (11627.6952ms)
▶ audit M8 — CLI subprocess exit-code contract
  ✔ check on honest evidence exits 0 and prints PASS (13540.1258ms)
  ✔ check on a tampered artifact exits 3 and names the tampered file (7119.0029ms)
  ✔ report refuses a fabricated bundle (exit 3) and renders a valid one (exit 0) (7188.6452ms)
  ✔ audit F12: report with NO argument defaults to the latest run and renders bundle-persisted failing identities (6814.5148ms)
  ✔ version exits 0; no command prints usage and exits 3 (misuse) (183.2269ms)
  ✔ round-3 secondary: an infrastructure abort exits 2 (environment fault), never 3 (misuse) (651.1461ms)
✔ audit M8 — CLI subprocess exit-code contract (35498.3559ms)
▶ FINDING A — subject text alone can never create a strong verdict
  ✔ the GLM counterexample (console.log "128 passing") is never PASS (12810.8579ms)
  ✔ test command node -e printing mocha-shaped prose is never PASS (6768.8485ms)
  ✔ a printed failing summary is never CONFIRMED_REGRESSION (6945.259ms)
✔ FINDING A — subject text alone can never create a strong verdict (26526.4826ms)
▶ KNOWN_RUNNER_RELEASES — table == disk (canary-double)
  ✔ the pinned double hash equals the treeSha256 of the repo fixture bytes (2.8346ms)
  ✔ no placeholder digests survive, every entry is well-formed, versions unique per package (0.4433ms)
✔ KNOWN_RUNNER_RELEASES — table == disk (canary-double) (4.418ms)
▶ audit M8 — offline pipeline end-to-end
  ✔ confined regression: CONFIRMED_REGRESSION, real artifacts re-hash clean (13372.1433ms)
  ✔ unconfined tree drift is downgraded to INCONCLUSIVE rule 9 (F9 e2e) (6563.0765ms)
  ✔ a tampered artifact is caught end-to-end by the prove path (F4 e2e) (6882.2335ms)
  ✔ a fabricated self-contradictory bundle is refuted by validateBundle (F3 e2e) (6573.8955ms)
  ✔ round-3 secondary: a fetch failure is INFRASTRUCTURE (InfraAbort -> CLI exit 2), not generic error (2.7671ms)
  ✔ round-3 secondary: an extraction failure is INFRASTRUCTURE too (2.8057ms)
✔ audit M8 — offline pipeline end-to-end (33398.6316ms)
▶ round-3 B3 — the proof host is the ACTUAL runtime, never the evidence
  ✔ pristine run + proofHost = this machine: full gate PASSes with ZERO skipped assertions (12095.4294ms)
  ✔ THE AUDIT ATTACK: reseal host metadata to dodge host checks -> gate FAILS (exit 1), never skip-to-PASS (6893.6241ms)
  ✔ resealing the environment TO MATCH the real machine is not an attack: identity is reality, not paper (6997.8728ms)
  ✔ off the proof host (simulate a foreign runtime): strict checks SKIP and the verdict INCOMPLETE (exit 2) — PASS is not claimed (6623.5104ms)
  ✔ post-sol F1 — SELF-CONSISTENT is NOT proof-agreement: a bundle fully consistent on this machine can still FAIL check against a diverged committed proof (5984.2453ms)
  ✔ a lying proof file cannot flip the verdict either: proofHost=foreign while running here still skips (evidence-agnostic) (5828.5246ms)
✔ round-3 B3 — the proof host is the ACTUAL runtime, never the evidence (44424.5809ms)
▶ post-GLM F2 — executable bytes are part of the host identity
  ✔ a trojan runtime claiming the proof-host METADATA but running different bytes can never PASS (5869.9439ms)
  ✔ a proof naming a proofHost but omitting the exec digest is REFUSED — loud FAIL, never a silently weaker gate (5765.2691ms)
  ✔ the sampler reports the ACTUAL bytes of the running executable (68.3747ms)
  ✔ an environment ATTESTATION stays metadata-only: the evidence block carries no bytes to compare (documented residual) (0.1752ms)
✔ post-GLM F2 — executable bytes are part of the host identity (11704.1534ms)
▶ verifyArtifacts — audit F4 (proof must rehash the real artifacts)
  ✔ accepts a bundle whose every recorded hash matches the file on disk (33.218ms)
  ✔ rejects a tampered raw stdout (recorded hash kept, content swapped) (32.1263ms)
  ✔ rejects a tampered normalized stdout independently of the raw one (108.3342ms)
  ✔ rejects quietly deleted stderr artifacts (21.035ms)
  ✔ rejects all four substituted files of one round (raw, raw-err, norm, norm-err) (25.8961ms)
  ✔ rejects a logPath that breaks the round-ownership contract (17.5664ms)
✔ verifyArtifacts — audit F4 (proof must rehash the real artifacts) (240.8945ms)
▶ verifyArtifacts — audit B3 (path confinement + ownership)
  ✔ ../../ identical external substitution is refused (ownership), not verified against the external bytes (6.4826ms)
  ✔ absolute external path in logPath is refused (6.422ms)
  ✔ cross-round swap (candidate#1 claims candidate#2 log) is refused (10.0244ms)
  ✔ baseline pointing at a candidate artifact is refused (6.4538ms)
  ✔ a valid canonical relative artifact path verifies clean (12.056ms)
  ✔ missing + modified artifacts are refused (20.635ms)
  ✔ a symlinked artifact resolving outside the dir is refused (symlink escape) (14.8118ms)
✔ verifyArtifacts — audit B3 (path confinement + ownership) (77.7069ms)
▶ assertProof — audit F11 + round-3 B3 (host-exactness from the ACTUAL runtime)
  ✔ legacy proof (no proofHost): host-exact hashes NEVER assert — recorded-env match grants nothing (post-glm F6f) (11.2114ms)
  ✔ post-glm F6f: an ABSENT proofHost can never grant host-exact trust — resealed env metadata cannot PASS the proof (10.7195ms)
  ✔ matching proofHost + actual runtime on it: every assertion including hashes AND the environment binding evaluates (8.1065ms)
  ✔ round-3 B3 core: resealing the evidence environment can NO LONGER skip strict checks — it FAILS the binding (8.794ms)
  ✔ off-proof-host: host-exact comparisons skip (flagged, not silent); portable assertions still evaluate; verdict is INCOMPLETE (8.2086ms)
  ✔ off-proof-host with tampered committed hashes still passes portable checks (and this is exactly why verifyArtifacts exists) (20.5065ms)
✔ assertProof — audit F11 + round-3 B3 (host-exactness from the ACTUAL runtime) (68.0851ms)
▶ round-3 B3 — environment attestation + verdict helpers
  ✔ environmentAttestationIssues: silent only when claim == ACTUAL runtime (7.9426ms)
  ✔ proofVerdict: PASS requires zero failures AND zero skips (0.2312ms)
✔ round-3 B3 — environment attestation + verdict helpers (8.3867ms)
▶ round-3 B4-D — exact failing-identity set equality (proof vs candidate bytes)
  ✔ faithful expectation: exact set holds (0.293ms)
  ✔ proof pinning a SUBSET (hiding a real failure) FAILS (0.2639ms)
  ✔ proof pinning an EXTRA (non-existent) identity FAILS (0.1628ms)
  ✔ the exact-set check is portable — it evaluates (never skips) off-host (0.3207ms)
  ✔ a proof that does not pin the tarball digest FAILS the pin requirement (0.2345ms)
  ✔ assertProof alone refuses a resealed experimentId the proof does not name (mutation N10) (1.0531ms)
  ✔ a proof declaring a schema version the reader does not implement FAILS (portable) (0.3254ms)
✔ round-3 B4-D — exact failing-identity set equality (proof vs candidate bytes) (5.8706ms)
▶ post-sol secondary — host sampling is immune to the verifier process environment
  ✔ a poisoned NODE_OPTIONS in the verifying process does NOT crash or steer the fingerprint (545.5565ms)
✔ post-sol secondary — host sampling is immune to the verifier process environment (545.6903ms)
▶ audit B4 — provenance forgery matrix (which layer refuses)
  ✔ pristine run passes the whole gate (12090.9039ms)
  ✔ rewriting failure counts is caught — round-3 B1 coverage gate fires even earlier (at validateBundle) (6846.0594ms)
  ✔ rewriting failing-test identities is caught by byte re-derivation (resealed) (7008.4662ms)
  ✔ NEW: per-round name/value disagreement with bytes is caught (one round forged) (6623.9139ms)
  ✔ rewriting digests away from bytes is caught by verifyArtifacts (resealed) (5993.5849ms)
  ✔ rewriting the repo URL is caught by the committed proof (resealed) (5855.7729ms)
  ✔ rewriting experimentId is caught by the workspace binding (resealed) — B4-A fires before the proof (5849.9863ms)
  ✔ rewriting the pinned commit is caught by the committed proof (resealed) (5785.2041ms)
  ✔ rewriting runtime platform is caught by the committed proof (resealed) (5789.0241ms)
  ✔ flipping drift-confined to false is caught (resealed) — trustful+unconfined (5239.2495ms)
  ✔ downgrading a tree observation to INCOMPLETE cannot support a trustful label (resealed) (5257.0845ms)
  ✔ NEW: relabeling a real regression PASS is caught by re-derivation (resealed) (5330.8916ms)
  ✔ adding a non-allowlisted env key is refused (resealed) (5331.6568ms)
  ✔ naive (argv) rewrite without recomputing the manifest is caught by integrity (4949.6622ms)
  ✔ naive (tarball digest) rewrite without recomputing the manifest is caught by integrity (4940.731ms)
  ✔ naive (runId) rewrite without recomputing the manifest is caught by integrity (4877.6179ms)
  ✔ manifest integrity catches ANY single-field rewrite done without recompute (4942.4631ms)
✔ audit B4 — provenance forgery matrix (which layer refuses) (102714.5891ms)
▶ round-3 B4 — coherent-reseal matrix on release-critical fields
  ✔ resealed runId alone is contradicted by the workspace directory (4870.8002ms)
  ✔ resealed runId AND experimentId (coherent prefix) still contradicts the directory (4847.8946ms)
  ✔ resealed tarball digest is contradicted by the retained fixture.tgz bytes (4858.549ms)
  ✔ attacker who swaps the TARBALL BYTES too is stopped by the committed proof pin (4905.6559ms)
  ✔ resealed argv is contradicted by the committed spec re-expansion (proof host) (4976.1672ms)
  ✔ weakened envKeys (valid allowlist subset) is contradicted by the policy re-derivation (4894.2184ms)
  ✔ classification REASON tampering (label/rule/count coherent) is caught by byte re-derivation (4880.6216ms)
  ✔ coherent INCONCLUSIVE-rule9 relabel is refused (no unconfined drift to justify it) (9731.7087ms)
  ✔ resealed dependency-copy count is contradicted by the retained snapshot recount (4902.2248ms)
  ✔ a crash hidden from the record (crash line IN the bytes, resealed) is caught by byte re-derivation (4873.7917ms)
  ✔ an invented crashSignal on clean bytes is caught too (bidirectional binding, resealed) (4857.0555ms)
  ✔ a tampered infraSignal (false where bytes carry an infra line) is caught by bytes (4892.416ms)
  ✔ a proof pinning a SUBSET of the failing identities is refused (exact-set equality, B4-D) (4925.3849ms)
  ✔ a proof pinning a WRONG extra identity is refused too (exact-set equality, B4-D) (4893.6747ms)
  ✔ a proof that forgot to pin the tarball digest cannot support PASS (B4) (4869.6998ms)
✔ round-3 B4 — coherent-reseal matrix on release-critical fields (78180.7649ms)
▶ flattenNpmLsJson — npm 11.19 empty-object representation (pipeline path)
  ✔ an empty {} node with no problems mention is expected-absent: no anomaly, no hole (4.115ms)
  ✔ the same {} node IS an anomaly when problems mentions it (unmet-optional-that-matters fails closed) (0.3828ms)
  ✔ a version-less node with missing:true is an anomaly (uninstalled REQUIRED dep) (0.265ms)
  ✔ a version-less node carrying a declared subtree: missing-version + unwalked-subtree (0.3509ms)
  ✔ problems name-matching is token-anchored: "util" is not matched by "bufferutil@1.0.0" (0.2836ms)
  ✔ non-object node entries are malformed-node anomalies (0.2444ms)
  ✔ empty / effectively-empty trees can NEVER become VALID (criterion 6) (0.2564ms)
  ✔ a {} node for the STUDIED dependency itself is absence, not presence (criterion 7) (0.261ms)
  ✔ ANY anomaly caps the observation at INCOMPLETE even with the dep present (0.2487ms)
✔ flattenNpmLsJson — npm 11.19 empty-object representation (pipeline path) (8.8199ms)
▶ post-sol M-2 — empty-node semantics (narrowest exemption)
  ✔ the REAL captured npm 11.19 shape (root fsevents {}, ws nested {} natives) stays VALID (1.0332ms)
  ✔ R4-SR1 (self-review): problems WITH a silent stderr is npm's real extraneous-only shape — the observation is complete, not contradictory (0.3036ms)
  ✔ an empty/absent problems field under an ELSPROBLEMS stderr IS the contradiction (stripped-report forgery) (0.3237ms)
  ✔ problems ABSENT but stderr SCREAMING ELSPROBLEMS is equally a contradiction (stripped-stderr forgery) (0.1777ms)
  ✔ a MALFORMED problems field (string, object, or array with non-strings) kills the exemption and is itself an anomaly (0.3809ms)
  ✔ string-valued problems mentioning the node fail closed identically on BOTH parsers (N4 differential) (0.2028ms)
  ✔ the STUDIED dependency appearing as {} is absence (INCOMPLETE via depPresent), never presence (0.3846ms)
  ✔ drift caused by DISAPPEARANCE of a formerly-versioned dep is byte-visible, not exemption-hidden (outside-subtree drift -> unconfined) (0.3146ms)
  ✔ deeply nested hostile trees are BOUNDED on both parsers (no stack exhaustion; fails closed) (3.2739ms)
  ✔ the traversal budgets are IDENTICAL contracts in both implementations (0.1985ms)
  ✔ anomalies from the two problem channels are DETERMINISTIC and deduped across repeated {} nodes (0.2936ms)
✔ post-sol M-2 — empty-node semantics (narrowest exemption) (7.7252ms)
▶ cross-implementation parity — pipeline flatten vs verify-tree re-flatten (criteria 2+3)
  ✔ parity: plain (0.35ms)
  ✔ parity: 11.19 empty optionals (0.1236ms)
  ✔ parity: empty optional + problems mention (0.1222ms)
  ✔ parity: missing required (0.1491ms)
  ✔ parity: scoped names (0.0922ms)
  ✔ parity: nested copies (1.0666ms)
  ✔ parity: malformed nodes (0.1505ms)
  ✔ parity: version-less with subtree (0.1179ms)
  ✔ parity: problems only (no deps) (0.1513ms)
  ✔ parity: truncated json (0.1585ms)
  ✔ parity: json scalar (0.1026ms)
  ✔ parity: json null (0.063ms)
  ✔ parity: empty root (0.0839ms)
✔ cross-implementation parity — pipeline flatten vs verify-tree re-flatten (criteria 2+3) (3.2941ms)
▶ confinement semantics survive the compatibility fix (criterion 3)
  ✔ a {} drift node is never a flat key, so drift sets stay byte-derived (0.1931ms)
  ✔ drift OUTSIDE the subtree stays unconfined even next to {} nodes (0.1767ms)
  ✔ scoped-name escape stays closed under segment semantics (0.1119ms)
✔ confinement semantics survive the compatibility fix (criterion 3) (0.6231ms)
▶ reflattenNpmLs — independent re-derivation of the tree observation
  ✔ flattens nested/scoped trees with versions, no anomalies (problems ignored) (1.9161ms)
  ✔ a missing-version node (npm unmet dependency) is an anomaly, never an "x" sentinel (0.3442ms)
  ✔ an empty {} node with no problems mention is an expected-absent optional, not a hole (0.3645ms)
  ✔ the same empty {} node IS an anomaly when problems mentions it (unmet-optional-that-matters fails closed) (0.2323ms)
  ✔ problems name-matching is token-anchored: "util" is not mentioned by "bufferutil@1.0.0" (0.2658ms)
  ✔ a {} node WITH a declared subtree is still missing-version + unwalked-subtree (0.1862ms)
  ✔ a version-less NODE hides a whole subtree: missing-version + unwalked-subtree (0.1804ms)
  ✔ truncated / malformed JSON => parsed=false (INVALID territory), never a partial success (0.3649ms)
  ✔ copies are counted by full path segments; subtree containment is segment membership (0.3482ms)
✔ reflattenNpmLs — independent re-derivation of the tree observation (5.8706ms)
▶ retained tree snapshots — real pipeline bytes, independent verifier
  ✔ a fresh confined CONFIRMED run retains arm-named artifacts that verify clean (12757.0564ms)
  ✔ naive tamper of retained raw bytes (no reseal) is caught (6862.0151ms)
  ✔ LAZY reseal (raw digest fixed, canonical/tree-hash left stale) is caught by the chain (6999.258ms)
  ✔ reseal that rewrites bytes+digests but keeps the old attestation claim is caught by verify-tree (6644.6078ms)
  ✔ COHERENT full tree-side reseal: bundle layer catches the version lie (attestation invariant) (5982.9506ms)
  ✔ a coherent reseal claiming VALID over bytes with a missing-version hole is caught (status + anomaly re-derivation) (5825.7463ms)
  ✔ pointing one arm at the other arm bytes is caught by BOTH layers (5866.6605ms)
  ✔ flipping driftConfinedToDependency against the retained snapshots is caught (5762.6959ms)
  ✔ stripping snapshot refs from a trustful bundle: verifier says unverifiable, schema refuses to seal trust on it (5782.8908ms)
  ✔ post-GLM G: naive tamper/deletion of the retained attest bytes is caught by verifyArtifacts (5310.8441ms)
  ✔ post-GLM G: a resealed framesSha256 the retained bytes do not back is caught ONLY by the bytes binding (5243.0151ms)
  ✔ post-GLM G: reseal-everything-but-the-observation is REFUSED (the pre-G "clean 4-file resealed tuple" premise is forbidden by design) (5327.247ms)
✔ retained tree snapshots — real pipeline bytes, independent verifier (78366.0369ms)
▶ validateBundle — round-3 B6 snapshot/anomaly/version gates
  ✔ trustful WITH snapshots + empty anomalies + consistent versions validates clean (0.6552ms)
  ✔ trustful WITHOUT retained snapshots is rejected (resealed) (0.5327ms)
  ✔ trustful with a MISSING anomaly array is rejected ("did not look" != "nothing found") (0.3684ms)
  ✔ trustful with NON-EMPTY recorded anomalies is rejected (partial observation cannot anchor trust) (0.3713ms)
  ✔ resolvedVersions contradicting the dependency block is rejected (resealed attestation forgery) (0.4813ms)
  ✔ snapshot artifact names must be arm-derived (candidate pointing at baseline bytes dies sealed) (0.3174ms)
  ✔ NON-trustful bundles may legitimately carry no snapshots (honest INCONCLUSIVE rule 10) (0.5651ms)
  ✔ trustful label with rounds observation-ABSENT is rejected (rule-14 mirror, panel H) (0.3935ms)
  ✔ trustful label with a VALID observation naming an UNPINNED runner is rejected (panel H/AM-1) (0.3408ms)
  ✔ trustful label whose observed counts DISAGREE with the text channel is rejected (cross-channel gate cannot be bypassed) (0.3691ms)
✔ validateBundle — round-3 B6 snapshot/anomaly/version gates (4.6469ms)
▶ AI adapter boundary
  ✔ noop provider attaches nothing (0.9102ms)
  ✔ attachSummary cannot alter any pre-existing field, including classification (0.5566ms)
✔ AI adapter boundary (3.7414ms)
▶ classify — decision table (docs/PLAN.md section 6)
  ✔ rule 3: baseline unanimous pass + candidate unanimous pass -> PASS (2.1769ms)
  ✔ rule 5: baseline passes, all candidate rounds fail -> CONFIRMED_REGRESSION (0.4619ms)
  ✔ rule 4: baseline fails with real summaries + candidate fails -> PRE_EXISTING_FAILURE (0.289ms)
  ✔ rule 1 (degenerate-run guard): failing round without runner summary -> INFRASTRUCTURE_FAILURE, never CONFIRMED_REGRESSION (0.2218ms)
  ✔ rule 1: killed round (exit -1) -> INFRASTRUCTURE_FAILURE (0.2131ms)
  ✔ rule 1: infra signal on a failing round outranks drift (0.2228ms)
  ✔ rule 2: split baseline -> FLAKY (experiment invalid) (0.1982ms)
  ✔ rule 7: clean baseline, mixed candidate -> FLAKY, not CONFIRMED (0.2249ms)
  ✔ rule 6: failing baseline + all-pass candidate -> INCONCLUSIVE (inverted pattern) (0.2863ms)
  ✔ rule 0: missing arms -> INCONCLUSIVE (0.2279ms)
  ✔ rule 1 (F1 guard): nonzero exit whose summary reports 0 failing is infra, not drift (0.1889ms)
  ✔ rule 1 (F5 guard): zero exit with masked failures in summary is never PASS (0.1413ms)
  ✔ audit B2: zero-test execution (exit 0, "0 passing") is INFRA, never PASS (0.2402ms)
  ✔ audit B2: a round with NO runner summary at exit 0 is INFRA, never PASS (0.1925ms)
  ✔ audit B2: recognized infra signature at EXIT ZERO is INFRA (a harness that swallows errors) (0.1749ms)
  ✔ audit B2: a candidate whose baseline is clean but rounds are zero-test is INFRA (never CONFIRMED) (0.3882ms)
  ✔ audit B2 positive control: a valid zero-failure run (N>0 passing, exit 0) still PASSES (0.175ms)
  ✔ audit F1 (mocha-realistic): passing summary WITHOUT a failing line + nonzero exit -> INFRA, never CONFIRMED_REGRESSION (0.1511ms)
  ✔ audit F2: candidate rounds failing DIFFERENT counts -> FLAKY rule 8, not CONFIRMED_REGRESSION (0.1989ms)
  ✔ audit F2: same count but DIFFERENT failing-test identities -> FLAKY rule 8 (0.1463ms)
  ✔ audit F2: identical failure profiles (golden shape) -> still CONFIRMED_REGRESSION rule 5 (0.2678ms)
  ✔ audit F2: profile comparison is order-independent (sorted identities) (0.1889ms)
  ✔ audit F2: unstable baseline failure identities block PRE_EXISTING_FAILURE -> FLAKY (0.1515ms)
  ✔ audit F1 contract: summary-present failing round WITHOUT any failing count is INFRA, not regression (0.3862ms)
  ✔ is pure: same facts always yield the same verdict (1.2055ms)
✔ classify — decision table (docs/PLAN.md section 6) (11.7712ms)
▶ audit F9/B6 — applyConfinementGuard (rules 9 + 10, enforced not decorative)
  ✔ downgrades CONFIRMED_REGRESSION to INCONCLUSIVE rule 9 when drift is unconfined (0.4666ms)
  ✔ is identity when drift IS confined and both trees VALID (a legit CONFIRMED survives) (0.1762ms)
  ✔ never masks an INFRASTRUCTURE_FAILURE (higher-fidelity reason kept) (0.13ms)
  ✔ downgrades PASS and PRE_EXISTING_FAILURE too (any trustful verdict needs comparable arms) (0.2126ms)
  ✔ audit B6: an empty/partial tree observation downgrades to INCONCLUSIVE rule 10 even when drift is confined (0.6343ms)
  ✔ audit B6: tree-invalidity takes precedence over unconfined drift (rule 10 not 9) (0.2302ms)
  ✔ guard removal would flip the outcome: identical facts, opposite confinement (0.2402ms)
✔ audit F9/B6 — applyConfinementGuard (rules 9 + 10, enforced not decorative) (2.5605ms)
▶ round-3 blocker 1 — identity coverage gates trustful verdicts
  ✔ identityCoverage: exact match COMPLETE; fewer / more / missing => INCOMPLETE / NOT_OBSERVED (0.3213ms)
  ✔ two DIFFERENT root-level failures that collapsed to equal EMPTY sets can never CONFIRM (rule 11) (0.452ms)
  ✔ repeated "2 failing" with only ONE extractable identity -> INCONCLUSIVE rule 11, never CONFIRMED (0.1789ms)
  ✔ single failing round claiming 9 failures with 0 identities -> INCONCLUSIVE rule 11 (0.2309ms)
  ✔ under-accounted BASELINE blocks PRE_EXISTING_FAILURE too (coverage is not candidate-only) (0.1661ms)
  ✔ genuinely distinct root failures stay distinct (rule 8 FLAKY, not coverage, not CONFIRMED) (0.2334ms)
  ✔ fully-accounted root-level identities CONFIRM (conservatism must not break real proofs) (0.187ms)
✔ round-3 blocker 1 — identity coverage gates trustful verdicts (2.1277ms)
▶ round-3 blocker 2 — pending tests are NOT executed assertions
  ✔ all-pending candidate (0/0/7, exit 0) can never PASS -> INFRA (0.4505ms)
  ✔ infraCause flags a pending-only round directly (was: null) (0.2186ms)
  ✔ healthy baseline + ALL-skipped candidate: the run proves nothing executed (0.115ms)
  ✔ summary present with NO machine-readable counts at all -> INFRA (prose "summary" proves nothing) (0.3097ms)
  ✔ pending-only counts (no passing/failing line — the real mocha shape) -> INFRA zero-executed (0.2341ms)
  ✔ zero-test with NO summary at all stays INFRA (B2 path unchanged) (0.1637ms)
  ✔ a single executed assertion (1 passing, 0 failing, N pending) is enough to be a VALID run (0.195ms)
  ✔ decoy early summary lines cannot steer a nonzero-exit round into CONFIRMED (probe P2) (0.1318ms)
  ✔ duplicate identical suite-qualified identities under-account -> rule 11, never trust (probe P4) (0.1475ms)
✔ round-3 blocker 2 — pending tests are NOT executed assertions (3.8181ms)
▶ post-sol RB-2 — coverage consistency gates strong verdicts
  ✔ Sol case 1: baseline 128 passing, candidate 1 passing is NOT PASS (0.3633ms)
  ✔ Sol case 2: baseline repetitions 128 then 1 (both exit 0) is NOT PASS (0.1446ms)
  ✔ Sol case 3: baseline 128, candidate 1 passing / 127 pending is NOT PASS (0.166ms)
  ✔ Sol case 4: baseline 128, candidate 1 stable failing test is NOT CONFIRMED_REGRESSION (0.2031ms)
  ✔ Axios golden shape (128 passing -> 125 passing / 3 failing) STILL classifies CONFIRMED_REGRESSION rule 5 (0.259ms)
  ✔ a passing->failing move at stable totals is a regression, not a coverage gap (0.1485ms)
  ✔ one executed test on BOTH arms, stable across repetitions, still PASSES (no hard-coded minimum) (0.2218ms)
  ✔ pending that SHRINKS candidate-side is caught by the observed total (5 executed + 0 pending vs 5 + 5 pending) (0.1352ms)
  ✔ candidate executing MORE than baseline is equally non-comparable (strong verdicts need both directions) (0.1133ms)
  ✔ rule 12 fires on candidate-side instability too (one repeat loses a test, both exit 0) (0.1206ms)
  ✔ PRE_EXISTING_FAILURE also demands comparability (baseline fails with fewer executed than candidate) (0.1638ms)
  ✔ weak outputs are never inflated by the new rules: mixed candidate with a coverage gap stays FLAKY (rule 7), infra wins over coverage (rule 1) (0.1983ms)
  ✔ treats undefined counts as zero consistently with rule 1 (mocha omits the 0-failing line): 5 passing vs 5 passing+3 failing is NOT comparable (0.1067ms)
  ✔ a stable-coverage collapse on BOTH arms (128 -> 1 -> uniform) is comparable and can still PASS — and is reported honestly (0.0955ms)
✔ post-sol RB-2 — coverage consistency gates strong verdicts (3.0181ms)
▶ post-GLM — execution-observation gate (rule 14)
  ✔ the GLM shape: unanimous "passing" prose with NO observation -> INCONCLUSIVE rule 14, never PASS (0.4428ms)
  ✔ a VALID observation that LIES about counts is caught (text 5/0/0 vs observed 42/0/0) (0.4826ms)
  ✔ a VALID observation whose failing identities differ from the text is caught (0.169ms)
  ✔ FLAKY is gated too: a split baseline WITHOUT observation is rule 14, not FLAKY (0.1084ms)
  ✔ PRE_EXISTING_FAILURE is gated: fail/fail/fail prose is rule 14 (the guard also gates the honest direction) (0.1162ms)
  ✔ status ABSENT is not "weak-but-fine": an explicit ABSENT observation gates like a missing one (0.1485ms)
  ✔ the gate reports the FIRST offending round in bundle order (deterministic reason) (0.1025ms)
  ✔ observationGateIssue: both exit-contradiction directions fail a VALID observation (0.1291ms)
  ✔ observationSatisfied agrees with the gate on both paths (0.1314ms)
  ✔ a VALID observation whose identity array is missing/malformed is a REFUSAL, not a crash (0.1666ms)
  ✔ post-GLM F4: infra TEXT signature alone cannot veto an attested execution (precedence) (0.2028ms)
  ✔ post-glm F6b: the ACTUAL containment of a VALID-observed killed round — gate blind, rule 1 absolute (0.1763ms)
  ✔ post-GLM F4 twin: WITHOUT attestation the same prose still yields rule 1 INFRA (0.1305ms)
  ✔ post-GLM F4 residual: a crash-signature TEXT cannot veto an attested execution either (0.4012ms)
  ✔ post-GLM F4 residual twin: WITHOUT attestation crash prose still yields rule 1 INFRA (0.1236ms)
  ✔ weak paths are NOT gated: rule 0/rule 1 keep their rule numbers without any observation (0.1401ms)
✔ post-GLM — execution-observation gate (rule 14) (3.8531ms)
▶ post-GLM round 5 F1 — PRE_EXISTING requires failing-set containment
  ✔ a candidate failure Canary never saw fail in baseline is NOT pre-existing — INCONCLUSIVE 13 (never a swallowed regression) (0.2819ms)
  ✔ disjoint failing sets ({A} baseline vs {B} candidate) at equal totals describe no comparable transition — INCONCLUSIVE 13 (0.2289ms)
  ✔ an honest PRE_EXISTING_FAILURE (identical failing sets) keeps rule 4 — containment must not over-block (0.2978ms)
  ✔ CONFIRMED_REGRESSION is untouched by containment (baseline has zero failing identities) (0.1311ms)
  ✔ DOCUMENTED CEILING: version-gated passing-test substitution still PASSes (F3/§8.1) — equality of cardinality + failing sets is the exact invariant (0.1036ms)
✔ post-GLM round 5 F1 — PRE_EXISTING requires failing-set containment (1.2986ms)
▶ post-GLM round 5 F4 — rule 14 downgrades EVERY FLAKY producer (6/7/8/12)
  ✔ un-attested producer rule 6 (non-unanimous candidate under failing baseline) -> INCONCLUSIVE 14, never FLAKY (0.2092ms)
  ✔ un-attested producer rule 7 (clean baseline, mixed candidate) -> INCONCLUSIVE 14, never FLAKY (0.1579ms)
  ✔ un-attested producer rule 8 (failing rounds within an arm differ in identity) -> INCONCLUSIVE 14, never FLAKY (0.354ms)
  ✔ un-attested producer rule 12 (repetitions differ in coverage totals) -> INCONCLUSIVE 14, never FLAKY (0.1658ms)
✔ post-GLM round 5 F4 — rule 14 downgrades EVERY FLAKY producer (6/7/8/12) (1.113ms)
▶ inDependencySubtree
  ✔ matches the dep itself and its nested copies at any depth (escaped keys) (0.9993ms)
  ✔ scoped name collisions cannot masquerade when keys are escaped (F4) (0.2348ms)
  ✔ round-3 B6: descendants of a NESTED copy are inside the subtree (0.2483ms)
  ✔ audit F10: a SCOPED dependency matches its own escaped keys (0.198ms)
✔ inDependencySubtree (3.0557ms)
▶ diffTrees — the arms-equality proof
  ✔ audit F10: scoped dependency drift inside its subtree is confined (1.6965ms)
  ✔ audit F10: scoped dep PLUS real external drift is still NOT confined (1.0562ms)
  ✔ golden case: only the dependency subtree changed (0.2373ms)
  ✔ detects contamination outside the dependency (0.2377ms)
  ✔ audit B6 exposes the vacuous-confinement hazard (empty trees report confined) (0.2988ms)
✔ diffTrees — the arms-equality proof (4.0162ms)
▶ audit B6 — classifyTreeObservation (tree completeness)
  ✔ a parsed, non-empty tree containing the dependency is VALID (0.3362ms)
  ✔ empty tree (no data observed) is INVALID, not a proof of confinement (0.1057ms)
  ✔ unparseable / no-root-deps is INVALID (0.129ms)
  ✔ tree present but the studied dependency absent is INCOMPLETE (0.1225ms)
  ✔ scoped dependency presence is detected via the escaped key (dependencyInTree) (0.1272ms)
  ✔ round-3 B6: ANY observation anomaly caps the status at INCOMPLETE (0.2756ms)
✔ audit B6 — classifyTreeObservation (tree completeness) (1.4181ms)
▶ log parsing (auxiliary — never decides classification)
  ✔ extracts canonical suite-qualified identities from mocha output (audit B1) (1.7487ms)
  ✔ audit B1: same leaf title in DIFFERENT suites stays DISTINCT (0.6433ms)
  ✔ audit B1: nested describe paths survive as multi-segment identities (0.1346ms)
  ✔ audit B1: progress-list lines (N) followed by a passing line yield NO identity (0.3957ms)
  ✔ audit B1: identical identities in one run dedupe deterministically; distinct never collapse (0.2368ms)
  ✔ audit B1: ava identities keep the full suite path (0.1815ms)
  ✔ parses summary counts (0.9378ms)
  ✔ round-3 B1: ROOT-level failure ("1) title:" — colon on the numbered line) yields its identity (0.1794ms)
  ✔ round-3 B1: repeated root-level titles across rounds re-extract identically (deterministic) (0.3998ms)
  ✔ round-3 B1: mixed root + nested blocks do not corrupt each other (0.1404ms)
  ✔ round-3 B1: a nested block is abandoned at the summary line, never past it (0.1223ms)
  ✔ round-3 B1: malformed/truncated output yields NO fabricated identities (0.2068ms)
  ✔ round-3 B1: reordered distinct failures extract the same SET (profile order-independence) (0.2812ms)
✔ log parsing (auxiliary — never decides classification) (7.4615ms)
▶ streamsStable
  ✔ true only for identical hashes across all rounds (0.1562ms)
✔ streamsStable (0.2423ms)
▶ post-sol secondary — lone-CR line endings parse identically to LF/CRLF
  ✔ parseSummaryCounts reads the same totals across LF, CRLF and CR-only (2.5664ms)
  ✔ extractFailingTestNames finds the same identities across LF, CRLF and CR-only (0.3026ms)
✔ post-sol secondary — lone-CR line endings parse identically to LF/CRLF (3.0563ms)
▶ post-GLM F3 — ANSI-colored output parses identically to plain output
  ✔ parseSummaryCounts reads the same totals colored as plain (0.6836ms)
  ✔ extractFailingTestNames finds the same identities colored as plain (0.1767ms)
  ✔ F3 false-PASS battery: an ANSI-wrapped failing line cannot hide from the masked-failure count (0.137ms)
  ✔ precision control: stripping never fabricates counts (0.1389ms)
  ✔ ANSI and lone-CR compose: colored CR-only stream matches colored LF stream (0.1614ms)
✔ post-GLM F3 — ANSI-colored output parses identically to plain output (1.6782ms)
▶ validateSpec
  ✔ accepts the golden shape (1.556ms)
  ✔ rejects branch/tag names instead of full SHAs (0.3562ms)
  ✔ rejects a swap that does not install the candidate (0.2253ms)
  ✔ requires >=2 candidate repetitions (a regression must reproduce) (0.2438ms)
  ✔ requires >=2 baseline rounds so the FLAKY guard is reachable (F8) (0.1976ms)
  ✔ rejects identical baseline/candidate (0.1946ms)
  ✔ rejects malformed prepare argv (not array-of-arrays) (0.1984ms)
  ✔ rejects non-object input without throwing (0.1893ms)
✔ validateSpec (4.8702ms)
▶ planArms
  ✔ orders steps with toolchain between prepare and build (1.1315ms)
  ✔ omits toolchain/build when absent (0.2698ms)
✔ planArms (1.7065ms)
▶ normalizers
  ✔ canonicalizes line endings, trailing ws, final newline (2.1606ms)
  ✔ collapses timestamps, dates, durations (0.2374ms)
  ✔ collapses uuids and long hex addresses but not short hex (0.2161ms)
  ✔ collapses ports on localhost (0.2016ms)
  ✔ normalizes the run workspace, temp, home, user, host (1.0468ms)
  ✔ pathVariants covers slash forms and drive case (0.2009ms)
  ✔ the stability invariant: same logical run shape at different moments collapses to identical bytes (1.6447ms)
  ✔ result lines are never rewritten by value-shape rules (1.5942ms)
✔ normalizers (9.4124ms)
▶ renderHtml
  ✔ renders the deterministic verdict verbatim (1.3056ms)
  ✔ shows hash prefixes and log paths for audit (0.1901ms)
  ✔ states the drift-confinement result (0.1688ms)
  ✔ escapes hostile content from downstream logs/names (no HTML injection) (0.3124ms)
  ✔ audit F12: renders failing-test identities derived from the BUNDLE (no extras) (0.5777ms)
  ✔ audit F12: a bundle with no failing identities omits the section (0.2983ms)
✔ renderHtml (4.4161ms)
▶ post-sol F1 — the verification banner says SELF-CONSISTENT, not VERIFIED
  ✔ a fully local-consistent render is labeled SELF-CONSISTENT and disclaims the committed proof (0.3852ms)
  ✔ a failing consistency render is labeled NOT SELF-CONSISTENT and still warns (0.812ms)
  ✔ no verification argument at all renders NOT SELF-CONSISTENT (absence of checking is not success) (0.2429ms)
✔ post-sol F1 — the verification banner says SELF-CONSISTENT, not VERIFIED (1.8603ms)
▶ validateBundle
  ✔ accepts a well-formed bundle (3.8697ms)
  ✔ rejects an unknown classification label (0.7823ms)
  ✔ rejects short/hexless commit SHAs (no branch pins in evidence) (0.6906ms)
  ✔ rejects a bundle missing an arm (0.9521ms)
  ✔ rejects malformed stream hashes (0.4852ms)
  ✔ rejects a round whose envKeys leak outside the sanitized allowlist (F9) (0.4585ms)
  ✔ rejects reproductionCount < 1 (0.5364ms)
✔ validateBundle (8.7985ms)
▶ validateBundle — semantic integrity (audit F3)
  ✔ rejects a CONFIRMED_REGRESSION label whose own rounds say PASS (1.0288ms)
  ✔ rejects a CONFIRMED_REGRESSION built from rounds whose failure identities differ (must re-derive FLAKY rule 8) (1.0698ms)
  ✔ rejects masked-failure rounds (exit 0 with reported failures) under a PASS label (0.8014ms)
  ✔ rejects killedByTimeout=true alongside a normal exit code (0.3819ms)
  ✔ rejects an inflated reproductionCount not backed by candidate rounds (0.2966ms)
  ✔ rejects a trustful verdict while drift says NOT confined (rule-9 guard bypassed) (0.2848ms)
  ✔ accepts the legitimate rule-9 override: unconfined drift + INCONCLUSIVE rule 9 (0.501ms)
  ✔ audit B6: rejects a trustful verdict built on a non-VALID tree observation (0.4264ms)
  ✔ audit B6: accepts the legitimate rule-10 override (confined drift but weak observation) (0.2657ms)
  ✔ audit B6: rejects a FABRICATED rule-10 downgrade even with a valid manifest (semantic layer alone catches it) (0.3835ms)
  ✔ audit B6: observationStatus is mandatory (0.3429ms)
  ✔ refuses to treat a CONFIRMED_REGRESSION as trustworthy when round facts are too sparse to re-derive (0.3124ms)
  ✔ self-review N3: the sparse-facts refusal covers a PASS claim too (was: CONFIRMED/PRE_EXISTING only) (0.4812ms)
  ✔ robustness H1: rejects duplicate (arm,round) indices (resealed) (1.974ms)
  ✔ round-3 B1: a RESEALED CONFIRMED whose failing identities under-account the count dies twice over (0.5107ms)
  ✔ post-sol RB-2: a resealed trustful bundle over incomparable arm coverage dies twice over (0.5185ms)
  ✔ post-sol RB-2: a trustful label with only ONE round per arm is refused (0.3488ms)
  ✔ post-sol RB-2: unstable repetition coverage under a trustful label is refused (baseline 5 vs 4 passing) (0.4051ms)
  ✔ post-sol RB-2: weak labels carry no parity requirement (honest INCONCLUSIVE rule 13 validates) (0.6875ms)
  ✔ round-3 B2: a PASS label over zero-assertion (pending-only) rounds is rejected (0.598ms)
✔ validateBundle — semantic integrity (audit F3) (12.2024ms)
▶ post-sol M-1 — contract.ts is the single source of truth
  ✔ the committed schemas/evidence.schema.json EQUALS the generated contract (no drift) (37.6303ms)
  ✔ every always-required contract field is refused at runtime when DELETED (Sol: commands, killedByTimeout, startedAt, durationMs included) (30.8206ms)
  ✔ intentionally-optional fields may be absent (we do not blind-strictify) (1.319ms)
  ✔ unknown fields are refused at root, round, and treeComparison scopes (policy is intentional) (1.3786ms)
  ✔ post-glm F6c: unknown fields NAMED LIKE Object.prototype members are refused too (own-property check, not `in`) (2.6414ms)
  ✔ trustful-tier fields: deleted infraSignal/snapshots/anomalies kill a trustful claim but validate clean under a weak honest label (1.4084ms)
  ✔ round indices must be contiguous per arm (an omitted round shrinks the claimed reproduction) (0.4936ms)
✔ post-sol M-1 — contract.ts is the single source of truth (76.1064ms)
▶ post-GLM round 5 — mirror constant independence + containment restatement
  ✔ STRONG_MIRROR_LABELS is a distinct copy of the classifier strong set with pinned equivalence (0.2419ms)
  ✔ refuses PRE_EXISTING_FAILURE whose candidate fails identities baseline did not (containment at 3d) (0.7449ms)
  ✔ accepts an honest PRE_EXISTING_FAILURE (identical failing sets across arms) — no over-blocking (0.4851ms)
✔ post-GLM round 5 — mirror constant independence + containment restatement (1.6612ms)
▶ Recorder.expandArgv — token expansion + enforced isolation
  ✔ expands $bin via resolver to node + bin path (6.3489ms)
  ✔ ALWAYS appends --ignore-scripts and cache isolation to install commands (3.5377ms)
  ✔ F6: flags are detected past leading options ($npm --loglevel install) (3.6369ms)
  ✔ F6: npm ci (runs lifecycle scripts by default) is also covered (3.9133ms)
  ✔ post-glm F6e: the controlled empty npm config is RE-ESTABLISHED immediately before install (tamper-between-creation-and-use) (5.6793ms)
  ✔ F6: $yarn install gets yarn-appropriate flags after -- and --ignore-scripts on the npx bootstrap (5.0686ms)
  ✔ F8: $npm -u evil.npmrc install x is REJECTED (was silent injection-skip) (4.5868ms)
  ✔ F8: conflicting config flags rejected BEFORE and AFTER the subcommand (5.5073ms)
  ✔ F8: unknown bare option before subcommand rejected; --key=value passes (5.586ms)
  ✔ F8: exec/dlx/shell-style subcommands rejected; run of a local script is not (3.9402ms)
  ✔ F8: conflicting flags rejected in CASE VARIANTS too (red-team) (3.1899ms)
  ✔ F8: install-family options with = or after the subcommand still expand normally (3.1814ms)
  ✔ non-install commands get no injected flags (2.8277ms)
✔ Recorder.expandArgv — token expansion + enforced isolation (59.4806ms)
▶ summary/infra matchers (F1/F5 hardening)
  ✔ strict summary matcher rejects prose and accepts runner lines (0.544ms)
  ✔ environmental error patterns are infra (F1/F2) (0.5998ms)
  ✔ audit B2: errno code in a PASSING test name is NOT infra; in an error line IS (0.5312ms)
✔ summary/infra matchers (F1/F5 hardening) (1.8823ms)
▶ Recorder.step/round — real subprocess, real artifacts (no mocks)
  ✔ captures exit code, streams, hashes, counts; unique-ifies repeated labels (857.2851ms)
  ✔ F1 shape: nonzero exit + summary claiming 0 failing is recorded with the count (396.6194ms)
  ✔ F5 shape: exit 0 while summary reports failures is captured (classifier then infra-guards) (358.5825ms)
  ✔ audit F13: failing-test identities from REAL subprocess output land in fact and evidence (344.4907ms)
  ✔ audit B2 (real subprocess): 0 passing at exit 0 records reportedPassing=0 (classifier => INFRA) (341.7003ms)
  ✔ audit B2 (real subprocess): ECONNREFUSED error line at exit 0 sets infraSignal true (not swallowed by exit) (338.4565ms)
  ✔ audit B2 (real subprocess): a genuinely passing run records reportedPassing>0 and stays valid (361.2269ms)
  ✔ audit B1 e2e: same leaf title, different SUITE across candidate rounds -> FLAKY (1035.9103ms)
  ✔ audit B1 e2e: identical SUITE-QUALIFIED identity across rounds stays CONFIRM-eligible (1403.3178ms)
  ✔ timeout kills produce exit -1 (and tree-kill runs without throwing) (1495.9113ms)
✔ Recorder.step/round — real subprocess, real artifacts (no mocks) (6934.3916ms)
▶ audit B5 — canonical package-manager policy (closed allowlist)
  ✔ B5: install ALIASES (the pre-fix silent-skip) now receive full injection (10.2157ms)
  ✔ B5: unknown/unvetted subcommands are REJECTED, not run without policy (3.6985ms)
  ✔ B5: RAW package-manager forms rejected for ANY command position (3.0744ms)
  ✔ B5: $bin:npm bypass is rejected; $bin:mocha still works (4.306ms)
  ✔ B5: user `--` in an install command is rejected (was the trailing-flag dead-weight bypass) (3.3963ms)
  ✔ B5 invariant (property): accepted install => isolation flags in EFFECTIVE position after the subcommand, none after a `--` (6.6101ms)
  ✔ B5: closed-allowlist families classified correctly by the policy parser (0.1817ms)
✔ audit B5 — canonical package-manager policy (closed allowlist) (31.7503ms)
▶ round-3 B5 — wrapper-mediated / frontend package-manager execution is refused
  ✔ cmd /c npm install … is refused (the canonical Windows wrapper bypass) (4.3839ms)
  ✔ powershell / pwsh … npm is refused (5.0781ms)
  ✔ env / nohup / xargs / sh -c / sudo npm are refused (POSIX wrappers) (1.8342ms)
  ✔ package-manager FRONTENDS (pnpm/bun/corepack/volta) are refused (3.8546ms)
  ✔ node executed ON a package-manager file (node npm / node npm-cli.js) is refused (4.4744ms)
  ✔ any other unenumerated literal executable fails closed (not silently expanded) (4.4157ms)
  ✔ REGRESSION: every SUPPORTED form still expands (allowlist does not over-reject) (4.9653ms)
  ✔ REGRESSION: raw npm / npm.cmd / direct npm-cli / $bin:npm still rejected (pre-existing B5.1) (4.263ms)
✔ round-3 B5 — wrapper-mediated / frontend package-manager execution is refused (33.6066ms)
▶ round-3 secondary — crash & sweep signals reach the classification
  ✔ hasCrashSignature: matches V8/native abort phrasing, skips pass-glyph lines (0.1649ms)
  ✔ glyph discrimination (self-review N4): ava ✖ (U+2716) fires infra; ✗-titled (U+2717) prose does not (0.1839ms)
  ✔ isInfraOutput: a hard infra phrase inside a PASSING test title is not false-INFRA (round-3 secondary) (0.0745ms)
  ✔ round() records crashSignal from a real post-summary crash -> classify says INFRA rule 1 (459.0328ms)
  ✔ round() records sweepFailed (when the run outcome flags it) -> classify says INFRA rule 1 (10.1597ms)
  ✔ post-sol secondary: CR-only line endings are matched like LF/CRLF (summary + anchored crash banner) (0.4491ms)
  ✔ assertSupportedSpecExecutable: the allowlist is small and explicit (0.3918ms)
✔ round-3 secondary — crash & sweep signals reach the classification (470.7456ms)
▶ observation hardening — expandArgvWithPlan injection decision
  ✔ the double fixture is actually pinned (fails if the pin table drifted) (0.2178ms)
  ✔ post-GLM F5: the canary double is UNSELECTABLE by default — pinned bytes, no execution authority (13.1724ms)
  ✔ pinned bytes at the canonical anchor: injected, --require appended LAST, plan from the PIN (12.4472ms)
  ✔ unpinned bytes at the canonical anchor: NO injection, runner-identity-unpinned + observed hash recorded (30.2032ms)
  ✔ pinned bytes OUTSIDE the canonical anchor (hoisted): not injectable (11.2306ms)
  ✔ post-glm F6a: pinned bytes reached through a LINK at the anchor are not injectable (root case) (17.6467ms)
  ✔ post-glm F6a: a LINK ABOVE the anchor (node_modules junctioned out) is not injectable either (17.5843ms)
  ✔ post-audit F6a coverage sentinel — the link-escape regression was ACTUALLY exercised on this platform (0.1536ms)
  ✔ a subject-supplied --require/-r in a mocha argv is refused fail-closed (11.4491ms)
  ✔ post-GLM F1: an off-position $bin:mocha token is refused, never credited (12.0056ms)
  ✔ non-mocha commands: no injection attempted, absentKind not-mocha-bin (1.8634ms)
  ✔ the ABSENT path end-to-end: an unpinned double runs REAL rounds and rule 14 refuses the strong label (824.615ms)
✔ observation hardening — expandArgvWithPlan injection decision (953.3498ms)
▶ post-sol RB-1 — semantic package-manager policy (equivalence classes)
  ✔ Sol's accepted forms are now rejected in install-family commands (2.5109ms)
  ✔ property: for EVERY protected key, every abbreviation/negation/case/= spelling is refused (install family) (53.2543ms)
  ✔ property: the per-package config family (@scope:registry, //…:auth) is refused everywhere (2.8905ms)
  ✔ property: accepted install argv ends with Canary protected flags after every user token (4.2986ms)
  ✔ invariant: no allowed install spelling resolves to a protected key (prefix-disjoint) (0.4791ms)
  ✔ legitimate script-family passthrough and fixture install shapes still expand (3.0184ms)
  ✔ resolveOptionToken normalizes case, =-values, and one leading no- (0.1717ms)
  ✔ empirical: npm applies abbreviation + negation + LAST-WINS ordering (the semantic premises) (921.5851ms)
✔ post-sol RB-1 — semantic package-manager policy (equivalence classes) (988.6151ms)
▶ FINDING B — infra matching is case/encoding symmetric (must-match direction)
  ✔ exact GLM counterexample: mixed-case npm error + fake summary (1.4582ms)
  ✔ all case variants of npm error / npm ERR! fire (0.2887ms)
  ✔ hard patterns fire in any case (module/ERESOLVE/SyntaxError shapes) (0.301ms)
  ✔ CR-only and CRLF line endings still see the signatures (0.1648ms)
  ✔ ANSI-wrapped signatures still fire (real colored npm output) (0.1836ms)
  ✔ SOFT errno lines fold case too (0.4236ms)
  ✔ crash signatures survive ANSI decoration (0.5383ms)
  ✔ runner summary is recognized through ANSI colors (real colored mocha) (0.5558ms)
✔ FINDING B — infra matching is case/encoding symmetric (must-match direction) (5.5141ms)
▶ FINDING B — benign prose NEVER flips to infrastructure (false-positive direction)
  ✔ passing test TITLES quoting error phrases are not infra (1.2901ms)
  ✔ intentional E404 assertions and historical logs inside test prose are not infra (0.2899ms)
  ✔ summary regexes stay anchored (prose containing "5 passing" mid-sentence) (0.1455ms)
✔ FINDING B — benign prose NEVER flips to infrastructure (false-positive direction) (2.0734ms)
▶ post-GLM F3 — summary recognition and count parsing share one view
  ✔ an ANSI-wrapped failing line is counted as surely as it is recognized (0.5612ms)
  ✔ a fully colored genuine run is recognized AND counted (no false infra) (0.9532ms)
  ✔ lone-CR and ANSI compose identically across both functions (0.1591ms)
✔ post-GLM F3 — summary recognition and count parsing share one view (1.9025ms)
▶ auditPackageManifestText — lifecycle hooks refuse execution
  ✔ accepts a clean manifest (1.0246ms)
  ✔ refuses preinstall hook (0.1947ms)
  ✔ refuses install hook (0.1483ms)
  ✔ refuses postinstall hook (0.225ms)
  ✔ refuses prepare hook (0.1939ms)
  ✔ rejects invalid JSON without throwing (0.2417ms)
✔ auditPackageManifestText — lifecycle hooks refuse execution (3.4578ms)
▶ auditFixtureDir — rc-file injection gate
  ✔ refuses a fixture shipping .npmrc (13.2152ms)
  ✔ F10: finds rc files nested anywhere in the pinned source (5.3309ms)
  ✔ F7: refuses an UPPERCASE .NPMRC (Windows/macOS load it as project config) (5.3635ms)
  ✔ F7: also catches mixed-case nested .YarnRc.yml (6.2472ms)
✔ auditFixtureDir — rc-file injection gate (30.6141ms)
▶ expectedExtractedDir
  ✔ matches codeload tarball root naming (0.2494ms)
✔ expectedExtractedDir (0.4986ms)
▶ audit F6 — child env observation: declared == observed
  ✔ the child sees EXACTLY the declared allowlist keys (nothing undeclared) (891.3626ms)
  ✔ Windows session identity vars are neutralized, not merely absent from the block (399.4616ms)
  ✔ the real account identity is not reachable via any observed value (352.4917ms)
✔ audit F6 — child env observation: declared == observed (1644.8082ms)
▶ KNOWN_RUNNER_RELEASES — npm pins equal their reviewed manifests (offline)
  ✔ every npm-origin entry has a manifest and the hashes agree (4.9508ms)
  ✔ canary-double entries are the ONLY non-manifested pins (offline e2e bytes live in-repo) (0.3456ms)
✔ KNOWN_RUNNER_RELEASES — npm pins equal their reviewed manifests (offline) (6.6323ms)
▶ post-GLM F5 — findRunnerPin: origin is an execution-authority gate
  ✔ double bytes are UNSELECTABLE by default: pinned hash, zero execution authority (0.3732ms)
  ✔ only the explicit in-process grant selects the double (0.1617ms)
  ✔ npm pins stay selectable in BOTH postures — the gate is origin-scoped, not blanket (0.1749ms)
✔ post-GLM F5 — findRunnerPin: origin is an execution-authority gate (1.0618ms)
▶ audit F5 — sweep mechanism (live parent, positive proof)
  ✔ sweepDescendants finds and kills a live parent's child process (1271.0364ms)
✔ audit F5 — sweep mechanism (live parent, positive proof) (1272.248ms)
▶ audit F5 — containment through runCommand
  ✔ normal exit-0 of a child that left a helper behind: sweep clean, no survivors (518.2451ms)
  ✔ a clean exit with no descendants sweeps nothing and does not fail (344.567ms)
  ✔ timeout: tree kill + sweep leave no survivors and do not fail (2539.3839ms)
  ✔ the swept child PID itself is never listed as killed (only descendants) (343.0203ms)
✔ audit F5 — containment through runCommand (3745.7029ms)
▶ audit S1 — POSIX session-membership predicate (setpgid escapees)
  ✔ a member of the child session is caught even after it setpgid()s (0.2211ms)
  ✔ a member of the child group is caught (0.1126ms)
  ✔ an unrelated process is not swept (0.1187ms)
✔ audit S1 — POSIX session-membership predicate (setpgid escapees) (0.6499ms)
ℹ tests 473
ℹ suites 71
ℹ pass 473
ℹ fail 0
ℹ cancelled 0
ℹ skipped 0
ℹ todo 0
ℹ duration_ms 184851.5423
EXIT:0
