TREE: d327e71c1e68fb4e292f2c2c26268693580bef3e @ /c/Users/Johannes/Desktop/canary-observation-hardening
CMD: npm test (build + node --test, single reporter invocation)

> canary-reliability-network@0.0.0 test
> npm run build && node --test "packages/**/dist/test/*.test.js" "apps/**/dist/test/*.test.js"


> canary-reliability-network@0.0.0 build
> tsc -b

▶ panel K layer 1 — the validator refuses hostile frame streams
  ✔ CONTROL: an honest watched lifecycle validates VALID (the battery needs a standing baseline) (1.7582ms)
  ✔ post-glm F6b: capture DELIBERATELY honors a complete stream paired with exit -1 — the veto lives in classification, not here (0.2648ms)
  ✔ (ii) injected round with ZERO frames on the channel is INVALID (0.1536ms)
  ✔ (iii) a missing bye — and a misplaced bye — are INVALID boundary violations (0.2535ms)
  ✔ (iv) a reject frame (adapter caught a forged/dup event LIVE) condemns the round (0.2401ms)
  ✔ (v) text claiming "2 passing" over 1 watched pass is INVALID — and a lying bye cannot fix it (0.6026ms)
  ✔ (vi) a forged hello.mochaVersion is INVALID — vs the pin and vs its own shape (0.4471ms)
  ✔ panel 1 extras: flood truncation, duplicate credits, unknown kinds and no-summary all fail closed (0.2977ms)
  ✔ (xi) garbage lines, non-object frames, adapter-error and masked exit each condemn the round (0.4007ms)
✔ panel K layer 1 — the validator refuses hostile frame streams (5.7284ms)
▶ panel K layer 2 — the pipeline end-to-end refuses unattested execution
  ✔ (i) a plain-node text stub that reads as a clean run degrades to INCONCLUSIVE rule 14 (7412.4032ms)
  ✔ (vii) an UNPINNED double running the observer protocol on fd 3 gets stray-bytes forensics, zero credit (7163.2762ms)
  ✔ (viii) AM-1 kill test: double CLAIMS the pinned version, bytes are wrong -> ABSENT, strong unreachable (6774.6746ms)
  ✔ (ix) a subject --require in spec argv is refused fail-closed (protected preload flag) (2644.4467ms)
  ✔ (x) process.exit() mid-round: watched lifecycle never ends -> INVALID, never strong (6027.3403ms)
✔ panel K layer 2 — the pipeline end-to-end refuses unattested execution (30022.8096ms)
▶ post-GLM F1 — off-position runner token earns no execution credit
  ✔ refused fail-closed: forging `node -e` with the token trailing (2063.0756ms)
  ✔ refused fail-closed: forging prelude script with the token after it (1972.2599ms)
  ✔ positive control: the executed-position token still earns VALID and a strong verdict (5719.9153ms)
✔ post-GLM F1 — off-position runner token earns no execution credit (9755.6211ms)
▶ post-GLM F4 — infra prose cannot mask an attested regression
  ✔ a VALID round whose stdout trips the infra signature still yields CONFIRMED_REGRESSION (5878.3102ms)
✔ post-GLM F4 — infra prose cannot mask an attested regression (5878.5733ms)
▶ post-GLM F5 — an untrusted spec cannot select the canary double
  ✔ double bytes staged by the spec itself: NO injection, every round ABSENT, INCONCLUSIVE rule 14 (5885.3219ms)
  ✔ trusted control: with the in-process grant the SAME spec earns VALID + a strong verdict (5879.3361ms)
✔ post-GLM F5 — an untrusted spec cannot select the canary double (11765.0002ms)
▶ audit M8 — CLI subprocess exit-code contract
  ✔ check on honest evidence exits 0 and prints PASS (8144.1362ms)
  ✔ check on a tampered artifact exits 3 and names the tampered file (7300.0114ms)
  ✔ report refuses a fabricated bundle (exit 3) and renders a valid one (exit 0) (7076.4064ms)
  ✔ audit F12: report with NO argument defaults to the latest run and renders bundle-persisted failing identities (6774.5453ms)
  ✔ version exits 0; no command prints usage and exits 3 (misuse) (170.7319ms)
  ✔ round-3 secondary: an infrastructure abort exits 2 (environment fault), never 3 (misuse) (356.9276ms)
✔ audit M8 — CLI subprocess exit-code contract (29824.589ms)
▶ FINDING A — subject text alone can never create a strong verdict
  ✔ the GLM counterexample (console.log "128 passing") is never PASS (7395.6575ms)
  ✔ test command node -e printing mocha-shaped prose is never PASS (7144.8882ms)
  ✔ a printed failing summary is never CONFIRMED_REGRESSION (6795.5831ms)
✔ FINDING A — subject text alone can never create a strong verdict (21337.7202ms)
▶ KNOWN_RUNNER_RELEASES — table == disk (canary-double)
  ✔ the pinned double hash equals the treeSha256 of the repo fixture bytes (2.1792ms)
  ✔ no placeholder digests survive, every entry is well-formed, versions unique per package (0.4602ms)
✔ KNOWN_RUNNER_RELEASES — table == disk (canary-double) (3.6819ms)
▶ audit M8 — offline pipeline end-to-end
  ✔ confined regression: CONFIRMED_REGRESSION, real artifacts re-hash clean (7948.553ms)
  ✔ unconfined tree drift is downgraded to INCONCLUSIVE rule 9 (F9 e2e) (6813.0472ms)
  ✔ a tampered artifact is caught end-to-end by the prove path (F4 e2e) (6875.2997ms)
  ✔ a fabricated self-contradictory bundle is refuted by validateBundle (F3 e2e) (6594.5245ms)
  ✔ round-3 secondary: a fetch failure is INFRASTRUCTURE (InfraAbort -> CLI exit 2), not generic error (3.0464ms)
  ✔ round-3 secondary: an extraction failure is INFRASTRUCTURE too (3.1989ms)
✔ audit M8 — offline pipeline end-to-end (28239.3223ms)
▶ round-3 B3 — the proof host is the ACTUAL runtime, never the evidence
  ✔ pristine run + proofHost = this machine: full gate PASSes with ZERO skipped assertions (7163.5106ms)
  ✔ THE AUDIT ATTACK: reseal host metadata to dodge host checks -> gate FAILS (exit 1), never skip-to-PASS (7269.6116ms)
  ✔ resealing the environment TO MATCH the real machine is not an attack: identity is reality, not paper (6863.6061ms)
  ✔ off the proof host (simulate a foreign runtime): strict checks SKIP and the verdict INCOMPLETE (exit 2) — PASS is not claimed (6608.958ms)
  ✔ post-sol F1 — SELF-CONSISTENT is NOT proof-agreement: a bundle fully consistent on this machine can still FAIL check against a diverged committed proof (5797.669ms)
  ✔ a lying proof file cannot flip the verdict either: proofHost=foreign while running here still skips (evidence-agnostic) (5718.2291ms)
✔ round-3 B3 — the proof host is the ACTUAL runtime, never the evidence (39423.5454ms)
▶ post-GLM F2 — executable bytes are part of the host identity
  ✔ a trojan runtime claiming the proof-host METADATA but running different bytes can never PASS (5866.2295ms)
  ✔ a proof naming a proofHost but omitting the exec digest is REFUSED — loud FAIL, never a silently weaker gate (5890.7746ms)
  ✔ the sampler reports the ACTUAL bytes of the running executable (71.373ms)
  ✔ an environment ATTESTATION stays metadata-only: the evidence block carries no bytes to compare (documented residual) (0.2473ms)
✔ post-GLM F2 — executable bytes are part of the host identity (11829.1106ms)
▶ verifyArtifacts — audit F4 (proof must rehash the real artifacts)
  ✔ accepts a bundle whose every recorded hash matches the file on disk (29.8832ms)
  ✔ rejects a tampered raw stdout (recorded hash kept, content swapped) (24.9463ms)
  ✔ rejects a tampered normalized stdout independently of the raw one (23.8497ms)
  ✔ rejects quietly deleted stderr artifacts (23.381ms)
  ✔ rejects all four substituted files of one round (raw, raw-err, norm, norm-err) (23.9788ms)
  ✔ rejects a logPath that breaks the round-ownership contract (18.7374ms)
✔ verifyArtifacts — audit F4 (proof must rehash the real artifacts) (146.6273ms)
▶ verifyArtifacts — audit B3 (path confinement + ownership)
  ✔ ../../ identical external substitution is refused (ownership), not verified against the external bytes (7.3234ms)
  ✔ absolute external path in logPath is refused (10.3721ms)
  ✔ cross-round swap (candidate#1 claims candidate#2 log) is refused (10.863ms)
  ✔ baseline pointing at a candidate artifact is refused (6.7884ms)
  ✔ a valid canonical relative artifact path verifies clean (13.011ms)
  ✔ missing + modified artifacts are refused (21.6827ms)
  ✔ a symlinked artifact resolving outside the dir is refused (symlink escape) (15.6899ms)
✔ verifyArtifacts — audit B3 (path confinement + ownership) (86.5209ms)
▶ assertProof — audit F11 + round-3 B3 (host-exactness from the ACTUAL runtime)
  ✔ legacy proof (no proofHost): host-exact hashes NEVER assert — recorded-env match grants nothing (post-glm F6f) (11.1265ms)
  ✔ post-glm F6f: an ABSENT proofHost can never grant host-exact trust — resealed env metadata cannot PASS the proof (8.68ms)
  ✔ matching proofHost + actual runtime on it: every assertion including hashes AND the environment binding evaluates (8.4048ms)
  ✔ round-3 B3 core: resealing the evidence environment can NO LONGER skip strict checks — it FAILS the binding (8.1898ms)
  ✔ off-proof-host: host-exact comparisons skip (flagged, not silent); portable assertions still evaluate; verdict is INCOMPLETE (8.0996ms)
  ✔ off-proof-host with tampered committed hashes still passes portable checks (and this is exactly why verifyArtifacts exists) (63.2868ms)
✔ assertProof — audit F11 + round-3 B3 (host-exactness from the ACTUAL runtime) (108.3551ms)
▶ round-3 B3 — environment attestation + verdict helpers
  ✔ environmentAttestationIssues: silent only when claim == ACTUAL runtime (8.626ms)
  ✔ proofVerdict: PASS requires zero failures AND zero skips (0.2416ms)
✔ round-3 B3 — environment attestation + verdict helpers (9.0486ms)
▶ round-3 B4-D — exact failing-identity set equality (proof vs candidate bytes)
  ✔ faithful expectation: exact set holds (0.3093ms)
  ✔ proof pinning a SUBSET (hiding a real failure) FAILS (0.3098ms)
  ✔ proof pinning an EXTRA (non-existent) identity FAILS (0.218ms)
  ✔ the exact-set check is portable — it evaluates (never skips) off-host (0.2174ms)
  ✔ a proof that does not pin the tarball digest FAILS the pin requirement (0.3748ms)
  ✔ assertProof alone refuses a resealed experimentId the proof does not name (mutation N10) (0.3837ms)
  ✔ a proof declaring a schema version the reader does not implement FAILS (portable) (0.3842ms)
✔ round-3 B4-D — exact failing-identity set equality (proof vs candidate bytes) (5.79ms)
▶ post-sol secondary — host sampling is immune to the verifier process environment
  ✔ a poisoned NODE_OPTIONS in the verifying process does NOT crash or steer the fingerprint (299.3293ms)
✔ post-sol secondary — host sampling is immune to the verifier process environment (299.5109ms)
▶ audit B4 — provenance forgery matrix (which layer refuses)
  ✔ pristine run passes the whole gate (7118.722ms)
  ✔ rewriting failure counts is caught — round-3 B1 coverage gate fires even earlier (at validateBundle) (6896.9058ms)
  ✔ rewriting failing-test identities is caught by byte re-derivation (resealed) (6811.0417ms)
  ✔ NEW: per-round name/value disagreement with bytes is caught (one round forged) (6598.1795ms)
  ✔ rewriting digests away from bytes is caught by verifyArtifacts (resealed) (6054.7131ms)
  ✔ rewriting the repo URL is caught by the committed proof (resealed) (5891.6853ms)
  ✔ rewriting experimentId is caught by the workspace binding (resealed) — B4-A fires before the proof (5859.2185ms)
  ✔ rewriting the pinned commit is caught by the committed proof (resealed) (5906.5223ms)
  ✔ rewriting runtime platform is caught by the committed proof (resealed) (5882.4072ms)
  ✔ flipping drift-confined to false is caught (resealed) — trustful+unconfined (5642.2828ms)
  ✔ downgrading a tree observation to INCOMPLETE cannot support a trustful label (resealed) (5293.4894ms)
  ✔ NEW: relabeling a real regression PASS is caught by re-derivation (resealed) (5326.8667ms)
  ✔ adding a non-allowlisted env key is refused (resealed) (5010.7831ms)
  ✔ naive (argv) rewrite without recomputing the manifest is caught by integrity (4901.6905ms)
  ✔ naive (tarball digest) rewrite without recomputing the manifest is caught by integrity (4876.6982ms)
  ✔ naive (runId) rewrite without recomputing the manifest is caught by integrity (4864.3865ms)
  ✔ manifest integrity catches ANY single-field rewrite done without recompute (4852.7391ms)
✔ audit B4 — provenance forgery matrix (which layer refuses) (97790.9349ms)
▶ round-3 B4 — coherent-reseal matrix on release-critical fields
  ✔ resealed runId alone is contradicted by the workspace directory (4831.3497ms)
  ✔ resealed runId AND experimentId (coherent prefix) still contradicts the directory (4860.6912ms)
  ✔ resealed tarball digest is contradicted by the retained fixture.tgz bytes (4889.6766ms)
  ✔ attacker who swaps the TARBALL BYTES too is stopped by the committed proof pin (4864.084ms)
  ✔ resealed argv is contradicted by the committed spec re-expansion (proof host) (4876.5745ms)
  ✔ weakened envKeys (valid allowlist subset) is contradicted by the policy re-derivation (4902.5216ms)
  ✔ classification REASON tampering (label/rule/count coherent) is caught by byte re-derivation (4828.6944ms)
  ✔ coherent INCONCLUSIVE-rule9 relabel is refused (no unconfined drift to justify it) (9652.4894ms)
  ✔ resealed dependency-copy count is contradicted by the retained snapshot recount (4851.0968ms)
  ✔ a crash hidden from the record (crash line IN the bytes, resealed) is caught by byte re-derivation (4863.9085ms)
  ✔ an invented crashSignal on clean bytes is caught too (bidirectional binding, resealed) (4900.1007ms)
  ✔ a tampered infraSignal (false where bytes carry an infra line) is caught by bytes (4828.6619ms)
  ✔ a proof pinning a SUBSET of the failing identities is refused (exact-set equality, B4-D) (4887.6299ms)
  ✔ a proof pinning a WRONG extra identity is refused too (exact-set equality, B4-D) (4877.1623ms)
  ✔ a proof that forgot to pin the tarball digest cannot support PASS (B4) (4907.1966ms)
✔ round-3 B4 — coherent-reseal matrix on release-critical fields (77822.7852ms)
▶ flattenNpmLsJson — npm 11.19 empty-object representation (pipeline path)
  ✔ an empty {} node with no problems mention is expected-absent: no anomaly, no hole (2.3278ms)
  ✔ the same {} node IS an anomaly when problems mentions it (unmet-optional-that-matters fails closed) (0.2736ms)
  ✔ a version-less node with missing:true is an anomaly (uninstalled REQUIRED dep) (0.2142ms)
  ✔ a version-less node carrying a declared subtree: missing-version + unwalked-subtree (0.3199ms)
  ✔ problems name-matching is token-anchored: "util" is not matched by "bufferutil@1.0.0" (0.2402ms)
  ✔ non-object node entries are malformed-node anomalies (0.2077ms)
  ✔ empty / effectively-empty trees can NEVER become VALID (criterion 6) (0.2616ms)
  ✔ a {} node for the STUDIED dependency itself is absence, not presence (criterion 7) (0.2157ms)
  ✔ ANY anomaly caps the observation at INCOMPLETE even with the dep present (0.2243ms)
✔ flattenNpmLsJson — npm 11.19 empty-object representation (pipeline path) (6.0781ms)
▶ post-sol M-2 — empty-node semantics (narrowest exemption)
  ✔ the REAL captured npm 11.19 shape (root fsevents {}, ws nested {} natives) stays VALID (0.8707ms)
  ✔ R4-SR1 (self-review): problems WITH a silent stderr is npm's real extraneous-only shape — the observation is complete, not contradictory (0.2977ms)
  ✔ an empty/absent problems field under an ELSPROBLEMS stderr IS the contradiction (stripped-report forgery) (0.2777ms)
  ✔ problems ABSENT but stderr SCREAMING ELSPROBLEMS is equally a contradiction (stripped-stderr forgery) (0.1512ms)
  ✔ a MALFORMED problems field (string, object, or array with non-strings) kills the exemption and is itself an anomaly (0.2453ms)
  ✔ string-valued problems mentioning the node fail closed identically on BOTH parsers (N4 differential) (0.1464ms)
  ✔ the STUDIED dependency appearing as {} is absence (INCOMPLETE via depPresent), never presence (0.1988ms)
  ✔ drift caused by DISAPPEARANCE of a formerly-versioned dep is byte-visible, not exemption-hidden (outside-subtree drift -> unconfined) (0.2878ms)
  ✔ deeply nested hostile trees are BOUNDED on both parsers (no stack exhaustion; fails closed) (2.5497ms)
  ✔ the traversal budgets are IDENTICAL contracts in both implementations (0.1229ms)
  ✔ anomalies from the two problem channels are DETERMINISTIC and deduped across repeated {} nodes (0.1853ms)
✔ post-sol M-2 — empty-node semantics (narrowest exemption) (5.9682ms)
▶ cross-implementation parity — pipeline flatten vs verify-tree re-flatten (criteria 2+3)
  ✔ parity: plain (0.3327ms)
  ✔ parity: 11.19 empty optionals (0.1356ms)
  ✔ parity: empty optional + problems mention (0.135ms)
  ✔ parity: missing required (0.1214ms)
  ✔ parity: scoped names (0.1171ms)
  ✔ parity: nested copies (1.0801ms)
  ✔ parity: malformed nodes (0.1419ms)
  ✔ parity: version-less with subtree (0.1016ms)
  ✔ parity: problems only (no deps) (0.1545ms)
  ✔ parity: truncated json (0.1661ms)
  ✔ parity: json scalar (0.0863ms)
  ✔ parity: json null (0.0753ms)
  ✔ parity: empty root (0.0993ms)
✔ cross-implementation parity — pipeline flatten vs verify-tree re-flatten (criteria 2+3) (3.2477ms)
▶ confinement semantics survive the compatibility fix (criterion 3)
  ✔ a {} drift node is never a flat key, so drift sets stay byte-derived (0.1849ms)
  ✔ drift OUTSIDE the subtree stays unconfined even next to {} nodes (0.1583ms)
  ✔ scoped-name escape stays closed under segment semantics (0.1187ms)
✔ confinement semantics survive the compatibility fix (criterion 3) (0.6058ms)
▶ reflattenNpmLs — independent re-derivation of the tree observation
  ✔ flattens nested/scoped trees with versions, no anomalies (problems ignored) (2.1239ms)
  ✔ a missing-version node (npm unmet dependency) is an anomaly, never an "x" sentinel (0.3695ms)
  ✔ an empty {} node with no problems mention is an expected-absent optional, not a hole (0.3582ms)
  ✔ the same empty {} node IS an anomaly when problems mentions it (unmet-optional-that-matters fails closed) (0.2484ms)
  ✔ problems name-matching is token-anchored: "util" is not mentioned by "bufferutil@1.0.0" (0.2946ms)
  ✔ a {} node WITH a declared subtree is still missing-version + unwalked-subtree (0.1873ms)
  ✔ a version-less NODE hides a whole subtree: missing-version + unwalked-subtree (0.2094ms)
  ✔ truncated / malformed JSON => parsed=false (INVALID territory), never a partial success (0.2955ms)
  ✔ copies are counted by full path segments; subtree containment is segment membership (0.365ms)
✔ reflattenNpmLs — independent re-derivation of the tree observation (6.2448ms)
▶ retained tree snapshots — real pipeline bytes, independent verifier
  ✔ a fresh confined CONFIRMED run retains arm-named artifacts that verify clean (7341.6202ms)
  ✔ naive tamper of retained raw bytes (no reseal) is caught (7116.4132ms)
  ✔ LAZY reseal (raw digest fixed, canonical/tree-hash left stale) is caught by the chain (6703.6179ms)
  ✔ reseal that rewrites bytes+digests but keeps the old attestation claim is caught by verify-tree (6620.3047ms)
  ✔ COHERENT full tree-side reseal: bundle layer catches the version lie (attestation invariant) (6035.9052ms)
  ✔ a coherent reseal claiming VALID over bytes with a missing-version hole is caught (status + anomaly re-derivation) (5869.0311ms)
  ✔ pointing one arm at the other arm bytes is caught by BOTH layers (5874.2971ms)
  ✔ flipping driftConfinedToDependency against the retained snapshots is caught (5886.5365ms)
  ✔ stripping snapshot refs from a trustful bundle: verifier says unverifiable, schema refuses to seal trust on it (5868.9104ms)
  ✔ post-GLM G: naive tamper/deletion of the retained attest bytes is caught by verifyArtifacts (5722.1621ms)
  ✔ post-GLM G: a resealed framesSha256 the retained bytes do not back is caught ONLY by the bytes binding (5280.5794ms)
  ✔ post-GLM G: reseal-everything-but-the-observation is REFUSED (the pre-G "clean 4-file resealed tuple" premise is forbidden by design) (5322.1015ms)
✔ retained tree snapshots — real pipeline bytes, independent verifier (73642.6778ms)
▶ validateBundle — round-3 B6 snapshot/anomaly/version gates
  ✔ trustful WITH snapshots + empty anomalies + consistent versions validates clean (1.1276ms)
  ✔ trustful WITHOUT retained snapshots is rejected (resealed) (0.7465ms)
  ✔ trustful with a MISSING anomaly array is rejected ("did not look" != "nothing found") (0.6043ms)
  ✔ trustful with NON-EMPTY recorded anomalies is rejected (partial observation cannot anchor trust) (0.7185ms)
  ✔ resolvedVersions contradicting the dependency block is rejected (resealed attestation forgery) (0.6798ms)
  ✔ snapshot artifact names must be arm-derived (candidate pointing at baseline bytes dies sealed) (0.3358ms)
  ✔ NON-trustful bundles may legitimately carry no snapshots (honest INCONCLUSIVE rule 10) (0.4666ms)
  ✔ trustful label with rounds observation-ABSENT is rejected (rule-14 mirror, panel H) (0.8881ms)
  ✔ trustful label with a VALID observation naming an UNPINNED runner is rejected (panel H/AM-1) (0.4384ms)
  ✔ trustful label whose observed counts DISAGREE with the text channel is rejected (cross-channel gate cannot be bypassed) (0.4492ms)
✔ validateBundle — round-3 B6 snapshot/anomaly/version gates (6.7951ms)
▶ AI adapter boundary
  ✔ noop provider attaches nothing (1.4489ms)
  ✔ attachSummary cannot alter any pre-existing field, including classification (0.5728ms)
✔ AI adapter boundary (4.3538ms)
▶ classify — decision table (docs/PLAN.md section 6)
  ✔ rule 3: baseline unanimous pass + candidate unanimous pass -> PASS (2.2176ms)
  ✔ rule 5: baseline passes, all candidate rounds fail -> CONFIRMED_REGRESSION (0.5211ms)
  ✔ rule 4: baseline fails with real summaries + candidate fails -> PRE_EXISTING_FAILURE (0.3781ms)
  ✔ rule 1 (degenerate-run guard): failing round without runner summary -> INFRASTRUCTURE_FAILURE, never CONFIRMED_REGRESSION (0.2451ms)
  ✔ rule 1: killed round (exit -1) -> INFRASTRUCTURE_FAILURE (0.2133ms)
  ✔ rule 1: infra signal on a failing round outranks drift (0.2214ms)
  ✔ rule 2: split baseline -> FLAKY (experiment invalid) (0.198ms)
  ✔ rule 7: clean baseline, mixed candidate -> FLAKY, not CONFIRMED (0.3642ms)
  ✔ rule 6: failing baseline + all-pass candidate -> INCONCLUSIVE (inverted pattern) (0.2232ms)
  ✔ rule 0: missing arms -> INCONCLUSIVE (0.2317ms)
  ✔ rule 1 (F1 guard): nonzero exit whose summary reports 0 failing is infra, not drift (0.172ms)
  ✔ rule 1 (F5 guard): zero exit with masked failures in summary is never PASS (0.1193ms)
  ✔ audit B2: zero-test execution (exit 0, "0 passing") is INFRA, never PASS (0.2176ms)
  ✔ audit B2: a round with NO runner summary at exit 0 is INFRA, never PASS (0.1253ms)
  ✔ audit B2: recognized infra signature at EXIT ZERO is INFRA (a harness that swallows errors) (0.1061ms)
  ✔ audit B2: a candidate whose baseline is clean but rounds are zero-test is INFRA (never CONFIRMED) (0.102ms)
  ✔ audit B2 positive control: a valid zero-failure run (N>0 passing, exit 0) still PASSES (0.1186ms)
  ✔ audit F1 (mocha-realistic): passing summary WITHOUT a failing line + nonzero exit -> INFRA, never CONFIRMED_REGRESSION (0.1509ms)
  ✔ audit F2: candidate rounds failing DIFFERENT counts -> FLAKY rule 8, not CONFIRMED_REGRESSION (0.1521ms)
  ✔ audit F2: same count but DIFFERENT failing-test identities -> FLAKY rule 8 (0.1665ms)
  ✔ audit F2: identical failure profiles (golden shape) -> still CONFIRMED_REGRESSION rule 5 (0.2129ms)
  ✔ audit F2: profile comparison is order-independent (sorted identities) (0.1339ms)
  ✔ audit F2: unstable baseline failure identities block PRE_EXISTING_FAILURE -> FLAKY (0.117ms)
  ✔ audit F1 contract: summary-present failing round WITHOUT any failing count is INFRA, not regression (0.1187ms)
  ✔ is pure: same facts always yield the same verdict (0.8774ms)
✔ classify — decision table (docs/PLAN.md section 6) (10.2451ms)
▶ audit F9/B6 — applyConfinementGuard (rules 9 + 10, enforced not decorative)
  ✔ downgrades CONFIRMED_REGRESSION to INCONCLUSIVE rule 9 when drift is unconfined (0.3339ms)
  ✔ is identity when drift IS confined and both trees VALID (a legit CONFIRMED survives) (0.1313ms)
  ✔ never masks an INFRASTRUCTURE_FAILURE (higher-fidelity reason kept) (0.1468ms)
  ✔ downgrades PASS and PRE_EXISTING_FAILURE too (any trustful verdict needs comparable arms) (0.2205ms)
  ✔ audit B6: an empty/partial tree observation downgrades to INCONCLUSIVE rule 10 even when drift is confined (0.1587ms)
  ✔ audit B6: tree-invalidity takes precedence over unconfined drift (rule 10 not 9) (0.135ms)
  ✔ guard removal would flip the outcome: identical facts, opposite confinement (0.133ms)
✔ audit F9/B6 — applyConfinementGuard (rules 9 + 10, enforced not decorative) (1.6761ms)
▶ round-3 blocker 1 — identity coverage gates trustful verdicts
  ✔ identityCoverage: exact match COMPLETE; fewer / more / missing => INCOMPLETE / NOT_OBSERVED (0.2946ms)
  ✔ two DIFFERENT root-level failures that collapsed to equal EMPTY sets can never CONFIRM (rule 11) (0.1864ms)
  ✔ repeated "2 failing" with only ONE extractable identity -> INCONCLUSIVE rule 11, never CONFIRMED (0.1901ms)
  ✔ single failing round claiming 9 failures with 0 identities -> INCONCLUSIVE rule 11 (0.1501ms)
  ✔ under-accounted BASELINE blocks PRE_EXISTING_FAILURE too (coverage is not candidate-only) (0.1283ms)
  ✔ genuinely distinct root failures stay distinct (rule 8 FLAKY, not coverage, not CONFIRMED) (0.1902ms)
  ✔ fully-accounted root-level identities CONFIRM (conservatism must not break real proofs) (0.1526ms)
✔ round-3 blocker 1 — identity coverage gates trustful verdicts (1.6577ms)
▶ round-3 blocker 2 — pending tests are NOT executed assertions
  ✔ all-pending candidate (0/0/7, exit 0) can never PASS -> INFRA (0.2931ms)
  ✔ infraCause flags a pending-only round directly (was: null) (0.1829ms)
  ✔ healthy baseline + ALL-skipped candidate: the run proves nothing executed (0.1168ms)
  ✔ summary present with NO machine-readable counts at all -> INFRA (prose "summary" proves nothing) (0.1409ms)
  ✔ pending-only counts (no passing/failing line — the real mocha shape) -> INFRA zero-executed (0.1836ms)
  ✔ zero-test with NO summary at all stays INFRA (B2 path unchanged) (0.1668ms)
  ✔ a single executed assertion (1 passing, 0 failing, N pending) is enough to be a VALID run (0.1619ms)
  ✔ decoy early summary lines cannot steer a nonzero-exit round into CONFIRMED (probe P2) (0.1166ms)
  ✔ duplicate identical suite-qualified identities under-account -> rule 11, never trust (probe P4) (0.1545ms)
✔ round-3 blocker 2 — pending tests are NOT executed assertions (1.9291ms)
▶ post-sol RB-2 — coverage consistency gates strong verdicts
  ✔ Sol case 1: baseline 128 passing, candidate 1 passing is NOT PASS (0.3383ms)
  ✔ Sol case 2: baseline repetitions 128 then 1 (both exit 0) is NOT PASS (0.1505ms)
  ✔ Sol case 3: baseline 128, candidate 1 passing / 127 pending is NOT PASS (0.141ms)
  ✔ Sol case 4: baseline 128, candidate 1 stable failing test is NOT CONFIRMED_REGRESSION (0.1514ms)
  ✔ Axios golden shape (128 passing -> 125 passing / 3 failing) STILL classifies CONFIRMED_REGRESSION rule 5 (0.1701ms)
  ✔ a passing->failing move at stable totals is a regression, not a coverage gap (0.123ms)
  ✔ one executed test on BOTH arms, stable across repetitions, still PASSES (no hard-coded minimum) (0.1247ms)
  ✔ pending that SHRINKS candidate-side is caught by the observed total (5 executed + 0 pending vs 5 + 5 pending) (0.1167ms)
  ✔ candidate executing MORE than baseline is equally non-comparable (strong verdicts need both directions) (0.1388ms)
  ✔ rule 12 fires on candidate-side instability too (one repeat loses a test, both exit 0) (0.1271ms)
  ✔ PRE_EXISTING_FAILURE also demands comparability (baseline fails with fewer executed than candidate) (0.1753ms)
  ✔ weak outputs are never inflated by the new rules: mixed candidate with a coverage gap stays FLAKY (rule 7), infra wins over coverage (rule 1) (0.2039ms)
  ✔ treats undefined counts as zero consistently with rule 1 (mocha omits the 0-failing line): 5 passing vs 5 passing+3 failing is NOT comparable (0.1353ms)
  ✔ a stable-coverage collapse on BOTH arms (128 -> 1 -> uniform) is comparable and can still PASS — and is reported honestly (0.1134ms)
✔ post-sol RB-2 — coverage consistency gates strong verdicts (2.7921ms)
▶ post-GLM — execution-observation gate (rule 14)
  ✔ the GLM shape: unanimous "passing" prose with NO observation -> INCONCLUSIVE rule 14, never PASS (0.3755ms)
  ✔ a VALID observation that LIES about counts is caught (text 5/0/0 vs observed 42/0/0) (0.1653ms)
  ✔ a VALID observation whose failing identities differ from the text is caught (0.1556ms)
  ✔ FLAKY is gated too: a split baseline WITHOUT observation is rule 14, not FLAKY (0.1309ms)
  ✔ PRE_EXISTING_FAILURE is gated: fail/fail/fail prose is rule 14 (the guard also gates the honest direction) (0.1562ms)
  ✔ status ABSENT is not "weak-but-fine": an explicit ABSENT observation gates like a missing one (0.1487ms)
  ✔ the gate reports the FIRST offending round in bundle order (deterministic reason) (0.1467ms)
  ✔ observationGateIssue: both exit-contradiction directions fail a VALID observation (0.1355ms)
  ✔ observationSatisfied agrees with the gate on both paths (0.1138ms)
  ✔ a VALID observation whose identity array is missing/malformed is a REFUSAL, not a crash (0.2248ms)
  ✔ post-GLM F4: infra TEXT signature alone cannot veto an attested execution (precedence) (0.1965ms)
  ✔ post-glm F6b: the ACTUAL containment of a VALID-observed killed round — gate blind, rule 1 absolute (0.2216ms)
  ✔ post-GLM F4 twin: WITHOUT attestation the same prose still yields rule 1 INFRA (0.0989ms)
  ✔ post-GLM F4 residual: a crash-signature TEXT cannot veto an attested execution either (0.2836ms)
  ✔ post-GLM F4 residual twin: WITHOUT attestation crash prose still yields rule 1 INFRA (0.1156ms)
  ✔ weak paths are NOT gated: rule 0/rule 1 keep their rule numbers without any observation (0.1279ms)
✔ post-GLM — execution-observation gate (rule 14) (3.4521ms)
▶ post-GLM round 5 F1 — PRE_EXISTING requires failing-set containment
  ✔ a candidate failure Canary never saw fail in baseline is NOT pre-existing — INCONCLUSIVE 13 (never a swallowed regression) (0.223ms)
  ✔ disjoint failing sets ({A} baseline vs {B} candidate) at equal totals describe no comparable transition — INCONCLUSIVE 13 (0.1708ms)
  ✔ an honest PRE_EXISTING_FAILURE (identical failing sets) keeps rule 4 — containment must not over-block (0.1486ms)
  ✔ CONFIRMED_REGRESSION is untouched by containment (baseline has zero failing identities) (0.1372ms)
  ✔ DOCUMENTED CEILING: version-gated passing-test substitution still PASSes (F3/§8.1) — equality of cardinality + failing sets is the exact invariant (0.1129ms)
✔ post-GLM round 5 F1 — PRE_EXISTING requires failing-set containment (0.9947ms)
▶ post-GLM round 5 F4 — rule 14 downgrades EVERY FLAKY producer (6/7/8/12)
  ✔ un-attested producer rule 6 (non-unanimous candidate under failing baseline) -> INCONCLUSIVE 14, never FLAKY (0.1848ms)
  ✔ un-attested producer rule 7 (clean baseline, mixed candidate) -> INCONCLUSIVE 14, never FLAKY (0.1303ms)
  ✔ un-attested producer rule 8 (failing rounds within an arm differ in identity) -> INCONCLUSIVE 14, never FLAKY (0.1058ms)
  ✔ un-attested producer rule 12 (repetitions differ in coverage totals) -> INCONCLUSIVE 14, never FLAKY (1.7727ms)
✔ post-GLM round 5 F4 — rule 14 downgrades EVERY FLAKY producer (6/7/8/12) (2.3804ms)
▶ inDependencySubtree
  ✔ matches the dep itself and its nested copies at any depth (escaped keys) (1.0052ms)
  ✔ scoped name collisions cannot masquerade when keys are escaped (F4) (0.2335ms)
  ✔ round-3 B6: descendants of a NESTED copy are inside the subtree (0.2168ms)
  ✔ audit F10: a SCOPED dependency matches its own escaped keys (0.199ms)
✔ inDependencySubtree (3.1144ms)
▶ diffTrees — the arms-equality proof
  ✔ audit F10: scoped dependency drift inside its subtree is confined (1.7713ms)
  ✔ audit F10: scoped dep PLUS real external drift is still NOT confined (1.1935ms)
  ✔ golden case: only the dependency subtree changed (0.2753ms)
  ✔ detects contamination outside the dependency (0.2752ms)
  ✔ audit B6 exposes the vacuous-confinement hazard (empty trees report confined) (0.2429ms)
✔ diffTrees — the arms-equality proof (4.3044ms)
▶ audit B6 — classifyTreeObservation (tree completeness)
  ✔ a parsed, non-empty tree containing the dependency is VALID (0.3325ms)
  ✔ empty tree (no data observed) is INVALID, not a proof of confinement (0.1103ms)
  ✔ unparseable / no-root-deps is INVALID (0.1324ms)
  ✔ tree present but the studied dependency absent is INCOMPLETE (0.1242ms)
  ✔ scoped dependency presence is detected via the escaped key (dependencyInTree) (0.0988ms)
  ✔ round-3 B6: ANY observation anomaly caps the status at INCOMPLETE (0.1714ms)
✔ audit B6 — classifyTreeObservation (tree completeness) (1.3073ms)
▶ log parsing (auxiliary — never decides classification)
  ✔ extracts canonical suite-qualified identities from mocha output (audit B1) (1.1017ms)
  ✔ audit B1: same leaf title in DIFFERENT suites stays DISTINCT (0.5361ms)
  ✔ audit B1: nested describe paths survive as multi-segment identities (0.1258ms)
  ✔ audit B1: progress-list lines (N) followed by a passing line yield NO identity (0.1727ms)
  ✔ audit B1: identical identities in one run dedupe deterministically; distinct never collapse (0.1565ms)
  ✔ audit B1: ava identities keep the full suite path (0.1785ms)
  ✔ parses summary counts (0.5485ms)
  ✔ round-3 B1: ROOT-level failure ("1) title:" — colon on the numbered line) yields its identity (0.1553ms)
  ✔ round-3 B1: repeated root-level titles across rounds re-extract identically (deterministic) (0.1805ms)
  ✔ round-3 B1: mixed root + nested blocks do not corrupt each other (0.1332ms)
  ✔ round-3 B1: a nested block is abandoned at the summary line, never past it (0.128ms)
  ✔ round-3 B1: malformed/truncated output yields NO fabricated identities (0.1364ms)
  ✔ round-3 B1: reordered distinct failures extract the same SET (profile order-independence) (0.1493ms)
✔ log parsing (auxiliary — never decides classification) (4.1912ms)
▶ streamsStable
  ✔ true only for identical hashes across all rounds (0.1341ms)
✔ streamsStable (0.2314ms)
▶ post-sol secondary — lone-CR line endings parse identically to LF/CRLF
  ✔ parseSummaryCounts reads the same totals across LF, CRLF and CR-only (0.3325ms)
  ✔ extractFailingTestNames finds the same identities across LF, CRLF and CR-only (0.1392ms)
✔ post-sol secondary — lone-CR line endings parse identically to LF/CRLF (0.5965ms)
▶ post-GLM F3 — ANSI-colored output parses identically to plain output
  ✔ parseSummaryCounts reads the same totals colored as plain (0.588ms)
  ✔ extractFailingTestNames finds the same identities colored as plain (0.1703ms)
  ✔ F3 false-PASS battery: an ANSI-wrapped failing line cannot hide from the masked-failure count (0.1336ms)
  ✔ precision control: stripping never fabricates counts (0.1642ms)
  ✔ ANSI and lone-CR compose: colored CR-only stream matches colored LF stream (0.1664ms)
✔ post-GLM F3 — ANSI-colored output parses identically to plain output (1.4992ms)
▶ validateSpec
  ✔ accepts the golden shape (1.7237ms)
  ✔ rejects branch/tag names instead of full SHAs (0.3193ms)
  ✔ rejects a swap that does not install the candidate (0.212ms)
  ✔ requires >=2 candidate repetitions (a regression must reproduce) (0.2102ms)
  ✔ requires >=2 baseline rounds so the FLAKY guard is reachable (F8) (0.1811ms)
  ✔ rejects identical baseline/candidate (0.1753ms)
  ✔ rejects malformed prepare argv (not array-of-arrays) (0.1795ms)
  ✔ rejects non-object input without throwing (0.1812ms)
✔ validateSpec (4.755ms)
▶ planArms
  ✔ orders steps with toolchain between prepare and build (0.9906ms)
  ✔ omits toolchain/build when absent (0.2486ms)
✔ planArms (1.5185ms)
▶ normalizers
  ✔ canonicalizes line endings, trailing ws, final newline (2.0906ms)
  ✔ collapses timestamps, dates, durations (0.2316ms)
  ✔ collapses uuids and long hex addresses but not short hex (0.2004ms)
  ✔ collapses ports on localhost (0.1644ms)
  ✔ normalizes the run workspace, temp, home, user, host (0.5981ms)
  ✔ pathVariants covers slash forms and drive case (0.968ms)
  ✔ the stability invariant: same logical run shape at different moments collapses to identical bytes (1.155ms)
  ✔ result lines are never rewritten by value-shape rules (0.2093ms)
✔ normalizers (7.4819ms)
▶ renderHtml
  ✔ renders the deterministic verdict verbatim (1.0622ms)
  ✔ shows hash prefixes and log paths for audit (0.2009ms)
  ✔ states the drift-confinement result (0.1709ms)
  ✔ escapes hostile content from downstream logs/names (no HTML injection) (0.3002ms)
  ✔ audit F12: renders failing-test identities derived from the BUNDLE (no extras) (0.3929ms)
  ✔ audit F12: a bundle with no failing identities omits the section (0.2408ms)
✔ renderHtml (3.8692ms)
▶ post-sol F1 — the verification banner says SELF-CONSISTENT, not VERIFIED
  ✔ a fully local-consistent render is labeled SELF-CONSISTENT and disclaims the committed proof (0.5153ms)
  ✔ a failing consistency render is labeled NOT SELF-CONSISTENT and still warns (0.3585ms)
  ✔ no verification argument at all renders NOT SELF-CONSISTENT (absence of checking is not success) (0.2357ms)
✔ post-sol F1 — the verification banner says SELF-CONSISTENT, not VERIFIED (1.5071ms)
▶ validateBundle
  ✔ accepts a well-formed bundle (6.7551ms)
  ✔ rejects an unknown classification label (1.4745ms)
  ✔ rejects short/hexless commit SHAs (no branch pins in evidence) (1.0996ms)
  ✔ rejects a bundle missing an arm (2.0786ms)
  ✔ rejects malformed stream hashes (0.796ms)
  ✔ rejects a round whose envKeys leak outside the sanitized allowlist (F9) (0.7817ms)
  ✔ rejects reproductionCount < 1 (0.8617ms)
✔ validateBundle (15.7897ms)
▶ validateBundle — semantic integrity (audit F3)
  ✔ rejects a CONFIRMED_REGRESSION label whose own rounds say PASS (1.677ms)
  ✔ rejects a CONFIRMED_REGRESSION built from rounds whose failure identities differ (must re-derive FLAKY rule 8) (1.5717ms)
  ✔ rejects masked-failure rounds (exit 0 with reported failures) under a PASS label (1.6413ms)
  ✔ rejects killedByTimeout=true alongside a normal exit code (0.6241ms)
  ✔ rejects an inflated reproductionCount not backed by candidate rounds (0.5579ms)
  ✔ rejects a trustful verdict while drift says NOT confined (rule-9 guard bypassed) (0.5445ms)
  ✔ accepts the legitimate rule-9 override: unconfined drift + INCONCLUSIVE rule 9 (0.62ms)
  ✔ audit B6: rejects a trustful verdict built on a non-VALID tree observation (0.9384ms)
  ✔ audit B6: accepts the legitimate rule-10 override (confined drift but weak observation) (0.5629ms)
  ✔ audit B6: rejects a FABRICATED rule-10 downgrade even with a valid manifest (semantic layer alone catches it) (0.52ms)
  ✔ audit B6: observationStatus is mandatory (0.5353ms)
  ✔ refuses to treat a CONFIRMED_REGRESSION as trustworthy when round facts are too sparse to re-derive (0.514ms)
  ✔ self-review N3: the sparse-facts refusal covers a PASS claim too (was: CONFIRMED/PRE_EXISTING only) (0.5653ms)
  ✔ robustness H1: rejects duplicate (arm,round) indices (resealed) (1.247ms)
  ✔ round-3 B1: a RESEALED CONFIRMED whose failing identities under-account the count dies twice over (0.8742ms)
  ✔ post-sol RB-2: a resealed trustful bundle over incomparable arm coverage dies twice over (0.926ms)
  ✔ post-sol RB-2: a trustful label with only ONE round per arm is refused (0.5535ms)
  ✔ post-sol RB-2: unstable repetition coverage under a trustful label is refused (baseline 5 vs 4 passing) (1.0179ms)
  ✔ post-sol RB-2: weak labels carry no parity requirement (honest INCONCLUSIVE rule 13 validates) (1.7913ms)
  ✔ round-3 B2: a PASS label over zero-assertion (pending-only) rounds is rejected (0.7965ms)
✔ validateBundle — semantic integrity (audit F3) (19.8329ms)
▶ post-sol M-1 — contract.ts is the single source of truth
  ✔ the committed schemas/evidence.schema.json EQUALS the generated contract (no drift) (2.3355ms)
  ✔ every always-required contract field is refused at runtime when DELETED (Sol: commands, killedByTimeout, startedAt, durationMs included) (31.915ms)
  ✔ intentionally-optional fields may be absent (we do not blind-strictify) (0.9342ms)
  ✔ unknown fields are refused at root, round, and treeComparison scopes (policy is intentional) (2.3335ms)
  ✔ post-glm F6c: unknown fields NAMED LIKE Object.prototype members are refused too (own-property check, not `in`) (2.4623ms)
  ✔ trustful-tier fields: deleted infraSignal/snapshots/anomalies kill a trustful claim but validate clean under a weak honest label (1.3713ms)
  ✔ round indices must be contiguous per arm (an omitted round shrinks the claimed reproduction) (0.457ms)
✔ post-sol M-1 — contract.ts is the single source of truth (42.4267ms)
▶ post-GLM round 5 — mirror constant independence + containment restatement
  ✔ STRONG_MIRROR_LABELS is a distinct copy of the classifier strong set with pinned equivalence (0.2127ms)
  ✔ refuses PRE_EXISTING_FAILURE whose candidate fails identities baseline did not (containment at 3d) (0.7579ms)
  ✔ accepts an honest PRE_EXISTING_FAILURE (identical failing sets across arms) — no over-blocking (0.4838ms)
✔ post-GLM round 5 — mirror constant independence + containment restatement (1.6212ms)
▶ Recorder.expandArgv — token expansion + enforced isolation
  ✔ expands $bin via resolver to node + bin path (7.9042ms)
  ✔ ALWAYS appends --ignore-scripts and cache isolation to install commands (5.3995ms)
  ✔ F6: flags are detected past leading options ($npm --loglevel install) (4.5321ms)
  ✔ F6: npm ci (runs lifecycle scripts by default) is also covered (4.5646ms)
  ✔ post-glm F6e: the controlled empty npm config is RE-ESTABLISHED immediately before install (tamper-between-creation-and-use) (4.9365ms)
  ✔ F6: $yarn install gets yarn-appropriate flags after -- and --ignore-scripts on the npx bootstrap (3.4468ms)
  ✔ F8: $npm -u evil.npmrc install x is REJECTED (was silent injection-skip) (4.305ms)
  ✔ F8: conflicting config flags rejected BEFORE and AFTER the subcommand (6.347ms)
  ✔ F8: unknown bare option before subcommand rejected; --key=value passes (4.3326ms)
  ✔ F8: exec/dlx/shell-style subcommands rejected; run of a local script is not (3.4359ms)
  ✔ F8: conflicting flags rejected in CASE VARIANTS too (red-team) (3.3354ms)
  ✔ F8: install-family options with = or after the subcommand still expand normally (3.1274ms)
  ✔ non-install commands get no injected flags (3.0063ms)
✔ Recorder.expandArgv — token expansion + enforced isolation (61.048ms)
▶ summary/infra matchers (F1/F5 hardening)
  ✔ strict summary matcher rejects prose and accepts runner lines (0.4161ms)
  ✔ environmental error patterns are infra (F1/F2) (0.5172ms)
  ✔ audit B2: errno code in a PASSING test name is NOT infra; in an error line IS (0.4537ms)
✔ summary/infra matchers (F1/F5 hardening) (1.564ms)
▶ Recorder.step/round — real subprocess, real artifacts (no mocks)
  ✔ captures exit code, streams, hashes, counts; unique-ifies repeated labels (528.842ms)
  ✔ F1 shape: nonzero exit + summary claiming 0 failing is recorded with the count (443.2427ms)
  ✔ F5 shape: exit 0 while summary reports failures is captured (classifier then infra-guards) (524.2407ms)
  ✔ audit F13: failing-test identities from REAL subprocess output land in fact and evidence (506.4521ms)
  ✔ audit B2 (real subprocess): 0 passing at exit 0 records reportedPassing=0 (classifier => INFRA) (472.099ms)
  ✔ audit B2 (real subprocess): ECONNREFUSED error line at exit 0 sets infraSignal true (not swallowed by exit) (435.4894ms)
  ✔ audit B2 (real subprocess): a genuinely passing run records reportedPassing>0 and stays valid (428.1335ms)
  ✔ audit B1 e2e: same leaf title, different SUITE across candidate rounds -> FLAKY (1330.416ms)
  ✔ audit B1 e2e: identical SUITE-QUALIFIED identity across rounds stays CONFIRM-eligible (1776.3404ms)
  ✔ timeout kills produce exit -1 (and tree-kill runs without throwing) (1549.2457ms)
✔ Recorder.step/round — real subprocess, real artifacts (no mocks) (7995.6107ms)
▶ audit B5 — canonical package-manager policy (closed allowlist)
  ✔ B5: install ALIASES (the pre-fix silent-skip) now receive full injection (7.1303ms)
  ✔ B5: unknown/unvetted subcommands are REJECTED, not run without policy (3.0505ms)
  ✔ B5: RAW package-manager forms rejected for ANY command position (2.4741ms)
  ✔ B5: $bin:npm bypass is rejected; $bin:mocha still works (2.706ms)
  ✔ B5: user `--` in an install command is rejected (was the trailing-flag dead-weight bypass) (2.4572ms)
  ✔ B5 invariant (property): accepted install => isolation flags in EFFECTIVE position after the subcommand, none after a `--` (4.5684ms)
  ✔ B5: closed-allowlist families classified correctly by the policy parser (0.2049ms)
✔ audit B5 — canonical package-manager policy (closed allowlist) (22.9208ms)
▶ round-3 B5 — wrapper-mediated / frontend package-manager execution is refused
  ✔ cmd /c npm install … is refused (the canonical Windows wrapper bypass) (2.6772ms)
  ✔ powershell / pwsh … npm is refused (2.6201ms)
  ✔ env / nohup / xargs / sh -c / sudo npm are refused (POSIX wrappers) (2.1627ms)
  ✔ package-manager FRONTENDS (pnpm/bun/corepack/volta) are refused (2.1269ms)
  ✔ node executed ON a package-manager file (node npm / node npm-cli.js) is refused (2.5334ms)
  ✔ any other unenumerated literal executable fails closed (not silently expanded) (2.1917ms)
  ✔ REGRESSION: every SUPPORTED form still expands (allowlist does not over-reject) (2.8119ms)
  ✔ REGRESSION: raw npm / npm.cmd / direct npm-cli / $bin:npm still rejected (pre-existing B5.1) (2.4688ms)
✔ round-3 B5 — wrapper-mediated / frontend package-manager execution is refused (19.9618ms)
▶ round-3 secondary — crash & sweep signals reach the classification
  ✔ hasCrashSignature: matches V8/native abort phrasing, skips pass-glyph lines (0.2596ms)
  ✔ glyph discrimination (self-review N4): ava ✖ (U+2716) fires infra; ✗-titled (U+2717) prose does not (0.3154ms)
  ✔ isInfraOutput: a hard infra phrase inside a PASSING test title is not false-INFRA (round-3 secondary) (0.1028ms)
  ✔ round() records crashSignal from a real post-summary crash -> classify says INFRA rule 1 (432.5942ms)
  ✔ round() records sweepFailed (when the run outcome flags it) -> classify says INFRA rule 1 (7.1401ms)
  ✔ post-sol secondary: CR-only line endings are matched like LF/CRLF (summary + anchored crash banner) (0.2577ms)
  ✔ assertSupportedSpecExecutable: the allowlist is small and explicit (0.1988ms)
✔ round-3 secondary — crash & sweep signals reach the classification (441.1524ms)
▶ observation hardening — expandArgvWithPlan injection decision
  ✔ the double fixture is actually pinned (fails if the pin table drifted) (0.1268ms)
  ✔ post-GLM F5: the canary double is UNSELECTABLE by default — pinned bytes, no execution authority (14.9071ms)
  ✔ pinned bytes at the canonical anchor: injected, --require appended LAST, plan from the PIN (15.4788ms)
  ✔ unpinned bytes at the canonical anchor: NO injection, runner-identity-unpinned + observed hash recorded (13.8647ms)
  ✔ pinned bytes OUTSIDE the canonical anchor (hoisted): not injectable (16.3987ms)
  ✔ post-glm F6a: pinned bytes reached through a LINK at the anchor are not injectable (root case) (16.7772ms)
  ✔ post-glm F6a: a LINK ABOVE the anchor (node_modules junctioned out) is not injectable either (16.157ms)
  ✔ post-audit F6a coverage sentinel — the link-escape regression was ACTUALLY exercised on this platform (0.1075ms)
  ✔ a subject-supplied --require/-r in a mocha argv is refused fail-closed (12.7293ms)
  ✔ post-GLM F1: an off-position $bin:mocha token is refused, never credited (16.0634ms)
  ✔ non-mocha commands: no injection attempted, absentKind not-mocha-bin (2.8771ms)
  ✔ the ABSENT path end-to-end: an unpinned double runs REAL rounds and rule 14 refuses the strong label (937.3667ms)
✔ observation hardening — expandArgvWithPlan injection decision (1063.4549ms)
▶ post-sol RB-1 — semantic package-manager policy (equivalence classes)
  ✔ Sol's accepted forms are now rejected in install-family commands (3.4073ms)
  ✔ property: for EVERY protected key, every abbreviation/negation/case/= spelling is refused (install family) (41.2187ms)
  ✔ property: the per-package config family (@scope:registry, //…:auth) is refused everywhere (3.3738ms)
  ✔ property: accepted install argv ends with Canary protected flags after every user token (4.8061ms)
  ✔ invariant: no allowed install spelling resolves to a protected key (prefix-disjoint) (0.519ms)
  ✔ legitimate script-family passthrough and fixture install shapes still expand (4.1609ms)
  ✔ resolveOptionToken normalizes case, =-values, and one leading no- (0.1676ms)
  ✔ empirical: npm applies abbreviation + negation + LAST-WINS ordering (the semantic premises) (886.7582ms)
✔ post-sol RB-1 — semantic package-manager policy (equivalence classes) (944.8499ms)
▶ FINDING B — infra matching is case/encoding symmetric (must-match direction)
  ✔ exact GLM counterexample: mixed-case npm error + fake summary (1.4289ms)
  ✔ all case variants of npm error / npm ERR! fire (0.3628ms)
  ✔ hard patterns fire in any case (module/ERESOLVE/SyntaxError shapes) (0.3475ms)
  ✔ CR-only and CRLF line endings still see the signatures (0.2101ms)
  ✔ ANSI-wrapped signatures still fire (real colored npm output) (0.1949ms)
  ✔ SOFT errno lines fold case too (0.457ms)
  ✔ crash signatures survive ANSI decoration (0.4806ms)
  ✔ runner summary is recognized through ANSI colors (real colored mocha) (0.406ms)
✔ FINDING B — infra matching is case/encoding symmetric (must-match direction) (5.5714ms)
▶ FINDING B — benign prose NEVER flips to infrastructure (false-positive direction)
  ✔ passing test TITLES quoting error phrases are not infra (0.8312ms)
  ✔ intentional E404 assertions and historical logs inside test prose are not infra (0.2896ms)
  ✔ summary regexes stay anchored (prose containing "5 passing" mid-sentence) (0.1618ms)
✔ FINDING B — benign prose NEVER flips to infrastructure (false-positive direction) (1.6851ms)
▶ post-GLM F3 — summary recognition and count parsing share one view
  ✔ an ANSI-wrapped failing line is counted as surely as it is recognized (0.5532ms)
  ✔ a fully colored genuine run is recognized AND counted (no false infra) (1.0151ms)
  ✔ lone-CR and ANSI compose identically across both functions (0.1834ms)
✔ post-GLM F3 — summary recognition and count parsing share one view (1.9817ms)
▶ auditPackageManifestText — lifecycle hooks refuse execution
  ✔ accepts a clean manifest (1.1461ms)
  ✔ refuses preinstall hook (0.2182ms)
  ✔ refuses install hook (0.1457ms)
  ✔ refuses postinstall hook (0.1645ms)
  ✔ refuses prepare hook (0.1704ms)
  ✔ rejects invalid JSON without throwing (0.1968ms)
✔ auditPackageManifestText — lifecycle hooks refuse execution (3.553ms)
▶ auditFixtureDir — rc-file injection gate
  ✔ refuses a fixture shipping .npmrc (12.2043ms)
  ✔ F10: finds rc files nested anywhere in the pinned source (6.3931ms)
  ✔ F7: refuses an UPPERCASE .NPMRC (Windows/macOS load it as project config) (4.935ms)
  ✔ F7: also catches mixed-case nested .YarnRc.yml (7.2295ms)
✔ auditFixtureDir — rc-file injection gate (31.3736ms)
▶ expectedExtractedDir
  ✔ matches codeload tarball root naming (0.2771ms)
✔ expectedExtractedDir (0.4528ms)
▶ audit F6 — child env observation: declared == observed
  ✔ the child sees EXACTLY the declared allowlist keys (nothing undeclared) (534.3746ms)
  ✔ Windows session identity vars are neutralized, not merely absent from the block (431.6253ms)
  ✔ the real account identity is not reachable via any observed value (537.6193ms)
✔ audit F6 — child env observation: declared == observed (1505.1971ms)
▶ KNOWN_RUNNER_RELEASES — npm pins equal their reviewed manifests (offline)
  ✔ every npm-origin entry has a manifest and the hashes agree (4.9393ms)
  ✔ canary-double entries are the ONLY non-manifested pins (offline e2e bytes live in-repo) (0.4654ms)
✔ KNOWN_RUNNER_RELEASES — npm pins equal their reviewed manifests (offline) (6.7268ms)
▶ post-GLM F5 — findRunnerPin: origin is an execution-authority gate
  ✔ double bytes are UNSELECTABLE by default: pinned hash, zero execution authority (0.3349ms)
  ✔ only the explicit in-process grant selects the double (0.1665ms)
  ✔ npm pins stay selectable in BOTH postures — the gate is origin-scoped, not blanket (0.1675ms)
✔ post-GLM F5 — findRunnerPin: origin is an execution-authority gate (0.98ms)
▶ audit F5 — sweep mechanism (live parent, positive proof)
  ✔ sweepDescendants finds and kills a live parent's child process (1068.5113ms)
✔ audit F5 — sweep mechanism (live parent, positive proof) (1069.9386ms)
▶ audit F5 — containment through runCommand
  ✔ normal exit-0 of a child that left a helper behind: sweep clean, no survivors (733.1867ms)
  ✔ a clean exit with no descendants sweeps nothing and does not fail (505.3927ms)
  ✔ timeout: tree kill + sweep leave no survivors and do not fail (2670.3837ms)
  ✔ the swept child PID itself is never listed as killed (only descendants) (466.3494ms)
✔ audit F5 — containment through runCommand (4375.966ms)
▶ audit S1 — POSIX session-membership predicate (setpgid escapees)
  ✔ a member of the child session is caught even after it setpgid()s (0.3345ms)
  ✔ a member of the child group is caught (0.2373ms)
  ✔ an unrelated process is not swept (0.218ms)
✔ audit S1 — POSIX session-membership predicate (setpgid escapees) (1.1777ms)
ℹ tests 473
ℹ suites 71
ℹ pass 473
ℹ fail 0
ℹ cancelled 0
ℹ skipped 0
ℹ todo 0
ℹ duration_ms 179612.5035
EXIT:0
