TREE: d327e71c1e68fb4e292f2c2c26268693580bef3e @ /c/Users/Johannes/Desktop/canary-head-d327e71

> canary-reliability-network@0.0.0 test
> npm run build && node --test "packages/**/dist/test/*.test.js" "apps/**/dist/test/*.test.js"


> canary-reliability-network@0.0.0 build
> tsc -b

▶ panel K layer 1 — the validator refuses hostile frame streams
  ✔ CONTROL: an honest watched lifecycle validates VALID (the battery needs a standing baseline) (1.9544ms)
  ✔ post-glm F6b: capture DELIBERATELY honors a complete stream paired with exit -1 — the veto lives in classification, not here (0.3167ms)
  ✔ (ii) injected round with ZERO frames on the channel is INVALID (0.3806ms)
  ✔ (iii) a missing bye — and a misplaced bye — are INVALID boundary violations (0.4408ms)
  ✔ (iv) a reject frame (adapter caught a forged/dup event LIVE) condemns the round (0.395ms)
  ✔ (v) text claiming "2 passing" over 1 watched pass is INVALID — and a lying bye cannot fix it (0.3582ms)
  ✔ (vi) a forged hello.mochaVersion is INVALID — vs the pin and vs its own shape (0.3334ms)
  ✔ panel 1 extras: flood truncation, duplicate credits, unknown kinds and no-summary all fail closed (0.265ms)
  ✔ (xi) garbage lines, non-object frames, adapter-error and masked exit each condemn the round (0.3339ms)
✔ panel K layer 1 — the validator refuses hostile frame streams (6.4352ms)
▶ panel K layer 2 — the pipeline end-to-end refuses unattested execution
  ✔ (i) a plain-node text stub that reads as a clean run degrades to INCONCLUSIVE rule 14 (8813.0216ms)
  ✔ (vii) an UNPINNED double running the observer protocol on fd 3 gets stray-bytes forensics, zero credit (7905.7643ms)
  ✔ (viii) AM-1 kill test: double CLAIMS the pinned version, bytes are wrong -> ABSENT, strong unreachable (7538.4268ms)
  ✔ (ix) a subject --require in spec argv is refused fail-closed (protected preload flag) (2725.2868ms)
  ✔ (x) process.exit() mid-round: watched lifecycle never ends -> INVALID, never strong (6668.6723ms)
✔ panel K layer 2 — the pipeline end-to-end refuses unattested execution (33652.1008ms)
▶ post-GLM F1 — off-position runner token earns no execution credit
  ✔ refused fail-closed: forging `node -e` with the token trailing (2216.0355ms)
  ✔ refused fail-closed: forging prelude script with the token after it (2182.3264ms)
  ✔ positive control: the executed-position token still earns VALID and a strong verdict (6324.3564ms)
✔ post-GLM F1 — off-position runner token earns no execution credit (10723.0874ms)
▶ post-GLM F4 — infra prose cannot mask an attested regression
  ✔ a VALID round whose stdout trips the infra signature still yields CONFIRMED_REGRESSION (5967.7953ms)
✔ post-GLM F4 — infra prose cannot mask an attested regression (5968.0078ms)
▶ post-GLM F5 — an untrusted spec cannot select the canary double
  ✔ double bytes staged by the spec itself: NO injection, every round ABSENT, INCONCLUSIVE rule 14 (6017.3576ms)
  ✔ trusted control: with the in-process grant the SAME spec earns VALID + a strong verdict (6085.0588ms)
✔ post-GLM F5 — an untrusted spec cannot select the canary double (12102.715ms)
▶ audit M8 — CLI subprocess exit-code contract
  ✔ check on honest evidence exits 0 and prints PASS (9634.9229ms)
  ✔ check on a tampered artifact exits 3 and names the tampered file (7911.4681ms)
  ✔ report refuses a fabricated bundle (exit 3) and renders a valid one (exit 0) (8048.6115ms)
  ✔ audit F12: report with NO argument defaults to the latest run and renders bundle-persisted failing identities (7539.5718ms)
  ✔ version exits 0; no command prints usage and exits 3 (misuse) (215.3015ms)
  ✔ round-3 secondary: an infrastructure abort exits 2 (environment fault), never 3 (misuse) (387.9444ms)
✔ audit M8 — CLI subprocess exit-code contract (33739.8971ms)
▶ FINDING A — subject text alone can never create a strong verdict
  ✔ the GLM counterexample (console.log "128 passing") is never PASS (8799.1927ms)
  ✔ test command node -e printing mocha-shaped prose is never PASS (7904.5833ms)
  ✔ a printed failing summary is never CONFIRMED_REGRESSION (7588.2583ms)
✔ FINDING A — subject text alone can never create a strong verdict (24293.8264ms)
▶ KNOWN_RUNNER_RELEASES — table == disk (canary-double)
  ✔ the pinned double hash equals the treeSha256 of the repo fixture bytes (22.3661ms)
  ✔ no placeholder digests survive, every entry is well-formed, versions unique per package (0.5509ms)
✔ KNOWN_RUNNER_RELEASES — table == disk (canary-double) (24.2386ms)
▶ audit M8 — offline pipeline end-to-end
  ✔ confined regression: CONFIRMED_REGRESSION, real artifacts re-hash clean (9433.0318ms)
  ✔ unconfined tree drift is downgraded to INCONCLUSIVE rule 9 (F9 e2e) (7347.3692ms)
  ✔ a tampered artifact is caught end-to-end by the prove path (F4 e2e) (7588.0671ms)
  ✔ a fabricated self-contradictory bundle is refuted by validateBundle (F3 e2e) (6997.6224ms)
  ✔ round-3 secondary: a fetch failure is INFRASTRUCTURE (InfraAbort -> CLI exit 2), not generic error (2.7111ms)
  ✔ round-3 secondary: an extraction failure is INFRASTRUCTURE too (3.4141ms)
✔ audit M8 — offline pipeline end-to-end (31373.7549ms)
▶ round-3 B3 — the proof host is the ACTUAL runtime, never the evidence
  ✔ pristine run + proofHost = this machine: full gate PASSes with ZERO skipped assertions (8166.6312ms)
  ✔ THE AUDIT ATTACK: reseal host metadata to dodge host checks -> gate FAILS (exit 1), never skip-to-PASS (7977.212ms)
  ✔ resealing the environment TO MATCH the real machine is not an attack: identity is reality, not paper (7632.1189ms)
  ✔ off the proof host (simulate a foreign runtime): strict checks SKIP and the verdict INCOMPLETE (exit 2) — PASS is not claimed (7063.0738ms)
  ✔ post-sol F1 — SELF-CONSISTENT is NOT proof-agreement: a bundle fully consistent on this machine can still FAIL check against a diverged committed proof (6591.6378ms)
  ✔ a lying proof file cannot flip the verdict either: proofHost=foreign while running here still skips (evidence-agnostic) (6347.2299ms)
✔ round-3 B3 — the proof host is the ACTUAL runtime, never the evidence (43780.1692ms)
▶ post-GLM F2 — executable bytes are part of the host identity
  ✔ a trojan runtime claiming the proof-host METADATA but running different bytes can never PASS (6086.8509ms)
  ✔ a proof naming a proofHost but omitting the exec digest is REFUSED — loud FAIL, never a silently weaker gate (6076.1395ms)
  ✔ the sampler reports the ACTUAL bytes of the running executable (73.1382ms)
  ✔ an environment ATTESTATION stays metadata-only: the evidence block carries no bytes to compare (documented residual) (0.2886ms)
✔ post-GLM F2 — executable bytes are part of the host identity (12236.8265ms)
▶ verifyArtifacts — audit F4 (proof must rehash the real artifacts)
  ✔ accepts a bundle whose every recorded hash matches the file on disk (26.9493ms)
  ✔ rejects a tampered raw stdout (recorded hash kept, content swapped) (26.2736ms)
  ✔ rejects a tampered normalized stdout independently of the raw one (25.5517ms)
  ✔ rejects quietly deleted stderr artifacts (22.9288ms)
  ✔ rejects all four substituted files of one round (raw, raw-err, norm, norm-err) (21.5365ms)
  ✔ rejects a logPath that breaks the round-ownership contract (20.682ms)
✔ verifyArtifacts — audit F4 (proof must rehash the real artifacts) (145.722ms)
▶ verifyArtifacts — audit B3 (path confinement + ownership)
  ✔ ../../ identical external substitution is refused (ownership), not verified against the external bytes (8.9916ms)
  ✔ absolute external path in logPath is refused (8.7414ms)
  ✔ cross-round swap (candidate#1 claims candidate#2 log) is refused (12.6308ms)
  ✔ baseline pointing at a candidate artifact is refused (7.4177ms)
  ✔ a valid canonical relative artifact path verifies clean (12.672ms)
  ✔ missing + modified artifacts are refused (21.7877ms)
  ✔ a symlinked artifact resolving outside the dir is refused (symlink escape) (13.6663ms)
✔ verifyArtifacts — audit B3 (path confinement + ownership) (86.7649ms)
▶ assertProof — audit F11 + round-3 B3 (host-exactness from the ACTUAL runtime)
  ✔ legacy proof (no proofHost): host-exact hashes NEVER assert — recorded-env match grants nothing (post-glm F6f) (12.7928ms)
  ✔ post-glm F6f: an ABSENT proofHost can never grant host-exact trust — resealed env metadata cannot PASS the proof (9.2292ms)
  ✔ matching proofHost + actual runtime on it: every assertion including hashes AND the environment binding evaluates (8.1642ms)
  ✔ round-3 B3 core: resealing the evidence environment can NO LONGER skip strict checks — it FAILS the binding (8.3832ms)
  ✔ off-proof-host: host-exact comparisons skip (flagged, not silent); portable assertions still evaluate; verdict is INCOMPLETE (9.2966ms)
  ✔ off-proof-host with tampered committed hashes still passes portable checks (and this is exactly why verifyArtifacts exists) (20.8746ms)
✔ assertProof — audit F11 + round-3 B3 (host-exactness from the ACTUAL runtime) (69.2768ms)
▶ round-3 B3 — environment attestation + verdict helpers
  ✔ environmentAttestationIssues: silent only when claim == ACTUAL runtime (7.721ms)
  ✔ proofVerdict: PASS requires zero failures AND zero skips (0.3205ms)
✔ round-3 B3 — environment attestation + verdict helpers (8.2175ms)
▶ round-3 B4-D — exact failing-identity set equality (proof vs candidate bytes)
  ✔ faithful expectation: exact set holds (0.3872ms)
  ✔ proof pinning a SUBSET (hiding a real failure) FAILS (0.4019ms)
  ✔ proof pinning an EXTRA (non-existent) identity FAILS (0.2607ms)
  ✔ the exact-set check is portable — it evaluates (never skips) off-host (0.893ms)
  ✔ a proof that does not pin the tarball digest FAILS the pin requirement (0.1642ms)
  ✔ assertProof alone refuses a resealed experimentId the proof does not name (mutation N10) (0.3576ms)
  ✔ a proof declaring a schema version the reader does not implement FAILS (portable) (0.3272ms)
✔ round-3 B4-D — exact failing-identity set equality (proof vs candidate bytes) (7.4745ms)
▶ post-sol secondary — host sampling is immune to the verifier process environment
  ✔ a poisoned NODE_OPTIONS in the verifying process does NOT crash or steer the fingerprint (800.325ms)
✔ post-sol secondary — host sampling is immune to the verifier process environment (800.4928ms)
▶ audit B4 — provenance forgery matrix (which layer refuses)
  ✔ pristine run passes the whole gate (8158.6733ms)
  ✔ rewriting failure counts is caught — round-3 B1 coverage gate fires even earlier (at validateBundle) (7932.9003ms)
  ✔ rewriting failing-test identities is caught by byte re-derivation (resealed) (7649.1881ms)
  ✔ NEW: per-round name/value disagreement with bytes is caught (one round forged) (7040.453ms)
  ✔ rewriting digests away from bytes is caught by verifyArtifacts (resealed) (6619.7363ms)
  ✔ rewriting the repo URL is caught by the committed proof (resealed) (6373.0114ms)
  ✔ rewriting experimentId is caught by the workspace binding (resealed) — B4-A fires before the proof (6068.6291ms)
  ✔ rewriting the pinned commit is caught by the committed proof (resealed) (6095.7879ms)
  ✔ rewriting runtime platform is caught by the committed proof (resealed) (6120.9329ms)
  ✔ flipping drift-confined to false is caught (resealed) — trustful+unconfined (5551.2281ms)
  ✔ downgrading a tree observation to INCOMPLETE cannot support a trustful label (resealed) (5740.409ms)
  ✔ NEW: relabeling a real regression PASS is caught by re-derivation (resealed) (5655.5737ms)
  ✔ adding a non-allowlisted env key is refused (resealed) (5196.6882ms)
  ✔ naive (argv) rewrite without recomputing the manifest is caught by integrity (4934.8597ms)
  ✔ naive (tarball digest) rewrite without recomputing the manifest is caught by integrity (4925.268ms)
  ✔ naive (runId) rewrite without recomputing the manifest is caught by integrity (4900.0412ms)
  ✔ manifest integrity catches ANY single-field rewrite done without recompute (4887.157ms)
✔ audit B4 — provenance forgery matrix (which layer refuses) (103853.2663ms)
▶ round-3 B4 — coherent-reseal matrix on release-critical fields
  ✔ resealed runId alone is contradicted by the workspace directory (4928.8644ms)
  ✔ resealed runId AND experimentId (coherent prefix) still contradicts the directory (5084.5917ms)
  ✔ resealed tarball digest is contradicted by the retained fixture.tgz bytes (4942.5442ms)
  ✔ attacker who swaps the TARBALL BYTES too is stopped by the committed proof pin (5008.6727ms)
  ✔ resealed argv is contradicted by the committed spec re-expansion (proof host) (8399.2812ms)
  ✔ weakened envKeys (valid allowlist subset) is contradicted by the policy re-derivation (7839.3032ms)
  ✔ classification REASON tampering (label/rule/count coherent) is caught by byte re-derivation (7343.7489ms)
  ✔ coherent INCONCLUSIVE-rule9 relabel is refused (no unconfined drift to justify it) (13652.6865ms)
  ✔ resealed dependency-copy count is contradicted by the retained snapshot recount (6291.6646ms)
  ✔ a crash hidden from the record (crash line IN the bytes, resealed) is caught by byte re-derivation (6364.3565ms)
  ✔ an invented crashSignal on clean bytes is caught too (bidirectional binding, resealed) (6027.816ms)
  ✔ a tampered infraSignal (false where bytes carry an infra line) is caught by bytes (6144.4151ms)
  ✔ a proof pinning a SUBSET of the failing identities is refused (exact-set equality, B4-D) (5832.0346ms)
  ✔ a proof pinning a WRONG extra identity is refused too (exact-set equality, B4-D) (5802.8153ms)
  ✔ a proof that forgot to pin the tarball digest cannot support PASS (B4) (5577.5287ms)
✔ round-3 B4 — coherent-reseal matrix on release-critical fields (99241.4022ms)
▶ flattenNpmLsJson — npm 11.19 empty-object representation (pipeline path)
  ✔ an empty {} node with no problems mention is expected-absent: no anomaly, no hole (3.2646ms)
  ✔ the same {} node IS an anomaly when problems mentions it (unmet-optional-that-matters fails closed) (0.6409ms)
  ✔ a version-less node with missing:true is an anomaly (uninstalled REQUIRED dep) (0.4706ms)
  ✔ a version-less node carrying a declared subtree: missing-version + unwalked-subtree (0.648ms)
  ✔ problems name-matching is token-anchored: "util" is not matched by "bufferutil@1.0.0" (0.4129ms)
  ✔ non-object node entries are malformed-node anomalies (0.3125ms)
  ✔ empty / effectively-empty trees can NEVER become VALID (criterion 6) (0.2958ms)
  ✔ a {} node for the STUDIED dependency itself is absence, not presence (criterion 7) (0.2454ms)
  ✔ ANY anomaly caps the observation at INCOMPLETE even with the dep present (0.3749ms)
✔ flattenNpmLsJson — npm 11.19 empty-object representation (pipeline path) (8.8767ms)
▶ post-sol M-2 — empty-node semantics (narrowest exemption)
  ✔ the REAL captured npm 11.19 shape (root fsevents {}, ws nested {} natives) stays VALID (1.6334ms)
  ✔ R4-SR1 (self-review): problems WITH a silent stderr is npm's real extraneous-only shape — the observation is complete, not contradictory (0.2759ms)
  ✔ an empty/absent problems field under an ELSPROBLEMS stderr IS the contradiction (stripped-report forgery) (0.4152ms)
  ✔ problems ABSENT but stderr SCREAMING ELSPROBLEMS is equally a contradiction (stripped-stderr forgery) (0.138ms)
  ✔ a MALFORMED problems field (string, object, or array with non-strings) kills the exemption and is itself an anomaly (0.2304ms)
  ✔ string-valued problems mentioning the node fail closed identically on BOTH parsers (N4 differential) (0.121ms)
  ✔ the STUDIED dependency appearing as {} is absence (INCOMPLETE via depPresent), never presence (0.1825ms)
  ✔ drift caused by DISAPPEARANCE of a formerly-versioned dep is byte-visible, not exemption-hidden (outside-subtree drift -> unconfined) (0.2641ms)
  ✔ deeply nested hostile trees are BOUNDED on both parsers (no stack exhaustion; fails closed) (2.5214ms)
  ✔ the traversal budgets are IDENTICAL contracts in both implementations (0.1175ms)
  ✔ anomalies from the two problem channels are DETERMINISTIC and deduped across repeated {} nodes (0.1806ms)
✔ post-sol M-2 — empty-node semantics (narrowest exemption) (6.6939ms)
▶ cross-implementation parity — pipeline flatten vs verify-tree re-flatten (criteria 2+3)
  ✔ parity: plain (0.2883ms)
  ✔ parity: 11.19 empty optionals (0.1396ms)
  ✔ parity: empty optional + problems mention (0.107ms)
  ✔ parity: missing required (0.1259ms)
  ✔ parity: scoped names (0.1022ms)
  ✔ parity: nested copies (0.1061ms)
  ✔ parity: malformed nodes (1.1217ms)
  ✔ parity: version-less with subtree (0.1421ms)
  ✔ parity: problems only (no deps) (0.1167ms)
  ✔ parity: truncated json (0.1917ms)
  ✔ parity: json scalar (0.0977ms)
  ✔ parity: json null (0.0752ms)
  ✔ parity: empty root (0.09ms)
✔ cross-implementation parity — pipeline flatten vs verify-tree re-flatten (criteria 2+3) (3.1691ms)
▶ confinement semantics survive the compatibility fix (criterion 3)
  ✔ a {} drift node is never a flat key, so drift sets stay byte-derived (0.1871ms)
  ✔ drift OUTSIDE the subtree stays unconfined even next to {} nodes (0.157ms)
  ✔ scoped-name escape stays closed under segment semantics (0.1113ms)
✔ confinement semantics survive the compatibility fix (criterion 3) (0.6089ms)
▶ reflattenNpmLs — independent re-derivation of the tree observation
  ✔ flattens nested/scoped trees with versions, no anomalies (problems ignored) (2.008ms)
  ✔ a missing-version node (npm unmet dependency) is an anomaly, never an "x" sentinel (0.3494ms)
  ✔ an empty {} node with no problems mention is an expected-absent optional, not a hole (0.4005ms)
  ✔ the same empty {} node IS an anomaly when problems mentions it (unmet-optional-that-matters fails closed) (0.2838ms)
  ✔ problems name-matching is token-anchored: "util" is not mentioned by "bufferutil@1.0.0" (0.2752ms)
  ✔ a {} node WITH a declared subtree is still missing-version + unwalked-subtree (0.2226ms)
  ✔ a version-less NODE hides a whole subtree: missing-version + unwalked-subtree (0.2566ms)
  ✔ truncated / malformed JSON => parsed=false (INVALID territory), never a partial success (0.288ms)
  ✔ copies are counted by full path segments; subtree containment is segment membership (0.3467ms)
✔ reflattenNpmLs — independent re-derivation of the tree observation (6.2808ms)
▶ retained tree snapshots — real pipeline bytes, independent verifier
  ✔ a fresh confined CONFIRMED run retains arm-named artifacts that verify clean (8741.2195ms)
  ✔ naive tamper of retained raw bytes (no reseal) is caught (7961.0548ms)
  ✔ LAZY reseal (raw digest fixed, canonical/tree-hash left stale) is caught by the chain (7639.1214ms)
  ✔ reseal that rewrites bytes+digests but keeps the old attestation claim is caught by verify-tree (7057.7479ms)
  ✔ COHERENT full tree-side reseal: bundle layer catches the version lie (attestation invariant) (6599.6407ms)
  ✔ a coherent reseal claiming VALID over bytes with a missing-version hole is caught (status + anomaly re-derivation) (6347.651ms)
  ✔ pointing one arm at the other arm bytes is caught by BOTH layers (5922.6191ms)
  ✔ flipping driftConfinedToDependency against the retained snapshots is caught (6023.1365ms)
  ✔ stripping snapshot refs from a trustful bundle: verifier says unverifiable, schema refuses to seal trust on it (6071.8186ms)
  ✔ post-GLM G: naive tamper/deletion of the retained attest bytes is caught by verifyArtifacts (5595.5864ms)
  ✔ post-GLM G: a resealed framesSha256 the retained bytes do not back is caught ONLY by the bytes binding (5775.3215ms)
  ✔ post-GLM G: reseal-everything-but-the-observation is REFUSED (the pre-G "clean 4-file resealed tuple" premise is forbidden by design) (5763.8339ms)
✔ retained tree snapshots — real pipeline bytes, independent verifier (79499.9465ms)
▶ validateBundle — round-3 B6 snapshot/anomaly/version gates
  ✔ trustful WITH snapshots + empty anomalies + consistent versions validates clean (0.6535ms)
  ✔ trustful WITHOUT retained snapshots is rejected (resealed) (0.571ms)
  ✔ trustful with a MISSING anomaly array is rejected ("did not look" != "nothing found") (0.3767ms)
  ✔ trustful with NON-EMPTY recorded anomalies is rejected (partial observation cannot anchor trust) (0.3594ms)
  ✔ resolvedVersions contradicting the dependency block is rejected (resealed attestation forgery) (0.4766ms)
  ✔ snapshot artifact names must be arm-derived (candidate pointing at baseline bytes dies sealed) (0.3197ms)
  ✔ NON-trustful bundles may legitimately carry no snapshots (honest INCONCLUSIVE rule 10) (0.4652ms)
  ✔ trustful label with rounds observation-ABSENT is rejected (rule-14 mirror, panel H) (0.4151ms)
  ✔ trustful label with a VALID observation naming an UNPINNED runner is rejected (panel H/AM-1) (0.3777ms)
  ✔ trustful label whose observed counts DISAGREE with the text channel is rejected (cross-channel gate cannot be bypassed) (0.3915ms)
✔ validateBundle — round-3 B6 snapshot/anomaly/version gates (4.8295ms)
▶ AI adapter boundary
  ✔ noop provider attaches nothing (0.9509ms)
  ✔ attachSummary cannot alter any pre-existing field, including classification (0.6124ms)
✔ AI adapter boundary (4.1597ms)
▶ classify — decision table (docs/PLAN.md section 6)
  ✔ rule 3: baseline unanimous pass + candidate unanimous pass -> PASS (1.9383ms)
  ✔ rule 5: baseline passes, all candidate rounds fail -> CONFIRMED_REGRESSION (0.4158ms)
  ✔ rule 4: baseline fails with real summaries + candidate fails -> PRE_EXISTING_FAILURE (0.3395ms)
  ✔ rule 1 (degenerate-run guard): failing round without runner summary -> INFRASTRUCTURE_FAILURE, never CONFIRMED_REGRESSION (0.232ms)
  ✔ rule 1: killed round (exit -1) -> INFRASTRUCTURE_FAILURE (0.1962ms)
  ✔ rule 1: infra signal on a failing round outranks drift (0.2139ms)
  ✔ rule 2: split baseline -> FLAKY (experiment invalid) (0.1763ms)
  ✔ rule 7: clean baseline, mixed candidate -> FLAKY, not CONFIRMED (0.2354ms)
  ✔ rule 6: failing baseline + all-pass candidate -> INCONCLUSIVE (inverted pattern) (0.2214ms)
  ✔ rule 0: missing arms -> INCONCLUSIVE (0.2528ms)
  ✔ rule 1 (F1 guard): nonzero exit whose summary reports 0 failing is infra, not drift (0.2062ms)
  ✔ rule 1 (F5 guard): zero exit with masked failures in summary is never PASS (0.1843ms)
  ✔ audit B2: zero-test execution (exit 0, "0 passing") is INFRA, never PASS (0.3019ms)
  ✔ audit B2: a round with NO runner summary at exit 0 is INFRA, never PASS (0.1589ms)
  ✔ audit B2: recognized infra signature at EXIT ZERO is INFRA (a harness that swallows errors) (0.1437ms)
  ✔ audit B2: a candidate whose baseline is clean but rounds are zero-test is INFRA (never CONFIRMED) (0.1418ms)
  ✔ audit B2 positive control: a valid zero-failure run (N>0 passing, exit 0) still PASSES (0.1393ms)
  ✔ audit F1 (mocha-realistic): passing summary WITHOUT a failing line + nonzero exit -> INFRA, never CONFIRMED_REGRESSION (0.1702ms)
  ✔ audit F2: candidate rounds failing DIFFERENT counts -> FLAKY rule 8, not CONFIRMED_REGRESSION (0.2172ms)
  ✔ audit F2: same count but DIFFERENT failing-test identities -> FLAKY rule 8 (0.1819ms)
  ✔ audit F2: identical failure profiles (golden shape) -> still CONFIRMED_REGRESSION rule 5 (0.3729ms)
  ✔ audit F2: profile comparison is order-independent (sorted identities) (0.1783ms)
  ✔ audit F2: unstable baseline failure identities block PRE_EXISTING_FAILURE -> FLAKY (0.148ms)
  ✔ audit F1 contract: summary-present failing round WITHOUT any failing count is INFRA, not regression (0.1503ms)
  ✔ is pure: same facts always yield the same verdict (0.8734ms)
✔ classify — decision table (docs/PLAN.md section 6) (10.2184ms)
▶ audit F9/B6 — applyConfinementGuard (rules 9 + 10, enforced not decorative)
  ✔ downgrades CONFIRMED_REGRESSION to INCONCLUSIVE rule 9 when drift is unconfined (0.3055ms)
  ✔ is identity when drift IS confined and both trees VALID (a legit CONFIRMED survives) (0.1216ms)
  ✔ never masks an INFRASTRUCTURE_FAILURE (higher-fidelity reason kept) (0.1407ms)
  ✔ downgrades PASS and PRE_EXISTING_FAILURE too (any trustful verdict needs comparable arms) (0.1796ms)
  ✔ audit B6: an empty/partial tree observation downgrades to INCONCLUSIVE rule 10 even when drift is confined (0.1537ms)
  ✔ audit B6: tree-invalidity takes precedence over unconfined drift (rule 10 not 9) (0.1253ms)
  ✔ guard removal would flip the outcome: identical facts, opposite confinement (0.1484ms)
✔ audit F9/B6 — applyConfinementGuard (rules 9 + 10, enforced not decorative) (1.5208ms)
▶ round-3 blocker 1 — identity coverage gates trustful verdicts
  ✔ identityCoverage: exact match COMPLETE; fewer / more / missing => INCOMPLETE / NOT_OBSERVED (0.2837ms)
  ✔ two DIFFERENT root-level failures that collapsed to equal EMPTY sets can never CONFIRM (rule 11) (0.1994ms)
  ✔ repeated "2 failing" with only ONE extractable identity -> INCONCLUSIVE rule 11, never CONFIRMED (0.1715ms)
  ✔ single failing round claiming 9 failures with 0 identities -> INCONCLUSIVE rule 11 (0.124ms)
  ✔ under-accounted BASELINE blocks PRE_EXISTING_FAILURE too (coverage is not candidate-only) (0.1262ms)
  ✔ genuinely distinct root failures stay distinct (rule 8 FLAKY, not coverage, not CONFIRMED) (0.1568ms)
  ✔ fully-accounted root-level identities CONFIRM (conservatism must not break real proofs) (0.1313ms)
✔ round-3 blocker 1 — identity coverage gates trustful verdicts (1.4846ms)
▶ round-3 blocker 2 — pending tests are NOT executed assertions
  ✔ all-pending candidate (0/0/7, exit 0) can never PASS -> INFRA (1.2953ms)
  ✔ infraCause flags a pending-only round directly (was: null) (0.1879ms)
  ✔ healthy baseline + ALL-skipped candidate: the run proves nothing executed (0.1206ms)
  ✔ summary present with NO machine-readable counts at all -> INFRA (prose "summary" proves nothing) (0.14ms)
  ✔ pending-only counts (no passing/failing line — the real mocha shape) -> INFRA zero-executed (0.1649ms)
  ✔ zero-test with NO summary at all stays INFRA (B2 path unchanged) (0.1516ms)
  ✔ a single executed assertion (1 passing, 0 failing, N pending) is enough to be a VALID run (0.159ms)
  ✔ decoy early summary lines cannot steer a nonzero-exit round into CONFIRMED (probe P2) (0.1158ms)
  ✔ duplicate identical suite-qualified identities under-account -> rule 11, never trust (probe P4) (0.1361ms)
✔ round-3 blocker 2 — pending tests are NOT executed assertions (2.7905ms)
▶ post-sol RB-2 — coverage consistency gates strong verdicts
  ✔ Sol case 1: baseline 128 passing, candidate 1 passing is NOT PASS (0.3166ms)
  ✔ Sol case 2: baseline repetitions 128 then 1 (both exit 0) is NOT PASS (0.1397ms)
  ✔ Sol case 3: baseline 128, candidate 1 passing / 127 pending is NOT PASS (0.1276ms)
  ✔ Sol case 4: baseline 128, candidate 1 stable failing test is NOT CONFIRMED_REGRESSION (0.139ms)
  ✔ Axios golden shape (128 passing -> 125 passing / 3 failing) STILL classifies CONFIRMED_REGRESSION rule 5 (0.1572ms)
  ✔ a passing->failing move at stable totals is a regression, not a coverage gap (0.1321ms)
  ✔ one executed test on BOTH arms, stable across repetitions, still PASSES (no hard-coded minimum) (0.1136ms)
  ✔ pending that SHRINKS candidate-side is caught by the observed total (5 executed + 0 pending vs 5 + 5 pending) (0.1232ms)
  ✔ candidate executing MORE than baseline is equally non-comparable (strong verdicts need both directions) (0.1148ms)
  ✔ rule 12 fires on candidate-side instability too (one repeat loses a test, both exit 0) (0.1546ms)
  ✔ PRE_EXISTING_FAILURE also demands comparability (baseline fails with fewer executed than candidate) (0.1984ms)
  ✔ weak outputs are never inflated by the new rules: mixed candidate with a coverage gap stays FLAKY (rule 7), infra wins over coverage (rule 1) (0.2229ms)
  ✔ treats undefined counts as zero consistently with rule 1 (mocha omits the 0-failing line): 5 passing vs 5 passing+3 failing is NOT comparable (0.1156ms)
  ✔ a stable-coverage collapse on BOTH arms (128 -> 1 -> uniform) is comparable and can still PASS — and is reported honestly (0.1047ms)
✔ post-sol RB-2 — coverage consistency gates strong verdicts (2.6626ms)
▶ post-GLM — execution-observation gate (rule 14)
  ✔ the GLM shape: unanimous "passing" prose with NO observation -> INCONCLUSIVE rule 14, never PASS (0.3697ms)
  ✔ a VALID observation that LIES about counts is caught (text 5/0/0 vs observed 42/0/0) (0.147ms)
  ✔ a VALID observation whose failing identities differ from the text is caught (0.1744ms)
  ✔ FLAKY is gated too: a split baseline WITHOUT observation is rule 14, not FLAKY (0.1442ms)
  ✔ PRE_EXISTING_FAILURE is gated: fail/fail/fail prose is rule 14 (the guard also gates the honest direction) (0.1332ms)
  ✔ status ABSENT is not "weak-but-fine": an explicit ABSENT observation gates like a missing one (0.1371ms)
  ✔ the gate reports the FIRST offending round in bundle order (deterministic reason) (0.1187ms)
  ✔ observationGateIssue: both exit-contradiction directions fail a VALID observation (0.162ms)
  ✔ observationSatisfied agrees with the gate on both paths (0.1178ms)
  ✔ a VALID observation whose identity array is missing/malformed is a REFUSAL, not a crash (0.1714ms)
  ✔ post-GLM F4: infra TEXT signature alone cannot veto an attested execution (precedence) (0.2016ms)
  ✔ post-glm F6b: the ACTUAL containment of a VALID-observed killed round — gate blind, rule 1 absolute (0.3028ms)
  ✔ post-GLM F4 twin: WITHOUT attestation the same prose still yields rule 1 INFRA (0.1884ms)
  ✔ post-GLM F4 residual: a crash-signature TEXT cannot veto an attested execution either (0.3818ms)
  ✔ post-GLM F4 residual twin: WITHOUT attestation crash prose still yields rule 1 INFRA (0.1376ms)
  ✔ weak paths are NOT gated: rule 0/rule 1 keep their rule numbers without any observation (0.1677ms)
✔ post-GLM — execution-observation gate (rule 14) (3.787ms)
▶ post-GLM round 5 F1 — PRE_EXISTING requires failing-set containment
  ✔ a candidate failure Canary never saw fail in baseline is NOT pre-existing — INCONCLUSIVE 13 (never a swallowed regression) (0.241ms)
  ✔ disjoint failing sets ({A} baseline vs {B} candidate) at equal totals describe no comparable transition — INCONCLUSIVE 13 (0.1555ms)
  ✔ an honest PRE_EXISTING_FAILURE (identical failing sets) keeps rule 4 — containment must not over-block (0.1636ms)
  ✔ CONFIRMED_REGRESSION is untouched by containment (baseline has zero failing identities) (0.1759ms)
  ✔ DOCUMENTED CEILING: version-gated passing-test substitution still PASSes (F3/§8.1) — equality of cardinality + failing sets is the exact invariant (0.1804ms)
✔ post-GLM round 5 F1 — PRE_EXISTING requires failing-set containment (1.1315ms)
▶ post-GLM round 5 F4 — rule 14 downgrades EVERY FLAKY producer (6/7/8/12)
  ✔ un-attested producer rule 6 (non-unanimous candidate under failing baseline) -> INCONCLUSIVE 14, never FLAKY (0.7036ms)
  ✔ un-attested producer rule 7 (clean baseline, mixed candidate) -> INCONCLUSIVE 14, never FLAKY (0.1879ms)
  ✔ un-attested producer rule 8 (failing rounds within an arm differ in identity) -> INCONCLUSIVE 14, never FLAKY (0.1649ms)
  ✔ un-attested producer rule 12 (repetitions differ in coverage totals) -> INCONCLUSIVE 14, never FLAKY (0.0896ms)
✔ post-GLM round 5 F4 — rule 14 downgrades EVERY FLAKY producer (6/7/8/12) (3.0597ms)
▶ inDependencySubtree
  ✔ matches the dep itself and its nested copies at any depth (escaped keys) (0.9615ms)
  ✔ scoped name collisions cannot masquerade when keys are escaped (F4) (0.2272ms)
  ✔ round-3 B6: descendants of a NESTED copy are inside the subtree (0.26ms)
  ✔ audit F10: a SCOPED dependency matches its own escaped keys (0.1859ms)
✔ inDependencySubtree (3.0247ms)
▶ diffTrees — the arms-equality proof
  ✔ audit F10: scoped dependency drift inside its subtree is confined (1.1787ms)
  ✔ audit F10: scoped dep PLUS real external drift is still NOT confined (0.9024ms)
  ✔ golden case: only the dependency subtree changed (0.2063ms)
  ✔ detects contamination outside the dependency (0.1817ms)
  ✔ audit B6 exposes the vacuous-confinement hazard (empty trees report confined) (0.1957ms)
✔ diffTrees — the arms-equality proof (3.1044ms)
▶ audit B6 — classifyTreeObservation (tree completeness)
  ✔ a parsed, non-empty tree containing the dependency is VALID (0.3626ms)
  ✔ empty tree (no data observed) is INVALID, not a proof of confinement (0.1295ms)
  ✔ unparseable / no-root-deps is INVALID (0.127ms)
  ✔ tree present but the studied dependency absent is INCOMPLETE (0.1413ms)
  ✔ scoped dependency presence is detected via the escaped key (dependencyInTree) (0.1126ms)
  ✔ round-3 B6: ANY observation anomaly caps the status at INCOMPLETE (0.1524ms)
✔ audit B6 — classifyTreeObservation (tree completeness) (1.3716ms)
▶ log parsing (auxiliary — never decides classification)
  ✔ extracts canonical suite-qualified identities from mocha output (audit B1) (1.0971ms)
  ✔ audit B1: same leaf title in DIFFERENT suites stays DISTINCT (0.5247ms)
  ✔ audit B1: nested describe paths survive as multi-segment identities (0.2472ms)
  ✔ audit B1: progress-list lines (N) followed by a passing line yield NO identity (0.1858ms)
  ✔ audit B1: identical identities in one run dedupe deterministically; distinct never collapse (0.1638ms)
  ✔ audit B1: ava identities keep the full suite path (0.1936ms)
  ✔ parses summary counts (0.5311ms)
  ✔ round-3 B1: ROOT-level failure ("1) title:" — colon on the numbered line) yields its identity (0.154ms)
  ✔ round-3 B1: repeated root-level titles across rounds re-extract identically (deterministic) (0.1524ms)
  ✔ round-3 B1: mixed root + nested blocks do not corrupt each other (0.117ms)
  ✔ round-3 B1: a nested block is abandoned at the summary line, never past it (0.1254ms)
  ✔ round-3 B1: malformed/truncated output yields NO fabricated identities (0.1318ms)
  ✔ round-3 B1: reordered distinct failures extract the same SET (profile order-independence) (0.1504ms)
✔ log parsing (auxiliary — never decides classification) (4.2779ms)
▶ streamsStable
  ✔ true only for identical hashes across all rounds (0.1391ms)
✔ streamsStable (0.2437ms)
▶ post-sol secondary — lone-CR line endings parse identically to LF/CRLF
  ✔ parseSummaryCounts reads the same totals across LF, CRLF and CR-only (0.3494ms)
  ✔ extractFailingTestNames finds the same identities across LF, CRLF and CR-only (0.1322ms)
✔ post-sol secondary — lone-CR line endings parse identically to LF/CRLF (0.5954ms)
▶ post-GLM F3 — ANSI-colored output parses identically to plain output
  ✔ parseSummaryCounts reads the same totals colored as plain (0.4996ms)
  ✔ extractFailingTestNames finds the same identities colored as plain (0.1404ms)
  ✔ F3 false-PASS battery: an ANSI-wrapped failing line cannot hide from the masked-failure count (0.1369ms)
  ✔ precision control: stripping never fabricates counts (0.1456ms)
  ✔ ANSI and lone-CR compose: colored CR-only stream matches colored LF stream (0.1594ms)
✔ post-GLM F3 — ANSI-colored output parses identically to plain output (1.3563ms)
▶ validateSpec
  ✔ accepts the golden shape (1.3456ms)
  ✔ rejects branch/tag names instead of full SHAs (0.2817ms)
  ✔ rejects a swap that does not install the candidate (0.2177ms)
  ✔ requires >=2 candidate repetitions (a regression must reproduce) (0.1807ms)
  ✔ requires >=2 baseline rounds so the FLAKY guard is reachable (F8) (0.2163ms)
  ✔ rejects identical baseline/candidate (0.2054ms)
  ✔ rejects malformed prepare argv (not array-of-arrays) (0.1844ms)
  ✔ rejects non-object input without throwing (0.2069ms)
✔ validateSpec (4.3905ms)
▶ planArms
  ✔ orders steps with toolchain between prepare and build (0.9825ms)
  ✔ omits toolchain/build when absent (0.2432ms)
✔ planArms (1.5159ms)
▶ normalizers
  ✔ canonicalizes line endings, trailing ws, final newline (1.9969ms)
  ✔ collapses timestamps, dates, durations (0.2525ms)
  ✔ collapses uuids and long hex addresses but not short hex (0.2322ms)
  ✔ collapses ports on localhost (0.1887ms)
  ✔ normalizes the run workspace, temp, home, user, host (1.0951ms)
  ✔ pathVariants covers slash forms and drive case (0.2695ms)
  ✔ the stability invariant: same logical run shape at different moments collapses to identical bytes (1.1986ms)
  ✔ result lines are never rewritten by value-shape rules (0.1921ms)
✔ normalizers (7.0516ms)
▶ renderHtml
  ✔ renders the deterministic verdict verbatim (1.2407ms)
  ✔ shows hash prefixes and log paths for audit (0.6366ms)
  ✔ states the drift-confinement result (1.0357ms)
  ✔ escapes hostile content from downstream logs/names (no HTML injection) (0.5852ms)
  ✔ audit F12: renders failing-test identities derived from the BUNDLE (no extras) (0.3834ms)
  ✔ audit F12: a bundle with no failing identities omits the section (0.2716ms)
✔ renderHtml (6.715ms)
▶ post-sol F1 — the verification banner says SELF-CONSISTENT, not VERIFIED
  ✔ a fully local-consistent render is labeled SELF-CONSISTENT and disclaims the committed proof (0.6227ms)
  ✔ a failing consistency render is labeled NOT SELF-CONSISTENT and still warns (0.3702ms)
  ✔ no verification argument at all renders NOT SELF-CONSISTENT (absence of checking is not success) (0.3021ms)
✔ post-sol F1 — the verification banner says SELF-CONSISTENT, not VERIFIED (1.8191ms)
▶ validateBundle
  ✔ accepts a well-formed bundle (7.5411ms)
  ✔ rejects an unknown classification label (1.55ms)
  ✔ rejects short/hexless commit SHAs (no branch pins in evidence) (1.2682ms)
  ✔ rejects a bundle missing an arm (1.4122ms)
  ✔ rejects malformed stream hashes (0.6707ms)
  ✔ rejects a round whose envKeys leak outside the sanitized allowlist (F9) (0.7137ms)
  ✔ rejects reproductionCount < 1 (0.909ms)
✔ validateBundle (15.8252ms)
▶ validateBundle — semantic integrity (audit F3)
  ✔ rejects a CONFIRMED_REGRESSION label whose own rounds say PASS (2.2457ms)
  ✔ rejects a CONFIRMED_REGRESSION built from rounds whose failure identities differ (must re-derive FLAKY rule 8) (2.0269ms)
  ✔ rejects masked-failure rounds (exit 0 with reported failures) under a PASS label (1.4511ms)
  ✔ rejects killedByTimeout=true alongside a normal exit code (0.5449ms)
  ✔ rejects an inflated reproductionCount not backed by candidate rounds (0.5112ms)
  ✔ rejects a trustful verdict while drift says NOT confined (rule-9 guard bypassed) (0.4374ms)
  ✔ accepts the legitimate rule-9 override: unconfined drift + INCONCLUSIVE rule 9 (0.5425ms)
  ✔ audit B6: rejects a trustful verdict built on a non-VALID tree observation (1.0664ms)
  ✔ audit B6: accepts the legitimate rule-10 override (confined drift but weak observation) (0.43ms)
  ✔ audit B6: rejects a FABRICATED rule-10 downgrade even with a valid manifest (semantic layer alone catches it) (0.4312ms)
  ✔ audit B6: observationStatus is mandatory (0.5293ms)
  ✔ refuses to treat a CONFIRMED_REGRESSION as trustworthy when round facts are too sparse to re-derive (0.5153ms)
  ✔ self-review N3: the sparse-facts refusal covers a PASS claim too (was: CONFIRMED/PRE_EXISTING only) (0.5521ms)
  ✔ robustness H1: rejects duplicate (arm,round) indices (resealed) (1.1882ms)
  ✔ round-3 B1: a RESEALED CONFIRMED whose failing identities under-account the count dies twice over (0.9826ms)
  ✔ post-sol RB-2: a resealed trustful bundle over incomparable arm coverage dies twice over (0.8957ms)
  ✔ post-sol RB-2: a trustful label with only ONE round per arm is refused (0.6156ms)
  ✔ post-sol RB-2: unstable repetition coverage under a trustful label is refused (baseline 5 vs 4 passing) (0.8136ms)
  ✔ post-sol RB-2: weak labels carry no parity requirement (honest INCONCLUSIVE rule 13 validates) (1.6251ms)
  ✔ round-3 B2: a PASS label over zero-assertion (pending-only) rounds is rejected (0.8804ms)
✔ validateBundle — semantic integrity (audit F3) (19.4067ms)
▶ post-sol M-1 — contract.ts is the single source of truth
  ✔ the committed schemas/evidence.schema.json EQUALS the generated contract (no drift) (2.3805ms)
  ✔ every always-required contract field is refused at runtime when DELETED (Sol: commands, killedByTimeout, startedAt, durationMs included) (31.8206ms)
  ✔ intentionally-optional fields may be absent (we do not blind-strictify) (0.6947ms)
  ✔ unknown fields are refused at root, round, and treeComparison scopes (policy is intentional) (1.9701ms)
  ✔ post-glm F6c: unknown fields NAMED LIKE Object.prototype members are refused too (own-property check, not `in`) (2.6225ms)
  ✔ trustful-tier fields: deleted infraSignal/snapshots/anomalies kill a trustful claim but validate clean under a weak honest label (1.3357ms)
  ✔ round indices must be contiguous per arm (an omitted round shrinks the claimed reproduction) (0.4627ms)
✔ post-sol M-1 — contract.ts is the single source of truth (41.7127ms)
▶ post-GLM round 5 — mirror constant independence + containment restatement
  ✔ STRONG_MIRROR_LABELS is a distinct copy of the classifier strong set with pinned equivalence (0.2133ms)
  ✔ refuses PRE_EXISTING_FAILURE whose candidate fails identities baseline did not (containment at 3d) (0.7785ms)
  ✔ accepts an honest PRE_EXISTING_FAILURE (identical failing sets across arms) — no over-blocking (0.5231ms)
✔ post-GLM round 5 — mirror constant independence + containment restatement (1.6848ms)
▶ Recorder.expandArgv — token expansion + enforced isolation
  ✔ expands $bin via resolver to node + bin path (6.6436ms)
  ✔ ALWAYS appends --ignore-scripts and cache isolation to install commands (4.1741ms)
  ✔ F6: flags are detected past leading options ($npm --loglevel install) (4.8333ms)
  ✔ F6: npm ci (runs lifecycle scripts by default) is also covered (4.8698ms)
  ✔ post-glm F6e: the controlled empty npm config is RE-ESTABLISHED immediately before install (tamper-between-creation-and-use) (5.2145ms)
  ✔ F6: $yarn install gets yarn-appropriate flags after -- and --ignore-scripts on the npx bootstrap (4.8326ms)
  ✔ F8: $npm -u evil.npmrc install x is REJECTED (was silent injection-skip) (4.9439ms)
  ✔ F8: conflicting config flags rejected BEFORE and AFTER the subcommand (4.8898ms)
  ✔ F8: unknown bare option before subcommand rejected; --key=value passes (5.3916ms)
  ✔ F8: exec/dlx/shell-style subcommands rejected; run of a local script is not (3.9408ms)
  ✔ F8: conflicting flags rejected in CASE VARIANTS too (red-team) (3.5178ms)
  ✔ F8: install-family options with = or after the subcommand still expand normally (3.6789ms)
  ✔ non-install commands get no injected flags (3.3741ms)
✔ Recorder.expandArgv — token expansion + enforced isolation (62.7528ms)
▶ summary/infra matchers (F1/F5 hardening)
  ✔ strict summary matcher rejects prose and accepts runner lines (0.5874ms)
  ✔ environmental error patterns are infra (F1/F2) (0.6538ms)
  ✔ audit B2: errno code in a PASSING test name is NOT infra; in an error line IS (0.4981ms)
✔ summary/infra matchers (F1/F5 hardening) (1.9607ms)
▶ Recorder.step/round — real subprocess, real artifacts (no mocks)
  ✔ captures exit code, streams, hashes, counts; unique-ifies repeated labels (730.9618ms)
  ✔ F1 shape: nonzero exit + summary claiming 0 failing is recorded with the count (537.0549ms)
  ✔ F5 shape: exit 0 while summary reports failures is captured (classifier then infra-guards) (461.1387ms)
  ✔ audit F13: failing-test identities from REAL subprocess output land in fact and evidence (477.4043ms)
  ✔ audit B2 (real subprocess): 0 passing at exit 0 records reportedPassing=0 (classifier => INFRA) (550.3821ms)
  ✔ audit B2 (real subprocess): ECONNREFUSED error line at exit 0 sets infraSignal true (not swallowed by exit) (522.3266ms)
  ✔ audit B2 (real subprocess): a genuinely passing run records reportedPassing>0 and stays valid (454.0443ms)
  ✔ audit B1 e2e: same leaf title, different SUITE across candidate rounds -> FLAKY (1432.6706ms)
  ✔ audit B1 e2e: identical SUITE-QUALIFIED identity across rounds stays CONFIRM-eligible (1894.1134ms)
  ✔ timeout kills produce exit -1 (and tree-kill runs without throwing) (1495.254ms)
✔ Recorder.step/round — real subprocess, real artifacts (no mocks) (8556.6378ms)
▶ audit B5 — canonical package-manager policy (closed allowlist)
  ✔ B5: install ALIASES (the pre-fix silent-skip) now receive full injection (9.173ms)
  ✔ B5: unknown/unvetted subcommands are REJECTED, not run without policy (3.3118ms)
  ✔ B5: RAW package-manager forms rejected for ANY command position (3.4892ms)
  ✔ B5: $bin:npm bypass is rejected; $bin:mocha still works (3.291ms)
  ✔ B5: user `--` in an install command is rejected (was the trailing-flag dead-weight bypass) (3.1141ms)
  ✔ B5 invariant (property): accepted install => isolation flags in EFFECTIVE position after the subcommand, none after a `--` (5.7236ms)
  ✔ B5: closed-allowlist families classified correctly by the policy parser (0.2261ms)
✔ audit B5 — canonical package-manager policy (closed allowlist) (28.7228ms)
▶ round-3 B5 — wrapper-mediated / frontend package-manager execution is refused
  ✔ cmd /c npm install … is refused (the canonical Windows wrapper bypass) (3.0662ms)
  ✔ powershell / pwsh … npm is refused (3.1728ms)
  ✔ env / nohup / xargs / sh -c / sudo npm are refused (POSIX wrappers) (2.9302ms)
  ✔ package-manager FRONTENDS (pnpm/bun/corepack/volta) are refused (2.5585ms)
  ✔ node executed ON a package-manager file (node npm / node npm-cli.js) is refused (2.764ms)
  ✔ any other unenumerated literal executable fails closed (not silently expanded) (3.42ms)
  ✔ REGRESSION: every SUPPORTED form still expands (allowlist does not over-reject) (3.8128ms)
  ✔ REGRESSION: raw npm / npm.cmd / direct npm-cli / $bin:npm still rejected (pre-existing B5.1) (3.1355ms)
✔ round-3 B5 — wrapper-mediated / frontend package-manager execution is refused (25.3952ms)
▶ round-3 secondary — crash & sweep signals reach the classification
  ✔ hasCrashSignature: matches V8/native abort phrasing, skips pass-glyph lines (0.2881ms)
  ✔ glyph discrimination (self-review N4): ava ✖ (U+2716) fires infra; ✗-titled (U+2717) prose does not (0.2875ms)
  ✔ isInfraOutput: a hard infra phrase inside a PASSING test title is not false-INFRA (round-3 secondary) (0.1113ms)
  ✔ round() records crashSignal from a real post-summary crash -> classify says INFRA rule 1 (536.241ms)
  ✔ round() records sweepFailed (when the run outcome flags it) -> classify says INFRA rule 1 (5.8161ms)
  ✔ post-sol secondary: CR-only line endings are matched like LF/CRLF (summary + anchored crash banner) (0.4893ms)
  ✔ assertSupportedSpecExecutable: the allowlist is small and explicit (0.3549ms)
✔ round-3 secondary — crash & sweep signals reach the classification (543.9817ms)
▶ observation hardening — expandArgvWithPlan injection decision
  ✔ the double fixture is actually pinned (fails if the pin table drifted) (0.1766ms)
  ✔ post-GLM F5: the canary double is UNSELECTABLE by default — pinned bytes, no execution authority (17.8686ms)
  ✔ pinned bytes at the canonical anchor: injected, --require appended LAST, plan from the PIN (15.0658ms)
  ✔ unpinned bytes at the canonical anchor: NO injection, runner-identity-unpinned + observed hash recorded (11.24ms)
  ✔ pinned bytes OUTSIDE the canonical anchor (hoisted): not injectable (13.2067ms)
  ✔ post-glm F6a: pinned bytes reached through a LINK at the anchor are not injectable (root case) (36.5883ms)
  ✔ post-glm F6a: a LINK ABOVE the anchor (node_modules junctioned out) is not injectable either (17.459ms)
  ✔ a subject-supplied --require/-r in a mocha argv is refused fail-closed (10.3537ms)
  ✔ post-GLM F1: an off-position $bin:mocha token is refused, never credited (14.4751ms)
  ✔ non-mocha commands: no injection attempted, absentKind not-mocha-bin (2.7503ms)
  ✔ the ABSENT path end-to-end: an unpinned double runs REAL rounds and rule 14 refuses the strong label (1063.7585ms)
✔ observation hardening — expandArgvWithPlan injection decision (1203.6898ms)
▶ post-sol RB-1 — semantic package-manager policy (equivalence classes)
  ✔ Sol's accepted forms are now rejected in install-family commands (3.4737ms)
  ✔ property: for EVERY protected key, every abbreviation/negation/case/= spelling is refused (install family) (54.3631ms)
  ✔ property: the per-package config family (@scope:registry, //…:auth) is refused everywhere (3.1862ms)
  ✔ property: accepted install argv ends with Canary protected flags after every user token (5.6675ms)
  ✔ invariant: no allowed install spelling resolves to a protected key (prefix-disjoint) (0.4009ms)
  ✔ legitimate script-family passthrough and fixture install shapes still expand (4.4947ms)
  ✔ resolveOptionToken normalizes case, =-values, and one leading no- (0.147ms)
  ✔ empirical: npm applies abbreviation + negation + LAST-WINS ordering (the semantic premises) (1158.9693ms)
✔ post-sol RB-1 — semantic package-manager policy (equivalence classes) (1231.1323ms)
▶ FINDING B — infra matching is case/encoding symmetric (must-match direction)
  ✔ exact GLM counterexample: mixed-case npm error + fake summary (1.2508ms)
  ✔ all case variants of npm error / npm ERR! fire (0.2715ms)
  ✔ hard patterns fire in any case (module/ERESOLVE/SyntaxError shapes) (0.3134ms)
  ✔ CR-only and CRLF line endings still see the signatures (0.1609ms)
  ✔ ANSI-wrapped signatures still fire (real colored npm output) (0.1911ms)
  ✔ SOFT errno lines fold case too (0.4079ms)
  ✔ crash signatures survive ANSI decoration (0.4027ms)
  ✔ runner summary is recognized through ANSI colors (real colored mocha) (0.3381ms)
✔ FINDING B — infra matching is case/encoding symmetric (must-match direction) (4.9629ms)
▶ FINDING B — benign prose NEVER flips to infrastructure (false-positive direction)
  ✔ passing test TITLES quoting error phrases are not infra (0.7506ms)
  ✔ intentional E404 assertions and historical logs inside test prose are not infra (0.3612ms)
  ✔ summary regexes stay anchored (prose containing "5 passing" mid-sentence) (0.253ms)
✔ FINDING B — benign prose NEVER flips to infrastructure (false-positive direction) (1.8698ms)
▶ post-GLM F3 — summary recognition and count parsing share one view
  ✔ an ANSI-wrapped failing line is counted as surely as it is recognized (0.6167ms)
  ✔ a fully colored genuine run is recognized AND counted (no false infra) (1.4646ms)
  ✔ lone-CR and ANSI compose identically across both functions (0.4121ms)
✔ post-GLM F3 — summary recognition and count parsing share one view (2.8438ms)
▶ auditPackageManifestText — lifecycle hooks refuse execution
  ✔ accepts a clean manifest (1.178ms)
  ✔ refuses preinstall hook (0.2452ms)
  ✔ refuses install hook (0.157ms)
  ✔ refuses postinstall hook (0.2001ms)
  ✔ refuses prepare hook (0.1961ms)
  ✔ rejects invalid JSON without throwing (0.2433ms)
✔ auditPackageManifestText — lifecycle hooks refuse execution (3.7821ms)
▶ auditFixtureDir — rc-file injection gate
  ✔ refuses a fixture shipping .npmrc (12.4147ms)
  ✔ F10: finds rc files nested anywhere in the pinned source (5.7253ms)
  ✔ F7: refuses an UPPERCASE .NPMRC (Windows/macOS load it as project config) (5.5041ms)
  ✔ F7: also catches mixed-case nested .YarnRc.yml (7.2215ms)
✔ auditFixtureDir — rc-file injection gate (31.4399ms)
▶ expectedExtractedDir
  ✔ matches codeload tarball root naming (0.3082ms)
✔ expectedExtractedDir (0.5001ms)
▶ audit F6 — child env observation: declared == observed
  ✔ the child sees EXACTLY the declared allowlist keys (nothing undeclared) (527.6916ms)
  ✔ Windows session identity vars are neutralized, not merely absent from the block (740.0348ms)
  ✔ the real account identity is not reachable via any observed value (464.3013ms)
✔ audit F6 — child env observation: declared == observed (1733.8176ms)
▶ KNOWN_RUNNER_RELEASES — npm pins equal their reviewed manifests (offline)
  ✔ every npm-origin entry has a manifest and the hashes agree (4.7616ms)
  ✔ canary-double entries are the ONLY non-manifested pins (offline e2e bytes live in-repo) (0.4843ms)
✔ KNOWN_RUNNER_RELEASES — npm pins equal their reviewed manifests (offline) (6.6145ms)
▶ post-GLM F5 — findRunnerPin: origin is an execution-authority gate
  ✔ double bytes are UNSELECTABLE by default: pinned hash, zero execution authority (0.3763ms)
  ✔ only the explicit in-process grant selects the double (0.1807ms)
  ✔ npm pins stay selectable in BOTH postures — the gate is origin-scoped, not blanket (0.1933ms)
✔ post-GLM F5 — findRunnerPin: origin is an execution-authority gate (1.1204ms)
▶ audit F5 — sweep mechanism (live parent, positive proof)
  ✔ sweepDescendants finds and kills a live parent's child process (1454.4904ms)
✔ audit F5 — sweep mechanism (live parent, positive proof) (1455.6485ms)
▶ audit F5 — containment through runCommand
  ✔ normal exit-0 of a child that left a helper behind: sweep clean, no survivors (673.3179ms)
  ✔ a clean exit with no descendants sweeps nothing and does not fail (497.8236ms)
  ✔ timeout: tree kill + sweep leave no survivors and do not fail (2752.9595ms)
  ✔ the swept child PID itself is never listed as killed (only descendants) (471.9308ms)
✔ audit F5 — containment through runCommand (4396.6783ms)
▶ audit S1 — POSIX session-membership predicate (setpgid escapees)
  ✔ a member of the child session is caught even after it setpgid()s (0.2545ms)
  ✔ a member of the child group is caught (0.1074ms)
  ✔ an unrelated process is not swept (0.1344ms)
✔ audit S1 — POSIX session-membership predicate (setpgid escapees) (0.7184ms)
ℹ tests 472
ℹ suites 71
ℹ pass 472
ℹ fail 0
ℹ cancelled 0
ℹ skipped 0
ℹ todo 0
ℹ duration_ms 207844.6447
EXIT:0
