
> canary-reliability-network@0.0.0 test
> npm run build && node --test "packages/**/dist/test/*.test.js" "apps/**/dist/test/*.test.js"


> canary-reliability-network@0.0.0 build
> tsc -b

▶ panel K layer 1 — the validator refuses hostile frame streams
  ✔ CONTROL: an honest watched lifecycle validates VALID (the battery needs a standing baseline) (2.5635ms)
  ✔ post-glm F6b: capture DELIBERATELY honors a complete stream paired with exit -1 — the veto lives in classification, not here (0.3645ms)
  ✔ (ii) injected round with ZERO frames on the channel is INVALID (0.2528ms)
  ✔ (iii) a missing bye — and a misplaced bye — are INVALID boundary violations (0.434ms)
  ✔ (iv) a reject frame (adapter caught a forged/dup event LIVE) condemns the round (0.309ms)
  ✔ (v) text claiming "2 passing" over 1 watched pass is INVALID — and a lying bye cannot fix it (0.426ms)
  ✔ (vi) a forged hello.mochaVersion is INVALID — vs the pin and vs its own shape (0.4609ms)
  ✔ panel 1 extras: flood truncation, duplicate credits, unknown kinds and no-summary all fail closed (0.3767ms)
  ✔ (xi) garbage lines, non-object frames, adapter-error and masked exit each condemn the round (0.4167ms)
✔ panel K layer 1 — the validator refuses hostile frame streams (7.4802ms)
▶ panel K layer 2 — the pipeline end-to-end refuses unattested execution
  ✔ (i) a plain-node text stub that reads as a clean run degrades to INCONCLUSIVE rule 14 (13176.7151ms)
  ✔ (vii) an UNPINNED double running the observer protocol on fd 3 gets stray-bytes forensics, zero credit (7259.1877ms)
  ✔ (viii) AM-1 kill test: double CLAIMS the pinned version, bytes are wrong -> ABSENT, strong unreachable (7420.7254ms)
  ✔ (ix) a subject --require in spec argv is refused fail-closed (protected preload flag) (2777.5984ms)
  ✔ (x) process.exit() mid-round: watched lifecycle never ends -> INVALID, never strong (6280.4183ms)
✔ panel K layer 2 — the pipeline end-to-end refuses unattested execution (36915.3572ms)
▶ post-GLM F1 — off-position runner token earns no execution credit
  ✔ refused fail-closed: forging `node -e` with the token trailing (2243.9401ms)
  ✔ refused fail-closed: forging prelude script with the token after it (1997.8474ms)
  ✔ positive control: the executed-position token still earns VALID and a strong verdict (5706.2585ms)
✔ post-GLM F1 — off-position runner token earns no execution credit (9948.4123ms)
▶ post-GLM F4 — infra prose cannot mask an attested regression
  ✔ a VALID round whose stdout trips the infra signature still yields CONFIRMED_REGRESSION (5591.0006ms)
✔ post-GLM F4 — infra prose cannot mask an attested regression (5591.265ms)
▶ post-GLM F5 — an untrusted spec cannot select the canary double
  ✔ double bytes staged by the spec itself: NO injection, every round ABSENT, INCONCLUSIVE rule 14 (5959.1433ms)
  ✔ trusted control: with the in-process grant the SAME spec earns VALID + a strong verdict (5791.4862ms)
✔ post-GLM F5 — an untrusted spec cannot select the canary double (11750.9815ms)
▶ audit M8 — CLI subprocess exit-code contract
  ✔ check on honest evidence exits 0 and prints PASS (14030.4082ms)
  ✔ check on a tampered artifact exits 3 and names the tampered file (8042.5383ms)
  ✔ report refuses a fabricated bundle (exit 3) and renders a valid one (exit 0) (7313.5286ms)
  ✔ audit F12: report with NO argument defaults to the latest run and renders bundle-persisted failing identities (7100.7654ms)
  ✔ version exits 0; no command prints usage and exits 3 (misuse) (175.1796ms)
  ✔ round-3 secondary: an infrastructure abort exits 2 (environment fault), never 3 (misuse) (367.1401ms)
✔ audit M8 — CLI subprocess exit-code contract (37031.2582ms)
▶ FINDING A — subject text alone can never create a strong verdict
  ✔ the GLM counterexample (console.log "128 passing") is never PASS (13145.8762ms)
  ✔ test command node -e printing mocha-shaped prose is never PASS (7297.8697ms)
  ✔ a printed failing summary is never CONFIRMED_REGRESSION (7421.3277ms)
✔ FINDING A — subject text alone can never create a strong verdict (27866.5924ms)
▶ KNOWN_RUNNER_RELEASES — table == disk (canary-double)
  ✔ the pinned double hash equals the treeSha256 of the repo fixture bytes (2.7213ms)
  ✔ no placeholder digests survive, every entry is well-formed, versions unique per package (0.442ms)
✔ KNOWN_RUNNER_RELEASES — table == disk (canary-double) (4.2797ms)
▶ audit M8 — offline pipeline end-to-end
  ✔ confined regression: CONFIRMED_REGRESSION, real artifacts re-hash clean (13726.3431ms)
  ✔ unconfined tree drift is downgraded to INCONCLUSIVE rule 9 (F9 e2e) (7193.3386ms)
  ✔ a tampered artifact is caught end-to-end by the prove path (F4 e2e) (7366.8658ms)
  ✔ a fabricated self-contradictory bundle is refuted by validateBundle (F3 e2e) (6753.4514ms)
  ✔ round-3 secondary: a fetch failure is INFRASTRUCTURE (InfraAbort -> CLI exit 2), not generic error (2.7997ms)
  ✔ round-3 secondary: an extraction failure is INFRASTRUCTURE too (3.5311ms)
✔ audit M8 — offline pipeline end-to-end (35048.04ms)
▶ round-3 B3 — the proof host is the ACTUAL runtime, never the evidence
  ✔ pristine run + proofHost = this machine: full gate PASSes with ZERO skipped assertions (12653.7216ms)
  ✔ THE AUDIT ATTACK: reseal host metadata to dodge host checks -> gate FAILS (exit 1), never skip-to-PASS (7411.9888ms)
  ✔ resealing the environment TO MATCH the real machine is not an attack: identity is reality, not paper (7413.6419ms)
  ✔ off the proof host (simulate a foreign runtime): strict checks SKIP and the verdict INCOMPLETE (exit 2) — PASS is not claimed (6836.5078ms)
  ✔ post-sol F1 — SELF-CONSISTENT is NOT proof-agreement: a bundle fully consistent on this machine can still FAIL check against a diverged committed proof (5908.3119ms)
  ✔ a lying proof file cannot flip the verdict either: proofHost=foreign while running here still skips (evidence-agnostic) (5734.3223ms)
✔ round-3 B3 — the proof host is the ACTUAL runtime, never the evidence (45960.2281ms)
▶ post-GLM F2 — executable bytes are part of the host identity
  ✔ a trojan runtime claiming the proof-host METADATA but running different bytes can never PASS (5852.2032ms)
  ✔ a proof naming a proofHost but omitting the exec digest is REFUSED — loud FAIL, never a silently weaker gate (5974.5383ms)
  ✔ the sampler reports the ACTUAL bytes of the running executable (71.0813ms)
  ✔ an environment ATTESTATION stays metadata-only: the evidence block carries no bytes to compare (documented residual) (0.2333ms)
✔ post-GLM F2 — executable bytes are part of the host identity (11898.499ms)
▶ verifyArtifacts — audit F4 (proof must rehash the real artifacts)
  ✔ accepts a bundle whose every recorded hash matches the file on disk (41.2657ms)
  ✔ rejects a tampered raw stdout (recorded hash kept, content swapped) (21.9914ms)
  ✔ rejects a tampered normalized stdout independently of the raw one (20.4506ms)
  ✔ rejects quietly deleted stderr artifacts (20.2735ms)
  ✔ rejects all four substituted files of one round (raw, raw-err, norm, norm-err) (18.3899ms)
  ✔ rejects a logPath that breaks the round-ownership contract (13.6287ms)
✔ verifyArtifacts — audit F4 (proof must rehash the real artifacts) (139.2545ms)
▶ verifyArtifacts — audit B3 (path confinement + ownership)
  ✔ ../../ identical external substitution is refused (ownership), not verified against the external bytes (5.9265ms)
  ✔ absolute external path in logPath is refused (5.3283ms)
  ✔ cross-round swap (candidate#1 claims candidate#2 log) is refused (8.7834ms)
  ✔ baseline pointing at a candidate artifact is refused (5.9872ms)
  ✔ a valid canonical relative artifact path verifies clean (12.768ms)
  ✔ missing + modified artifacts are refused (88.509ms)
  ✔ a symlinked artifact resolving outside the dir is refused (symlink escape) (13.024ms)
✔ verifyArtifacts — audit B3 (path confinement + ownership) (140.9528ms)
▶ assertProof — audit F11 + round-3 B3 (host-exactness from the ACTUAL runtime)
  ✔ legacy proof (no proofHost): host-exact hashes NEVER assert — recorded-env match grants nothing (post-glm F6f) (10.7246ms)
  ✔ post-glm F6f: an ABSENT proofHost can never grant host-exact trust — resealed env metadata cannot PASS the proof (7.5624ms)
  ✔ matching proofHost + actual runtime on it: every assertion including hashes AND the environment binding evaluates (6.967ms)
  ✔ round-3 B3 core: resealing the evidence environment can NO LONGER skip strict checks — it FAILS the binding (7.3874ms)
  ✔ off-proof-host: host-exact comparisons skip (flagged, not silent); portable assertions still evaluate; verdict is INCOMPLETE (7.7283ms)
  ✔ off-proof-host with tampered committed hashes still passes portable checks (and this is exactly why verifyArtifacts exists) (23.4484ms)
✔ assertProof — audit F11 + round-3 B3 (host-exactness from the ACTUAL runtime) (64.3153ms)
▶ round-3 B3 — environment attestation + verdict helpers
  ✔ environmentAttestationIssues: silent only when claim == ACTUAL runtime (8.7185ms)
  ✔ proofVerdict: PASS requires zero failures AND zero skips (0.285ms)
✔ round-3 B3 — environment attestation + verdict helpers (9.2037ms)
▶ round-3 B4-D — exact failing-identity set equality (proof vs candidate bytes)
  ✔ faithful expectation: exact set holds (0.5472ms)
  ✔ proof pinning a SUBSET (hiding a real failure) FAILS (0.4123ms)
  ✔ proof pinning an EXTRA (non-existent) identity FAILS (0.2272ms)
  ✔ the exact-set check is portable — it evaluates (never skips) off-host (0.2431ms)
  ✔ a proof that does not pin the tarball digest FAILS the pin requirement (0.2036ms)
  ✔ assertProof alone refuses a resealed experimentId the proof does not name (mutation N10) (1.5578ms)
  ✔ a proof declaring a schema version the reader does not implement FAILS (portable) (0.4699ms)
✔ round-3 B4-D — exact failing-identity set equality (proof vs candidate bytes) (7.0056ms)
▶ post-sol secondary — host sampling is immune to the verifier process environment
  ✔ a poisoned NODE_OPTIONS in the verifying process does NOT crash or steer the fingerprint (519.8412ms)
✔ post-sol secondary — host sampling is immune to the verifier process environment (519.9526ms)
▶ audit B4 — provenance forgery matrix (which layer refuses)
  ✔ pristine run passes the whole gate (12650.7168ms)
  ✔ rewriting failure counts is caught — round-3 B1 coverage gate fires even earlier (at validateBundle) (7353.9817ms)
  ✔ rewriting failing-test identities is caught by byte re-derivation (resealed) (7196.0784ms)
  ✔ NEW: per-round name/value disagreement with bytes is caught (one round forged) (6779.8616ms)
  ✔ rewriting digests away from bytes is caught by verifyArtifacts (resealed) (6126.2594ms)
  ✔ rewriting the repo URL is caught by the committed proof (resealed) (5849.5338ms)
  ✔ rewriting experimentId is caught by the workspace binding (resealed) — B4-A fires before the proof (5827.3024ms)
  ✔ rewriting the pinned commit is caught by the committed proof (resealed) (5996.1921ms)
  ✔ rewriting runtime platform is caught by the committed proof (resealed) (5787.8284ms)
  ✔ flipping drift-confined to false is caught (resealed) — trustful+unconfined (5245.3002ms)
  ✔ downgrading a tree observation to INCOMPLETE cannot support a trustful label (resealed) (5087.1779ms)
  ✔ NEW: relabeling a real regression PASS is caught by re-derivation (resealed) (5381.109ms)
  ✔ adding a non-allowlisted env key is refused (resealed) (5063.2542ms)
  ✔ naive (argv) rewrite without recomputing the manifest is caught by integrity (5150.346ms)
  ✔ naive (tarball digest) rewrite without recomputing the manifest is caught by integrity (4922.9357ms)
  ✔ naive (runId) rewrite without recomputing the manifest is caught by integrity (4857.2612ms)
  ✔ manifest integrity catches ANY single-field rewrite done without recompute (4882.8ms)
✔ audit B4 — provenance forgery matrix (which layer refuses) (104160.4357ms)
▶ round-3 B4 — coherent-reseal matrix on release-critical fields
  ✔ resealed runId alone is contradicted by the workspace directory (4908.1005ms)
  ✔ resealed runId AND experimentId (coherent prefix) still contradicts the directory (4906.9322ms)
  ✔ resealed tarball digest is contradicted by the retained fixture.tgz bytes (4871.956ms)
  ✔ attacker who swaps the TARBALL BYTES too is stopped by the committed proof pin (4937.659ms)
  ✔ resealed argv is contradicted by the committed spec re-expansion (proof host) (4894.3996ms)
  ✔ weakened envKeys (valid allowlist subset) is contradicted by the policy re-derivation (5007.3127ms)
  ✔ classification REASON tampering (label/rule/count coherent) is caught by byte re-derivation (4932.5887ms)
  ✔ coherent INCONCLUSIVE-rule9 relabel is refused (no unconfined drift to justify it) (9895.497ms)
  ✔ resealed dependency-copy count is contradicted by the retained snapshot recount (4965.5938ms)
  ✔ a crash hidden from the record (crash line IN the bytes, resealed) is caught by byte re-derivation (4878.4597ms)
  ✔ an invented crashSignal on clean bytes is caught too (bidirectional binding, resealed) (5080.0052ms)
  ✔ a tampered infraSignal (false where bytes carry an infra line) is caught by bytes (5098.5119ms)
  ✔ a proof pinning a SUBSET of the failing identities is refused (exact-set equality, B4-D) (4980.3954ms)
  ✔ a proof pinning a WRONG extra identity is refused too (exact-set equality, B4-D) (4961.1236ms)
  ✔ a proof that forgot to pin the tarball digest cannot support PASS (B4) (4933.5344ms)
✔ round-3 B4 — coherent-reseal matrix on release-critical fields (79253.0266ms)
▶ flattenNpmLsJson — npm 11.19 empty-object representation (pipeline path)
  ✔ an empty {} node with no problems mention is expected-absent: no anomaly, no hole (2.3652ms)
  ✔ the same {} node IS an anomaly when problems mentions it (unmet-optional-that-matters fails closed) (0.6456ms)
  ✔ a version-less node with missing:true is an anomaly (uninstalled REQUIRED dep) (0.3007ms)
  ✔ a version-less node carrying a declared subtree: missing-version + unwalked-subtree (0.383ms)
  ✔ problems name-matching is token-anchored: "util" is not matched by "bufferutil@1.0.0" (0.2926ms)
  ✔ non-object node entries are malformed-node anomalies (0.2286ms)
  ✔ empty / effectively-empty trees can NEVER become VALID (criterion 6) (0.2775ms)
  ✔ a {} node for the STUDIED dependency itself is absence, not presence (criterion 7) (0.2371ms)
  ✔ ANY anomaly caps the observation at INCOMPLETE even with the dep present (0.2579ms)
✔ flattenNpmLsJson — npm 11.19 empty-object representation (pipeline path) (7.0054ms)
▶ post-sol M-2 — empty-node semantics (narrowest exemption)
  ✔ the REAL captured npm 11.19 shape (root fsevents {}, ws nested {} natives) stays VALID (1.9181ms)
  ✔ R4-SR1 (self-review): problems WITH a silent stderr is npm's real extraneous-only shape — the observation is complete, not contradictory (0.5193ms)
  ✔ an empty/absent problems field under an ELSPROBLEMS stderr IS the contradiction (stripped-report forgery) (0.5156ms)
  ✔ problems ABSENT but stderr SCREAMING ELSPROBLEMS is equally a contradiction (stripped-stderr forgery) (0.3644ms)
  ✔ a MALFORMED problems field (string, object, or array with non-strings) kills the exemption and is itself an anomaly (0.322ms)
  ✔ string-valued problems mentioning the node fail closed identically on BOTH parsers (N4 differential) (0.2066ms)
  ✔ the STUDIED dependency appearing as {} is absence (INCOMPLETE via depPresent), never presence (0.2614ms)
  ✔ drift caused by DISAPPEARANCE of a formerly-versioned dep is byte-visible, not exemption-hidden (outside-subtree drift -> unconfined) (0.3185ms)
  ✔ deeply nested hostile trees are BOUNDED on both parsers (no stack exhaustion; fails closed) (7.1919ms)
  ✔ the traversal budgets are IDENTICAL contracts in both implementations (0.1706ms)
  ✔ anomalies from the two problem channels are DETERMINISTIC and deduped across repeated {} nodes (0.2043ms)
✔ post-sol M-2 — empty-node semantics (narrowest exemption) (13.0474ms)
▶ cross-implementation parity — pipeline flatten vs verify-tree re-flatten (criteria 2+3)
  ✔ parity: plain (0.438ms)
  ✔ parity: 11.19 empty optionals (0.1921ms)
  ✔ parity: empty optional + problems mention (0.213ms)
  ✔ parity: missing required (0.201ms)
  ✔ parity: scoped names (0.119ms)
  ✔ parity: nested copies (0.1359ms)
  ✔ parity: malformed nodes (1.8533ms)
  ✔ parity: version-less with subtree (0.1667ms)
  ✔ parity: problems only (no deps) (0.1311ms)
  ✔ parity: truncated json (0.1585ms)
  ✔ parity: json scalar (0.0839ms)
  ✔ parity: json null (0.0703ms)
  ✔ parity: empty root (0.1236ms)
✔ cross-implementation parity — pipeline flatten vs verify-tree re-flatten (criteria 2+3) (4.4221ms)
▶ confinement semantics survive the compatibility fix (criterion 3)
  ✔ a {} drift node is never a flat key, so drift sets stay byte-derived (0.2928ms)
  ✔ drift OUTSIDE the subtree stays unconfined even next to {} nodes (0.1942ms)
  ✔ scoped-name escape stays closed under segment semantics (0.1217ms)
✔ confinement semantics survive the compatibility fix (criterion 3) (0.7674ms)
▶ reflattenNpmLs — independent re-derivation of the tree observation
  ✔ flattens nested/scoped trees with versions, no anomalies (problems ignored) (1.9048ms)
  ✔ a missing-version node (npm unmet dependency) is an anomaly, never an "x" sentinel (0.5901ms)
  ✔ an empty {} node with no problems mention is an expected-absent optional, not a hole (0.4434ms)
  ✔ the same empty {} node IS an anomaly when problems mentions it (unmet-optional-that-matters fails closed) (0.3696ms)
  ✔ problems name-matching is token-anchored: "util" is not mentioned by "bufferutil@1.0.0" (0.3039ms)
  ✔ a {} node WITH a declared subtree is still missing-version + unwalked-subtree (0.2186ms)
  ✔ a version-less NODE hides a whole subtree: missing-version + unwalked-subtree (0.2094ms)
  ✔ truncated / malformed JSON => parsed=false (INVALID territory), never a partial success (0.3011ms)
  ✔ copies are counted by full path segments; subtree containment is segment membership (0.4194ms)
✔ reflattenNpmLs — independent re-derivation of the tree observation (6.6388ms)
▶ retained tree snapshots — real pipeline bytes, independent verifier
  ✔ a fresh confined CONFIRMED run retains arm-named artifacts that verify clean (13306.6261ms)
  ✔ naive tamper of retained raw bytes (no reseal) is caught (7344.3073ms)
  ✔ LAZY reseal (raw digest fixed, canonical/tree-hash left stale) is caught by the chain (7213.6352ms)
  ✔ reseal that rewrites bytes+digests but keeps the old attestation claim is caught by verify-tree (6811.9163ms)
  ✔ COHERENT full tree-side reseal: bundle layer catches the version lie (attestation invariant) (6096.7645ms)
  ✔ a coherent reseal claiming VALID over bytes with a missing-version hole is caught (status + anomaly re-derivation) (5825.3166ms)
  ✔ pointing one arm at the other arm bytes is caught by BOTH layers (5650.4852ms)
  ✔ flipping driftConfinedToDependency against the retained snapshots is caught (5782.5817ms)
  ✔ stripping snapshot refs from a trustful bundle: verifier says unverifiable, schema refuses to seal trust on it (5775.2454ms)
  ✔ post-GLM G: naive tamper/deletion of the retained attest bytes is caught by verifyArtifacts (5559.1922ms)
  ✔ post-GLM G: a resealed framesSha256 the retained bytes do not back is caught ONLY by the bytes binding (5192.4403ms)
  ✔ post-GLM G: reseal-everything-but-the-observation is REFUSED (the pre-G "clean 4-file resealed tuple" premise is forbidden by design) (5414.0214ms)
✔ retained tree snapshots — real pipeline bytes, independent verifier (79973.8534ms)
▶ validateBundle — round-3 B6 snapshot/anomaly/version gates
  ✔ trustful WITH snapshots + empty anomalies + consistent versions validates clean (1.0499ms)
  ✔ trustful WITHOUT retained snapshots is rejected (resealed) (0.5801ms)
  ✔ trustful with a MISSING anomaly array is rejected ("did not look" != "nothing found") (0.889ms)
  ✔ trustful with NON-EMPTY recorded anomalies is rejected (partial observation cannot anchor trust) (0.5765ms)
  ✔ resolvedVersions contradicting the dependency block is rejected (resealed attestation forgery) (0.3599ms)
  ✔ snapshot artifact names must be arm-derived (candidate pointing at baseline bytes dies sealed) (0.5387ms)
  ✔ NON-trustful bundles may legitimately carry no snapshots (honest INCONCLUSIVE rule 10) (0.6107ms)
  ✔ trustful label with rounds observation-ABSENT is rejected (rule-14 mirror, panel H) (0.4282ms)
  ✔ trustful label with a VALID observation naming an UNPINNED runner is rejected (panel H/AM-1) (1.0884ms)
  ✔ trustful label whose observed counts DISAGREE with the text channel is rejected (cross-channel gate cannot be bypassed) (0.5077ms)
✔ validateBundle — round-3 B6 snapshot/anomaly/version gates (6.9778ms)
▶ AI adapter boundary
  ✔ noop provider attaches nothing (1.0174ms)
  ✔ attachSummary cannot alter any pre-existing field, including classification (1.7009ms)
✔ AI adapter boundary (5.3321ms)
▶ classify — decision table (docs/PLAN.md section 6)
  ✔ rule 3: baseline unanimous pass + candidate unanimous pass -> PASS (2.4416ms)
  ✔ rule 5: baseline passes, all candidate rounds fail -> CONFIRMED_REGRESSION (0.3758ms)
  ✔ rule 4: baseline fails with real summaries + candidate fails -> PRE_EXISTING_FAILURE (0.3117ms)
  ✔ rule 1 (degenerate-run guard): failing round without runner summary -> INFRASTRUCTURE_FAILURE, never CONFIRMED_REGRESSION (0.2047ms)
  ✔ rule 1: killed round (exit -1) -> INFRASTRUCTURE_FAILURE (0.233ms)
  ✔ rule 1: infra signal on a failing round outranks drift (0.1908ms)
  ✔ rule 2: split baseline -> FLAKY (experiment invalid) (0.1793ms)
  ✔ rule 7: clean baseline, mixed candidate -> FLAKY, not CONFIRMED (0.2528ms)
  ✔ rule 6: failing baseline + all-pass candidate -> INCONCLUSIVE (inverted pattern) (0.2103ms)
  ✔ rule 0: missing arms -> INCONCLUSIVE (0.2104ms)
  ✔ rule 1 (F1 guard): nonzero exit whose summary reports 0 failing is infra, not drift (0.2166ms)
  ✔ rule 1 (F5 guard): zero exit with masked failures in summary is never PASS (0.1526ms)
  ✔ audit B2: zero-test execution (exit 0, "0 passing") is INFRA, never PASS (0.2385ms)
  ✔ audit B2: a round with NO runner summary at exit 0 is INFRA, never PASS (0.1474ms)
  ✔ audit B2: recognized infra signature at EXIT ZERO is INFRA (a harness that swallows errors) (0.1264ms)
  ✔ audit B2: a candidate whose baseline is clean but rounds are zero-test is INFRA (never CONFIRMED) (0.1179ms)
  ✔ audit B2 positive control: a valid zero-failure run (N>0 passing, exit 0) still PASSES (0.1475ms)
  ✔ audit F1 (mocha-realistic): passing summary WITHOUT a failing line + nonzero exit -> INFRA, never CONFIRMED_REGRESSION (0.1349ms)
  ✔ audit F2: candidate rounds failing DIFFERENT counts -> FLAKY rule 8, not CONFIRMED_REGRESSION (0.1324ms)
  ✔ audit F2: same count but DIFFERENT failing-test identities -> FLAKY rule 8 (0.1481ms)
  ✔ audit F2: identical failure profiles (golden shape) -> still CONFIRMED_REGRESSION rule 5 (0.2223ms)
  ✔ audit F2: profile comparison is order-independent (sorted identities) (0.1123ms)
  ✔ audit F2: unstable baseline failure identities block PRE_EXISTING_FAILURE -> FLAKY (0.0935ms)
  ✔ audit F1 contract: summary-present failing round WITHOUT any failing count is INFRA, not regression (0.0985ms)
  ✔ is pure: same facts always yield the same verdict (0.6247ms)
✔ classify — decision table (docs/PLAN.md section 6) (9.3264ms)
▶ audit F9/B6 — applyConfinementGuard (rules 9 + 10, enforced not decorative)
  ✔ downgrades CONFIRMED_REGRESSION to INCONCLUSIVE rule 9 when drift is unconfined (0.2153ms)
  ✔ is identity when drift IS confined and both trees VALID (a legit CONFIRMED survives) (0.0901ms)
  ✔ never masks an INFRASTRUCTURE_FAILURE (higher-fidelity reason kept) (0.0959ms)
  ✔ downgrades PASS and PRE_EXISTING_FAILURE too (any trustful verdict needs comparable arms) (0.1535ms)
  ✔ audit B6: an empty/partial tree observation downgrades to INCONCLUSIVE rule 10 even when drift is confined (0.1818ms)
  ✔ audit B6: tree-invalidity takes precedence over unconfined drift (rule 10 not 9) (0.1272ms)
  ✔ guard removal would flip the outcome: identical facts, opposite confinement (0.1292ms)
✔ audit F9/B6 — applyConfinementGuard (rules 9 + 10, enforced not decorative) (1.2963ms)
▶ round-3 blocker 1 — identity coverage gates trustful verdicts
  ✔ identityCoverage: exact match COMPLETE; fewer / more / missing => INCOMPLETE / NOT_OBSERVED (0.2348ms)
  ✔ two DIFFERENT root-level failures that collapsed to equal EMPTY sets can never CONFIRM (rule 11) (0.1671ms)
  ✔ repeated "2 failing" with only ONE extractable identity -> INCONCLUSIVE rule 11, never CONFIRMED (0.114ms)
  ✔ single failing round claiming 9 failures with 0 identities -> INCONCLUSIVE rule 11 (0.1317ms)
  ✔ under-accounted BASELINE blocks PRE_EXISTING_FAILURE too (coverage is not candidate-only) (0.1138ms)
  ✔ genuinely distinct root failures stay distinct (rule 8 FLAKY, not coverage, not CONFIRMED) (0.1253ms)
  ✔ fully-accounted root-level identities CONFIRM (conservatism must not break real proofs) (0.099ms)
✔ round-3 blocker 1 — identity coverage gates trustful verdicts (1.2412ms)
▶ round-3 blocker 2 — pending tests are NOT executed assertions
  ✔ all-pending candidate (0/0/7, exit 0) can never PASS -> INFRA (1.0571ms)
  ✔ infraCause flags a pending-only round directly (was: null) (0.1471ms)
  ✔ healthy baseline + ALL-skipped candidate: the run proves nothing executed (0.0778ms)
  ✔ summary present with NO machine-readable counts at all -> INFRA (prose "summary" proves nothing) (0.0892ms)
  ✔ pending-only counts (no passing/failing line — the real mocha shape) -> INFRA zero-executed (0.1229ms)
  ✔ zero-test with NO summary at all stays INFRA (B2 path unchanged) (0.1024ms)
  ✔ a single executed assertion (1 passing, 0 failing, N pending) is enough to be a VALID run (0.1553ms)
  ✔ decoy early summary lines cannot steer a nonzero-exit round into CONFIRMED (probe P2) (0.0945ms)
  ✔ duplicate identical suite-qualified identities under-account -> rule 11, never trust (probe P4) (0.0923ms)
✔ round-3 blocker 2 — pending tests are NOT executed assertions (2.192ms)
▶ post-sol RB-2 — coverage consistency gates strong verdicts
  ✔ Sol case 1: baseline 128 passing, candidate 1 passing is NOT PASS (0.2597ms)
  ✔ Sol case 2: baseline repetitions 128 then 1 (both exit 0) is NOT PASS (0.0951ms)
  ✔ Sol case 3: baseline 128, candidate 1 passing / 127 pending is NOT PASS (0.0713ms)
  ✔ Sol case 4: baseline 128, candidate 1 stable failing test is NOT CONFIRMED_REGRESSION (0.0853ms)
  ✔ Axios golden shape (128 passing -> 125 passing / 3 failing) STILL classifies CONFIRMED_REGRESSION rule 5 (0.1054ms)
  ✔ a passing->failing move at stable totals is a regression, not a coverage gap (0.1015ms)
  ✔ one executed test on BOTH arms, stable across repetitions, still PASSES (no hard-coded minimum) (0.1022ms)
  ✔ pending that SHRINKS candidate-side is caught by the observed total (5 executed + 0 pending vs 5 + 5 pending) (0.1214ms)
  ✔ candidate executing MORE than baseline is equally non-comparable (strong verdicts need both directions) (0.0931ms)
  ✔ rule 12 fires on candidate-side instability too (one repeat loses a test, both exit 0) (0.106ms)
  ✔ PRE_EXISTING_FAILURE also demands comparability (baseline fails with fewer executed than candidate) (0.2409ms)
  ✔ weak outputs are never inflated by the new rules: mixed candidate with a coverage gap stays FLAKY (rule 7), infra wins over coverage (rule 1) (0.199ms)
  ✔ treats undefined counts as zero consistently with rule 1 (mocha omits the 0-failing line): 5 passing vs 5 passing+3 failing is NOT comparable (0.1334ms)
  ✔ a stable-coverage collapse on BOTH arms (128 -> 1 -> uniform) is comparable and can still PASS — and is reported honestly (0.0997ms)
✔ post-sol RB-2 — coverage consistency gates strong verdicts (2.3092ms)
▶ post-GLM — execution-observation gate (rule 14)
  ✔ the GLM shape: unanimous "passing" prose with NO observation -> INCONCLUSIVE rule 14, never PASS (0.8386ms)
  ✔ a VALID observation that LIES about counts is caught (text 5/0/0 vs observed 42/0/0) (0.4834ms)
  ✔ a VALID observation whose failing identities differ from the text is caught (0.2334ms)
  ✔ FLAKY is gated too: a split baseline WITHOUT observation is rule 14, not FLAKY (0.1746ms)
  ✔ PRE_EXISTING_FAILURE is gated: fail/fail/fail prose is rule 14 (the guard also gates the honest direction) (0.1795ms)
  ✔ status ABSENT is not "weak-but-fine": an explicit ABSENT observation gates like a missing one (0.1893ms)
  ✔ the gate reports the FIRST offending round in bundle order (deterministic reason) (0.1488ms)
  ✔ observationGateIssue: both exit-contradiction directions fail a VALID observation (0.2578ms)
  ✔ observationSatisfied agrees with the gate on both paths (0.1506ms)
  ✔ a VALID observation whose identity array is missing/malformed is a REFUSAL, not a crash (0.8969ms)
  ✔ post-GLM F4: infra TEXT signature alone cannot veto an attested execution (precedence) (0.241ms)
  ✔ post-glm F6b: the ACTUAL containment of a VALID-observed killed round — gate blind, rule 1 absolute (0.1595ms)
  ✔ post-GLM F4 twin: WITHOUT attestation the same prose still yields rule 1 INFRA (0.1312ms)
  ✔ post-GLM F4 residual: a crash-signature TEXT cannot veto an attested execution either (0.4131ms)
  ✔ post-GLM F4 residual twin: WITHOUT attestation crash prose still yields rule 1 INFRA (0.1341ms)
  ✔ weak paths are NOT gated: rule 0/rule 1 keep their rule numbers without any observation (0.1591ms)
✔ post-GLM — execution-observation gate (rule 14) (5.766ms)
▶ post-GLM round 5 F1 — PRE_EXISTING requires failing-set containment
  ✔ a candidate failure Canary never saw fail in baseline is NOT pre-existing — INCONCLUSIVE 13 (never a swallowed regression) (0.234ms)
  ✔ disjoint failing sets ({A} baseline vs {B} candidate) at equal totals describe no comparable transition — INCONCLUSIVE 13 (0.1498ms)
  ✔ an honest PRE_EXISTING_FAILURE (identical failing sets) keeps rule 4 — containment must not over-block (0.1333ms)
  ✔ CONFIRMED_REGRESSION is untouched by containment (baseline has zero failing identities) (0.3166ms)
  ✔ DOCUMENTED CEILING: version-gated passing-test substitution still PASSes (F3/§8.1) — equality of cardinality + failing sets is the exact invariant (0.2818ms)
✔ post-GLM round 5 F1 — PRE_EXISTING requires failing-set containment (1.481ms)
▶ post-GLM round 5 F4 — rule 14 downgrades EVERY FLAKY producer (6/7/8/12)
  ✔ un-attested producer rule 6 (non-unanimous candidate under failing baseline) -> INCONCLUSIVE 14, never FLAKY (0.256ms)
  ✔ un-attested producer rule 7 (clean baseline, mixed candidate) -> INCONCLUSIVE 14, never FLAKY (0.1296ms)
  ✔ un-attested producer rule 8 (failing rounds within an arm differ in identity) -> INCONCLUSIVE 14, never FLAKY (0.1623ms)
  ✔ un-attested producer rule 12 (repetitions differ in coverage totals) -> INCONCLUSIVE 14, never FLAKY (0.0812ms)
✔ post-GLM round 5 F4 — rule 14 downgrades EVERY FLAKY producer (6/7/8/12) (0.88ms)
▶ inDependencySubtree
  ✔ matches the dep itself and its nested copies at any depth (escaped keys) (0.907ms)
  ✔ scoped name collisions cannot masquerade when keys are escaped (F4) (0.1718ms)
  ✔ round-3 B6: descendants of a NESTED copy are inside the subtree (0.1511ms)
  ✔ audit F10: a SCOPED dependency matches its own escaped keys (0.1405ms)
✔ inDependencySubtree (2.5561ms)
▶ diffTrees — the arms-equality proof
  ✔ audit F10: scoped dependency drift inside its subtree is confined (1.1216ms)
  ✔ audit F10: scoped dep PLUS real external drift is still NOT confined (0.8221ms)
  ✔ golden case: only the dependency subtree changed (0.1955ms)
  ✔ detects contamination outside the dependency (0.2357ms)
  ✔ audit B6 exposes the vacuous-confinement hazard (empty trees report confined) (0.2447ms)
✔ diffTrees — the arms-equality proof (3.0431ms)
▶ audit B6 — classifyTreeObservation (tree completeness)
  ✔ a parsed, non-empty tree containing the dependency is VALID (0.3399ms)
  ✔ empty tree (no data observed) is INVALID, not a proof of confinement (0.1016ms)
  ✔ unparseable / no-root-deps is INVALID (0.1162ms)
  ✔ tree present but the studied dependency absent is INCOMPLETE (0.1225ms)
  ✔ scoped dependency presence is detected via the escaped key (dependencyInTree) (0.0976ms)
  ✔ round-3 B6: ANY observation anomaly caps the status at INCOMPLETE (0.1212ms)
✔ audit B6 — classifyTreeObservation (tree completeness) (1.1715ms)
▶ log parsing (auxiliary — never decides classification)
  ✔ extracts canonical suite-qualified identities from mocha output (audit B1) (1.5942ms)
  ✔ audit B1: same leaf title in DIFFERENT suites stays DISTINCT (0.611ms)
  ✔ audit B1: nested describe paths survive as multi-segment identities (0.169ms)
  ✔ audit B1: progress-list lines (N) followed by a passing line yield NO identity (0.1988ms)
  ✔ audit B1: identical identities in one run dedupe deterministically; distinct never collapse (0.1742ms)
  ✔ audit B1: ava identities keep the full suite path (0.1906ms)
  ✔ parses summary counts (0.515ms)
  ✔ round-3 B1: ROOT-level failure ("1) title:" — colon on the numbered line) yields its identity (0.161ms)
  ✔ round-3 B1: repeated root-level titles across rounds re-extract identically (deterministic) (0.1528ms)
  ✔ round-3 B1: mixed root + nested blocks do not corrupt each other (0.1092ms)
  ✔ round-3 B1: a nested block is abandoned at the summary line, never past it (0.1235ms)
  ✔ round-3 B1: malformed/truncated output yields NO fabricated identities (0.1152ms)
  ✔ round-3 B1: reordered distinct failures extract the same SET (profile order-independence) (0.1438ms)
✔ log parsing (auxiliary — never decides classification) (4.7614ms)
▶ streamsStable
  ✔ true only for identical hashes across all rounds (0.1281ms)
✔ streamsStable (0.2178ms)
▶ post-sol secondary — lone-CR line endings parse identically to LF/CRLF
  ✔ parseSummaryCounts reads the same totals across LF, CRLF and CR-only (0.297ms)
  ✔ extractFailingTestNames finds the same identities across LF, CRLF and CR-only (0.1381ms)
✔ post-sol secondary — lone-CR line endings parse identically to LF/CRLF (0.5418ms)
▶ post-GLM F3 — ANSI-colored output parses identically to plain output
  ✔ parseSummaryCounts reads the same totals colored as plain (0.6321ms)
  ✔ extractFailingTestNames finds the same identities colored as plain (0.1618ms)
  ✔ F3 false-PASS battery: an ANSI-wrapped failing line cannot hide from the masked-failure count (0.121ms)
  ✔ precision control: stripping never fabricates counts (0.1599ms)
  ✔ ANSI and lone-CR compose: colored CR-only stream matches colored LF stream (0.1656ms)
✔ post-GLM F3 — ANSI-colored output parses identically to plain output (1.5082ms)
▶ validateSpec
  ✔ accepts the golden shape (1.2005ms)
  ✔ rejects branch/tag names instead of full SHAs (0.3664ms)
  ✔ rejects a swap that does not install the candidate (0.5159ms)
  ✔ requires >=2 candidate repetitions (a regression must reproduce) (0.2033ms)
  ✔ requires >=2 baseline rounds so the FLAKY guard is reachable (F8) (0.1879ms)
  ✔ rejects identical baseline/candidate (0.2175ms)
  ✔ rejects malformed prepare argv (not array-of-arrays) (0.2237ms)
  ✔ rejects non-object input without throwing (0.2162ms)
✔ validateSpec (4.5729ms)
▶ planArms
  ✔ orders steps with toolchain between prepare and build (1.0066ms)
  ✔ omits toolchain/build when absent (0.2225ms)
✔ planArms (1.5278ms)
▶ normalizers
  ✔ canonicalizes line endings, trailing ws, final newline (1.9515ms)
  ✔ collapses timestamps, dates, durations (0.2437ms)
  ✔ collapses uuids and long hex addresses but not short hex (0.2356ms)
  ✔ collapses ports on localhost (0.1826ms)
  ✔ normalizes the run workspace, temp, home, user, host (0.7277ms)
  ✔ pathVariants covers slash forms and drive case (0.1798ms)
  ✔ the stability invariant: same logical run shape at different moments collapses to identical bytes (1.1743ms)
  ✔ result lines are never rewritten by value-shape rules (0.1852ms)
✔ normalizers (6.5399ms)
▶ renderHtml
  ✔ renders the deterministic verdict verbatim (0.7748ms)
  ✔ shows hash prefixes and log paths for audit (0.1233ms)
  ✔ states the drift-confinement result (0.0944ms)
  ✔ escapes hostile content from downstream logs/names (no HTML injection) (0.1824ms)
  ✔ audit F12: renders failing-test identities derived from the BUNDLE (no extras) (0.2344ms)
  ✔ audit F12: a bundle with no failing identities omits the section (0.1446ms)
✔ renderHtml (2.7896ms)
▶ post-sol F1 — the verification banner says SELF-CONSISTENT, not VERIFIED
  ✔ a fully local-consistent render is labeled SELF-CONSISTENT and disclaims the committed proof (0.3648ms)
  ✔ a failing consistency render is labeled NOT SELF-CONSISTENT and still warns (0.2647ms)
  ✔ no verification argument at all renders NOT SELF-CONSISTENT (absence of checking is not success) (0.1934ms)
✔ post-sol F1 — the verification banner says SELF-CONSISTENT, not VERIFIED (1.1175ms)
▶ validateBundle
  ✔ accepts a well-formed bundle (3.9662ms)
  ✔ rejects an unknown classification label (0.6976ms)
  ✔ rejects short/hexless commit SHAs (no branch pins in evidence) (0.6312ms)
  ✔ rejects a bundle missing an arm (1.3492ms)
  ✔ rejects malformed stream hashes (0.812ms)
  ✔ rejects a round whose envKeys leak outside the sanitized allowlist (F9) (0.7126ms)
  ✔ rejects reproductionCount < 1 (0.7131ms)
✔ validateBundle (10.0943ms)
▶ validateBundle — semantic integrity (audit F3)
  ✔ rejects a CONFIRMED_REGRESSION label whose own rounds say PASS (1.4695ms)
  ✔ rejects a CONFIRMED_REGRESSION built from rounds whose failure identities differ (must re-derive FLAKY rule 8) (1.3303ms)
  ✔ rejects masked-failure rounds (exit 0 with reported failures) under a PASS label (1.0453ms)
  ✔ rejects killedByTimeout=true alongside a normal exit code (0.359ms)
  ✔ rejects an inflated reproductionCount not backed by candidate rounds (0.7296ms)
  ✔ rejects a trustful verdict while drift says NOT confined (rule-9 guard bypassed) (0.4405ms)
  ✔ accepts the legitimate rule-9 override: unconfined drift + INCONCLUSIVE rule 9 (0.681ms)
  ✔ audit B6: rejects a trustful verdict built on a non-VALID tree observation (0.636ms)
  ✔ audit B6: accepts the legitimate rule-10 override (confined drift but weak observation) (0.4778ms)
  ✔ audit B6: rejects a FABRICATED rule-10 downgrade even with a valid manifest (semantic layer alone catches it) (0.4863ms)
  ✔ audit B6: observationStatus is mandatory (0.594ms)
  ✔ refuses to treat a CONFIRMED_REGRESSION as trustworthy when round facts are too sparse to re-derive (0.5255ms)
  ✔ self-review N3: the sparse-facts refusal covers a PASS claim too (was: CONFIRMED/PRE_EXISTING only) (0.6091ms)
  ✔ robustness H1: rejects duplicate (arm,round) indices (resealed) (2.4168ms)
  ✔ round-3 B1: a RESEALED CONFIRMED whose failing identities under-account the count dies twice over (0.9028ms)
  ✔ post-sol RB-2: a resealed trustful bundle over incomparable arm coverage dies twice over (0.8482ms)
  ✔ post-sol RB-2: a trustful label with only ONE round per arm is refused (0.4976ms)
  ✔ post-sol RB-2: unstable repetition coverage under a trustful label is refused (baseline 5 vs 4 passing) (0.6157ms)
  ✔ post-sol RB-2: weak labels carry no parity requirement (honest INCONCLUSIVE rule 13 validates) (1.3092ms)
  ✔ round-3 B2: a PASS label over zero-assertion (pending-only) rounds is rejected (0.6755ms)
✔ validateBundle — semantic integrity (audit F3) (17.6289ms)
▶ post-sol M-1 — contract.ts is the single source of truth
  ✔ the committed schemas/evidence.schema.json EQUALS the generated contract (no drift) (1.7797ms)
  ✔ every always-required contract field is refused at runtime when DELETED (Sol: commands, killedByTimeout, startedAt, durationMs included) (29.9067ms)
  ✔ intentionally-optional fields may be absent (we do not blind-strictify) (0.7094ms)
  ✔ unknown fields are refused at root, round, and treeComparison scopes (policy is intentional) (1.5842ms)
  ✔ post-glm F6c: unknown fields NAMED LIKE Object.prototype members are refused too (own-property check, not `in`) (5.9084ms)
  ✔ trustful-tier fields: deleted infraSignal/snapshots/anomalies kill a trustful claim but validate clean under a weak honest label (1.5583ms)
  ✔ round indices must be contiguous per arm (an omitted round shrinks the claimed reproduction) (2.634ms)
✔ post-sol M-1 — contract.ts is the single source of truth (45.9944ms)
▶ post-GLM round 5 — mirror constant independence + containment restatement
  ✔ STRONG_MIRROR_LABELS is a distinct copy of the classifier strong set with pinned equivalence (0.2755ms)
  ✔ refuses PRE_EXISTING_FAILURE whose candidate fails identities baseline did not (containment at 3d) (1.0066ms)
  ✔ accepts an honest PRE_EXISTING_FAILURE (identical failing sets across arms) — no over-blocking (0.5973ms)
✔ post-GLM round 5 — mirror constant independence + containment restatement (2.0746ms)
▶ Recorder.expandArgv — token expansion + enforced isolation
  ✔ expands $bin via resolver to node + bin path (5.7695ms)
  ✔ ALWAYS appends --ignore-scripts and cache isolation to install commands (3.207ms)
  ✔ F6: flags are detected past leading options ($npm --loglevel install) (3.2688ms)
  ✔ F6: npm ci (runs lifecycle scripts by default) is also covered (3.3978ms)
  ✔ post-glm F6e: the controlled empty npm config is RE-ESTABLISHED immediately before install (tamper-between-creation-and-use) (3.9089ms)
  ✔ F6: $yarn install gets yarn-appropriate flags after -- and --ignore-scripts on the npx bootstrap (4.6922ms)
  ✔ F8: $npm -u evil.npmrc install x is REJECTED (was silent injection-skip) (3.9455ms)
  ✔ F8: conflicting config flags rejected BEFORE and AFTER the subcommand (4.6622ms)
  ✔ F8: unknown bare option before subcommand rejected; --key=value passes (5.1887ms)
  ✔ F8: exec/dlx/shell-style subcommands rejected; run of a local script is not (6.774ms)
  ✔ F8: conflicting flags rejected in CASE VARIANTS too (red-team) (7.4867ms)
  ✔ F8: install-family options with = or after the subcommand still expand normally (4.3444ms)
  ✔ non-install commands get no injected flags (4.1637ms)
✔ Recorder.expandArgv — token expansion + enforced isolation (63.0681ms)
▶ summary/infra matchers (F1/F5 hardening)
  ✔ strict summary matcher rejects prose and accepts runner lines (0.4695ms)
  ✔ environmental error patterns are infra (F1/F2) (0.5783ms)
  ✔ audit B2: errno code in a PASSING test name is NOT infra; in an error line IS (0.559ms)
✔ summary/infra matchers (F1/F5 hardening) (1.8383ms)
▶ Recorder.step/round — real subprocess, real artifacts (no mocks)
  ✔ captures exit code, streams, hashes, counts; unique-ifies repeated labels (1208.0797ms)
  ✔ F1 shape: nonzero exit + summary claiming 0 failing is recorded with the count (416.5724ms)
  ✔ F5 shape: exit 0 while summary reports failures is captured (classifier then infra-guards) (391.1566ms)
  ✔ audit F13: failing-test identities from REAL subprocess output land in fact and evidence (348.2122ms)
  ✔ audit B2 (real subprocess): 0 passing at exit 0 records reportedPassing=0 (classifier => INFRA) (341.4268ms)
  ✔ audit B2 (real subprocess): ECONNREFUSED error line at exit 0 sets infraSignal true (not swallowed by exit) (333.7165ms)
  ✔ audit B2 (real subprocess): a genuinely passing run records reportedPassing>0 and stays valid (344.31ms)
  ✔ audit B1 e2e: same leaf title, different SUITE across candidate rounds -> FLAKY (1057.0798ms)
  ✔ audit B1 e2e: identical SUITE-QUALIFIED identity across rounds stays CONFIRM-eligible (1395.6545ms)
  ✔ timeout kills produce exit -1 (and tree-kill runs without throwing) (1483.1536ms)
✔ Recorder.step/round — real subprocess, real artifacts (no mocks) (7320.3475ms)
▶ audit B5 — canonical package-manager policy (closed allowlist)
  ✔ B5: install ALIASES (the pre-fix silent-skip) now receive full injection (12.1543ms)
  ✔ B5: unknown/unvetted subcommands are REJECTED, not run without policy (4.4145ms)
  ✔ B5: RAW package-manager forms rejected for ANY command position (4.4892ms)
  ✔ B5: $bin:npm bypass is rejected; $bin:mocha still works (4.7118ms)
  ✔ B5: user `--` in an install command is rejected (was the trailing-flag dead-weight bypass) (4.5143ms)
  ✔ B5 invariant (property): accepted install => isolation flags in EFFECTIVE position after the subcommand, none after a `--` (8.3584ms)
  ✔ B5: closed-allowlist families classified correctly by the policy parser (0.2269ms)
✔ audit B5 — canonical package-manager policy (closed allowlist) (39.2348ms)
▶ round-3 B5 — wrapper-mediated / frontend package-manager execution is refused
  ✔ cmd /c npm install … is refused (the canonical Windows wrapper bypass) (4.2227ms)
  ✔ powershell / pwsh … npm is refused (4.8907ms)
  ✔ env / nohup / xargs / sh -c / sudo npm are refused (POSIX wrappers) (3.8065ms)
  ✔ package-manager FRONTENDS (pnpm/bun/corepack/volta) are refused (4.5835ms)
  ✔ node executed ON a package-manager file (node npm / node npm-cli.js) is refused (4.7853ms)
  ✔ any other unenumerated literal executable fails closed (not silently expanded) (4.9575ms)
  ✔ REGRESSION: every SUPPORTED form still expands (allowlist does not over-reject) (5.4653ms)
  ✔ REGRESSION: raw npm / npm.cmd / direct npm-cli / $bin:npm still rejected (pre-existing B5.1) (4.8581ms)
✔ round-3 B5 — wrapper-mediated / frontend package-manager execution is refused (38.0195ms)
▶ round-3 secondary — crash & sweep signals reach the classification
  ✔ hasCrashSignature: matches V8/native abort phrasing, skips pass-glyph lines (0.2538ms)
  ✔ glyph discrimination (self-review N4): ava ✖ (U+2716) fires infra; ✗-titled (U+2717) prose does not (0.2621ms)
  ✔ isInfraOutput: a hard infra phrase inside a PASSING test title is not false-INFRA (round-3 secondary) (0.1166ms)
  ✔ round() records crashSignal from a real post-summary crash -> classify says INFRA rule 1 (463.5633ms)
  ✔ round() records sweepFailed (when the run outcome flags it) -> classify says INFRA rule 1 (10.9937ms)
  ✔ post-sol secondary: CR-only line endings are matched like LF/CRLF (summary + anchored crash banner) (0.3644ms)
  ✔ assertSupportedSpecExecutable: the allowlist is small and explicit (0.308ms)
✔ round-3 secondary — crash & sweep signals reach the classification (476.1856ms)
▶ observation hardening — expandArgvWithPlan injection decision
  ✔ the double fixture is actually pinned (fails if the pin table drifted) (0.2119ms)
  ✔ post-GLM F5: the canary double is UNSELECTABLE by default — pinned bytes, no execution authority (20.5226ms)
  ✔ pinned bytes at the canonical anchor: injected, --require appended LAST, plan from the PIN (21.238ms)
  ✔ unpinned bytes at the canonical anchor: NO injection, runner-identity-unpinned + observed hash recorded (38.0837ms)
  ✔ pinned bytes OUTSIDE the canonical anchor (hoisted): not injectable (21.5903ms)
  ✔ post-glm F6a: pinned bytes reached through a LINK at the anchor are not injectable (root case) (23.305ms)
  ✔ post-glm F6a: a LINK ABOVE the anchor (node_modules junctioned out) is not injectable either (24.4339ms)
  ✔ a subject-supplied --require/-r in a mocha argv is refused fail-closed (23.1345ms)
  ✔ post-GLM F1: an off-position $bin:mocha token is refused, never credited (21.9643ms)
  ✔ non-mocha commands: no injection attempted, absentKind not-mocha-bin (5.2632ms)
  ✔ the ABSENT path end-to-end: an unpinned double runs REAL rounds and rule 14 refuses the strong label (920.6498ms)
✔ observation hardening — expandArgvWithPlan injection decision (1121.4759ms)
▶ post-sol RB-1 — semantic package-manager policy (equivalence classes)
  ✔ Sol's accepted forms are now rejected in install-family commands (2.9299ms)
  ✔ property: for EVERY protected key, every abbreviation/negation/case/= spelling is refused (install family) (39.366ms)
  ✔ property: the per-package config family (@scope:registry, //…:auth) is refused everywhere (2.6954ms)
  ✔ property: accepted install argv ends with Canary protected flags after every user token (4.3809ms)
  ✔ invariant: no allowed install spelling resolves to a protected key (prefix-disjoint) (0.6955ms)
  ✔ legitimate script-family passthrough and fixture install shapes still expand (4.3716ms)
  ✔ resolveOptionToken normalizes case, =-values, and one leading no- (0.1491ms)
  ✔ empirical: npm applies abbreviation + negation + LAST-WINS ordering (the semantic premises) (923.6944ms)
✔ post-sol RB-1 — semantic package-manager policy (equivalence classes) (978.6433ms)
▶ FINDING B — infra matching is case/encoding symmetric (must-match direction)
  ✔ exact GLM counterexample: mixed-case npm error + fake summary (1.4348ms)
  ✔ all case variants of npm error / npm ERR! fire (0.3318ms)
  ✔ hard patterns fire in any case (module/ERESOLVE/SyntaxError shapes) (0.3877ms)
  ✔ CR-only and CRLF line endings still see the signatures (0.1603ms)
  ✔ ANSI-wrapped signatures still fire (real colored npm output) (0.2246ms)
  ✔ SOFT errno lines fold case too (0.3826ms)
  ✔ crash signatures survive ANSI decoration (0.3874ms)
  ✔ runner summary is recognized through ANSI colors (real colored mocha) (0.3244ms)
✔ FINDING B — infra matching is case/encoding symmetric (must-match direction) (5.5064ms)
▶ FINDING B — benign prose NEVER flips to infrastructure (false-positive direction)
  ✔ passing test TITLES quoting error phrases are not infra (0.7862ms)
  ✔ intentional E404 assertions and historical logs inside test prose are not infra (0.2527ms)
  ✔ summary regexes stay anchored (prose containing "5 passing" mid-sentence) (0.1748ms)
✔ FINDING B — benign prose NEVER flips to infrastructure (false-positive direction) (1.5685ms)
▶ post-GLM F3 — summary recognition and count parsing share one view
  ✔ an ANSI-wrapped failing line is counted as surely as it is recognized (0.5532ms)
  ✔ a fully colored genuine run is recognized AND counted (no false infra) (0.9931ms)
  ✔ lone-CR and ANSI compose identically across both functions (0.2689ms)
✔ post-GLM F3 — summary recognition and count parsing share one view (2.0833ms)
▶ auditPackageManifestText — lifecycle hooks refuse execution
  ✔ accepts a clean manifest (0.7657ms)
  ✔ refuses preinstall hook (0.2112ms)
  ✔ refuses install hook (0.1492ms)
  ✔ refuses postinstall hook (0.1653ms)
  ✔ refuses prepare hook (0.1206ms)
  ✔ rejects invalid JSON without throwing (0.8836ms)
✔ auditPackageManifestText — lifecycle hooks refuse execution (3.4087ms)
▶ auditFixtureDir — rc-file injection gate
  ✔ refuses a fixture shipping .npmrc (13.226ms)
  ✔ F10: finds rc files nested anywhere in the pinned source (4.8244ms)
  ✔ F7: refuses an UPPERCASE .NPMRC (Windows/macOS load it as project config) (3.5386ms)
  ✔ F7: also catches mixed-case nested .YarnRc.yml (4.1112ms)
✔ auditFixtureDir — rc-file injection gate (26.1729ms)
▶ expectedExtractedDir
  ✔ matches codeload tarball root naming (0.1863ms)
✔ expectedExtractedDir (0.3212ms)
▶ audit F6 — child env observation: declared == observed
  ✔ the child sees EXACTLY the declared allowlist keys (nothing undeclared) (1263.7077ms)
  ✔ Windows session identity vars are neutralized, not merely absent from the block (420.6471ms)
  ✔ the real account identity is not reachable via any observed value (392.8803ms)
✔ audit F6 — child env observation: declared == observed (2078.7609ms)
▶ KNOWN_RUNNER_RELEASES — npm pins equal their reviewed manifests (offline)
  ✔ every npm-origin entry has a manifest and the hashes agree (2.7294ms)
  ✔ canary-double entries are the ONLY non-manifested pins (offline e2e bytes live in-repo) (0.3033ms)
✔ KNOWN_RUNNER_RELEASES — npm pins equal their reviewed manifests (offline) (3.9823ms)
▶ post-GLM F5 — findRunnerPin: origin is an execution-authority gate
  ✔ double bytes are UNSELECTABLE by default: pinned hash, zero execution authority (0.3279ms)
  ✔ only the explicit in-process grant selects the double (0.1585ms)
  ✔ npm pins stay selectable in BOTH postures — the gate is origin-scoped, not blanket (0.1549ms)
✔ post-GLM F5 — findRunnerPin: origin is an execution-authority gate (0.9227ms)
▶ audit F5 — sweep mechanism (live parent, positive proof)
  ✔ sweepDescendants finds and kills a live parent's child process (1702.9305ms)
✔ audit F5 — sweep mechanism (live parent, positive proof) (1704.0709ms)
▶ audit F5 — containment through runCommand
  ✔ normal exit-0 of a child that left a helper behind: sweep clean, no survivors (530.4678ms)
  ✔ a clean exit with no descendants sweeps nothing and does not fail (334.9367ms)
  ✔ timeout: tree kill + sweep leave no survivors and do not fail (2552.7756ms)
  ✔ the swept child PID itself is never listed as killed (only descendants) (348.1958ms)
✔ audit F5 — containment through runCommand (3766.8743ms)
▶ audit S1 — POSIX session-membership predicate (setpgid escapees)
  ✔ a member of the child session is caught even after it setpgid()s (0.2054ms)
  ✔ a member of the child group is caught (0.1298ms)
  ✔ an unrelated process is not swept (0.1511ms)
✔ audit S1 — POSIX session-membership predicate (setpgid escapees) (0.7339ms)
ℹ tests 472
ℹ suites 71
ℹ pass 472
ℹ fail 0
ℹ cancelled 0
ℹ skipped 0
ℹ todo 0
ℹ duration_ms 187914.8811
EXIT:0
