TREE: 34cf515b50ebab3eb68cb10859eef3a67e0e57f3 @ /c/Users/Johannes/Desktop/canary-baseline-34cf

> canary-reliability-network@0.0.0 build
> tsc -b

▶ panel K layer 1 — the validator refuses hostile frame streams
  ✔ CONTROL: an honest watched lifecycle validates VALID (the battery needs a standing baseline) (2.3844ms)
  ✔ (ii) injected round with ZERO frames on the channel is INVALID (0.2494ms)
  ✔ (iii) a missing bye — and a misplaced bye — are INVALID boundary violations (0.433ms)
  ✔ (iv) a reject frame (adapter caught a forged/dup event LIVE) condemns the round (0.2425ms)
  ✔ (v) text claiming "2 passing" over 1 watched pass is INVALID — and a lying bye cannot fix it (0.3562ms)
  ✔ (vi) a forged hello.mochaVersion is INVALID — vs the pin and vs its own shape (0.4811ms)
  ✔ panel 1 extras: flood truncation, duplicate credits, unknown kinds and no-summary all fail closed (0.3265ms)
  ✔ (xi) garbage lines, non-object frames, adapter-error and masked exit each condemn the round (0.3761ms)
✔ panel K layer 1 — the validator refuses hostile frame streams (6.5209ms)
▶ panel K layer 2 — the pipeline end-to-end refuses unattested execution
  ✔ (i) a plain-node text stub that reads as a clean run degrades to INCONCLUSIVE rule 14 (7555.5638ms)
  ✔ (vii) an UNPINNED double running the observer protocol on fd 3 gets stray-bytes forensics, zero credit (6904.5097ms)
  ✔ (viii) AM-1 kill test: double CLAIMS the pinned version, bytes are wrong -> ABSENT, strong unreachable (7231.4163ms)
  ✔ (ix) a subject --require in spec argv is refused fail-closed (protected preload flag) (2775.7899ms)
  ✔ (x) process.exit() mid-round: watched lifecycle never ends -> INVALID, never strong (6195.263ms)
✔ panel K layer 2 — the pipeline end-to-end refuses unattested execution (30663.4612ms)
▶ post-GLM F1 — off-position runner token earns no execution credit
  ✔ refused fail-closed: forging `node -e` with the token trailing (2213.2545ms)
  ✔ refused fail-closed: forging prelude script with the token after it (2021.4936ms)
  ✔ positive control: the executed-position token still earns VALID and a strong verdict (5730.1326ms)
✔ post-GLM F1 — off-position runner token earns no execution credit (9965.2721ms)
▶ post-GLM F4 — infra prose cannot mask an attested regression
  ✔ a VALID round whose stdout trips the infra signature still yields CONFIRMED_REGRESSION (6049.6826ms)
✔ post-GLM F4 — infra prose cannot mask an attested regression (6049.9595ms)
▶ post-GLM F5 — an untrusted spec cannot select the canary double
  ✔ double bytes staged by the spec itself: NO injection, every round ABSENT, INCONCLUSIVE rule 14 (6062.8992ms)
  ✔ trusted control: with the in-process grant the SAME spec earns VALID + a strong verdict (5880.4782ms)
✔ post-GLM F5 — an untrusted spec cannot select the canary double (11943.7389ms)
▶ audit M8 — CLI subprocess exit-code contract
  ✔ check on honest evidence exits 0 and prints PASS (7987.9052ms)
  ✔ check on a tampered artifact exits 3 and names the tampered file (7166.1392ms)
  ✔ report refuses a fabricated bundle (exit 3) and renders a valid one (exit 0) (7161.5832ms)
  ✔ audit F12: report with NO argument defaults to the latest run and renders bundle-persisted failing identities (6689.5021ms)
  ✔ version exits 0; no command prints usage and exits 3 (misuse) (177.4842ms)
  ✔ round-3 secondary: an infrastructure abort exits 2 (environment fault), never 3 (misuse) (350.1444ms)
✔ audit M8 — CLI subprocess exit-code contract (29534.5424ms)
▶ FINDING A — subject text alone can never create a strong verdict
  ✔ the GLM counterexample (console.log "128 passing") is never PASS (7537.6183ms)
  ✔ test command node -e printing mocha-shaped prose is never PASS (6909.3126ms)
  ✔ a printed failing summary is never CONFIRMED_REGRESSION (7230.3339ms)
✔ FINDING A — subject text alone can never create a strong verdict (21678.8118ms)
▶ KNOWN_RUNNER_RELEASES — table == disk (canary-double)
  ✔ the pinned double hash equals the treeSha256 of the repo fixture bytes (18.7824ms)
  ✔ no placeholder digests survive, every entry is well-formed, versions unique per package (0.5375ms)
✔ KNOWN_RUNNER_RELEASES — table == disk (canary-double) (20.5934ms)
▶ audit M8 — offline pipeline end-to-end
  ✔ confined regression: CONFIRMED_REGRESSION, real artifacts re-hash clean (7791.4677ms)
  ✔ unconfined tree drift is downgraded to INCONCLUSIVE rule 9 (F9 e2e) (6871.6576ms)
  ✔ a tampered artifact is caught end-to-end by the prove path (F4 e2e) (7002.4473ms)
  ✔ a fabricated self-contradictory bundle is refuted by validateBundle (F3 e2e) (6745.9969ms)
  ✔ round-3 secondary: a fetch failure is INFRASTRUCTURE (InfraAbort -> CLI exit 2), not generic error (3.0459ms)
  ✔ round-3 secondary: an extraction failure is INFRASTRUCTURE too (3.4879ms)
✔ audit M8 — offline pipeline end-to-end (28419.7696ms)
▶ round-3 B3 — the proof host is the ACTUAL runtime, never the evidence
  ✔ pristine run + proofHost = this machine: full gate PASSes with ZERO skipped assertions (7374.0418ms)
  ✔ THE AUDIT ATTACK: reseal host metadata to dodge host checks -> gate FAILS (exit 1), never skip-to-PASS (6924.4209ms)
  ✔ resealing the environment TO MATCH the real machine is not an attack: identity is reality, not paper (7007.4709ms)
  ✔ off the proof host (simulate a foreign runtime): strict checks SKIP and the verdict INCOMPLETE (exit 2) — PASS is not claimed (6757.9124ms)
  ✔ post-sol F1 — SELF-CONSISTENT is NOT proof-agreement: a bundle fully consistent on this machine can still FAIL check against a diverged committed proof (6154.8315ms)
  ✔ a lying proof file cannot flip the verdict either: proofHost=foreign while running here still skips (evidence-agnostic) (6011.7903ms)
✔ round-3 B3 — the proof host is the ACTUAL runtime, never the evidence (40232.8617ms)
▶ post-GLM F2 — executable bytes are part of the host identity
  ✔ a trojan runtime claiming the proof-host METADATA but running different bytes can never PASS (6050.2512ms)
  ✔ a proof naming a proofHost but omitting the exec digest is REFUSED — loud FAIL, never a silently weaker gate (6060.3595ms)
  ✔ the sampler reports the ACTUAL bytes of the running executable (71.9071ms)
  ✔ an environment ATTESTATION stays metadata-only: the evidence block carries no bytes to compare (documented residual) (0.2344ms)
✔ post-GLM F2 — executable bytes are part of the host identity (12183.304ms)
▶ verifyArtifacts — audit F4 (proof must rehash the real artifacts)
  ✔ accepts a bundle whose every recorded hash matches the file on disk (30.5873ms)
  ✔ rejects a tampered raw stdout (recorded hash kept, content swapped) (24.4039ms)
  ✔ rejects a tampered normalized stdout independently of the raw one (24.3346ms)
  ✔ rejects quietly deleted stderr artifacts (22.4228ms)
  ✔ rejects all four substituted files of one round (raw, raw-err, norm, norm-err) (25.7161ms)
  ✔ rejects a logPath that breaks the round-ownership contract (18.6619ms)
✔ verifyArtifacts — audit F4 (proof must rehash the real artifacts) (147.9156ms)
▶ verifyArtifacts — audit B3 (path confinement + ownership)
  ✔ ../../ identical external substitution is refused (ownership), not verified against the external bytes (8.7263ms)
  ✔ absolute external path in logPath is refused (7.0481ms)
  ✔ cross-round swap (candidate#1 claims candidate#2 log) is refused (10.6342ms)
  ✔ baseline pointing at a candidate artifact is refused (8.5106ms)
  ✔ a valid canonical relative artifact path verifies clean (12.6629ms)
  ✔ missing + modified artifacts are refused (20.1059ms)
  ✔ a symlinked artifact resolving outside the dir is refused (symlink escape) (12.9855ms)
✔ verifyArtifacts — audit B3 (path confinement + ownership) (81.541ms)
▶ assertProof — audit F11 + round-3 B3 (host-exactness from the ACTUAL runtime)
  ✔ legacy proof (no proofHost): host-exact hashes assert ONLY when the actual runtime matches the recorded environment (9.7262ms)
  ✔ matching proofHost + actual runtime on it: every assertion including hashes AND the environment binding evaluates (8.7351ms)
  ✔ round-3 B3 core: resealing the evidence environment can NO LONGER skip strict checks — it FAILS the binding (8.5307ms)
  ✔ off-proof-host: host-exact comparisons skip (flagged, not silent); portable assertions still evaluate; verdict is INCOMPLETE (9.0869ms)
  ✔ off-proof-host with tampered committed hashes still passes portable checks (and this is exactly why verifyArtifacts exists) (20.8717ms)
✔ assertProof — audit F11 + round-3 B3 (host-exactness from the ACTUAL runtime) (57.4023ms)
▶ round-3 B3 — environment attestation + verdict helpers
  ✔ environmentAttestationIssues: silent only when claim == ACTUAL runtime (9.4334ms)
  ✔ proofVerdict: PASS requires zero failures AND zero skips (0.2563ms)
✔ round-3 B3 — environment attestation + verdict helpers (9.8795ms)
▶ round-3 B4-D — exact failing-identity set equality (proof vs candidate bytes)
  ✔ faithful expectation: exact set holds (0.5121ms)
  ✔ proof pinning a SUBSET (hiding a real failure) FAILS (0.4283ms)
  ✔ proof pinning an EXTRA (non-existent) identity FAILS (0.3294ms)
  ✔ the exact-set check is portable — it evaluates (never skips) off-host (0.3728ms)
  ✔ a proof that does not pin the tarball digest FAILS the pin requirement (1.2292ms)
  ✔ assertProof alone refuses a resealed experimentId the proof does not name (mutation N10) (0.4625ms)
  ✔ a proof declaring a schema version the reader does not implement FAILS (portable) (0.4922ms)
✔ round-3 B4-D — exact failing-identity set equality (proof vs candidate bytes) (7.2531ms)
▶ post-sol secondary — host sampling is immune to the verifier process environment
  ✔ a poisoned NODE_OPTIONS in the verifying process does NOT crash or steer the fingerprint (337.1159ms)
✔ post-sol secondary — host sampling is immune to the verifier process environment (337.3313ms)
▶ audit B4 — provenance forgery matrix (which layer refuses)
  ✔ pristine run passes the whole gate (7364.9509ms)
  ✔ rewriting failure counts is caught — round-3 B1 coverage gate fires even earlier (at validateBundle) (6884.0458ms)
  ✔ rewriting failing-test identities is caught by byte re-derivation (resealed) (7017.5622ms)
  ✔ NEW: per-round name/value disagreement with bytes is caught (one round forged) (6732.8231ms)
  ✔ rewriting digests away from bytes is caught by verifyArtifacts (resealed) (6202.8316ms)
  ✔ rewriting the repo URL is caught by the committed proof (resealed) (6021.8665ms)
  ✔ rewriting experimentId is caught by the workspace binding (resealed) — B4-A fires before the proof (6029.7368ms)
  ✔ rewriting the pinned commit is caught by the committed proof (resealed) (6083.8112ms)
  ✔ rewriting runtime platform is caught by the committed proof (resealed) (5878.7274ms)
  ✔ flipping drift-confined to false is caught (resealed) — trustful+unconfined (5550.7854ms)
  ✔ downgrading a tree observation to INCOMPLETE cannot support a trustful label (resealed) (5334.0079ms)
  ✔ NEW: relabeling a real regression PASS is caught by re-derivation (resealed) (5389.7896ms)
  ✔ adding a non-allowlisted env key is refused (resealed) (5183.548ms)
  ✔ naive (argv) rewrite without recomputing the manifest is caught by integrity (4885.7885ms)
  ✔ naive (tarball digest) rewrite without recomputing the manifest is caught by integrity (4842.413ms)
  ✔ naive (runId) rewrite without recomputing the manifest is caught by integrity (4900.0293ms)
  ✔ manifest integrity catches ANY single-field rewrite done without recompute (4815.3014ms)
✔ audit B4 — provenance forgery matrix (which layer refuses) (99120.2206ms)
▶ round-3 B4 — coherent-reseal matrix on release-critical fields
  ✔ resealed runId alone is contradicted by the workspace directory (4859.6826ms)
  ✔ resealed runId AND experimentId (coherent prefix) still contradicts the directory (4894.4791ms)
  ✔ resealed tarball digest is contradicted by the retained fixture.tgz bytes (4841.7979ms)
  ✔ attacker who swaps the TARBALL BYTES too is stopped by the committed proof pin (4855.7435ms)
  ✔ resealed argv is contradicted by the committed spec re-expansion (proof host) (4866.1209ms)
  ✔ weakened envKeys (valid allowlist subset) is contradicted by the policy re-derivation (4863.2109ms)
  ✔ classification REASON tampering (label/rule/count coherent) is caught by byte re-derivation (4877.4813ms)
  ✔ coherent INCONCLUSIVE-rule9 relabel is refused (no unconfined drift to justify it) (9682.9844ms)
  ✔ resealed dependency-copy count is contradicted by the retained snapshot recount (4825.2804ms)
  ✔ a crash hidden from the record (crash line IN the bytes, resealed) is caught by byte re-derivation (4914.0724ms)
  ✔ an invented crashSignal on clean bytes is caught too (bidirectional binding, resealed) (4888.6452ms)
  ✔ a tampered infraSignal (false where bytes carry an infra line) is caught by bytes (4878.5869ms)
  ✔ a proof pinning a SUBSET of the failing identities is refused (exact-set equality, B4-D) (4854.2321ms)
  ✔ a proof pinning a WRONG extra identity is refused too (exact-set equality, B4-D) (4849.2582ms)
  ✔ a proof that forgot to pin the tarball digest cannot support PASS (B4) (4865.136ms)
✔ round-3 B4 — coherent-reseal matrix on release-critical fields (77817.688ms)
▶ flattenNpmLsJson — npm 11.19 empty-object representation (pipeline path)
  ✔ an empty {} node with no problems mention is expected-absent: no anomaly, no hole (1.9423ms)
  ✔ the same {} node IS an anomaly when problems mentions it (unmet-optional-that-matters fails closed) (0.2547ms)
  ✔ a version-less node with missing:true is an anomaly (uninstalled REQUIRED dep) (0.19ms)
  ✔ a version-less node carrying a declared subtree: missing-version + unwalked-subtree (0.2619ms)
  ✔ problems name-matching is token-anchored: "util" is not matched by "bufferutil@1.0.0" (0.1889ms)
  ✔ non-object node entries are malformed-node anomalies (0.7738ms)
  ✔ empty / effectively-empty trees can NEVER become VALID (criterion 6) (0.2629ms)
  ✔ a {} node for the STUDIED dependency itself is absence, not presence (criterion 7) (0.2262ms)
  ✔ ANY anomaly caps the observation at INCOMPLETE even with the dep present (0.2884ms)
✔ flattenNpmLsJson — npm 11.19 empty-object representation (pipeline path) (6.0309ms)
▶ post-sol M-2 — empty-node semantics (narrowest exemption)
  ✔ the REAL captured npm 11.19 shape (root fsevents {}, ws nested {} natives) stays VALID (1.0832ms)
  ✔ R4-SR1 (self-review): problems WITH a silent stderr is npm's real extraneous-only shape — the observation is complete, not contradictory (0.4133ms)
  ✔ an empty/absent problems field under an ELSPROBLEMS stderr IS the contradiction (stripped-report forgery) (0.3914ms)
  ✔ problems ABSENT but stderr SCREAMING ELSPROBLEMS is equally a contradiction (stripped-stderr forgery) (0.1492ms)
  ✔ a MALFORMED problems field (string, object, or array with non-strings) kills the exemption and is itself an anomaly (0.2577ms)
  ✔ string-valued problems mentioning the node fail closed identically on BOTH parsers (N4 differential) (0.1435ms)
  ✔ the STUDIED dependency appearing as {} is absence (INCOMPLETE via depPresent), never presence (0.2324ms)
  ✔ drift caused by DISAPPEARANCE of a formerly-versioned dep is byte-visible, not exemption-hidden (outside-subtree drift -> unconfined) (0.3173ms)
  ✔ deeply nested hostile trees are BOUNDED on both parsers (no stack exhaustion; fails closed) (2.1784ms)
  ✔ the traversal budgets are IDENTICAL contracts in both implementations (0.1117ms)
  ✔ anomalies from the two problem channels are DETERMINISTIC and deduped across repeated {} nodes (0.1617ms)
✔ post-sol M-2 — empty-node semantics (narrowest exemption) (6.4183ms)
▶ cross-implementation parity — pipeline flatten vs verify-tree re-flatten (criteria 2+3)
  ✔ parity: plain (0.2913ms)
  ✔ parity: 11.19 empty optionals (0.1071ms)
  ✔ parity: empty optional + problems mention (0.1055ms)
  ✔ parity: missing required (0.1193ms)
  ✔ parity: scoped names (0.1003ms)
  ✔ parity: nested copies (0.1032ms)
  ✔ parity: malformed nodes (0.1529ms)
  ✔ parity: version-less with subtree (0.1193ms)
  ✔ parity: problems only (no deps) (0.1682ms)
  ✔ parity: truncated json (0.1508ms)
  ✔ parity: json scalar (0.0721ms)
  ✔ parity: json null (0.0598ms)
  ✔ parity: empty root (0.0792ms)
✔ cross-implementation parity — pipeline flatten vs verify-tree re-flatten (criteria 2+3) (3.0655ms)
▶ confinement semantics survive the compatibility fix (criterion 3)
  ✔ a {} drift node is never a flat key, so drift sets stay byte-derived (0.2084ms)
  ✔ drift OUTSIDE the subtree stays unconfined even next to {} nodes (0.2065ms)
  ✔ scoped-name escape stays closed under segment semantics (0.129ms)
✔ confinement semantics survive the compatibility fix (criterion 3) (0.72ms)
▶ reflattenNpmLs — independent re-derivation of the tree observation
  ✔ flattens nested/scoped trees with versions, no anomalies (problems ignored) (3.1464ms)
  ✔ a missing-version node (npm unmet dependency) is an anomaly, never an "x" sentinel (0.4996ms)
  ✔ an empty {} node with no problems mention is an expected-absent optional, not a hole (0.6224ms)
  ✔ the same empty {} node IS an anomaly when problems mentions it (unmet-optional-that-matters fails closed) (0.6408ms)
  ✔ problems name-matching is token-anchored: "util" is not mentioned by "bufferutil@1.0.0" (0.3501ms)
  ✔ a {} node WITH a declared subtree is still missing-version + unwalked-subtree (0.3045ms)
  ✔ a version-less NODE hides a whole subtree: missing-version + unwalked-subtree (0.2278ms)
  ✔ truncated / malformed JSON => parsed=false (INVALID territory), never a partial success (0.3061ms)
  ✔ copies are counted by full path segments; subtree containment is segment membership (1.0147ms)
✔ reflattenNpmLs — independent re-derivation of the tree observation (9.3572ms)
▶ retained tree snapshots — real pipeline bytes, independent verifier
  ✔ a fresh confined CONFIRMED run retains arm-named artifacts that verify clean (7475.9095ms)
  ✔ naive tamper of retained raw bytes (no reseal) is caught (6870.8553ms)
  ✔ LAZY reseal (raw digest fixed, canonical/tree-hash left stale) is caught by the chain (7234.1915ms)
  ✔ reseal that rewrites bytes+digests but keeps the old attestation claim is caught by verify-tree (6733.935ms)
  ✔ COHERENT full tree-side reseal: bundle layer catches the version lie (attestation invariant) (6226.9392ms)
  ✔ a coherent reseal claiming VALID over bytes with a missing-version hole is caught (status + anomaly re-derivation) (5974.1887ms)
  ✔ pointing one arm at the other arm bytes is caught by BOTH layers (6046.9266ms)
  ✔ flipping driftConfinedToDependency against the retained snapshots is caught (6066.3656ms)
  ✔ stripping snapshot refs from a trustful bundle: verifier says unverifiable, schema refuses to seal trust on it (5860.9873ms)
  ✔ post-GLM G: naive tamper/deletion of the retained attest bytes is caught by verifyArtifacts (5640.7608ms)
  ✔ post-GLM G: a resealed framesSha256 the retained bytes do not back is caught ONLY by the bytes binding (5315.3766ms)
  ✔ post-GLM G: reseal-everything-but-the-observation is REFUSED (the pre-G "clean 4-file resealed tuple" premise is forbidden by design) (5384.404ms)
✔ retained tree snapshots — real pipeline bytes, independent verifier (74832.0229ms)
▶ validateBundle — round-3 B6 snapshot/anomaly/version gates
  ✔ trustful WITH snapshots + empty anomalies + consistent versions validates clean (0.7564ms)
  ✔ trustful WITHOUT retained snapshots is rejected (resealed) (0.5749ms)
  ✔ trustful with a MISSING anomaly array is rejected ("did not look" != "nothing found") (0.8945ms)
  ✔ trustful with NON-EMPTY recorded anomalies is rejected (partial observation cannot anchor trust) (0.593ms)
  ✔ resolvedVersions contradicting the dependency block is rejected (resealed attestation forgery) (0.596ms)
  ✔ snapshot artifact names must be arm-derived (candidate pointing at baseline bytes dies sealed) (0.6706ms)
  ✔ NON-trustful bundles may legitimately carry no snapshots (honest INCONCLUSIVE rule 10) (0.6439ms)
  ✔ trustful label with rounds observation-ABSENT is rejected (rule-14 mirror, panel H) (0.6468ms)
  ✔ trustful label with a VALID observation naming an UNPINNED runner is rejected (panel H/AM-1) (0.4798ms)
  ✔ trustful label whose observed counts DISAGREE with the text channel is rejected (cross-channel gate cannot be bypassed) (0.4276ms)
✔ validateBundle — round-3 B6 snapshot/anomaly/version gates (6.6236ms)
▶ AI adapter boundary
  ✔ noop provider attaches nothing (0.9063ms)
  ✔ attachSummary cannot alter any pre-existing field, including classification (0.7639ms)
✔ AI adapter boundary (10.5674ms)
▶ classify — decision table (docs/PLAN.md section 6)
  ✔ rule 3: baseline unanimous pass + candidate unanimous pass -> PASS (2.359ms)
  ✔ rule 5: baseline passes, all candidate rounds fail -> CONFIRMED_REGRESSION (0.399ms)
  ✔ rule 4: baseline fails with real summaries + candidate fails -> PRE_EXISTING_FAILURE (0.2971ms)
  ✔ rule 1 (degenerate-run guard): failing round without runner summary -> INFRASTRUCTURE_FAILURE, never CONFIRMED_REGRESSION (0.2322ms)
  ✔ rule 1: killed round (exit -1) -> INFRASTRUCTURE_FAILURE (0.2076ms)
  ✔ rule 1: infra signal on a failing round outranks drift (0.2045ms)
  ✔ rule 2: split baseline -> FLAKY (experiment invalid) (0.2052ms)
  ✔ rule 7: clean baseline, mixed candidate -> FLAKY, not CONFIRMED (0.2451ms)
  ✔ rule 6: failing baseline + all-pass candidate -> INCONCLUSIVE (inverted pattern) (0.2199ms)
  ✔ rule 0: missing arms -> INCONCLUSIVE (0.4184ms)
  ✔ rule 1 (F1 guard): nonzero exit whose summary reports 0 failing is infra, not drift (0.1672ms)
  ✔ rule 1 (F5 guard): zero exit with masked failures in summary is never PASS (0.1141ms)
  ✔ audit B2: zero-test execution (exit 0, "0 passing") is INFRA, never PASS (0.2083ms)
  ✔ audit B2: a round with NO runner summary at exit 0 is INFRA, never PASS (0.1404ms)
  ✔ audit B2: recognized infra signature at EXIT ZERO is INFRA (a harness that swallows errors) (0.1478ms)
  ✔ audit B2: a candidate whose baseline is clean but rounds are zero-test is INFRA (never CONFIRMED) (0.1176ms)
  ✔ audit B2 positive control: a valid zero-failure run (N>0 passing, exit 0) still PASSES (0.1395ms)
  ✔ audit F1 (mocha-realistic): passing summary WITHOUT a failing line + nonzero exit -> INFRA, never CONFIRMED_REGRESSION (0.1474ms)
  ✔ audit F2: candidate rounds failing DIFFERENT counts -> FLAKY rule 8, not CONFIRMED_REGRESSION (0.1591ms)
  ✔ audit F2: same count but DIFFERENT failing-test identities -> FLAKY rule 8 (0.1312ms)
  ✔ audit F2: identical failure profiles (golden shape) -> still CONFIRMED_REGRESSION rule 5 (0.1945ms)
  ✔ audit F2: profile comparison is order-independent (sorted identities) (0.1492ms)
  ✔ audit F2: unstable baseline failure identities block PRE_EXISTING_FAILURE -> FLAKY (0.1215ms)
  ✔ audit F1 contract: summary-present failing round WITHOUT any failing count is INFRA, not regression (0.126ms)
  ✔ is pure: same facts always yield the same verdict (0.816ms)
✔ classify — decision table (docs/PLAN.md section 6) (9.9233ms)
▶ audit F9/B6 — applyConfinementGuard (rules 9 + 10, enforced not decorative)
  ✔ downgrades CONFIRMED_REGRESSION to INCONCLUSIVE rule 9 when drift is unconfined (0.2496ms)
  ✔ is identity when drift IS confined and both trees VALID (a legit CONFIRMED survives) (0.1063ms)
  ✔ never masks an INFRASTRUCTURE_FAILURE (higher-fidelity reason kept) (0.1355ms)
  ✔ downgrades PASS and PRE_EXISTING_FAILURE too (any trustful verdict needs comparable arms) (0.2269ms)
  ✔ audit B6: an empty/partial tree observation downgrades to INCONCLUSIVE rule 10 even when drift is confined (0.1674ms)
  ✔ audit B6: tree-invalidity takes precedence over unconfined drift (rule 10 not 9) (0.1467ms)
  ✔ guard removal would flip the outcome: identical facts, opposite confinement (0.1469ms)
✔ audit F9/B6 — applyConfinementGuard (rules 9 + 10, enforced not decorative) (1.5035ms)
▶ round-3 blocker 1 — identity coverage gates trustful verdicts
  ✔ identityCoverage: exact match COMPLETE; fewer / more / missing => INCOMPLETE / NOT_OBSERVED (0.2613ms)
  ✔ two DIFFERENT root-level failures that collapsed to equal EMPTY sets can never CONFIRM (rule 11) (0.175ms)
  ✔ repeated "2 failing" with only ONE extractable identity -> INCONCLUSIVE rule 11, never CONFIRMED (0.1585ms)
  ✔ single failing round claiming 9 failures with 0 identities -> INCONCLUSIVE rule 11 (0.1479ms)
  ✔ under-accounted BASELINE blocks PRE_EXISTING_FAILURE too (coverage is not candidate-only) (0.1607ms)
  ✔ genuinely distinct root failures stay distinct (rule 8 FLAKY, not coverage, not CONFIRMED) (0.1866ms)
  ✔ fully-accounted root-level identities CONFIRM (conservatism must not break real proofs) (0.161ms)
✔ round-3 blocker 1 — identity coverage gates trustful verdicts (1.5756ms)
▶ round-3 blocker 2 — pending tests are NOT executed assertions
  ✔ all-pending candidate (0/0/7, exit 0) can never PASS -> INFRA (0.2664ms)
  ✔ infraCause flags a pending-only round directly (was: null) (0.1779ms)
  ✔ healthy baseline + ALL-skipped candidate: the run proves nothing executed (0.0943ms)
  ✔ summary present with NO machine-readable counts at all -> INFRA (prose "summary" proves nothing) (1.4227ms)
  ✔ pending-only counts (no passing/failing line — the real mocha shape) -> INFRA zero-executed (0.1948ms)
  ✔ zero-test with NO summary at all stays INFRA (B2 path unchanged) (0.1418ms)
  ✔ a single executed assertion (1 passing, 0 failing, N pending) is enough to be a VALID run (0.2065ms)
  ✔ decoy early summary lines cannot steer a nonzero-exit round into CONFIRMED (probe P2) (0.1254ms)
  ✔ duplicate identical suite-qualified identities under-account -> rule 11, never trust (probe P4) (0.1433ms)
✔ round-3 blocker 2 — pending tests are NOT executed assertions (3.145ms)
▶ post-sol RB-2 — coverage consistency gates strong verdicts
  ✔ Sol case 1: baseline 128 passing, candidate 1 passing is NOT PASS (0.3414ms)
  ✔ Sol case 2: baseline repetitions 128 then 1 (both exit 0) is NOT PASS (0.1461ms)
  ✔ Sol case 3: baseline 128, candidate 1 passing / 127 pending is NOT PASS (0.1727ms)
  ✔ Sol case 4: baseline 128, candidate 1 stable failing test is NOT CONFIRMED_REGRESSION (0.1469ms)
  ✔ Axios golden shape (128 passing -> 125 passing / 3 failing) STILL classifies CONFIRMED_REGRESSION rule 5 (0.171ms)
  ✔ a passing->failing move at stable totals is a regression, not a coverage gap (0.1211ms)
  ✔ one executed test on BOTH arms, stable across repetitions, still PASSES (no hard-coded minimum) (0.1695ms)
  ✔ pending that SHRINKS candidate-side is caught by the observed total (5 executed + 0 pending vs 5 + 5 pending) (0.2791ms)
  ✔ candidate executing MORE than baseline is equally non-comparable (strong verdicts need both directions) (0.2077ms)
  ✔ rule 12 fires on candidate-side instability too (one repeat loses a test, both exit 0) (0.1177ms)
  ✔ PRE_EXISTING_FAILURE also demands comparability (baseline fails with fewer executed than candidate) (0.6748ms)
  ✔ weak outputs are never inflated by the new rules: mixed candidate with a coverage gap stays FLAKY (rule 7), infra wins over coverage (rule 1) (0.1956ms)
  ✔ treats undefined counts as zero consistently with rule 1 (mocha omits the 0-failing line): 5 passing vs 5 passing+3 failing is NOT comparable (0.1157ms)
  ✔ a stable-coverage collapse on BOTH arms (128 -> 1 -> uniform) is comparable and can still PASS — and is reported honestly (0.1763ms)
✔ post-sol RB-2 — coverage consistency gates strong verdicts (3.6751ms)
▶ post-GLM — execution-observation gate (rule 14)
  ✔ the GLM shape: unanimous "passing" prose with NO observation -> INCONCLUSIVE rule 14, never PASS (0.333ms)
  ✔ a VALID observation that LIES about counts is caught (text 5/0/0 vs observed 42/0/0) (0.1234ms)
  ✔ a VALID observation whose failing identities differ from the text is caught (0.1284ms)
  ✔ FLAKY is gated too: a split baseline WITHOUT observation is rule 14, not FLAKY (0.3535ms)
  ✔ PRE_EXISTING_FAILURE is gated: fail/fail/fail prose is rule 14 (the guard also gates the honest direction) (0.1537ms)
  ✔ status ABSENT is not "weak-but-fine": an explicit ABSENT observation gates like a missing one (0.1218ms)
  ✔ the gate reports the FIRST offending round in bundle order (deterministic reason) (0.1207ms)
  ✔ observationGateIssue: both exit-contradiction directions fail a VALID observation (0.1491ms)
  ✔ observationSatisfied agrees with the gate on both paths (0.1262ms)
  ✔ a VALID observation whose identity array is missing/malformed is a REFUSAL, not a crash (0.1591ms)
  ✔ post-GLM F4: infra TEXT signature alone cannot veto an attested execution (precedence) (0.1916ms)
  ✔ post-GLM F4 twin: WITHOUT attestation the same prose still yields rule 1 INFRA (0.1022ms)
  ✔ post-GLM F4 residual: a crash-signature TEXT cannot veto an attested execution either (0.3234ms)
  ✔ post-GLM F4 residual twin: WITHOUT attestation crash prose still yields rule 1 INFRA (0.1111ms)
  ✔ weak paths are NOT gated: rule 0/rule 1 keep their rule numbers without any observation (0.3701ms)
✔ post-GLM — execution-observation gate (rule 14) (3.4594ms)
▶ post-GLM round 5 F1 — PRE_EXISTING requires failing-set containment
  ✔ a candidate failure Canary never saw fail in baseline is NOT pre-existing — INCONCLUSIVE 13 (never a swallowed regression) (0.3606ms)
  ✔ disjoint failing sets ({A} baseline vs {B} candidate) at equal totals describe no comparable transition — INCONCLUSIVE 13 (1.4422ms)
  ✔ an honest PRE_EXISTING_FAILURE (identical failing sets) keeps rule 4 — containment must not over-block (0.2013ms)
  ✔ CONFIRMED_REGRESSION is untouched by containment (baseline has zero failing identities) (0.1662ms)
  ✔ DOCUMENTED CEILING: version-gated passing-test substitution still PASSes (F3/§8.1) — equality of cardinality + failing sets is the exact invariant (0.1253ms)
✔ post-GLM round 5 F1 — PRE_EXISTING requires failing-set containment (2.5589ms)
▶ post-GLM round 5 F4 — rule 14 downgrades EVERY FLAKY producer (6/7/8/12)
  ✔ un-attested producer rule 6 (non-unanimous candidate under failing baseline) -> INCONCLUSIVE 14, never FLAKY (0.5007ms)
  ✔ un-attested producer rule 7 (clean baseline, mixed candidate) -> INCONCLUSIVE 14, never FLAKY (0.1843ms)
  ✔ un-attested producer rule 8 (failing rounds within an arm differ in identity) -> INCONCLUSIVE 14, never FLAKY (0.1911ms)
  ✔ un-attested producer rule 12 (repetitions differ in coverage totals) -> INCONCLUSIVE 14, never FLAKY (0.1174ms)
✔ post-GLM round 5 F4 — rule 14 downgrades EVERY FLAKY producer (6/7/8/12) (1.2728ms)
▶ inDependencySubtree
  ✔ matches the dep itself and its nested copies at any depth (escaped keys) (0.8776ms)
  ✔ scoped name collisions cannot masquerade when keys are escaped (F4) (0.2326ms)
  ✔ round-3 B6: descendants of a NESTED copy are inside the subtree (0.2125ms)
  ✔ audit F10: a SCOPED dependency matches its own escaped keys (0.1881ms)
✔ inDependencySubtree (2.8778ms)
▶ diffTrees — the arms-equality proof
  ✔ audit F10: scoped dependency drift inside its subtree is confined (1.157ms)
  ✔ audit F10: scoped dep PLUS real external drift is still NOT confined (0.9602ms)
  ✔ golden case: only the dependency subtree changed (0.2459ms)
  ✔ detects contamination outside the dependency (0.2244ms)
  ✔ audit B6 exposes the vacuous-confinement hazard (empty trees report confined) (0.2053ms)
✔ diffTrees — the arms-equality proof (3.2735ms)
▶ audit B6 — classifyTreeObservation (tree completeness)
  ✔ a parsed, non-empty tree containing the dependency is VALID (0.3934ms)
  ✔ empty tree (no data observed) is INVALID, not a proof of confinement (0.1095ms)
  ✔ unparseable / no-root-deps is INVALID (0.1299ms)
  ✔ tree present but the studied dependency absent is INCOMPLETE (0.1286ms)
  ✔ scoped dependency presence is detected via the escaped key (dependencyInTree) (0.3247ms)
  ✔ round-3 B6: ANY observation anomaly caps the status at INCOMPLETE (0.3234ms)
✔ audit B6 — classifyTreeObservation (tree completeness) (1.8105ms)
▶ log parsing (auxiliary — never decides classification)
  ✔ extracts canonical suite-qualified identities from mocha output (audit B1) (1.1781ms)
  ✔ audit B1: same leaf title in DIFFERENT suites stays DISTINCT (0.5863ms)
  ✔ audit B1: nested describe paths survive as multi-segment identities (0.119ms)
  ✔ audit B1: progress-list lines (N) followed by a passing line yield NO identity (0.1567ms)
  ✔ audit B1: identical identities in one run dedupe deterministically; distinct never collapse (0.1611ms)
  ✔ audit B1: ava identities keep the full suite path (0.1693ms)
  ✔ parses summary counts (0.544ms)
  ✔ round-3 B1: ROOT-level failure ("1) title:" — colon on the numbered line) yields its identity (0.1532ms)
  ✔ round-3 B1: repeated root-level titles across rounds re-extract identically (deterministic) (0.159ms)
  ✔ round-3 B1: mixed root + nested blocks do not corrupt each other (0.1237ms)
  ✔ round-3 B1: a nested block is abandoned at the summary line, never past it (0.1342ms)
  ✔ round-3 B1: malformed/truncated output yields NO fabricated identities (0.1452ms)
  ✔ round-3 B1: reordered distinct failures extract the same SET (profile order-independence) (0.1435ms)
✔ log parsing (auxiliary — never decides classification) (4.3222ms)
▶ streamsStable
  ✔ true only for identical hashes across all rounds (0.1213ms)
✔ streamsStable (0.204ms)
▶ post-sol secondary — lone-CR line endings parse identically to LF/CRLF
  ✔ parseSummaryCounts reads the same totals across LF, CRLF and CR-only (0.3048ms)
  ✔ extractFailingTestNames finds the same identities across LF, CRLF and CR-only (0.1423ms)
✔ post-sol secondary — lone-CR line endings parse identically to LF/CRLF (0.5679ms)
▶ post-GLM F3 — ANSI-colored output parses identically to plain output
  ✔ parseSummaryCounts reads the same totals colored as plain (0.5399ms)
  ✔ extractFailingTestNames finds the same identities colored as plain (0.1397ms)
  ✔ F3 false-PASS battery: an ANSI-wrapped failing line cannot hide from the masked-failure count (0.1198ms)
  ✔ precision control: stripping never fabricates counts (0.1516ms)
  ✔ ANSI and lone-CR compose: colored CR-only stream matches colored LF stream (0.1587ms)
✔ post-GLM F3 — ANSI-colored output parses identically to plain output (1.3702ms)
▶ validateSpec
  ✔ accepts the golden shape (1.3358ms)
  ✔ rejects branch/tag names instead of full SHAs (0.3486ms)
  ✔ rejects a swap that does not install the candidate (0.2506ms)
  ✔ requires >=2 candidate repetitions (a regression must reproduce) (0.2121ms)
  ✔ requires >=2 baseline rounds so the FLAKY guard is reachable (F8) (0.2243ms)
  ✔ rejects identical baseline/candidate (0.189ms)
  ✔ rejects malformed prepare argv (not array-of-arrays) (0.1527ms)
  ✔ rejects non-object input without throwing (0.205ms)
✔ validateSpec (4.6194ms)
▶ planArms
  ✔ orders steps with toolchain between prepare and build (0.9812ms)
  ✔ omits toolchain/build when absent (0.2098ms)
✔ planArms (1.4575ms)
▶ normalizers
  ✔ canonicalizes line endings, trailing ws, final newline (1.9497ms)
  ✔ collapses timestamps, dates, durations (0.22ms)
  ✔ collapses uuids and long hex addresses but not short hex (0.2008ms)
  ✔ collapses ports on localhost (0.1796ms)
  ✔ normalizes the run workspace, temp, home, user, host (0.8393ms)
  ✔ pathVariants covers slash forms and drive case (0.3585ms)
  ✔ the stability invariant: same logical run shape at different moments collapses to identical bytes (1.7836ms)
  ✔ result lines are never rewritten by value-shape rules (0.1952ms)
✔ normalizers (7.7387ms)
▶ renderHtml
  ✔ renders the deterministic verdict verbatim (0.9014ms)
  ✔ shows hash prefixes and log paths for audit (0.1585ms)
  ✔ states the drift-confinement result (0.1495ms)
  ✔ escapes hostile content from downstream logs/names (no HTML injection) (0.2251ms)
  ✔ audit F12: renders failing-test identities derived from the BUNDLE (no extras) (0.3512ms)
  ✔ audit F12: a bundle with no failing identities omits the section (0.201ms)
✔ renderHtml (3.3313ms)
▶ post-sol F1 — the verification banner says SELF-CONSISTENT, not VERIFIED
  ✔ a fully local-consistent render is labeled SELF-CONSISTENT and disclaims the committed proof (0.3522ms)
  ✔ a failing consistency render is labeled NOT SELF-CONSISTENT and still warns (0.2437ms)
  ✔ no verification argument at all renders NOT SELF-CONSISTENT (absence of checking is not success) (0.1687ms)
✔ post-sol F1 — the verification banner says SELF-CONSISTENT, not VERIFIED (1.035ms)
▶ validateBundle
  ✔ accepts a well-formed bundle (6.4335ms)
  ✔ rejects an unknown classification label (1.4954ms)
  ✔ rejects short/hexless commit SHAs (no branch pins in evidence) (1.1414ms)
  ✔ rejects a bundle missing an arm (1.6531ms)
  ✔ rejects malformed stream hashes (0.8608ms)
  ✔ rejects a round whose envKeys leak outside the sanitized allowlist (F9) (0.8788ms)
  ✔ rejects reproductionCount < 1 (0.9097ms)
✔ validateBundle (14.9586ms)
▶ validateBundle — semantic integrity (audit F3)
  ✔ rejects a CONFIRMED_REGRESSION label whose own rounds say PASS (2.1339ms)
  ✔ rejects a CONFIRMED_REGRESSION built from rounds whose failure identities differ (must re-derive FLAKY rule 8) (2.2852ms)
  ✔ rejects masked-failure rounds (exit 0 with reported failures) under a PASS label (1.4093ms)
  ✔ rejects killedByTimeout=true alongside a normal exit code (0.7885ms)
  ✔ rejects an inflated reproductionCount not backed by candidate rounds (0.6121ms)
  ✔ rejects a trustful verdict while drift says NOT confined (rule-9 guard bypassed) (0.5382ms)
  ✔ accepts the legitimate rule-9 override: unconfined drift + INCONCLUSIVE rule 9 (0.8461ms)
  ✔ audit B6: rejects a trustful verdict built on a non-VALID tree observation (0.7811ms)
  ✔ audit B6: accepts the legitimate rule-10 override (confined drift but weak observation) (0.5631ms)
  ✔ audit B6: rejects a FABRICATED rule-10 downgrade even with a valid manifest (semantic layer alone catches it) (0.5695ms)
  ✔ audit B6: observationStatus is mandatory (0.6703ms)
  ✔ refuses to treat a CONFIRMED_REGRESSION as trustworthy when round facts are too sparse to re-derive (0.5689ms)
  ✔ self-review N3: the sparse-facts refusal covers a PASS claim too (was: CONFIRMED/PRE_EXISTING only) (0.6649ms)
  ✔ robustness H1: rejects duplicate (arm,round) indices (resealed) (1.277ms)
  ✔ round-3 B1: a RESEALED CONFIRMED whose failing identities under-account the count dies twice over (0.8634ms)
  ✔ post-sol RB-2: a resealed trustful bundle over incomparable arm coverage dies twice over (0.8863ms)
  ✔ post-sol RB-2: a trustful label with only ONE round per arm is refused (0.6148ms)
  ✔ post-sol RB-2: unstable repetition coverage under a trustful label is refused (baseline 5 vs 4 passing) (0.7099ms)
  ✔ post-sol RB-2: weak labels carry no parity requirement (honest INCONCLUSIVE rule 13 validates) (1.2845ms)
  ✔ round-3 B2: a PASS label over zero-assertion (pending-only) rounds is rejected (0.8153ms)
✔ validateBundle — semantic integrity (audit F3) (20.4686ms)
▶ post-sol M-1 — contract.ts is the single source of truth
  ✔ the committed schemas/evidence.schema.json EQUALS the generated contract (no drift) (2.4648ms)
  ✔ every always-required contract field is refused at runtime when DELETED (Sol: commands, killedByTimeout, startedAt, durationMs included) (34.2253ms)
  ✔ intentionally-optional fields may be absent (we do not blind-strictify) (0.6965ms)
  ✔ unknown fields are refused at root, round, and treeComparison scopes (policy is intentional) (1.8002ms)
  ✔ trustful-tier fields: deleted infraSignal/snapshots/anomalies kill a trustful claim but validate clean under a weak honest label (1.5004ms)
  ✔ round indices must be contiguous per arm (an omitted round shrinks the claimed reproduction) (0.9256ms)
✔ post-sol M-1 — contract.ts is the single source of truth (42.1065ms)
▶ post-GLM round 5 — mirror constant independence + containment restatement
  ✔ STRONG_MIRROR_LABELS is a distinct copy of the classifier strong set with pinned equivalence (0.2212ms)
  ✔ refuses PRE_EXISTING_FAILURE whose candidate fails identities baseline did not (containment at 3d) (0.7785ms)
  ✔ accepts an honest PRE_EXISTING_FAILURE (identical failing sets across arms) — no over-blocking (0.578ms)
✔ post-GLM round 5 — mirror constant independence + containment restatement (1.759ms)
▶ Recorder.expandArgv — token expansion + enforced isolation
  ✔ expands $bin via resolver to node + bin path (6.8279ms)
  ✔ ALWAYS appends --ignore-scripts and cache isolation to install commands (4.4531ms)
  ✔ F6: flags are detected past leading options ($npm --loglevel install) (4.049ms)
  ✔ F6: npm ci (runs lifecycle scripts by default) is also covered (4.2018ms)
  ✔ F6: $yarn install gets yarn-appropriate flags after -- and --ignore-scripts on the npx bootstrap (4.0838ms)
  ✔ F8: $npm -u evil.npmrc install x is REJECTED (was silent injection-skip) (4.6421ms)
  ✔ F8: conflicting config flags rejected BEFORE and AFTER the subcommand (5.3053ms)
  ✔ F8: unknown bare option before subcommand rejected; --key=value passes (5.3065ms)
  ✔ F8: exec/dlx/shell-style subcommands rejected; run of a local script is not (3.779ms)
  ✔ F8: conflicting flags rejected in CASE VARIANTS too (red-team) (3.8609ms)
  ✔ F8: install-family options with = or after the subcommand still expand normally (3.3558ms)
  ✔ non-install commands get no injected flags (3.5541ms)
✔ Recorder.expandArgv — token expansion + enforced isolation (55.5885ms)
▶ summary/infra matchers (F1/F5 hardening)
  ✔ strict summary matcher rejects prose and accepts runner lines (0.5237ms)
  ✔ environmental error patterns are infra (F1/F2) (0.5568ms)
  ✔ audit B2: errno code in a PASSING test name is NOT infra; in an error line IS (0.9071ms)
✔ summary/infra matchers (F1/F5 hardening) (2.466ms)
▶ Recorder.step/round — real subprocess, real artifacts (no mocks)
  ✔ captures exit code, streams, hashes, counts; unique-ifies repeated labels (571.33ms)
  ✔ F1 shape: nonzero exit + summary claiming 0 failing is recorded with the count (476.029ms)
  ✔ F5 shape: exit 0 while summary reports failures is captured (classifier then infra-guards) (514.2163ms)
  ✔ audit F13: failing-test identities from REAL subprocess output land in fact and evidence (491.0359ms)
  ✔ audit B2 (real subprocess): 0 passing at exit 0 records reportedPassing=0 (classifier => INFRA) (546.9979ms)
  ✔ audit B2 (real subprocess): ECONNREFUSED error line at exit 0 sets infraSignal true (not swallowed by exit) (444.6209ms)
  ✔ audit B2 (real subprocess): a genuinely passing run records reportedPassing>0 and stays valid (426.0731ms)
  ✔ audit B1 e2e: same leaf title, different SUITE across candidate rounds -> FLAKY (1348.3037ms)
  ✔ audit B1 e2e: identical SUITE-QUALIFIED identity across rounds stays CONFIRM-eligible (1795.9493ms)
  ✔ timeout kills produce exit -1 (and tree-kill runs without throwing) (1474.318ms)
✔ Recorder.step/round — real subprocess, real artifacts (no mocks) (8090.1244ms)
▶ audit B5 — canonical package-manager policy (closed allowlist)
  ✔ B5: install ALIASES (the pre-fix silent-skip) now receive full injection (3.0557ms)
  ✔ B5: unknown/unvetted subcommands are REJECTED, not run without policy (2.8163ms)
  ✔ B5: RAW package-manager forms rejected for ANY command position (2.7005ms)
  ✔ B5: $bin:npm bypass is rejected; $bin:mocha still works (2.7794ms)
  ✔ B5: user `--` in an install command is rejected (was the trailing-flag dead-weight bypass) (2.4437ms)
  ✔ B5 invariant (property): accepted install => isolation flags in EFFECTIVE position after the subcommand, none after a `--` (2.1818ms)
  ✔ B5: closed-allowlist families classified correctly by the policy parser (0.1485ms)
✔ audit B5 — canonical package-manager policy (closed allowlist) (16.4367ms)
▶ round-3 B5 — wrapper-mediated / frontend package-manager execution is refused
  ✔ cmd /c npm install … is refused (the canonical Windows wrapper bypass) (2.3713ms)
  ✔ powershell / pwsh … npm is refused (1.9379ms)
  ✔ env / nohup / xargs / sh -c / sudo npm are refused (POSIX wrappers) (2.1132ms)
  ✔ package-manager FRONTENDS (pnpm/bun/corepack/volta) are refused (2.0886ms)
  ✔ node executed ON a package-manager file (node npm / node npm-cli.js) is refused (2.2717ms)
  ✔ any other unenumerated literal executable fails closed (not silently expanded) (2.3944ms)
  ✔ REGRESSION: every SUPPORTED form still expands (allowlist does not over-reject) (2.1758ms)
  ✔ REGRESSION: raw npm / npm.cmd / direct npm-cli / $bin:npm still rejected (pre-existing B5.1) (2.1571ms)
✔ round-3 B5 — wrapper-mediated / frontend package-manager execution is refused (17.7923ms)
▶ round-3 secondary — crash & sweep signals reach the classification
  ✔ hasCrashSignature: matches V8/native abort phrasing, skips pass-glyph lines (0.1554ms)
  ✔ glyph discrimination (self-review N4): ava ✖ (U+2716) fires infra; ✗-titled (U+2717) prose does not (0.1691ms)
  ✔ isInfraOutput: a hard infra phrase inside a PASSING test title is not false-INFRA (round-3 secondary) (0.0726ms)
  ✔ round() records crashSignal from a real post-summary crash -> classify says INFRA rule 1 (430.8491ms)
  ✔ round() records sweepFailed (when the run outcome flags it) -> classify says INFRA rule 1 (7.3574ms)
  ✔ post-sol secondary: CR-only line endings are matched like LF/CRLF (summary + anchored crash banner) (0.4856ms)
  ✔ assertSupportedSpecExecutable: the allowlist is small and explicit (0.3048ms)
✔ round-3 secondary — crash & sweep signals reach the classification (439.7024ms)
▶ observation hardening — expandArgvWithPlan injection decision
  ✔ the double fixture is actually pinned (fails if the pin table drifted) (0.166ms)
  ✔ post-GLM F5: the canary double is UNSELECTABLE by default — pinned bytes, no execution authority (16.0588ms)
  ✔ pinned bytes at the canonical anchor: injected, --require appended LAST, plan from the PIN (15.5895ms)
  ✔ unpinned bytes at the canonical anchor: NO injection, runner-identity-unpinned + observed hash recorded (15.4428ms)
  ✔ pinned bytes OUTSIDE the canonical anchor (hoisted): not injectable (15.8126ms)
  ✔ a subject-supplied --require/-r in a mocha argv is refused fail-closed (12.7861ms)
  ✔ post-GLM F1: an off-position $bin:mocha token is refused, never credited (15.7731ms)
  ✔ non-mocha commands: no injection attempted, absentKind not-mocha-bin (3.1104ms)
  ✔ the ABSENT path end-to-end: an unpinned double runs REAL rounds and rule 14 refuses the strong label (956.7035ms)
✔ observation hardening — expandArgvWithPlan injection decision (1052.6093ms)
▶ post-sol RB-1 — semantic package-manager policy (equivalence classes)
  ✔ Sol's accepted forms are now rejected in install-family commands (2.5895ms)
  ✔ property: for EVERY protected key, every abbreviation/negation/case/= spelling is refused (install family) (42.1262ms)
  ✔ property: the per-package config family (@scope:registry, //…:auth) is refused everywhere (3.025ms)
  ✔ property: accepted install argv ends with Canary protected flags after every user token (2.6519ms)
  ✔ invariant: no allowed install spelling resolves to a protected key (prefix-disjoint) (0.4202ms)
  ✔ legitimate script-family passthrough and fixture install shapes still expand (2.7617ms)
  ✔ resolveOptionToken normalizes case, =-values, and one leading no- (0.1398ms)
  ✔ empirical: npm applies abbreviation + negation + LAST-WINS ordering (the semantic premises) (916.9165ms)
✔ post-sol RB-1 — semantic package-manager policy (equivalence classes) (971.0024ms)
▶ FINDING B — infra matching is case/encoding symmetric (must-match direction)
  ✔ exact GLM counterexample: mixed-case npm error + fake summary (1.3292ms)
  ✔ all case variants of npm error / npm ERR! fire (0.3048ms)
  ✔ hard patterns fire in any case (module/ERESOLVE/SyntaxError shapes) (0.4304ms)
  ✔ CR-only and CRLF line endings still see the signatures (0.243ms)
  ✔ ANSI-wrapped signatures still fire (real colored npm output) (0.1864ms)
  ✔ SOFT errno lines fold case too (0.9743ms)
  ✔ crash signatures survive ANSI decoration (1.0965ms)
  ✔ runner summary is recognized through ANSI colors (real colored mocha) (0.4273ms)
✔ FINDING B — infra matching is case/encoding symmetric (must-match direction) (7.0215ms)
▶ FINDING B — benign prose NEVER flips to infrastructure (false-positive direction)
  ✔ passing test TITLES quoting error phrases are not infra (1.0234ms)
  ✔ intentional E404 assertions and historical logs inside test prose are not infra (0.2853ms)
  ✔ summary regexes stay anchored (prose containing "5 passing" mid-sentence) (0.1912ms)
✔ FINDING B — benign prose NEVER flips to infrastructure (false-positive direction) (2.0272ms)
▶ post-GLM F3 — summary recognition and count parsing share one view
  ✔ an ANSI-wrapped failing line is counted as surely as it is recognized (1.0822ms)
  ✔ a fully colored genuine run is recognized AND counted (no false infra) (1.2028ms)
  ✔ lone-CR and ANSI compose identically across both functions (0.4186ms)
✔ post-GLM F3 — summary recognition and count parsing share one view (3.0185ms)
▶ auditPackageManifestText — lifecycle hooks refuse execution
  ✔ accepts a clean manifest (1.3098ms)
  ✔ refuses preinstall hook (0.3134ms)
  ✔ refuses install hook (0.1931ms)
  ✔ refuses postinstall hook (0.2073ms)
  ✔ refuses prepare hook (0.2067ms)
  ✔ rejects invalid JSON without throwing (0.2216ms)
✔ auditPackageManifestText — lifecycle hooks refuse execution (4.1932ms)
▶ auditFixtureDir — rc-file injection gate
  ✔ refuses a fixture shipping .npmrc (6.8109ms)
  ✔ F10: finds rc files nested anywhere in the pinned source (5.0743ms)
  ✔ F7: refuses an UPPERCASE .NPMRC (Windows/macOS load it as project config) (5.2553ms)
  ✔ F7: also catches mixed-case nested .YarnRc.yml (6.6916ms)
✔ auditFixtureDir — rc-file injection gate (24.3732ms)
▶ expectedExtractedDir
  ✔ matches codeload tarball root naming (0.3739ms)
✔ expectedExtractedDir (0.5839ms)
▶ audit F6 — child env observation: declared == observed
  ✔ the child sees EXACTLY the declared allowlist keys (nothing undeclared) (568.1558ms)
  ✔ Windows session identity vars are neutralized, not merely absent from the block (481.5564ms)
  ✔ the real account identity is not reachable via any observed value (515.0835ms)
✔ audit F6 — child env observation: declared == observed (1566.4309ms)
▶ KNOWN_RUNNER_RELEASES — npm pins equal their reviewed manifests (offline)
  ✔ every npm-origin entry has a manifest and the hashes agree (5.7782ms)
  ✔ canary-double entries are the ONLY non-manifested pins (offline e2e bytes live in-repo) (0.3745ms)
✔ KNOWN_RUNNER_RELEASES — npm pins equal their reviewed manifests (offline) (7.4408ms)
▶ post-GLM F5 — findRunnerPin: origin is an execution-authority gate
  ✔ double bytes are UNSELECTABLE by default: pinned hash, zero execution authority (0.3441ms)
  ✔ only the explicit in-process grant selects the double (0.1647ms)
  ✔ npm pins stay selectable in BOTH postures — the gate is origin-scoped, not blanket (0.1793ms)
✔ post-GLM F5 — findRunnerPin: origin is an execution-authority gate (1.0158ms)
▶ audit F5 — sweep mechanism (live parent, positive proof)
  ✔ sweepDescendants finds and kills a live parent's child process (1186.6104ms)
✔ audit F5 — sweep mechanism (live parent, positive proof) (1188.0447ms)
▶ audit F5 — containment through runCommand
  ✔ normal exit-0 of a child that left a helper behind: sweep clean, no survivors (722.1263ms)
  ✔ a clean exit with no descendants sweeps nothing and does not fail (551.4446ms)
  ✔ timeout: tree kill + sweep leave no survivors and do not fail (2692.3401ms)
  ✔ the swept child PID itself is never listed as killed (only descendants) (493.9503ms)
✔ audit F5 — containment through runCommand (4460.5883ms)
▶ audit S1 — POSIX session-membership predicate (setpgid escapees)
  ✔ a member of the child session is caught even after it setpgid()s (0.3003ms)
  ✔ a member of the child group is caught (0.1934ms)
  ✔ an unrelated process is not swept (0.1854ms)
✔ audit S1 — POSIX session-membership predicate (setpgid escapees) (1.0662ms)
ℹ tests 465
ℹ suites 71
ℹ pass 465
ℹ fail 0
ℹ cancelled 0
ℹ skipped 0
ℹ todo 0
ℹ duration_ms 181273.5069
EXIT:0
