
> canary-reliability-network@0.0.0 test
> npm run build && node --test "packages/**/dist/test/*.test.js" "apps/**/dist/test/*.test.js"


> canary-reliability-network@0.0.0 build
> tsc -b

▶ panel K layer 1 — the validator refuses hostile frame streams
  ✔ CONTROL: an honest watched lifecycle validates VALID (the battery needs a standing baseline) (2.399109ms)
  ✔ post-glm F6b: capture DELIBERATELY honors a complete stream paired with exit -1 — the veto lives in classification, not here (0.424282ms)
  ✔ (ii) injected round with ZERO frames on the channel is INVALID (0.225494ms)
  ✔ (iii) a missing bye — and a misplaced bye — are INVALID boundary violations (0.430352ms)
  ✔ (iv) a reject frame (adapter caught a forged/dup event LIVE) condemns the round (0.306379ms)
  ✔ (v) text claiming "2 passing" over 1 watched pass is INVALID — and a lying bye cannot fix it (0.462404ms)
  ✔ (vi) a forged hello.mochaVersion is INVALID — vs the pin and vs its own shape (1.257421ms)
  ✔ panel 1 extras: flood truncation, duplicate credits, unknown kinds and no-summary all fail closed (0.339251ms)
  ✔ (xi) garbage lines, non-object frames, adapter-error and masked exit each condemn the round (0.382612ms)
✔ panel K layer 1 — the validator refuses hostile frame streams (8.035305ms)
▶ panel K layer 2 — the pipeline end-to-end refuses unattested execution
  ✔ (i) a plain-node text stub that reads as a clean run degrades to INCONCLUSIVE rule 14 (1559.493857ms)
  ✔ (vii) an UNPINNED double running the observer protocol on fd 3 gets stray-bytes forensics, zero credit (1414.93012ms)
  ✔ (viii) AM-1 kill test: double CLAIMS the pinned version, bytes are wrong -> ABSENT, strong unreachable (1276.009544ms)
  ✔ (ix) a subject --require in spec argv is refused fail-closed (protected preload flag) (527.830251ms)
  ✔ (x) process.exit() mid-round: watched lifecycle never ends -> INVALID, never strong (1140.00731ms)
✔ panel K layer 2 — the pipeline end-to-end refuses unattested execution (5919.271495ms)
▶ post-GLM F1 — off-position runner token earns no execution credit
  ✔ refused fail-closed: forging `node -e` with the token trailing (510.670941ms)
  ✔ refused fail-closed: forging prelude script with the token after it (455.729112ms)
  ✔ positive control: the executed-position token still earns VALID and a strong verdict (951.242946ms)
✔ post-GLM F1 — off-position runner token earns no execution credit (1918.082757ms)
▶ post-GLM F4 — infra prose cannot mask an attested regression
  ✔ a VALID round whose stdout trips the infra signature still yields CONFIRMED_REGRESSION (959.156527ms)
✔ post-GLM F4 — infra prose cannot mask an attested regression (959.44667ms)
▶ post-GLM F5 — an untrusted spec cannot select the canary double
  ✔ double bytes staged by the spec itself: NO injection, every round ABSENT, INCONCLUSIVE rule 14 (845.935215ms)
  ✔ trusted control: with the in-process grant the SAME spec earns VALID + a strong verdict (810.963514ms)
✔ post-GLM F5 — an untrusted spec cannot select the canary double (1657.172166ms)
▶ audit M8 — CLI subprocess exit-code contract
  ✔ check on honest evidence exits 0 and prints PASS (2476.621452ms)
  ✔ check on a tampered artifact exits 3 and names the tampered file (2185.949927ms)
  ✔ report refuses a fabricated bundle (exit 3) and renders a valid one (exit 0) (2042.845941ms)
  ✔ audit F12: report with NO argument defaults to the latest run and renders bundle-persisted failing identities (1667.85207ms)
  ✔ version exits 0; no command prints usage and exits 3 (misuse) (163.272066ms)
  ✔ round-3 secondary: an infrastructure abort exits 2 (environment fault), never 3 (misuse) (106.059292ms)
✔ audit M8 — CLI subprocess exit-code contract (8644.626306ms)
▶ FINDING A — subject text alone can never create a strong verdict
  ✔ the GLM counterexample (console.log "128 passing") is never PASS (1621.439021ms)
  ✔ test command node -e printing mocha-shaped prose is never PASS (1409.053632ms)
  ✔ a printed failing summary is never CONFIRMED_REGRESSION (1232.198813ms)
✔ FINDING A — subject text alone can never create a strong verdict (4264.127315ms)
▶ KNOWN_RUNNER_RELEASES — table == disk (canary-double)
  ✔ the pinned double hash equals the treeSha256 of the repo fixture bytes (1.450248ms)
  ✔ no placeholder digests survive, every entry is well-formed, versions unique per package (0.292157ms)
✔ KNOWN_RUNNER_RELEASES — table == disk (canary-double) (4.086939ms)
✔ intent matching the live authority stays SILENT (the guard must not shout at innocence) (651.955039ms)
✔ legacy record with no intent field verifies exactly as before (additive) (485.89942ms)
✔ dropped plan step since isolation → intent block before identity (457.837344ms)
✔ re-sealed script text (digest differs) → intent block (490.384094ms)
✔ seal vanished (authority re-created without one) → intent block (500.820387ms)
✔ task kind registered at isolation gone now → intent block (474.789607ms)
✔ registered requirements shrink → intent block (563.128842ms)
✔ INCREASES are allowed: richer plan + richer task sail past the guard (449.300338ms)
✔ restore = recovery: re-adding the dropped step clears the block, still grudgeless (584.963165ms)
✔ malformed intent fields make the RECORD invalid (a guard cannot read a snapshot it will not parse) (557.065836ms)
✔ gate order: quarantine refusal and impersonation outrank the intent guard (530.725802ms)
✔ committed test deletion in the candidate diff is ATTRIBUTABLE (the worktree began provably clean) (81.436804ms)
✔ renaming a test OUT of test paths counts as attributable coverage loss (71.825597ms)
✔ the suffix-surviving escape: tests/x.test.js → src/x.test.js is STILL coverage loss (adversary F3) (69.473027ms)
✔ the directory rule does not shout at innocence: suffix-only moves and in-dir moves stay intact (153.445162ms)
✔ the isolation premise names what the candidate boundary can NOT prove (correctness #5): never "setup" (65.444278ms)
✔ an unanswerable baseHead probe fails SAFE: deletions UNATTRIBUTABLE, never a false met (49.613331ms)
✔ added test file: changes carries it, deletions stay empty (regression evidence, not loss) (72.019762ms)
✔ F4-A: no registered task + green sealed plan → CANDIDATE NOT PROVEN, never PASS; the missing authority is named (889.994692ms)
✔ F4-B: promotion of a taskless candidate is locked — gate 1 refuses, zero promotion bundles, base unmoved (1183.594656ms)
✔ F4-C: a registered task whose obligations are all MET still reaches PASS and ACCEPTED promotion (the gate must not shout at innocence) (1297.002324ms)
✔ F4-D: registration is not a mask — a bugfix without regression evidence stays NOT PROVEN on its real duty, authority gate silent (847.079257ms)
✔ F4-E: an objective violation still BLOCKS while taskless — unmet outranks the new unproven duty (700.122992ms)
✔ F4-F: no knob opens it — an env var and an unknown flag cannot restore the authority that registration must give (689.085917ms)
✔ F4-G: precedence holds with the gate in play — fail > unmet > unproven(taskless) > pass (842.263872ms)
▶ deriveObservedCounts (pure): parses bytes, never judges them
  ✔ knows the four summary dialects (1.820392ms)
  ✔ last match wins; free text with no counts is null (0.267222ms)
  ✔ adversarial output cannot stall the parse (bounded tail + bounded jest gap) (28.477359ms)
✔ deriveObservedCounts (pure): parses bytes, never judges them (31.79559ms)
▶ candidateIdentity (pure): unknown candidate stays unknown
  ✔ a fake .git that cannot answer is recorded UNIDENTIFIED, never upgraded (9.964026ms)
  ✔ a fake .git under a REAL parent repo is still UNIDENTIFIED — git never lends ancestor identity (111.458489ms)
✔ candidateIdentity (pure): unknown candidate stays unknown (121.901302ms)
▶ verification bundle: what Canary EXECUTED, recorded from its own run
  ✔ setup writes argv/cwd/runtime/candidate/raw-bytes+digests/counts; empty output hashes truthfully (437.419988ms)
  ✔ a failing check records exit code + observed counts, and the bundle does not change the verdict (700.640649ms)
  ✔ a hostile plan-step kind in config cannot shape a path out of the bundle dir (S3, per-component) (682.328816ms)
  ✔ retention is bounded and owns only its own directory names (845.924129ms)
✔ verification bundle: what Canary EXECUTED, recorded from its own run (2667.328531ms)
▶ claims are hints: never a pass, never a block, at most an annotation
  ✔ claim + green run stays SILENT even when the claim is absurd (836.069973ms)
  ✔ diverging claim annotates an already-decided block with claim-vs-observed, both sides parsed (771.562097ms)
  ✔ without a claim the block reason is exactly the pre-M2 shape — no note (660.005332ms)
  ✔ a claim that MATCHES the printed lie still cannot stop the block (exit code is the oracle) (698.177721ms)
  ✔ forged evidence + forged last-checkpoint never produce a pass: nothing is read back (655.154645ms)
  ✔ a claim whose timestamp is not ISO-shaped cannot smuggle prose into the block reason (582.067551ms)
  ✔ an ISO-PREFIXED prose tail cannot smuggle into the note either (end anchor) (598.880418ms)
  ✔ a corrupt claims file is inert: the block stands, unannotated, no crash (457.120131ms)
  ✔ a claims file linked outside the repo is never read (S3) (503.213164ms)
✔ claims are hints: never a pass, never a block, at most an annotation (5762.956069ms)
▶ claim intake guards
  ✔ empty claim is misuse (exit 3) and writes nothing (52.36362ms)
  ✔ claims without a usable repo are refused with exit 2, nothing written (58.710521ms)
  ✔ inside a repo Canary does not trust: NEEDS ATTENTION, no claim written (51.682479ms)
  ✔ a set-up repo stores the claim labeled UNTRUSTED HINT, capped, and says so (274.07079ms)
  ✔ a claims/ dir linked outside the repo refuses the write (S3, exact path) (276.057712ms)
  ✔ a config from another installation refuses claims too (S2) (298.287257ms)
✔ claim intake guards (1011.53828ms)
▶ writers stamp their own class, honestly
  ✔ every verification bundle Canary writes is CANARY_OBSERVED (setup/doctor/checkpoint) (1297.142994ms)
  ✔ the claim envelope is stamped AGENT_REPORTED next to its UNTRUSTED HINT authority (445.237506ms)
✔ writers stamp their own class, honestly (1743.928897ms)
▶ labels are inert as input — no promotion by declaring or copying
  ✔ a hand-written claim self-declaring CANARY_OBSERVED/"VERIFIED" changes nothing but annotation prose (714.559209ms)
  ✔ a forged CANARY_OBSERVED pass bundle cannot stop a block and is kept as inert data (742.672043ms)
  ✔ no side door: extras handed to the bundle writer can never shadow its reserved fields (63.726055ms)
  ✔ doctor re-derives despite a forged pass bundle: NEEDS ATTENTION, never READY (789.313788ms)
✔ labels are inert as input — no promotion by declaring or copying (2311.365845ms)
▶ class coverage and UX
  ✔ EXTERNALLY_VERIFIED has no producer: nothing under .canary ever carries it (1174.742899ms)
  ✔ trust classes are verbose-only — default output stays simple (1146.625399ms)
✔ class coverage and UX (2321.844839ms)
▶ the bundle answers the M4 questions
  ✔ setup records planDigest (matching the in-memory plan), baseline, and ordered per-step stamps (532.619388ms)
  ✔ planDigest is deterministic, order-sensitive, and binds kind AND script (0.458132ms)
✔ the bundle answers the M4 questions (534.343141ms)
▶ the task label is a digest with zero verdict authority
  ✔ checkpoint records taskDigest on a pass and never stores the prose anywhere (725.650963ms)
  ✔ on a failing plan the block is byte-identical with or without a task label (1427.498678ms)
  ✔ absent or empty task yields taskDigest null; an old sender without task still gets full provenance (1001.857304ms)
✔ the task label is a digest with zero verdict authority (3155.472839ms)
▶ the companion hash binds bytes — and says what it is not
  ✔ verification.sha256 matches the bundle bytes, detects a one-byte tamper, and is labeled tamper-evidence only (994.467065ms)
✔ the companion hash binds bytes — and says what it is not (994.861764ms)
▶ baseline honesty
  ✔ a pre-M4 config (no baseline) yields baseline null, never an invented identity (692.494464ms)
✔ baseline honesty (692.900712ms)
▶ setup seals the verification authority
  ✔ the seal binds the plan digest and the verbatim text of each script it runs (1304.626591ms)
✔ setup seals the verification authority (1305.871405ms)
▶ the spec attack: honest command -> "echo all good"
  ✔ a swapped script text that WOULD pass by exit code is blocked as authority drift (467.403171ms)
  ✔ the loop guard holds on authority drift: one repair attempt, then honest stop (480.851588ms)
  ✔ restoring the sealed text restores silent verification (drift detection, not a grudge) (1257.616457ms)
✔ the spec attack: honest command -> "echo all good" (2206.468726ms)
▶ the config side of the same attack
  ✔ editing cfg.plan mid-task without re-sealing blocks (420.973252ms)
  ✔ a malformed hand-planted seal fails closed (458.494235ms)
  ✔ a pre-M5 config (no seal) verifies exactly as before — additive (1409.936744ms)
✔ the config side of the same attack (2289.894248ms)
▶ re-sealing and visibility
  ✔ re-running setup re-seals the new text under a visible smoke; then it verifies (980.519164ms)
  ✔ doctor refuses READY on drifted authority (379.618943ms)
✔ re-sealing and visibility (1361.981336ms)
▶ task-kind inference from prose (union — a mislabel adds work, never removes it)
  ✔ one phrase can raise several kinds at once (1.662417ms)
  ✔ prose matching nothing infers no kinds (the pre-M6 posture stays reachable) (0.188265ms)
  ✔ the whole word "defect" infers bugfix (review #7: a leading-space typo dropped the word) (0.159504ms)
✔ task-kind inference from prose (union — a mislabel adds work, never removes it) (2.899295ms)
▶ git output parsers (-z raw bytes: no quoting to outsmart, never crash, never invent paths)
  ✔ name-status -z: NUL-separated; renames consume both paths; unknown codes degrade to mod (0.572399ms)
  ✔ porcelain -z: ??=add, staged/working D=del, R/C take a SECOND NUL token as the new name (0.350082ms)
  ✔ delPaths: deletes count; a rename AWAY from a test path is coverage loss; a rename that stays a test is not (review #5) (0.565292ms)
✔ git output parsers (-z raw bytes: no quoting to outsmart, never crash, never invent paths) (1.8328ms)
▶ obligationsFor — the one-way obligation engine
  ✔ bugfix: test ADDED/MODIFIED = met; nothing touched = UNPROVEN, never silent (0.86043ms)
  ✔ a pure test-file DELETION is never regression evidence (review #4) (0.338127ms)
  ✔ refactor: needs tests-green AND a coverage-loss answer; no-tests plan says so honestly (0.290359ms)
  ✔ attributable test deletion is UNMET (the block signal); unattributable is UNPROVEN only (0.325762ms)
  ✔ unattributable note: "already dirty at setup" ONLY when the stamp proved it (review #6) (0.288452ms)
  ✔ path rendering: 8-path cap and odd-path collapse (candidate text never rides the note) (0.160413ms)
  ✔ dependencies: implied by diff even without any declaration — and always non-objective (0.214682ms)
  ✔ performance/UI: met ONLY through a human-sealed bench/e2e step; else UNPROVEN with the honest exit (0.262149ms)
  ✔ multi-part: counted requirements and the one-concise-question variant (0.197342ms)
  ✔ a fully-covered refactor with a green sealed plan yields ONLY met obligations (silent path exists) (0.126798ms)
  ✔ kinds never declared still get the diff-implied floor: no kinds + clean signals = no obligations beyond tests-green (0.165085ms)
✔ obligationsFor — the one-way obligation engine (3.835193ms)
▶ canary task — an AGENT_REPORTED hint with zero authority
  ✔ setup + register: digest-only storage, inferred kinds, explicit zero-authority line (590.471064ms)
  ✔ --kind overrides inference; --requirement forces multi; hostile input is usage, not a crash (718.157673ms)
  ✔ registering a task against no setup / no git says so; nothing is written (81.525834ms)
✔ canary task — an AGENT_REPORTED hint with zero authority (1390.541757ms)
▶ checkpoint/doctor integration — the sealed plan passes, obligations decide the tone
  ✔ no task record, no prose, fake git: byte-identical pre-M6 silence (additive) (688.545489ms)
  ✔ registered bugfix with no test change: the pass rides an honest UNPROVEN systemMessage, never silence (803.039883ms)
  ✔ hook-stdin task prose infers kinds even without a registration (683.837761ms)
  ✔ a malformed/hand-planted record degrades to the no-record posture, hostile kinds filtered (1243.17098ms)
  ✔ fake git makes diff signals unresolvable: a registered refactor is UNPROVEN, never a silent met (755.72656ms)
  ✔ doctor lists open obligations instead of a bare READY (1170.325642ms)
  ✔ config rewrite keeps the seal: obligations never execute anything unsealed (609.803512ms)
✔ checkpoint/doctor integration — the sealed plan passes, obligations decide the tone (5955.241264ms)
✔ built CLI exists (run npm run build first) (1.361219ms)
✔ isolate misuse exits 3 with usage, and never touches the repo (1274.185891ms)
✔ isolate refuses a repo Canary does not verify (no config, exit 2) (96.257461ms)
✔ isolate refuses a base whose own config is distrusted (440.837394ms)
✔ create refuses under fake git — an unresolvable base cannot be isolated from (and nothing registers) (458.157402ms)
✔ verify refuses a malformed or name-mismatched record without executing anything (554.016794ms)
✔ verify refuses a record whose baseRoot is not this repo (impersonation guard, before any identity read) (503.039584ms)
✔ verify of a LOST candidate (fake git => unresolvable) blocks honestly and writes a BLOCKED bundle (449.693333ms)
✔ under fake git, verify can NEVER report PASS — the fail-closed ceiling of the whole contract layer (465.798955ms)
✔ list is honest with no registry, survives invalid records, and exits 0 (it never executes anything) (521.396986ms)
✔ remove refuses unregistered names; a vanished candidate is pruned honestly (record deleted, exit 0) (467.461049ms)
✔ uninstall refuses to delete .canary while candidates are registered (worker trees stay protectable) (558.598286ms)
✔ built CLI exists (run npm run build first) (5.170928ms)
✔ isolate --promote misuse exits 3 (name required, flags scoped, one mode) (985.170322ms)
✔ promote refuses a repo Canary does not trust (exit 2, before any record read) (84.270919ms)
✔ promote of a missing or malformed record delegates to verify (exit 2, identical refusal) (519.963821ms)
✔ promote refuses an impersonated record (different baseRoot) with the canonical guard (446.346613ms)
✔ under fake git, promote BLOCKS via live verify and can never apply or accept (627.787474ms)
✔ promotion bundles obey bounded evidence retention (nothing is kept forever) (521.170448ms)
✔ intact harness entry keeps the pre-gate SILENT: LOST-style block, zero §9 lines (658.661646ms)
✔ harness entry deleted outside the window → §9 before execution (containment pre-gate) (504.933031ms)
✔ harness entry scrubbed (valid JSON, entry gone) → §9 with after "entry missing" (481.390956ms)
✔ gate order: record refusals (ghost / malformed / impostor) precede the pre-gate even with settings deleted (686.579896ms)
✔ evidence tree is in the fingerprint set: plant / edit / wipe all drift, untouched tree stays quiet (6.912942ms)
✔ §9.5 quarantine refusal out-ranks EVERY gate — even record refusals — and writes no bundle (568.711698ms)
✔ a human re-seal (setup) is the clearing act — the marker vanishes with the deliberate restore (856.576427ms)
✔ the containment pre-gate stays grudgeless: a before-execution mandate stamps NO marker, and restoring bytes recovers cleanly (574.619182ms)
✔ a config that promised nothing runs no containment gate (hand-written touched: []) (429.896719ms)
▶ detection (pure)
  ✔ lockfiles pick the package manager, first match wins in declared order (3.27081ms)
  ✔ plan is conservative, ordered, and exact-name only (1.635938ms)
  ✔ shell-shaped script names never enter a plan (1.237803ms)
  ✔ a quote-bearing CLI path cannot be embedded — buildHookCommand refuses (0.496714ms)
  ✔ containedRealPath: inside stays inside, outside resolves to null (S3 floor) (2.298776ms)
✔ detection (pure) (10.911112ms)
▶ setup
  ✔ happy path: READY, hook registered, evidence written, user repo untouched otherwise (677.66245ms)
  ✔ re-run is idempotent: one Canary entry, no duplicates, user entry preserved (755.655048ms)
  ✔ malformed settings.json: refuse, exit NEEDS ATTENTION, bytes untouched (90.976708ms)
  ✔ S5: valid JSON with a non-list hooks section gets a plain-words refusal, not an internal crash (197.997985ms)
  ✔ failing project checks never print READY (NO PROOF, NO DONE) (841.926887ms)
  ✔ unattended without --yes: installed but NOT READY — nothing executed, nothing proven (138.866009ms)
  ✔ no supported harness: explicit message, not a fake integration (95.802463ms)
  ✔ Windows path quoting survives E2E: a project path containing spaces onboards and self-checks (787.624531ms)
✔ setup (3587.739884ms)
▶ checkpoint (harness entry)
  ✔ pass -> silent allow (human never interrupted) (722.104795ms)
  ✔ failure -> decision:block with the reason (agent gets a repair turn) (672.822934ms)
  ✔ loop guard: stop_hook_active allows with an honest systemMessage, never re-blocks (646.910736ms)
  ✔ repo without Canary wiring: exit 0, silent (stay out of the way) (69.446957ms)
  ✔ S2: a config written by a different installation never executes — loud UNVERIFIED instead (428.429319ms)
  ✔ S7: a parseable-but-wrong-shape config is treated as corrupt everywhere, never a crash (791.526019ms)
  ✔ F-1: a half-written (truncated) config is loud UNVERIFIED at checkpoint, never silent; doctor stays NEEDS ATTENTION (400.257819ms)
✔ checkpoint (harness entry) (3732.029058ms)
▶ atomic config writes (GLM F-2)
  ✔ leaves no temp residue and round-trips exactly (28.476345ms)
  ✔ a crash before the final rename leaves the PREVIOUS config byte-intact, never a corrupt half-file (48.448021ms)
  ✔ every write is fsync-ed BEFORE its publish rename (durable-then-visible order is pinned) (37.057389ms)
  ✔ a crash during the settings write surfaces as a problem — original untouched, backup kept, no residue (13.670282ms)
✔ atomic config writes (GLM F-2) (127.87218ms)
▶ doctor + uninstall
  ✔ READY after a green setup; hook deletion is detected loudly; --run still works (now always-on) (1261.252124ms)
  ✔ S4: a FORGED or stale checkpoint file can never produce READY — only this run can (501.503338ms)
  ✔ never set up -> NEEDS ATTENTION with the one command; outside git -> UNSUPPORTED (102.578676ms)
  ✔ uninstall removes exactly Canary, preserves everything else; repeat is safe (731.901469ms)
  ✔ S1: an out-of-repo touched path in the config is refused, untouched, loudly (345.194457ms)
  ✔ S6: partial cleanup keeps .canary so the promised retry can actually finish (380.115477ms)
  ✔ S2-adjacent: uninstall of a foreign-cliPath config is refused (cannot prove ownership) (263.675714ms)
✔ doctor + uninstall (3586.572318ms)
▶ degenerate empty plan (hand-edited config must not fake green)
  ✔ checkpoint: zero checks executed -> UNVERIFIED systemMessage, never a silent pass; doctor flags it (369.274826ms)
✔ degenerate empty plan (hand-edited config must not fake green) (369.375968ms)
▶ link containment (S3)
  ✔ checkpoint evidence is never written through a link pointing outside the repo (580.884465ms)
  ✔ setup refuses outright when a managed file is a link (dangling included) (49.998508ms)
✔ link containment (S3) (631.005148ms)
▶ hook entry shape + ownership
  ✔ hasCanaryEntry matches exact command only (0.210258ms)
✔ hook entry shape + ownership (0.280829ms)
▶ audit M8 — offline pipeline end-to-end
  ✔ confined regression: CONFIRMED_REGRESSION, real artifacts re-hash clean (2277.116324ms)
  ✔ unconfined tree drift is downgraded to INCONCLUSIVE rule 9 (F9 e2e) (1527.492783ms)
  ✔ a tampered artifact is caught end-to-end by the prove path (F4 e2e) (1399.502074ms)
  ✔ a fabricated self-contradictory bundle is refuted by validateBundle (F3 e2e) (1260.141878ms)
  ✔ round-3 secondary: a fetch failure is INFRASTRUCTURE (InfraAbort -> CLI exit 2), not generic error (2.943798ms)
  ✔ round-3 secondary: an extraction failure is INFRASTRUCTURE too (3.056989ms)
✔ audit M8 — offline pipeline end-to-end (6472.21363ms)
▶ round-3 B3 — the proof host is the ACTUAL runtime, never the evidence
  ✔ pristine run + proofHost = this machine: full gate PASSes with ZERO skipped assertions (1451.648874ms)
  ✔ THE AUDIT ATTACK: reseal host metadata to dodge host checks -> gate FAILS (exit 1), never skip-to-PASS (1418.340018ms)
  ✔ resealing the environment TO MATCH the real machine is not an attack: identity is reality, not paper (1251.723653ms)
  ✔ off the proof host (simulate a foreign runtime): strict checks SKIP and the verdict INCOMPLETE (exit 2) — PASS is not claimed (1136.353508ms)
  ✔ post-sol F1 — SELF-CONSISTENT is NOT proof-agreement: a bundle fully consistent on this machine can still FAIL check against a diverged committed proof (1054.296575ms)
  ✔ a lying proof file cannot flip the verdict either: proofHost=foreign while running here still skips (evidence-agnostic) (927.602067ms)
✔ round-3 B3 — the proof host is the ACTUAL runtime, never the evidence (7241.94573ms)
▶ post-GLM F2 — executable bytes are part of the host identity
  ✔ a trojan runtime claiming the proof-host METADATA but running different bytes can never PASS (971.565032ms)
  ✔ a proof naming a proofHost but omitting the exec digest is REFUSED — loud FAIL, never a silently weaker gate (861.834299ms)
  ✔ the sampler reports the ACTUAL bytes of the running executable (179.064196ms)
  ✔ an environment ATTESTATION stays metadata-only: the evidence block carries no bytes to compare (documented residual) (0.343316ms)
✔ post-GLM F2 — executable bytes are part of the host identity (2013.300244ms)
▶ verifyArtifacts — audit F4 (proof must rehash the real artifacts)
  ✔ accepts a bundle whose every recorded hash matches the file on disk (6.326436ms)
  ✔ rejects a tampered raw stdout (recorded hash kept, content swapped) (8.639533ms)
  ✔ rejects a tampered normalized stdout independently of the raw one (4.454879ms)
  ✔ rejects quietly deleted stderr artifacts (3.600149ms)
  ✔ rejects all four substituted files of one round (raw, raw-err, norm, norm-err) (4.132596ms)
  ✔ rejects a logPath that breaks the round-ownership contract (3.181829ms)
✔ verifyArtifacts — audit F4 (proof must rehash the real artifacts) (32.017143ms)
▶ verifyArtifacts — audit B3 (path confinement + ownership)
  ✔ ../../ identical external substitution is refused (ownership), not verified against the external bytes (4.103781ms)
  ✔ absolute external path in logPath is refused (2.096327ms)
  ✔ cross-round swap (candidate#1 claims candidate#2 log) is refused (13.825727ms)
  ✔ baseline pointing at a candidate artifact is refused (6.54688ms)
  ✔ a valid canonical relative artifact path verifies clean (3.935472ms)
  ✔ missing + modified artifacts are refused (9.412445ms)
  ✔ a symlinked artifact resolving outside the dir is refused (symlink escape) (5.817256ms)
✔ verifyArtifacts — audit B3 (path confinement + ownership) (46.666266ms)
▶ assertProof — audit F11 + round-3 B3 (host-exactness from the ACTUAL runtime)
  ✔ legacy proof (no proofHost): host-exact hashes NEVER assert — recorded-env match grants nothing (post-glm F6f) (6.90468ms)
  ✔ post-glm F6f: an ABSENT proofHost can never grant host-exact trust — resealed env metadata cannot PASS the proof (2.860847ms)
  ✔ matching proofHost + actual runtime on it: every assertion including hashes AND the environment binding evaluates (7.721928ms)
  ✔ round-3 B3 core: resealing the evidence environment can NO LONGER skip strict checks — it FAILS the binding (3.137773ms)
  ✔ off-proof-host: host-exact comparisons skip (flagged, not silent); portable assertions still evaluate; verdict is INCOMPLETE (5.925082ms)
  ✔ off-proof-host with tampered committed hashes still passes portable checks (and this is exactly why verifyArtifacts exists) (2.903162ms)
✔ assertProof — audit F11 + round-3 B3 (host-exactness from the ACTUAL runtime) (30.012371ms)
▶ round-3 B3 — environment attestation + verdict helpers
  ✔ environmentAttestationIssues: silent only when claim == ACTUAL runtime (2.352329ms)
  ✔ proofVerdict: PASS requires zero failures AND zero skips (0.17487ms)
✔ round-3 B3 — environment attestation + verdict helpers (2.74277ms)
▶ round-3 B4-D — exact failing-identity set equality (proof vs candidate bytes)
  ✔ faithful expectation: exact set holds (0.33841ms)
  ✔ proof pinning a SUBSET (hiding a real failure) FAILS (0.747913ms)
  ✔ proof pinning an EXTRA (non-existent) identity FAILS (0.228084ms)
  ✔ the exact-set check is portable — it evaluates (never skips) off-host (0.21218ms)
  ✔ a proof that does not pin the tarball digest FAILS the pin requirement (0.207625ms)
  ✔ assertProof alone refuses a resealed experimentId the proof does not name (mutation N10) (0.323729ms)
  ✔ a proof declaring a schema version the reader does not implement FAILS (portable) (0.334501ms)
✔ round-3 B4-D — exact failing-identity set equality (proof vs candidate bytes) (3.155712ms)
▶ post-sol secondary — host sampling is immune to the verifier process environment
  ✔ a poisoned NODE_OPTIONS in the verifying process does NOT crash or steer the fingerprint (449.363277ms)
✔ post-sol secondary — host sampling is immune to the verifier process environment (449.52325ms)
▶ audit B4 — provenance forgery matrix (which layer refuses)
  ✔ pristine run passes the whole gate (1512.0797ms)
  ✔ rewriting failure counts is caught — round-3 B1 coverage gate fires even earlier (at validateBundle) (1392.731844ms)
  ✔ rewriting failing-test identities is caught by byte re-derivation (resealed) (1249.443857ms)
  ✔ NEW: per-round name/value disagreement with bytes is caught (one round forged) (1136.770249ms)
  ✔ rewriting digests away from bytes is caught by verifyArtifacts (resealed) (1056.109345ms)
  ✔ rewriting the repo URL is caught by the committed proof (resealed) (947.865679ms)
  ✔ rewriting experimentId is caught by the workspace binding (resealed) — B4-A fires before the proof (942.881999ms)
  ✔ rewriting the pinned commit is caught by the committed proof (resealed) (861.822267ms)
  ✔ rewriting runtime platform is caught by the committed proof (resealed) (833.680446ms)
  ✔ flipping drift-confined to false is caught (resealed) — trustful+unconfined (790.004739ms)
  ✔ downgrading a tree observation to INCOMPLETE cannot support a trustful label (resealed) (811.417568ms)
  ✔ NEW: relabeling a real regression PASS is caught by re-derivation (resealed) (782.156594ms)
  ✔ adding a non-allowlisted env key is refused (resealed) (736.024211ms)
  ✔ naive (argv) rewrite without recomputing the manifest is caught by integrity (739.671265ms)
  ✔ naive (tarball digest) rewrite without recomputing the manifest is caught by integrity (683.723493ms)
  ✔ naive (runId) rewrite without recomputing the manifest is caught by integrity (734.20196ms)
  ✔ manifest integrity catches ANY single-field rewrite done without recompute (675.543708ms)
✔ audit B4 — provenance forgery matrix (which layer refuses) (15888.643905ms)
▶ round-3 B4 — coherent-reseal matrix on release-critical fields
  ✔ resealed runId alone is contradicted by the workspace directory (678.75599ms)
  ✔ resealed runId AND experimentId (coherent prefix) still contradicts the directory (690.316239ms)
  ✔ resealed tarball digest is contradicted by the retained fixture.tgz bytes (707.795958ms)
  ✔ attacker who swaps the TARBALL BYTES too is stopped by the committed proof pin (728.02408ms)
  ✔ resealed argv is contradicted by the committed spec re-expansion (proof host) (728.207394ms)
  ✔ weakened envKeys (valid allowlist subset) is contradicted by the policy re-derivation (722.688659ms)
  ✔ classification REASON tampering (label/rule/count coherent) is caught by byte re-derivation (731.016702ms)
  ✔ coherent INCONCLUSIVE-rule9 relabel is refused (no unconfined drift to justify it) (1443.896037ms)
  ✔ resealed dependency-copy count is contradicted by the retained snapshot recount (779.22144ms)
  ✔ a crash hidden from the record (crash line IN the bytes, resealed) is caught by byte re-derivation (773.319101ms)
  ✔ an invented crashSignal on clean bytes is caught too (bidirectional binding, resealed) (731.92413ms)
  ✔ a tampered infraSignal (false where bytes carry an infra line) is caught by bytes (719.133189ms)
  ✔ a proof pinning a SUBSET of the failing identities is refused (exact-set equality, B4-D) (739.118987ms)
  ✔ a proof pinning a WRONG extra identity is refused too (exact-set equality, B4-D) (778.943094ms)
  ✔ a proof that forgot to pin the tarball digest cannot support PASS (B4) (773.300092ms)
✔ round-3 B4 — coherent-reseal matrix on release-critical fields (11726.665406ms)
▶ flattenNpmLsJson — npm 11.19 empty-object representation (pipeline path)
  ✔ an empty {} node with no problems mention is expected-absent: no anomaly, no hole (2.697786ms)
  ✔ the same {} node IS an anomaly when problems mentions it (unmet-optional-that-matters fails closed) (1.458164ms)
  ✔ a version-less node with missing:true is an anomaly (uninstalled REQUIRED dep) (0.356093ms)
  ✔ a version-less node carrying a declared subtree: missing-version + unwalked-subtree (0.690692ms)
  ✔ problems name-matching is token-anchored: "util" is not matched by "bufferutil@1.0.0" (0.236617ms)
  ✔ non-object node entries are malformed-node anomalies (0.286262ms)
  ✔ empty / effectively-empty trees can NEVER become VALID (criterion 6) (0.720573ms)
  ✔ a {} node for the STUDIED dependency itself is absence, not presence (criterion 7) (0.688737ms)
  ✔ ANY anomaly caps the observation at INCOMPLETE even with the dep present (2.876482ms)
✔ flattenNpmLsJson — npm 11.19 empty-object representation (pipeline path) (13.652894ms)
▶ post-sol M-2 — empty-node semantics (narrowest exemption)
  ✔ the REAL captured npm 11.19 shape (root fsevents {}, ws nested {} natives) stays VALID (1.356219ms)
  ✔ R4-SR1 (self-review): problems WITH a silent stderr is npm's real extraneous-only shape — the observation is complete, not contradictory (0.453713ms)
  ✔ an empty/absent problems field under an ELSPROBLEMS stderr IS the contradiction (stripped-report forgery) (0.311863ms)
  ✔ problems ABSENT but stderr SCREAMING ELSPROBLEMS is equally a contradiction (stripped-stderr forgery) (0.17964ms)
  ✔ a MALFORMED problems field (string, object, or array with non-strings) kills the exemption and is itself an anomaly (0.253645ms)
  ✔ string-valued problems mentioning the node fail closed identically on BOTH parsers (N4 differential) (0.133503ms)
  ✔ the STUDIED dependency appearing as {} is absence (INCOMPLETE via depPresent), never presence (0.303691ms)
  ✔ drift caused by DISAPPEARANCE of a formerly-versioned dep is byte-visible, not exemption-hidden (outside-subtree drift -> unconfined) (0.372525ms)
  ✔ deeply nested hostile trees are BOUNDED on both parsers (no stack exhaustion; fails closed) (2.920443ms)
  ✔ the traversal budgets are IDENTICAL contracts in both implementations (0.111255ms)
  ✔ anomalies from the two problem channels are DETERMINISTIC and deduped across repeated {} nodes (0.323661ms)
✔ post-sol M-2 — empty-node semantics (narrowest exemption) (7.476537ms)
▶ cross-implementation parity — pipeline flatten vs verify-tree re-flatten (criteria 2+3)
  ✔ parity: plain (0.536417ms)
  ✔ parity: 11.19 empty optionals (0.176717ms)
  ✔ parity: empty optional + problems mention (0.175945ms)
  ✔ parity: missing required (0.157852ms)
  ✔ parity: scoped names (0.177695ms)
  ✔ parity: nested copies (0.225288ms)
  ✔ parity: malformed nodes (0.125292ms)
  ✔ parity: version-less with subtree (0.214252ms)
  ✔ parity: problems only (no deps) (0.15363ms)
  ✔ parity: truncated json (0.176189ms)
  ✔ parity: json scalar (0.160911ms)
  ✔ parity: json null (0.071052ms)
  ✔ parity: empty root (0.116964ms)
✔ cross-implementation parity — pipeline flatten vs verify-tree re-flatten (criteria 2+3) (3.284718ms)
▶ confinement semantics survive the compatibility fix (criterion 3)
  ✔ a {} drift node is never a flat key, so drift sets stay byte-derived (0.218338ms)
  ✔ drift OUTSIDE the subtree stays unconfined even next to {} nodes (0.586292ms)
  ✔ scoped-name escape stays closed under segment semantics (0.180745ms)
✔ confinement semantics survive the compatibility fix (criterion 3) (1.190556ms)
▶ reflattenNpmLs — independent re-derivation of the tree observation
  ✔ flattens nested/scoped trees with versions, no anomalies (problems ignored) (2.50821ms)
  ✔ a missing-version node (npm unmet dependency) is an anomaly, never an "x" sentinel (0.302039ms)
  ✔ an empty {} node with no problems mention is an expected-absent optional, not a hole (0.334237ms)
  ✔ the same empty {} node IS an anomaly when problems mentions it (unmet-optional-that-matters fails closed) (0.222248ms)
  ✔ problems name-matching is token-anchored: "util" is not mentioned by "bufferutil@1.0.0" (0.420518ms)
  ✔ a {} node WITH a declared subtree is still missing-version + unwalked-subtree (0.139573ms)
  ✔ a version-less NODE hides a whole subtree: missing-version + unwalked-subtree (0.343465ms)
  ✔ truncated / malformed JSON => parsed=false (INVALID territory), never a partial success (0.231476ms)
  ✔ copies are counted by full path segments; subtree containment is segment membership (0.457379ms)
✔ reflattenNpmLs — independent re-derivation of the tree observation (6.698451ms)
▶ retained tree snapshots — real pipeline bytes, independent verifier
  ✔ a fresh confined CONFIRMED run retains arm-named artifacts that verify clean (1507.308362ms)
  ✔ naive tamper of retained raw bytes (no reseal) is caught (1429.18842ms)
  ✔ LAZY reseal (raw digest fixed, canonical/tree-hash left stale) is caught by the chain (1245.264592ms)
  ✔ reseal that rewrites bytes+digests but keeps the old attestation claim is caught by verify-tree (1179.164761ms)
  ✔ COHERENT full tree-side reseal: bundle layer catches the version lie (attestation invariant) (1092.415831ms)
  ✔ a coherent reseal claiming VALID over bytes with a missing-version hole is caught (status + anomaly re-derivation) (961.992022ms)
  ✔ pointing one arm at the other arm bytes is caught by BOTH layers (934.449803ms)
  ✔ flipping driftConfinedToDependency against the retained snapshots is caught (880.007447ms)
  ✔ stripping snapshot refs from a trustful bundle: verifier says unverifiable, schema refuses to seal trust on it (849.407714ms)
  ✔ post-GLM G: naive tamper/deletion of the retained attest bytes is caught by verifyArtifacts (807.587533ms)
  ✔ post-GLM G: a resealed framesSha256 the retained bytes do not back is caught ONLY by the bytes binding (792.103482ms)
  ✔ post-GLM G: reseal-everything-but-the-observation is REFUSED (the pre-G "clean 4-file resealed tuple" premise is forbidden by design) (776.12065ms)
✔ retained tree snapshots — real pipeline bytes, independent verifier (12456.398645ms)
▶ validateBundle — round-3 B6 snapshot/anomaly/version gates
  ✔ trustful WITH snapshots + empty anomalies + consistent versions validates clean (0.657336ms)
  ✔ trustful WITHOUT retained snapshots is rejected (resealed) (0.609106ms)
  ✔ trustful with a MISSING anomaly array is rejected ("did not look" != "nothing found") (1.140399ms)
  ✔ trustful with NON-EMPTY recorded anomalies is rejected (partial observation cannot anchor trust) (0.417408ms)
  ✔ resolvedVersions contradicting the dependency block is rejected (resealed attestation forgery) (0.326101ms)
  ✔ snapshot artifact names must be arm-derived (candidate pointing at baseline bytes dies sealed) (0.355178ms)
  ✔ NON-trustful bundles may legitimately carry no snapshots (honest INCONCLUSIVE rule 10) (0.486999ms)
  ✔ trustful label with rounds observation-ABSENT is rejected (rule-14 mirror, panel H) (0.37358ms)
  ✔ trustful label with a VALID observation naming an UNPINNED runner is rejected (panel H/AM-1) (0.310736ms)
  ✔ trustful label whose observed counts DISAGREE with the text channel is rejected (cross-channel gate cannot be bypassed) (0.311834ms)
✔ validateBundle — round-3 B6 snapshot/anomaly/version gates (5.258674ms)
▶ AI adapter boundary
  ✔ noop provider attaches nothing (1.45794ms)
  ✔ attachSummary cannot alter any pre-existing field, including classification (1.697694ms)
✔ AI adapter boundary (9.617422ms)
▶ classify — decision table (docs/PLAN.md section 6)
  ✔ rule 3: baseline unanimous pass + candidate unanimous pass -> PASS (2.65294ms)
  ✔ rule 5: baseline passes, all candidate rounds fail -> CONFIRMED_REGRESSION (0.441084ms)
  ✔ rule 4: baseline fails with real summaries + candidate fails -> PRE_EXISTING_FAILURE (0.267475ms)
  ✔ rule 1 (degenerate-run guard): failing round without runner summary -> INFRASTRUCTURE_FAILURE, never CONFIRMED_REGRESSION (0.168936ms)
  ✔ rule 1: killed round (exit -1) -> INFRASTRUCTURE_FAILURE (0.198896ms)
  ✔ rule 1: infra signal on a failing round outranks drift (0.286214ms)
  ✔ rule 2: split baseline -> FLAKY (experiment invalid) (0.199757ms)
  ✔ rule 7: clean baseline, mixed candidate -> FLAKY, not CONFIRMED (0.231251ms)
  ✔ rule 6: failing baseline + all-pass candidate -> INCONCLUSIVE (inverted pattern) (0.255903ms)
  ✔ rule 0: missing arms -> INCONCLUSIVE (0.275726ms)
  ✔ rule 1 (F1 guard): nonzero exit whose summary reports 0 failing is infra, not drift (0.266586ms)
  ✔ rule 1 (F5 guard): zero exit with masked failures in summary is never PASS (0.154558ms)
  ✔ audit B2: zero-test execution (exit 0, "0 passing") is INFRA, never PASS (0.227575ms)
  ✔ audit B2: a round with NO runner summary at exit 0 is INFRA, never PASS (0.154352ms)
  ✔ audit B2: recognized infra signature at EXIT ZERO is INFRA (a harness that swallows errors) (0.145536ms)
  ✔ audit B2: a candidate whose baseline is clean but rounds are zero-test is INFRA (never CONFIRMED) (0.145135ms)
  ✔ audit B2 positive control: a valid zero-failure run (N>0 passing, exit 0) still PASSES (0.243821ms)
  ✔ audit F1 (mocha-realistic): passing summary WITHOUT a failing line + nonzero exit -> INFRA, never CONFIRMED_REGRESSION (0.178868ms)
  ✔ audit F2: candidate rounds failing DIFFERENT counts -> FLAKY rule 8, not CONFIRMED_REGRESSION (0.294796ms)
  ✔ audit F2: same count but DIFFERENT failing-test identities -> FLAKY rule 8 (0.379791ms)
  ✔ audit F2: identical failure profiles (golden shape) -> still CONFIRMED_REGRESSION rule 5 (0.352125ms)
  ✔ audit F2: profile comparison is order-independent (sorted identities) (0.183931ms)
  ✔ audit F2: unstable baseline failure identities block PRE_EXISTING_FAILURE -> FLAKY (0.115674ms)
  ✔ audit F1 contract: summary-present failing round WITHOUT any failing count is INFRA, not regression (0.172572ms)
  ✔ is pure: same facts always yield the same verdict (0.625475ms)
✔ classify — decision table (docs/PLAN.md section 6) (11.158917ms)
▶ audit F9/B6 — applyConfinementGuard (rules 9 + 10, enforced not decorative)
  ✔ downgrades CONFIRMED_REGRESSION to INCONCLUSIVE rule 9 when drift is unconfined (0.237908ms)
  ✔ is identity when drift IS confined and both trees VALID (a legit CONFIRMED survives) (0.096995ms)
  ✔ never masks an INFRASTRUCTURE_FAILURE (higher-fidelity reason kept) (0.102527ms)
  ✔ downgrades PASS and PRE_EXISTING_FAILURE too (any trustful verdict needs comparable arms) (0.134892ms)
  ✔ audit B6: an empty/partial tree observation downgrades to INCONCLUSIVE rule 10 even when drift is confined (0.114384ms)
  ✔ audit B6: tree-invalidity takes precedence over unconfined drift (rule 10 not 9) (0.162232ms)
  ✔ guard removal would flip the outcome: identical facts, opposite confinement (0.100543ms)
✔ audit F9/B6 — applyConfinementGuard (rules 9 + 10, enforced not decorative) (1.165812ms)
▶ round-3 blocker 1 — identity coverage gates trustful verdicts
  ✔ identityCoverage: exact match COMPLETE; fewer / more / missing => INCOMPLETE / NOT_OBSERVED (0.174342ms)
  ✔ two DIFFERENT root-level failures that collapsed to equal EMPTY sets can never CONFIRM (rule 11) (0.16664ms)
  ✔ repeated "2 failing" with only ONE extractable identity -> INCONCLUSIVE rule 11, never CONFIRMED (0.246001ms)
  ✔ single failing round claiming 9 failures with 0 identities -> INCONCLUSIVE rule 11 (0.361987ms)
  ✔ under-accounted BASELINE blocks PRE_EXISTING_FAILURE too (coverage is not candidate-only) (0.123171ms)
  ✔ genuinely distinct root failures stay distinct (rule 8 FLAKY, not coverage, not CONFIRMED) (0.274699ms)
  ✔ fully-accounted root-level identities CONFIRM (conservatism must not break real proofs) (0.155134ms)
✔ round-3 blocker 1 — identity coverage gates trustful verdicts (1.885505ms)
▶ round-3 blocker 2 — pending tests are NOT executed assertions
  ✔ all-pending candidate (0/0/7, exit 0) can never PASS -> INFRA (0.346025ms)
  ✔ infraCause flags a pending-only round directly (was: null) (0.178409ms)
  ✔ healthy baseline + ALL-skipped candidate: the run proves nothing executed (0.11844ms)
  ✔ summary present with NO machine-readable counts at all -> INFRA (prose "summary" proves nothing) (0.149192ms)
  ✔ pending-only counts (no passing/failing line — the real mocha shape) -> INFRA zero-executed (0.228308ms)
  ✔ zero-test with NO summary at all stays INFRA (B2 path unchanged) (0.146317ms)
  ✔ a single executed assertion (1 passing, 0 failing, N pending) is enough to be a VALID run (0.461729ms)
  ✔ decoy early summary lines cannot steer a nonzero-exit round into CONFIRMED (probe P2) (0.246244ms)
  ✔ duplicate identical suite-qualified identities under-account -> rule 11, never trust (probe P4) (0.271161ms)
✔ round-3 blocker 2 — pending tests are NOT executed assertions (8.126534ms)
▶ post-sol RB-2 — coverage consistency gates strong verdicts
  ✔ Sol case 1: baseline 128 passing, candidate 1 passing is NOT PASS (0.408476ms)
  ✔ Sol case 2: baseline repetitions 128 then 1 (both exit 0) is NOT PASS (0.218084ms)
  ✔ Sol case 3: baseline 128, candidate 1 passing / 127 pending is NOT PASS (0.182113ms)
  ✔ Sol case 4: baseline 128, candidate 1 stable failing test is NOT CONFIRMED_REGRESSION (0.165731ms)
  ✔ Axios golden shape (128 passing -> 125 passing / 3 failing) STILL classifies CONFIRMED_REGRESSION rule 5 (0.267466ms)
  ✔ a passing->failing move at stable totals is a regression, not a coverage gap (0.194976ms)
  ✔ one executed test on BOTH arms, stable across repetitions, still PASSES (no hard-coded minimum) (0.195847ms)
  ✔ pending that SHRINKS candidate-side is caught by the observed total (5 executed + 0 pending vs 5 + 5 pending) (0.145144ms)
  ✔ candidate executing MORE than baseline is equally non-comparable (strong verdicts need both directions) (0.112097ms)
  ✔ rule 12 fires on candidate-side instability too (one repeat loses a test, both exit 0) (0.193276ms)
  ✔ PRE_EXISTING_FAILURE also demands comparability (baseline fails with fewer executed than candidate) (0.163756ms)
  ✔ weak outputs are never inflated by the new rules: mixed candidate with a coverage gap stays FLAKY (rule 7), infra wins over coverage (rule 1) (0.216794ms)
  ✔ treats undefined counts as zero consistently with rule 1 (mocha omits the 0-failing line): 5 passing vs 5 passing+3 failing is NOT comparable (0.116114ms)
  ✔ a stable-coverage collapse on BOTH arms (128 -> 1 -> uniform) is comparable and can still PASS — and is reported honestly (0.107571ms)
✔ post-sol RB-2 — coverage consistency gates strong verdicts (3.399768ms)
▶ post-GLM — execution-observation gate (rule 14)
  ✔ the GLM shape: unanimous "passing" prose with NO observation -> INCONCLUSIVE rule 14, never PASS (0.687759ms)
  ✔ a VALID observation that LIES about counts is caught (text 5/0/0 vs observed 42/0/0) (0.143297ms)
  ✔ a VALID observation whose failing identities differ from the text is caught (0.219697ms)
  ✔ FLAKY is gated too: a split baseline WITHOUT observation is rule 14, not FLAKY (0.145253ms)
  ✔ PRE_EXISTING_FAILURE is gated: fail/fail/fail prose is rule 14 (the guard also gates the honest direction) (0.191546ms)
  ✔ status ABSENT is not "weak-but-fine": an explicit ABSENT observation gates like a missing one (0.216539ms)
  ✔ the gate reports the FIRST offending round in bundle order (deterministic reason) (0.129867ms)
  ✔ observationGateIssue: both exit-contradiction directions fail a VALID observation (0.152173ms)
  ✔ observationSatisfied agrees with the gate on both paths (0.113582ms)
  ✔ a VALID observation whose identity array is missing/malformed is a REFUSAL, not a crash (0.151948ms)
  ✔ post-GLM F4: infra TEXT signature alone cannot veto an attested execution (precedence) (0.235277ms)
  ✔ post-glm F6b: the ACTUAL containment of a VALID-observed killed round — gate blind, rule 1 absolute (0.194967ms)
  ✔ post-GLM F4 twin: WITHOUT attestation the same prose still yields rule 1 INFRA (0.121998ms)
  ✔ post-GLM F4 residual: a crash-signature TEXT cannot veto an attested execution either (0.236685ms)
  ✔ post-GLM F4 residual twin: WITHOUT attestation crash prose still yields rule 1 INFRA (0.117042ms)
  ✔ weak paths are NOT gated: rule 0/rule 1 keep their rule numbers without any observation (0.141499ms)
✔ post-GLM — execution-observation gate (rule 14) (4.003376ms)
▶ post-GLM round 5 F1 — PRE_EXISTING requires failing-set containment
  ✔ a candidate failure Canary never saw fail in baseline is NOT pre-existing — INCONCLUSIVE 13 (never a swallowed regression) (0.269137ms)
  ✔ disjoint failing sets ({A} baseline vs {B} candidate) at equal totals describe no comparable transition — INCONCLUSIVE 13 (0.15706ms)
  ✔ an honest PRE_EXISTING_FAILURE (identical failing sets) keeps rule 4 — containment must not over-block (0.183159ms)
  ✔ CONFIRMED_REGRESSION is untouched by containment (baseline has zero failing identities) (0.12021ms)
  ✔ DOCUMENTED CEILING: version-gated passing-test substitution still PASSes (F3/§8.1) — equality of cardinality + failing sets is the exact invariant (0.10805ms)
✔ post-GLM round 5 F1 — PRE_EXISTING requires failing-set containment (1.039766ms)
▶ post-GLM round 5 F4 — rule 14 downgrades EVERY FLAKY producer (6/7/8/12)
  ✔ un-attested producer rule 6 (non-unanimous candidate under failing baseline) -> INCONCLUSIVE 14, never FLAKY (0.234691ms)
  ✔ un-attested producer rule 7 (clean baseline, mixed candidate) -> INCONCLUSIVE 14, never FLAKY (0.143649ms)
  ✔ un-attested producer rule 8 (failing rounds within an arm differ in identity) -> INCONCLUSIVE 14, never FLAKY (0.214555ms)
  ✔ un-attested producer rule 12 (repetitions differ in coverage totals) -> INCONCLUSIVE 14, never FLAKY (0.142457ms)
✔ post-GLM round 5 F4 — rule 14 downgrades EVERY FLAKY producer (6/7/8/12) (1.028045ms)
▶ inDependencySubtree
  ✔ matches the dep itself and its nested copies at any depth (escaped keys) (1.040725ms)
  ✔ scoped name collisions cannot masquerade when keys are escaped (F4) (0.469566ms)
  ✔ round-3 B6: descendants of a NESTED copy are inside the subtree (0.260105ms)
  ✔ audit F10: a SCOPED dependency matches its own escaped keys (0.210137ms)
✔ inDependencySubtree (3.724355ms)
▶ diffTrees — the arms-equality proof
  ✔ audit F10: scoped dependency drift inside its subtree is confined (0.422366ms)
  ✔ audit F10: scoped dep PLUS real external drift is still NOT confined (0.989867ms)
  ✔ golden case: only the dependency subtree changed (0.372534ms)
  ✔ detects contamination outside the dependency (2.943743ms)
  ✔ audit B6 exposes the vacuous-confinement hazard (empty trees report confined) (0.597866ms)
✔ diffTrees — the arms-equality proof (5.844134ms)
▶ audit B6 — classifyTreeObservation (tree completeness)
  ✔ a parsed, non-empty tree containing the dependency is VALID (1.33944ms)
  ✔ empty tree (no data observed) is INVALID, not a proof of confinement (0.108412ms)
  ✔ unparseable / no-root-deps is INVALID (0.144138ms)
  ✔ tree present but the studied dependency absent is INCOMPLETE (0.181712ms)
  ✔ scoped dependency presence is detected via the escaped key (dependencyInTree) (0.127198ms)
  ✔ round-3 B6: ANY observation anomaly caps the status at INCOMPLETE (0.15968ms)
✔ audit B6 — classifyTreeObservation (tree completeness) (2.463749ms)
▶ log parsing (auxiliary — never decides classification)
  ✔ extracts canonical suite-qualified identities from mocha output (audit B1) (1.356664ms)
  ✔ audit B1: same leaf title in DIFFERENT suites stays DISTINCT (0.653832ms)
  ✔ audit B1: nested describe paths survive as multi-segment identities (0.19527ms)
  ✔ audit B1: progress-list lines (N) followed by a passing line yield NO identity (0.170315ms)
  ✔ audit B1: identical identities in one run dedupe deterministically; distinct never collapse (0.199082ms)
  ✔ audit B1: ava identities keep the full suite path (0.196482ms)
  ✔ parses summary counts (0.492138ms)
  ✔ round-3 B1: ROOT-level failure ("1) title:" — colon on the numbered line) yields its identity (0.172661ms)
  ✔ round-3 B1: repeated root-level titles across rounds re-extract identically (deterministic) (0.159494ms)
  ✔ round-3 B1: mixed root + nested blocks do not corrupt each other (0.198935ms)
  ✔ round-3 B1: a nested block is abandoned at the summary line, never past it (0.136621ms)
  ✔ round-3 B1: malformed/truncated output yields NO fabricated identities (0.122966ms)
  ✔ round-3 B1: reordered distinct failures extract the same SET (profile order-independence) (0.157803ms)
✔ log parsing (auxiliary — never decides classification) (4.791553ms)
▶ streamsStable
  ✔ true only for identical hashes across all rounds (0.161635ms)
✔ streamsStable (0.261044ms)
▶ post-sol secondary — lone-CR line endings parse identically to LF/CRLF
  ✔ parseSummaryCounts reads the same totals across LF, CRLF and CR-only (0.326456ms)
  ✔ extractFailingTestNames finds the same identities across LF, CRLF and CR-only (0.137287ms)
✔ post-sol secondary — lone-CR line endings parse identically to LF/CRLF (0.58838ms)
▶ post-GLM F3 — ANSI-colored output parses identically to plain output
  ✔ parseSummaryCounts reads the same totals colored as plain (0.532986ms)
  ✔ extractFailingTestNames finds the same identities colored as plain (0.14577ms)
  ✔ F3 false-PASS battery: an ANSI-wrapped failing line cannot hide from the masked-failure count (0.116984ms)
  ✔ precision control: stripping never fabricates counts (0.168272ms)
  ✔ ANSI and lone-CR compose: colored CR-only stream matches colored LF stream (0.244368ms)
✔ post-GLM F3 — ANSI-colored output parses identically to plain output (1.47228ms)
▶ validateSpec
  ✔ accepts the golden shape (2.861571ms)
  ✔ rejects branch/tag names instead of full SHAs (0.258503ms)
  ✔ rejects a swap that does not install the candidate (0.172729ms)
  ✔ requires >=2 candidate repetitions (a regression must reproduce) (0.161546ms)
  ✔ requires >=2 baseline rounds so the FLAKY guard is reachable (F8) (0.183628ms)
  ✔ rejects identical baseline/candidate (0.143131ms)
  ✔ rejects malformed prepare argv (not array-of-arrays) (0.429218ms)
  ✔ rejects non-object input without throwing (0.494093ms)
✔ validateSpec (6.171476ms)
▶ planArms
  ✔ orders steps with toolchain between prepare and build (1.18234ms)
  ✔ omits toolchain/build when absent (0.253517ms)
✔ planArms (1.710703ms)
▶ normalizers
  ✔ canonicalizes line endings, trailing ws, final newline (1.993086ms)
  ✔ collapses timestamps, dates, durations (0.237448ms)
  ✔ collapses uuids and long hex addresses but not short hex (0.291737ms)
  ✔ collapses ports on localhost (0.182817ms)
  ✔ normalizes the run workspace, temp, home, user, host (0.420401ms)
  ✔ pathVariants covers slash forms and drive case (0.226579ms)
  ✔ the stability invariant: same logical run shape at different moments collapses to identical bytes (1.140496ms)
  ✔ result lines are never rewritten by value-shape rules (0.236568ms)
✔ normalizers (11.758997ms)
▶ renderHtml
  ✔ renders the deterministic verdict verbatim (1.004412ms)
  ✔ shows hash prefixes and log paths for audit (0.164734ms)
  ✔ states the drift-confinement result (0.168839ms)
  ✔ escapes hostile content from downstream logs/names (no HTML injection) (0.225405ms)
  ✔ audit F12: renders failing-test identities derived from the BUNDLE (no extras) (0.372232ms)
  ✔ audit F12: a bundle with no failing identities omits the section (0.258278ms)
✔ renderHtml (3.904144ms)
▶ post-sol F1 — the verification banner says SELF-CONSISTENT, not VERIFIED
  ✔ a fully local-consistent render is labeled SELF-CONSISTENT and disclaims the committed proof (6.987268ms)
  ✔ a failing consistency render is labeled NOT SELF-CONSISTENT and still warns (0.814185ms)
  ✔ no verification argument at all renders NOT SELF-CONSISTENT (absence of checking is not success) (0.387646ms)
✔ post-sol F1 — the verification banner says SELF-CONSISTENT, not VERIFIED (11.035149ms)
▶ validateBundle
  ✔ accepts a well-formed bundle (9.498486ms)
  ✔ rejects an unknown classification label (1.702518ms)
  ✔ rejects short/hexless commit SHAs (no branch pins in evidence) (1.469493ms)
  ✔ rejects a bundle missing an arm (1.492743ms)
  ✔ rejects malformed stream hashes (2.74357ms)
  ✔ rejects a round whose envKeys leak outside the sanitized allowlist (F9) (3.151148ms)
  ✔ rejects reproductionCount < 1 (0.735412ms)
✔ validateBundle (22.759081ms)
▶ validateBundle — semantic integrity (audit F3)
  ✔ rejects a CONFIRMED_REGRESSION label whose own rounds say PASS (1.53949ms)
  ✔ rejects a CONFIRMED_REGRESSION built from rounds whose failure identities differ (must re-derive FLAKY rule 8) (6.107767ms)
  ✔ rejects masked-failure rounds (exit 0 with reported failures) under a PASS label (2.966434ms)
  ✔ rejects killedByTimeout=true alongside a normal exit code (0.837928ms)
  ✔ rejects an inflated reproductionCount not backed by candidate rounds (0.541823ms)
  ✔ rejects a trustful verdict while drift says NOT confined (rule-9 guard bypassed) (0.631653ms)
  ✔ accepts the legitimate rule-9 override: unconfined drift + INCONCLUSIVE rule 9 (1.106177ms)
  ✔ audit B6: rejects a trustful verdict built on a non-VALID tree observation (2.288508ms)
  ✔ audit B6: accepts the legitimate rule-10 override (confined drift but weak observation) (0.920163ms)
  ✔ audit B6: rejects a FABRICATED rule-10 downgrade even with a valid manifest (semantic layer alone catches it) (1.068436ms)
  ✔ audit B6: observationStatus is mandatory (0.624781ms)
  ✔ refuses to treat a CONFIRMED_REGRESSION as trustworthy when round facts are too sparse to re-derive (0.793366ms)
  ✔ self-review N3: the sparse-facts refusal covers a PASS claim too (was: CONFIRMED/PRE_EXISTING only) (0.713428ms)
  ✔ robustness H1: rejects duplicate (arm,round) indices (resealed) (3.169387ms)
  ✔ round-3 B1: a RESEALED CONFIRMED whose failing identities under-account the count dies twice over (1.658532ms)
  ✔ post-sol RB-2: a resealed trustful bundle over incomparable arm coverage dies twice over (1.769836ms)
  ✔ post-sol RB-2: a trustful label with only ONE round per arm is refused (0.936819ms)
  ✔ post-sol RB-2: unstable repetition coverage under a trustful label is refused (baseline 5 vs 4 passing) (3.598371ms)
  ✔ post-sol RB-2: weak labels carry no parity requirement (honest INCONCLUSIVE rule 13 validates) (1.023394ms)
  ✔ round-3 B2: a PASS label over zero-assertion (pending-only) rounds is rejected (1.730831ms)
✔ validateBundle — semantic integrity (audit F3) (35.492181ms)
▶ post-sol M-1 — contract.ts is the single source of truth
  ✔ the committed schemas/evidence.schema.json EQUALS the generated contract (no drift) (2.923639ms)
  ✔ every always-required contract field is refused at runtime when DELETED (Sol: commands, killedByTimeout, startedAt, durationMs included) (58.739328ms)
  ✔ intentionally-optional fields may be absent (we do not blind-strictify) (0.733593ms)
  ✔ unknown fields are refused at root, round, and treeComparison scopes (policy is intentional) (3.494902ms)
  ✔ post-glm F6c: unknown fields NAMED LIKE Object.prototype members are refused too (own-property check, not `in`) (4.251585ms)
  ✔ trustful-tier fields: deleted infraSignal/snapshots/anomalies kill a trustful claim but validate clean under a weak honest label (1.617952ms)
  ✔ round indices must be contiguous per arm (an omitted round shrinks the claimed reproduction) (0.579818ms)
✔ post-sol M-1 — contract.ts is the single source of truth (72.967788ms)
▶ post-GLM round 5 — mirror constant independence + containment restatement
  ✔ STRONG_MIRROR_LABELS is a distinct copy of the classifier strong set with pinned equivalence (0.636501ms)
  ✔ refuses PRE_EXISTING_FAILURE whose candidate fails identities baseline did not (containment at 3d) (1.197883ms)
  ✔ accepts an honest PRE_EXISTING_FAILURE (identical failing sets across arms) — no over-blocking (0.762947ms)
✔ post-GLM round 5 — mirror constant independence + containment restatement (2.835765ms)
▶ Recorder.expandArgv — token expansion + enforced isolation
  ✔ expands $bin via resolver to node + bin path (6.048504ms)
  ✔ ALWAYS appends --ignore-scripts and cache isolation to install commands (3.481064ms)
  ✔ F6: flags are detected past leading options ($npm --loglevel install) (3.651946ms)
  ✔ F6: npm ci (runs lifecycle scripts by default) is also covered (2.338486ms)
  ✔ post-glm F6e: the controlled empty npm config is RE-ESTABLISHED immediately before install (tamper-between-creation-and-use) (3.809026ms)
  ✔ F6: $yarn install gets yarn-appropriate flags after -- and --ignore-scripts on the npx bootstrap (2.991897ms)
  ✔ F8: $npm -u evil.npmrc install x is REJECTED (was silent injection-skip) (2.976429ms)
  ✔ F8: conflicting config flags rejected BEFORE and AFTER the subcommand (2.375596ms)
  ✔ F8: unknown bare option before subcommand rejected; --key=value passes (3.832275ms)
  ✔ F8: exec/dlx/shell-style subcommands rejected; run of a local script is not (3.622103ms)
  ✔ F8: conflicting flags rejected in CASE VARIANTS too (red-team) (1.938944ms)
  ✔ F8: install-family options with = or after the subcommand still expand normally (1.837652ms)
  ✔ non-install commands get no injected flags (1.64711ms)
✔ Recorder.expandArgv — token expansion + enforced isolation (43.355658ms)
▶ summary/infra matchers (F1/F5 hardening)
  ✔ strict summary matcher rejects prose and accepts runner lines (0.531091ms)
  ✔ environmental error patterns are infra (F1/F2) (0.624096ms)
  ✔ audit B2: errno code in a PASSING test name is NOT infra; in an error line IS (3.850197ms)
✔ summary/infra matchers (F1/F5 hardening) (5.270788ms)
▶ Recorder.step/round — real subprocess, real artifacts (no mocks)
  ✔ captures exit code, streams, hashes, counts; unique-ifies repeated labels (72.405495ms)
  ✔ F1 shape: nonzero exit + summary claiming 0 failing is recorded with the count (61.074ms)
  ✔ F5 shape: exit 0 while summary reports failures is captured (classifier then infra-guards) (54.430004ms)
  ✔ audit F13: failing-test identities from REAL subprocess output land in fact and evidence (46.419615ms)
  ✔ audit B2 (real subprocess): 0 passing at exit 0 records reportedPassing=0 (classifier => INFRA) (66.581673ms)
  ✔ audit B2 (real subprocess): ECONNREFUSED error line at exit 0 sets infraSignal true (not swallowed by exit) (52.043861ms)
  ✔ audit B2 (real subprocess): a genuinely passing run records reportedPassing>0 and stays valid (45.794632ms)
  ✔ audit B1 e2e: same leaf title, different SUITE across candidate rounds -> FLAKY (149.21583ms)
  ✔ audit B1 e2e: identical SUITE-QUALIFIED identity across rounds stays CONFIRM-eligible (205.502173ms)
  ✔ timeout kills produce exit -1 (and tree-kill runs without throwing) (1014.938992ms)
✔ Recorder.step/round — real subprocess, real artifacts (no mocks) (1770.222395ms)
▶ audit B5 — canonical package-manager policy (closed allowlist)
  ✔ B5: install ALIASES (the pre-fix silent-skip) now receive full injection (3.960435ms)
  ✔ B5: unknown/unvetted subcommands are REJECTED, not run without policy (2.617521ms)
  ✔ B5: RAW package-manager forms rejected for ANY command position (1.817796ms)
  ✔ B5: $bin:npm bypass is rejected; $bin:mocha still works (3.368816ms)
  ✔ B5: user `--` in an install command is rejected (was the trailing-flag dead-weight bypass) (2.673369ms)
  ✔ B5 invariant (property): accepted install => isolation flags in EFFECTIVE position after the subcommand, none after a `--` (1.960654ms)
  ✔ B5: closed-allowlist families classified correctly by the policy parser (0.214702ms)
✔ audit B5 — canonical package-manager policy (closed allowlist) (17.091638ms)
▶ round-3 B5 — wrapper-mediated / frontend package-manager execution is refused
  ✔ cmd /c npm install … is refused (the canonical Windows wrapper bypass) (1.666054ms)
  ✔ powershell / pwsh … npm is refused (1.551884ms)
  ✔ env / nohup / xargs / sh -c / sudo npm are refused (POSIX wrappers) (1.788541ms)
  ✔ package-manager FRONTENDS (pnpm/bun/corepack/volta) are refused (5.288607ms)
  ✔ node executed ON a package-manager file (node npm / node npm-cli.js) is refused (3.524732ms)
  ✔ any other unenumerated literal executable fails closed (not silently expanded) (2.66767ms)
  ✔ REGRESSION: every SUPPORTED form still expands (allowlist does not over-reject) (3.284812ms)
  ✔ REGRESSION: raw npm / npm.cmd / direct npm-cli / $bin:npm still rejected (pre-existing B5.1) (1.800418ms)
✔ round-3 B5 — wrapper-mediated / frontend package-manager execution is refused (22.16187ms)
▶ round-3 secondary — crash & sweep signals reach the classification
  ✔ hasCrashSignature: matches V8/native abort phrasing, skips pass-glyph lines (0.579641ms)
  ✔ glyph discrimination (self-review N4): ava ✖ (U+2716) fires infra; ✗-titled (U+2717) prose does not (0.282588ms)
  ✔ isInfraOutput: a hard infra phrase inside a PASSING test title is not false-INFRA (round-3 secondary) (0.211817ms)
  ✔ round() records crashSignal from a real post-summary crash -> classify says INFRA rule 1 (44.340581ms)
  ✔ round() records sweepFailed (when the run outcome flags it) -> classify says INFRA rule 1 (4.463086ms)
  ✔ post-sol secondary: CR-only line endings are matched like LF/CRLF (summary + anchored crash banner) (0.616502ms)
  ✔ assertSupportedSpecExecutable: the allowlist is small and explicit (0.544961ms)
✔ round-3 secondary — crash & sweep signals reach the classification (51.626826ms)
▶ observation hardening — expandArgvWithPlan injection decision
  ✔ the double fixture is actually pinned (fails if the pin table drifted) (0.278286ms)
  ✔ post-GLM F5: the canary double is UNSELECTABLE by default — pinned bytes, no execution authority (4.3955ms)
  ✔ pinned bytes at the canonical anchor: injected, --require appended LAST, plan from the PIN (3.672218ms)
  ✔ unpinned bytes at the canonical anchor: NO injection, runner-identity-unpinned + observed hash recorded (4.590357ms)
  ✔ pinned bytes OUTSIDE the canonical anchor (hoisted): not injectable (5.936807ms)
  ✔ post-glm F6a: pinned bytes reached through a LINK at the anchor are not injectable (root case) (5.324158ms)
  ✔ post-glm F6a: a LINK ABOVE the anchor (node_modules junctioned out) is not injectable either (6.730471ms)
  ✔ post-audit F6a coverage sentinel — the link-escape regression was ACTUALLY exercised on this platform (0.262608ms)
  ✔ a subject-supplied --require/-r in a mocha argv is refused fail-closed (3.960344ms)
  ✔ post-GLM F1: an off-position $bin:mocha token is refused, never credited (5.325888ms)
  ✔ non-mocha commands: no injection attempted, absentKind not-mocha-bin (2.375797ms)
  ✔ the ABSENT path end-to-end: an unpinned double runs REAL rounds and rule 14 refuses the strong label (102.945074ms)
✔ observation hardening — expandArgvWithPlan injection decision (147.154505ms)
▶ post-sol RB-1 — semantic package-manager policy (equivalence classes)
  ✔ Sol's accepted forms are now rejected in install-family commands (4.209497ms)
  ✔ property: for EVERY protected key, every abbreviation/negation/case/= spelling is refused (install family) (55.337733ms)
  ✔ property: the per-package config family (@scope:registry, //…:auth) is refused everywhere (2.451053ms)
  ✔ property: accepted install argv ends with Canary protected flags after every user token (3.710808ms)
  ✔ invariant: no allowed install spelling resolves to a protected key (prefix-disjoint) (0.628762ms)
  ✔ legitimate script-family passthrough and fixture install shapes still expand (3.770499ms)
  ✔ resolveOptionToken normalizes case, =-values, and one leading no- (0.401732ms)
  ✔ empirical: npm applies abbreviation + negation + LAST-WINS ordering (the semantic premises) (581.47331ms)
✔ post-sol RB-1 — semantic package-manager policy (equivalence classes) (652.542987ms)
▶ FINDING B — infra matching is case/encoding symmetric (must-match direction)
  ✔ exact GLM counterexample: mixed-case npm error + fake summary (1.703745ms)
  ✔ all case variants of npm error / npm ERR! fire (0.36792ms)
  ✔ hard patterns fire in any case (module/ERESOLVE/SyntaxError shapes) (0.276321ms)
  ✔ CR-only and CRLF line endings still see the signatures (0.283907ms)
  ✔ ANSI-wrapped signatures still fire (real colored npm output) (0.183188ms)
  ✔ SOFT errno lines fold case too (0.427791ms)
  ✔ crash signatures survive ANSI decoration (0.674652ms)
  ✔ runner summary is recognized through ANSI colors (real colored mocha) (0.535997ms)
✔ FINDING B — infra matching is case/encoding symmetric (must-match direction) (6.670929ms)
▶ FINDING B — benign prose NEVER flips to infrastructure (false-positive direction)
  ✔ passing test TITLES quoting error phrases are not infra (1.973429ms)
  ✔ intentional E404 assertions and historical logs inside test prose are not infra (1.381022ms)
  ✔ summary regexes stay anchored (prose containing "5 passing" mid-sentence) (0.301169ms)
✔ FINDING B — benign prose NEVER flips to infrastructure (false-positive direction) (4.073646ms)
▶ post-GLM F3 — summary recognition and count parsing share one view
  ✔ an ANSI-wrapped failing line is counted as surely as it is recognized (0.640807ms)
  ✔ a fully colored genuine run is recognized AND counted (no false infra) (1.249713ms)
  ✔ lone-CR and ANSI compose identically across both functions (0.421867ms)
✔ post-GLM F3 — summary recognition and count parsing share one view (2.592209ms)
▶ auditPackageManifestText — lifecycle hooks refuse execution
  ✔ accepts a clean manifest (1.249963ms)
  ✔ refuses preinstall hook (0.269372ms)
  ✔ refuses install hook (0.194772ms)
  ✔ refuses postinstall hook (0.296536ms)
  ✔ refuses prepare hook (0.149945ms)
  ✔ rejects invalid JSON without throwing (0.156679ms)
✔ auditPackageManifestText — lifecycle hooks refuse execution (3.816571ms)
▶ auditFixtureDir — rc-file injection gate
  ✔ refuses a fixture shipping .npmrc (5.157908ms)
  ✔ F10: finds rc files nested anywhere in the pinned source (2.692439ms)
  ✔ F7: refuses an UPPERCASE .NPMRC (Windows/macOS load it as project config) (1.351386ms)
  ✔ F7: also catches mixed-case nested .YarnRc.yml (3.207469ms)
✔ auditFixtureDir — rc-file injection gate (13.009576ms)
▶ expectedExtractedDir
  ✔ matches codeload tarball root naming (0.276889ms)
✔ expectedExtractedDir (0.482363ms)
▶ audit F6 — child env observation: declared == observed
  ✔ the child sees EXACTLY the declared allowlist keys (nothing undeclared) (70.885988ms)
  ✔ Windows session identity vars are neutralized, not merely absent from the block (53.54019ms)
  ✔ the real account identity is not reachable via any observed value (57.897129ms)
✔ audit F6 — child env observation: declared == observed (183.932922ms)
▶ KNOWN_RUNNER_RELEASES — npm pins equal their reviewed manifests (offline)
  ✔ every npm-origin entry has a manifest and the hashes agree (5.436648ms)
  ✔ canary-double entries are the ONLY non-manifested pins (offline e2e bytes live in-repo) (0.321364ms)
✔ KNOWN_RUNNER_RELEASES — npm pins equal their reviewed manifests (offline) (7.121635ms)
▶ post-GLM F5 — findRunnerPin: origin is an execution-authority gate
  ✔ double bytes are UNSELECTABLE by default: pinned hash, zero execution authority (1.063281ms)
  ✔ only the explicit in-process grant selects the double (0.286234ms)
  ✔ npm pins stay selectable in BOTH postures — the gate is origin-scoped, not blanket (0.260604ms)
✔ post-GLM F5 — findRunnerPin: origin is an execution-authority gate (2.212408ms)
▶ audit F5 — sweep mechanism (live parent, positive proof)
  ✔ sweepDescendants finds and kills a live parent's child process (252.487156ms)
✔ audit F5 — sweep mechanism (live parent, positive proof) (254.269088ms)
▶ audit F5 — containment through runCommand
  ✔ normal exit-0 of a child that left a helper behind: sweep clean, no survivors (259.56496ms)
  ✔ a clean exit with no descendants sweeps nothing and does not fail (49.50666ms)
  ✔ timeout: tree kill + sweep leave no survivors and do not fail (2018.864762ms)
  ✔ the swept child PID itself is never listed as killed (only descendants) (52.134115ms)
✔ audit F5 — containment through runCommand (2382.209383ms)
▶ audit S1 — POSIX session-membership predicate (setpgid escapees)
  ✔ a member of the child session is caught even after it setpgid()s (0.574411ms)
  ✔ a member of the child group is caught (0.410454ms)
  ✔ an unrelated process is not swept (1.23184ms)
✔ audit S1 — POSIX session-membership predicate (setpgid escapees) (3.09419ms)
ℹ tests 636
ℹ suites 100
ℹ pass 636
ℹ fail 0
ℹ cancelled 0
ℹ skipped 0
ℹ todo 0
ℹ duration_ms 28602.33602
npm notice
npm notice New major version of npm available! 11.19.0 -> 12.0.2
npm notice Changelog: https://github.com/npm/cli/releases/tag/v12.0.2
npm notice To update run: npm install -g npm@12.0.2
npm notice
