PASS isolate creates a detached worktree of the EXACT base commit; registry records it; base stays status-clean
PASS verify PASS: sealed plan ran INSIDE the candidate; evidence landed in the BASE; nothing applied
PASS a committed failing change in the candidate FAILS verification; base byte-identical
PASS worker repairs inside the candidate; verification PASSes again (fail → repair → PASS loop)
PASS swapping the sealed script BLOCKS BEFORE EXECUTION — the replacement never ran
PASS committed advancement is visible: list says ADVANCED, PASS names the commit count
PASS worker-added pretest hook around a sealed step BLOCKS before execution — hooks live outside the seal
PASS candidate-side .npmrc ABSENT from the base BLOCKS (flags outside the seal)
PASS dirty base: honest note, candidate holds the COMMITTED base only, stray work untouched; duplicate name refused
PASS spaces and Unicode in --path work for create and verify (argv plumbing, no shell round-trip)
PASS remove refuses a dirty candidate without --discard; --discard removes exactly worktree + record
PASS vanished candidate (crash/deleted dir): list LOST, verify blocks honestly, remove prunes the stale registration
PASS a forged record pointing at an UNRELATED real repo is caught by git-common-dir binding; that repo is untouched
PASS unregistered worktrees are reported and NEVER touched (user work, not Canary's)
PASS a COMMITTED gitlink blocks as submodule even with NO .gitmodules — the old existence gate was blind to this
PASS .npmrc IDENTICAL to base passes; CHANGED in the candidate blocks; checkout restores
PASS EMPTY on-disk plan blocks honestly — no plan, no fake green (pre-M5-shaped hand edit)
PASS --path OUTSIDE the base: registers, verifies, and CLEAN-removes (record dir created on demand)
PASS whole story end-state: base identity unchanged, registry holds only w1, no stray evidence in candidates
M7 candidate-isolation: ALL PASS
