
> canary-reliability-network@0.0.0 test
> npm run build && node --test "packages/**/dist/test/*.test.js" "apps/**/dist/test/*.test.js"


> canary-reliability-network@0.0.0 build
> tsc -b

▶ panel K layer 1 — the validator refuses hostile frame streams
  ✔ CONTROL: an honest watched lifecycle validates VALID (the battery needs a standing baseline) (2.34417ms)
  ✔ post-glm F6b: capture DELIBERATELY honors a complete stream paired with exit -1 — the veto lives in classification, not here (0.376428ms)
  ✔ (ii) injected round with ZERO frames on the channel is INVALID (0.265791ms)
  ✔ (iii) a missing bye — and a misplaced bye — are INVALID boundary violations (0.397069ms)
  ✔ (iv) a reject frame (adapter caught a forged/dup event LIVE) condemns the round (0.350282ms)
  ✔ (v) text claiming "2 passing" over 1 watched pass is INVALID — and a lying bye cannot fix it (0.459288ms)
  ✔ (vi) a forged hello.mochaVersion is INVALID — vs the pin and vs its own shape (0.434941ms)
  ✔ panel 1 extras: flood truncation, duplicate credits, unknown kinds and no-summary all fail closed (0.297834ms)
  ✔ (xi) garbage lines, non-object frames, adapter-error and masked exit each condemn the round (0.415784ms)
✔ panel K layer 1 — the validator refuses hostile frame streams (8.123243ms)
▶ panel K layer 2 — the pipeline end-to-end refuses unattested execution
  ✔ (i) a plain-node text stub that reads as a clean run degrades to INCONCLUSIVE rule 14 (1590.953075ms)
  ✔ (vii) an UNPINNED double running the observer protocol on fd 3 gets stray-bytes forensics, zero credit (1233.91263ms)
  ✔ (viii) AM-1 kill test: double CLAIMS the pinned version, bytes are wrong -> ABSENT, strong unreachable (1172.979924ms)
  ✔ (ix) a subject --require in spec argv is refused fail-closed (protected preload flag) (519.194698ms)
  ✔ (x) process.exit() mid-round: watched lifecycle never ends -> INVALID, never strong (1133.698697ms)
✔ panel K layer 2 — the pipeline end-to-end refuses unattested execution (5651.484065ms)
▶ post-GLM F1 — off-position runner token earns no execution credit
  ✔ refused fail-closed: forging `node -e` with the token trailing (480.514603ms)
  ✔ refused fail-closed: forging prelude script with the token after it (436.403863ms)
  ✔ positive control: the executed-position token still earns VALID and a strong verdict (945.245307ms)
✔ post-GLM F1 — off-position runner token earns no execution credit (1862.53113ms)
▶ post-GLM F4 — infra prose cannot mask an attested regression
  ✔ a VALID round whose stdout trips the infra signature still yields CONFIRMED_REGRESSION (864.319509ms)
✔ post-GLM F4 — infra prose cannot mask an attested regression (864.535101ms)
▶ post-GLM F5 — an untrusted spec cannot select the canary double
  ✔ double bytes staged by the spec itself: NO injection, every round ABSENT, INCONCLUSIVE rule 14 (864.343772ms)
  ✔ trusted control: with the in-process grant the SAME spec earns VALID + a strong verdict (859.905232ms)
✔ post-GLM F5 — an untrusted spec cannot select the canary double (1724.511465ms)
▶ audit M8 — CLI subprocess exit-code contract
  ✔ check on honest evidence exits 0 and prints PASS (2392.918087ms)
  ✔ check on a tampered artifact exits 3 and names the tampered file (1991.838822ms)
  ✔ report refuses a fabricated bundle (exit 3) and renders a valid one (exit 0) (2000.852566ms)
  ✔ audit F12: report with NO argument defaults to the latest run and renders bundle-persisted failing identities (1666.046025ms)
  ✔ version exits 0; no command prints usage and exits 3 (misuse) (126.022805ms)
  ✔ round-3 secondary: an infrastructure abort exits 2 (environment fault), never 3 (misuse) (95.659537ms)
✔ audit M8 — CLI subprocess exit-code contract (8275.511227ms)
▶ FINDING A — subject text alone can never create a strong verdict
  ✔ the GLM counterexample (console.log "128 passing") is never PASS (1600.016067ms)
  ✔ test command node -e printing mocha-shaped prose is never PASS (1241.743258ms)
  ✔ a printed failing summary is never CONFIRMED_REGRESSION (1172.533541ms)
✔ FINDING A — subject text alone can never create a strong verdict (4015.452974ms)
▶ KNOWN_RUNNER_RELEASES — table == disk (canary-double)
  ✔ the pinned double hash equals the treeSha256 of the repo fixture bytes (2.334551ms)
  ✔ no placeholder digests survive, every entry is well-formed, versions unique per package (0.291494ms)
✔ KNOWN_RUNNER_RELEASES — table == disk (canary-double) (4.333988ms)
✔ intent matching the live authority stays SILENT (the guard must not shout at innocence) (599.801747ms)
✔ legacy record with no intent field verifies exactly as before (additive) (549.344292ms)
✔ dropped plan step since isolation → intent block before identity (459.46368ms)
✔ re-sealed script text (digest differs) → intent block (503.020011ms)
✔ seal vanished (authority re-created without one) → intent block (572.847748ms)
✔ task kind registered at isolation gone now → intent block (466.152771ms)
✔ registered requirements shrink → intent block (451.805292ms)
✔ INCREASES are allowed: richer plan + richer task sail past the guard (510.11366ms)
✔ restore = recovery: re-adding the dropped step clears the block, still grudgeless (514.156381ms)
✔ malformed intent fields make the RECORD invalid (a guard cannot read a snapshot it will not parse) (520.820692ms)
✔ gate order: quarantine refusal and impersonation outrank the intent guard (470.134255ms)
✔ committed test deletion in the candidate diff is ATTRIBUTABLE (the worktree began provably clean) (75.92709ms)
✔ renaming a test OUT of test paths counts as attributable coverage loss (80.319587ms)
✔ the suffix-surviving escape: tests/x.test.js → src/x.test.js is STILL coverage loss (adversary F3) (82.410282ms)
✔ the directory rule does not shout at innocence: suffix-only moves and in-dir moves stay intact (152.790451ms)
✔ the isolation premise names what the candidate boundary can NOT prove (correctness #5): never "setup" (67.492781ms)
✔ an unanswerable baseHead probe fails SAFE: deletions UNATTRIBUTABLE, never a false met (56.65753ms)
✔ added test file: changes carries it, deletions stay empty (regression evidence, not loss) (82.244073ms)
▶ deriveObservedCounts (pure): parses bytes, never judges them
  ✔ knows the four summary dialects (1.805964ms)
  ✔ last match wins; free text with no counts is null (0.240805ms)
  ✔ adversarial output cannot stall the parse (bounded tail + bounded jest gap) (24.708649ms)
✔ deriveObservedCounts (pure): parses bytes, never judges them (27.98831ms)
▶ candidateIdentity (pure): unknown candidate stays unknown
  ✔ a fake .git that cannot answer is recorded UNIDENTIFIED, never upgraded (6.575385ms)
  ✔ a fake .git under a REAL parent repo is still UNIDENTIFIED — git never lends ancestor identity (90.724347ms)
✔ candidateIdentity (pure): unknown candidate stays unknown (97.69285ms)
▶ verification bundle: what Canary EXECUTED, recorded from its own run
  ✔ setup writes argv/cwd/runtime/candidate/raw-bytes+digests/counts; empty output hashes truthfully (477.488226ms)
  ✔ a failing check records exit code + observed counts, and the bundle does not change the verdict (737.542034ms)
  ✔ a hostile plan-step kind in config cannot shape a path out of the bundle dir (S3, per-component) (678.30432ms)
  ✔ retention is bounded and owns only its own directory names (782.374756ms)
✔ verification bundle: what Canary EXECUTED, recorded from its own run (2677.156663ms)
▶ claims are hints: never a pass, never a block, at most an annotation
  ✔ claim + green run stays SILENT even when the claim is absurd (743.166726ms)
  ✔ diverging claim annotates an already-decided block with claim-vs-observed, both sides parsed (685.433279ms)
  ✔ without a claim the block reason is exactly the pre-M2 shape — no note (609.399674ms)
  ✔ a claim that MATCHES the printed lie still cannot stop the block (exit code is the oracle) (685.179003ms)
  ✔ forged evidence + forged last-checkpoint never produce a pass: nothing is read back (560.311815ms)
  ✔ a claim whose timestamp is not ISO-shaped cannot smuggle prose into the block reason (725.772755ms)
  ✔ an ISO-PREFIXED prose tail cannot smuggle into the note either (end anchor) (512.167666ms)
  ✔ a corrupt claims file is inert: the block stands, unannotated, no crash (517.826563ms)
  ✔ a claims file linked outside the repo is never read (S3) (440.180658ms)
✔ claims are hints: never a pass, never a block, at most an annotation (5480.125437ms)
▶ claim intake guards
  ✔ empty claim is misuse (exit 3) and writes nothing (56.610076ms)
  ✔ claims without a usable repo are refused with exit 2, nothing written (51.189093ms)
  ✔ inside a repo Canary does not trust: NEEDS ATTENTION, no claim written (49.82928ms)
  ✔ a set-up repo stores the claim labeled UNTRUSTED HINT, capped, and says so (459.371339ms)
  ✔ a claims/ dir linked outside the repo refuses the write (S3, exact path) (310.877804ms)
  ✔ a config from another installation refuses claims too (S2) (312.775598ms)
✔ claim intake guards (1241.01424ms)
▶ writers stamp their own class, honestly
  ✔ every verification bundle Canary writes is CANARY_OBSERVED (setup/doctor/checkpoint) (1401.038533ms)
  ✔ the claim envelope is stamped AGENT_REPORTED next to its UNTRUSTED HINT authority (410.707503ms)
✔ writers stamp their own class, honestly (1812.865559ms)
▶ labels are inert as input — no promotion by declaring or copying
  ✔ a hand-written claim self-declaring CANARY_OBSERVED/"VERIFIED" changes nothing but annotation prose (786.562715ms)
  ✔ a forged CANARY_OBSERVED pass bundle cannot stop a block and is kept as inert data (656.216073ms)
  ✔ no side door: extras handed to the bundle writer can never shadow its reserved fields (50.698786ms)
  ✔ doctor re-derives despite a forged pass bundle: NEEDS ATTENTION, never READY (717.594347ms)
✔ labels are inert as input — no promotion by declaring or copying (2211.71128ms)
▶ class coverage and UX
  ✔ EXTERNALLY_VERIFIED has no producer: nothing under .canary ever carries it (1066.591628ms)
  ✔ trust classes are verbose-only — default output stays simple (1013.96126ms)
✔ class coverage and UX (2081.023971ms)
▶ the bundle answers the M4 questions
  ✔ setup records planDigest (matching the in-memory plan), baseline, and ordered per-step stamps (465.316549ms)
  ✔ planDigest is deterministic, order-sensitive, and binds kind AND script (0.398367ms)
✔ the bundle answers the M4 questions (467.053966ms)
▶ the task label is a digest with zero verdict authority
  ✔ checkpoint records taskDigest on a pass and never stores the prose anywhere (765.424992ms)
  ✔ on a failing plan the block is byte-identical with or without a task label (1424.076534ms)
  ✔ absent or empty task yields taskDigest null; an old sender without task still gets full provenance (940.68207ms)
✔ the task label is a digest with zero verdict authority (3130.640161ms)
▶ the companion hash binds bytes — and says what it is not
  ✔ verification.sha256 matches the bundle bytes, detects a one-byte tamper, and is labeled tamper-evidence only (896.748361ms)
✔ the companion hash binds bytes — and says what it is not (897.045281ms)
▶ baseline honesty
  ✔ a pre-M4 config (no baseline) yields baseline null, never an invented identity (702.649008ms)
✔ baseline honesty (702.973803ms)
▶ setup seals the verification authority
  ✔ the seal binds the plan digest and the verbatim text of each script it runs (1396.416747ms)
✔ setup seals the verification authority (1397.760896ms)
▶ the spec attack: honest command -> "echo all good"
  ✔ a swapped script text that WOULD pass by exit code is blocked as authority drift (420.218208ms)
  ✔ the loop guard holds on authority drift: one repair attempt, then honest stop (528.244211ms)
  ✔ restoring the sealed text restores silent verification (drift detection, not a grudge) (1132.375175ms)
✔ the spec attack: honest command -> "echo all good" (2081.374629ms)
▶ the config side of the same attack
  ✔ editing cfg.plan mid-task without re-sealing blocks (459.965407ms)
  ✔ a malformed hand-planted seal fails closed (498.837719ms)
  ✔ a pre-M5 config (no seal) verifies exactly as before — additive (1251.058278ms)
✔ the config side of the same attack (2210.305477ms)
▶ re-sealing and visibility
  ✔ re-running setup re-seals the new text under a visible smoke; then it verifies (1043.586168ms)
  ✔ doctor refuses READY on drifted authority (400.777514ms)
✔ re-sealing and visibility (1444.59908ms)
▶ task-kind inference from prose (union — a mislabel adds work, never removes it)
  ✔ one phrase can raise several kinds at once (2.333187ms)
  ✔ prose matching nothing infers no kinds (the pre-M6 posture stays reachable) (0.175372ms)
  ✔ the whole word "defect" infers bugfix (review #7: a leading-space typo dropped the word) (0.140026ms)
✔ task-kind inference from prose (union — a mislabel adds work, never removes it) (3.633499ms)
▶ git output parsers (-z raw bytes: no quoting to outsmart, never crash, never invent paths)
  ✔ name-status -z: NUL-separated; renames consume both paths; unknown codes degrade to mod (0.519973ms)
  ✔ porcelain -z: ??=add, staged/working D=del, R/C take a SECOND NUL token as the new name (0.355384ms)
  ✔ delPaths: deletes count; a rename AWAY from a test path is coverage loss; a rename that stays a test is not (review #5) (0.409061ms)
✔ git output parsers (-z raw bytes: no quoting to outsmart, never crash, never invent paths) (1.571184ms)
▶ obligationsFor — the one-way obligation engine
  ✔ bugfix: test ADDED/MODIFIED = met; nothing touched = UNPROVEN, never silent (0.823925ms)
  ✔ a pure test-file DELETION is never regression evidence (review #4) (0.372909ms)
  ✔ refactor: needs tests-green AND a coverage-loss answer; no-tests plan says so honestly (0.29518ms)
  ✔ attributable test deletion is UNMET (the block signal); unattributable is UNPROVEN only (0.319399ms)
  ✔ unattributable note: "already dirty at setup" ONLY when the stamp proved it (review #6) (0.21406ms)
  ✔ path rendering: 8-path cap and odd-path collapse (candidate text never rides the note) (0.161307ms)
  ✔ dependencies: implied by diff even without any declaration — and always non-objective (0.237561ms)
  ✔ performance/UI: met ONLY through a human-sealed bench/e2e step; else UNPROVEN with the honest exit (0.178655ms)
  ✔ multi-part: counted requirements and the one-concise-question variant (0.187747ms)
  ✔ a fully-covered refactor with a green sealed plan yields ONLY met obligations (silent path exists) (0.155084ms)
  ✔ kinds never declared still get the diff-implied floor: no kinds + clean signals = no obligations beyond tests-green (0.168561ms)
✔ obligationsFor — the one-way obligation engine (3.693131ms)
▶ canary task — an AGENT_REPORTED hint with zero authority
  ✔ setup + register: digest-only storage, inferred kinds, explicit zero-authority line (667.906915ms)
  ✔ --kind overrides inference; --requirement forces multi; hostile input is usage, not a crash (738.55107ms)
  ✔ registering a task against no setup / no git says so; nothing is written (69.933602ms)
✔ canary task — an AGENT_REPORTED hint with zero authority (1476.788548ms)
▶ checkpoint/doctor integration — the sealed plan passes, obligations decide the tone
  ✔ no task record, no prose, fake git: byte-identical pre-M6 silence (additive) (645.734238ms)
  ✔ registered bugfix with no test change: the pass rides an honest UNPROVEN systemMessage, never silence (826.76599ms)
  ✔ hook-stdin task prose infers kinds even without a registration (660.351813ms)
  ✔ a malformed/hand-planted record degrades to the no-record posture, hostile kinds filtered (1210.251846ms)
  ✔ fake git makes diff signals unresolvable: a registered refactor is UNPROVEN, never a silent met (681.240852ms)
  ✔ doctor lists open obligations instead of a bare READY (1088.250996ms)
  ✔ config rewrite keeps the seal: obligations never execute anything unsealed (534.502423ms)
✔ checkpoint/doctor integration — the sealed plan passes, obligations decide the tone (5647.848839ms)
✔ built CLI exists (run npm run build first) (1.689153ms)
✔ isolate misuse exits 3 with usage, and never touches the repo (1260.463077ms)
✔ isolate refuses a repo Canary does not verify (no config, exit 2) (69.795432ms)
✔ isolate refuses a base whose own config is distrusted (402.983ms)
✔ create refuses under fake git — an unresolvable base cannot be isolated from (and nothing registers) (440.796517ms)
✔ verify refuses a malformed or name-mismatched record without executing anything (571.259832ms)
✔ verify refuses a record whose baseRoot is not this repo (impersonation guard, before any identity read) (433.611928ms)
✔ verify of a LOST candidate (fake git => unresolvable) blocks honestly and writes a BLOCKED bundle (438.635669ms)
✔ under fake git, verify can NEVER report PASS — the fail-closed ceiling of the whole contract layer (497.118626ms)
✔ list is honest with no registry, survives invalid records, and exits 0 (it never executes anything) (510.709287ms)
✔ remove refuses unregistered names; a vanished candidate is pruned honestly (record deleted, exit 0) (475.217504ms)
✔ uninstall refuses to delete .canary while candidates are registered (worker trees stay protectable) (489.136082ms)
✔ built CLI exists (run npm run build first) (5.178766ms)
✔ isolate --promote misuse exits 3 (name required, flags scoped, one mode) (1017.352929ms)
✔ promote refuses a repo Canary does not trust (exit 2, before any record read) (85.068868ms)
✔ promote of a missing or malformed record delegates to verify (exit 2, identical refusal) (493.250144ms)
✔ promote refuses an impersonated record (different baseRoot) with the canonical guard (468.232738ms)
✔ under fake git, promote BLOCKS via live verify and can never apply or accept (661.049069ms)
✔ promotion bundles obey bounded evidence retention (nothing is kept forever) (499.146167ms)
✔ intact harness entry keeps the pre-gate SILENT: LOST-style block, zero §9 lines (678.552171ms)
✔ harness entry deleted outside the window → §9 before execution (containment pre-gate) (542.734909ms)
✔ harness entry scrubbed (valid JSON, entry gone) → §9 with after "entry missing" (475.95202ms)
✔ gate order: record refusals (ghost / malformed / impostor) precede the pre-gate even with settings deleted (561.097661ms)
✔ evidence tree is in the fingerprint set: plant / edit / wipe all drift, untouched tree stays quiet (24.410625ms)
✔ §9.5 quarantine refusal out-ranks EVERY gate — even record refusals — and writes no bundle (507.266563ms)
✔ a human re-seal (setup) is the clearing act — the marker vanishes with the deliberate restore (858.90474ms)
✔ the containment pre-gate stays grudgeless: a before-execution mandate stamps NO marker, and restoring bytes recovers cleanly (575.885053ms)
✔ a config that promised nothing runs no containment gate (hand-written touched: []) (419.91084ms)
▶ detection (pure)
  ✔ lockfiles pick the package manager, first match wins in declared order (4.801356ms)
  ✔ plan is conservative, ordered, and exact-name only (1.778921ms)
  ✔ shell-shaped script names never enter a plan (0.978535ms)
  ✔ a quote-bearing CLI path cannot be embedded — buildHookCommand refuses (0.320795ms)
  ✔ containedRealPath: inside stays inside, outside resolves to null (S3 floor) (3.748799ms)
✔ detection (pure) (13.661995ms)
▶ setup
  ✔ happy path: READY, hook registered, evidence written, user repo untouched otherwise (745.713051ms)
  ✔ re-run is idempotent: one Canary entry, no duplicates, user entry preserved (757.716747ms)
  ✔ malformed settings.json: refuse, exit NEEDS ATTENTION, bytes untouched (93.17435ms)
  ✔ S5: valid JSON with a non-list hooks section gets a plain-words refusal, not an internal crash (193.157586ms)
  ✔ failing project checks never print READY (NO PROOF, NO DONE) (848.117498ms)
  ✔ unattended without --yes: installed but NOT READY — nothing executed, nothing proven (142.754882ms)
  ✔ no supported harness: explicit message, not a fake integration (76.045031ms)
  ✔ Windows path quoting survives E2E: a project path containing spaces onboards and self-checks (754.125789ms)
✔ setup (3611.960374ms)
▶ checkpoint (harness entry)
  ✔ pass -> silent allow (human never interrupted) (621.137299ms)
  ✔ failure -> decision:block with the reason (agent gets a repair turn) (590.889518ms)
  ✔ loop guard: stop_hook_active allows with an honest systemMessage, never re-blocks (607.228135ms)
  ✔ repo without Canary wiring: exit 0, silent (stay out of the way) (64.963414ms)
  ✔ S2: a config written by a different installation never executes — loud UNVERIFIED instead (342.37107ms)
  ✔ S7: a parseable-but-wrong-shape config is treated as corrupt everywhere, never a crash (775.69953ms)
  ✔ F-1: a half-written (truncated) config is loud UNVERIFIED at checkpoint, never silent; doctor stays NEEDS ATTENTION (364.179472ms)
✔ checkpoint (harness entry) (3366.98505ms)
▶ atomic config writes (GLM F-2)
  ✔ leaves no temp residue and round-trips exactly (15.247859ms)
  ✔ a crash before the final rename leaves the PREVIOUS config byte-intact, never a corrupt half-file (24.869993ms)
  ✔ every write is fsync-ed BEFORE its publish rename (durable-then-visible order is pinned) (10.677962ms)
  ✔ a crash during the settings write surfaces as a problem — original untouched, backup kept, no residue (7.985746ms)
✔ atomic config writes (GLM F-2) (59.035871ms)
▶ doctor + uninstall
  ✔ READY after a green setup; hook deletion is detected loudly; --run still works (now always-on) (1292.066969ms)
  ✔ S4: a FORGED or stale checkpoint file can never produce READY — only this run can (670.382085ms)
  ✔ never set up -> NEEDS ATTENTION with the one command; outside git -> UNSUPPORTED (99.412098ms)
  ✔ uninstall removes exactly Canary, preserves everything else; repeat is safe (709.4668ms)
  ✔ S1: an out-of-repo touched path in the config is refused, untouched, loudly (514.714945ms)
  ✔ S6: partial cleanup keeps .canary so the promised retry can actually finish (391.585908ms)
  ✔ S2-adjacent: uninstall of a foreign-cliPath config is refused (cannot prove ownership) (463.347132ms)
✔ doctor + uninstall (4141.350754ms)
▶ degenerate empty plan (hand-edited config must not fake green)
  ✔ checkpoint: zero checks executed -> UNVERIFIED systemMessage, never a silent pass; doctor flags it (985.034986ms)
✔ degenerate empty plan (hand-edited config must not fake green) (985.134617ms)
▶ link containment (S3)
  ✔ checkpoint evidence is never written through a link pointing outside the repo (1109.723506ms)
  ✔ setup refuses outright when a managed file is a link (dangling included) (44.115295ms)
✔ link containment (S3) (1153.971788ms)
▶ hook entry shape + ownership
  ✔ hasCanaryEntry matches exact command only (0.159354ms)
✔ hook entry shape + ownership (0.221611ms)
▶ audit M8 — offline pipeline end-to-end
  ✔ confined regression: CONFIRMED_REGRESSION, real artifacts re-hash clean (2226.194134ms)
  ✔ unconfined tree drift is downgraded to INCONCLUSIVE rule 9 (F9 e2e) (1400.066397ms)
  ✔ a tampered artifact is caught end-to-end by the prove path (F4 e2e) (1293.270763ms)
  ✔ a fabricated self-contradictory bundle is refuted by validateBundle (F3 e2e) (1258.344379ms)
  ✔ round-3 secondary: a fetch failure is INFRASTRUCTURE (InfraAbort -> CLI exit 2), not generic error (2.571863ms)
  ✔ round-3 secondary: an extraction failure is INFRASTRUCTURE too (3.231222ms)
✔ audit M8 — offline pipeline end-to-end (6185.857955ms)
▶ round-3 B3 — the proof host is the ACTUAL runtime, never the evidence
  ✔ pristine run + proofHost = this machine: full gate PASSes with ZERO skipped assertions (1396.367545ms)
  ✔ THE AUDIT ATTACK: reseal host metadata to dodge host checks -> gate FAILS (exit 1), never skip-to-PASS (1252.20897ms)
  ✔ resealing the environment TO MATCH the real machine is not an attack: identity is reality, not paper (1184.611299ms)
  ✔ off the proof host (simulate a foreign runtime): strict checks SKIP and the verdict INCOMPLETE (exit 2) — PASS is not claimed (1158.359161ms)
  ✔ post-sol F1 — SELF-CONSISTENT is NOT proof-agreement: a bundle fully consistent on this machine can still FAIL check against a diverged committed proof (1121.296239ms)
  ✔ a lying proof file cannot flip the verdict either: proofHost=foreign while running here still skips (evidence-agnostic) (918.231395ms)
✔ round-3 B3 — the proof host is the ACTUAL runtime, never the evidence (7032.8356ms)
▶ post-GLM F2 — executable bytes are part of the host identity
  ✔ a trojan runtime claiming the proof-host METADATA but running different bytes can never PASS (870.217602ms)
  ✔ a proof naming a proofHost but omitting the exec digest is REFUSED — loud FAIL, never a silently weaker gate (868.045893ms)
  ✔ the sampler reports the ACTUAL bytes of the running executable (161.985249ms)
  ✔ an environment ATTESTATION stays metadata-only: the evidence block carries no bytes to compare (documented residual) (0.216947ms)
✔ post-GLM F2 — executable bytes are part of the host identity (1900.843778ms)
▶ verifyArtifacts — audit F4 (proof must rehash the real artifacts)
  ✔ accepts a bundle whose every recorded hash matches the file on disk (6.303238ms)
  ✔ rejects a tampered raw stdout (recorded hash kept, content swapped) (8.308872ms)
  ✔ rejects a tampered normalized stdout independently of the raw one (6.832004ms)
  ✔ rejects quietly deleted stderr artifacts (4.842168ms)
  ✔ rejects all four substituted files of one round (raw, raw-err, norm, norm-err) (5.202751ms)
  ✔ rejects a logPath that breaks the round-ownership contract (2.978555ms)
✔ verifyArtifacts — audit F4 (proof must rehash the real artifacts) (36.641035ms)
▶ verifyArtifacts — audit B3 (path confinement + ownership)
  ✔ ../../ identical external substitution is refused (ownership), not verified against the external bytes (3.091274ms)
  ✔ absolute external path in logPath is refused (2.35735ms)
  ✔ cross-round swap (candidate#1 claims candidate#2 log) is refused (2.961148ms)
  ✔ baseline pointing at a candidate artifact is refused (3.081747ms)
  ✔ a valid canonical relative artifact path verifies clean (3.035082ms)
  ✔ missing + modified artifacts are refused (7.359187ms)
  ✔ a symlinked artifact resolving outside the dir is refused (symlink escape) (7.806479ms)
✔ verifyArtifacts — audit B3 (path confinement + ownership) (30.854638ms)
▶ assertProof — audit F11 + round-3 B3 (host-exactness from the ACTUAL runtime)
  ✔ legacy proof (no proofHost): host-exact hashes NEVER assert — recorded-env match grants nothing (post-glm F6f) (5.896179ms)
  ✔ post-glm F6f: an ABSENT proofHost can never grant host-exact trust — resealed env metadata cannot PASS the proof (6.912936ms)
  ✔ matching proofHost + actual runtime on it: every assertion including hashes AND the environment binding evaluates (2.628852ms)
  ✔ round-3 B3 core: resealing the evidence environment can NO LONGER skip strict checks — it FAILS the binding (2.541698ms)
  ✔ off-proof-host: host-exact comparisons skip (flagged, not silent); portable assertions still evaluate; verdict is INCOMPLETE (2.091954ms)
  ✔ off-proof-host with tampered committed hashes still passes portable checks (and this is exactly why verifyArtifacts exists) (12.552913ms)
✔ assertProof — audit F11 + round-3 B3 (host-exactness from the ACTUAL runtime) (33.2435ms)
▶ round-3 B3 — environment attestation + verdict helpers
  ✔ environmentAttestationIssues: silent only when claim == ACTUAL runtime (9.126971ms)
  ✔ proofVerdict: PASS requires zero failures AND zero skips (0.259982ms)
✔ round-3 B3 — environment attestation + verdict helpers (9.607853ms)
▶ round-3 B4-D — exact failing-identity set equality (proof vs candidate bytes)
  ✔ faithful expectation: exact set holds (0.488067ms)
  ✔ proof pinning a SUBSET (hiding a real failure) FAILS (0.415283ms)
  ✔ proof pinning an EXTRA (non-existent) identity FAILS (0.26583ms)
  ✔ the exact-set check is portable — it evaluates (never skips) off-host (0.480598ms)
  ✔ a proof that does not pin the tarball digest FAILS the pin requirement (0.232676ms)
  ✔ assertProof alone refuses a resealed experimentId the proof does not name (mutation N10) (0.412501ms)
  ✔ a proof declaring a schema version the reader does not implement FAILS (portable) (0.381313ms)
✔ round-3 B4-D — exact failing-identity set equality (proof vs candidate bytes) (3.623741ms)
▶ post-sol secondary — host sampling is immune to the verifier process environment
  ✔ a poisoned NODE_OPTIONS in the verifying process does NOT crash or steer the fingerprint (507.07619ms)
✔ post-sol secondary — host sampling is immune to the verifier process environment (507.244406ms)
▶ audit B4 — provenance forgery matrix (which layer refuses)
  ✔ pristine run passes the whole gate (1407.679103ms)
  ✔ rewriting failure counts is caught — round-3 B1 coverage gate fires even earlier (at validateBundle) (1234.351518ms)
  ✔ rewriting failing-test identities is caught by byte re-derivation (resealed) (1179.227506ms)
  ✔ NEW: per-round name/value disagreement with bytes is caught (one round forged) (1155.973591ms)
  ✔ rewriting digests away from bytes is caught by verifyArtifacts (resealed) (1139.119927ms)
  ✔ rewriting the repo URL is caught by the committed proof (resealed) (919.692056ms)
  ✔ rewriting experimentId is caught by the workspace binding (resealed) — B4-A fires before the proof (866.208771ms)
  ✔ rewriting the pinned commit is caught by the committed proof (resealed) (853.742264ms)
  ✔ rewriting runtime platform is caught by the committed proof (resealed) (844.825867ms)
  ✔ flipping drift-confined to false is caught (resealed) — trustful+unconfined (809.910384ms)
  ✔ downgrading a tree observation to INCOMPLETE cannot support a trustful label (resealed) (894.761951ms)
  ✔ NEW: relabeling a real regression PASS is caught by re-derivation (resealed) (876.125222ms)
  ✔ adding a non-allowlisted env key is refused (resealed) (767.292824ms)
  ✔ naive (argv) rewrite without recomputing the manifest is caught by integrity (693.60837ms)
  ✔ naive (tarball digest) rewrite without recomputing the manifest is caught by integrity (692.620026ms)
  ✔ naive (runId) rewrite without recomputing the manifest is caught by integrity (688.764339ms)
  ✔ manifest integrity catches ANY single-field rewrite done without recompute (688.933624ms)
✔ audit B4 — provenance forgery matrix (which layer refuses) (15715.687362ms)
▶ round-3 B4 — coherent-reseal matrix on release-critical fields
  ✔ resealed runId alone is contradicted by the workspace directory (696.232753ms)
  ✔ resealed runId AND experimentId (coherent prefix) still contradicts the directory (735.344483ms)
  ✔ resealed tarball digest is contradicted by the retained fixture.tgz bytes (756.542633ms)
  ✔ attacker who swaps the TARBALL BYTES too is stopped by the committed proof pin (709.836584ms)
  ✔ resealed argv is contradicted by the committed spec re-expansion (proof host) (694.98134ms)
  ✔ weakened envKeys (valid allowlist subset) is contradicted by the policy re-derivation (707.519142ms)
  ✔ classification REASON tampering (label/rule/count coherent) is caught by byte re-derivation (700.079091ms)
  ✔ coherent INCONCLUSIVE-rule9 relabel is refused (no unconfined drift to justify it) (1391.11511ms)
  ✔ resealed dependency-copy count is contradicted by the retained snapshot recount (698.696183ms)
  ✔ a crash hidden from the record (crash line IN the bytes, resealed) is caught by byte re-derivation (700.499443ms)
  ✔ an invented crashSignal on clean bytes is caught too (bidirectional binding, resealed) (698.73432ms)
  ✔ a tampered infraSignal (false where bytes carry an infra line) is caught by bytes (695.747048ms)
  ✔ a proof pinning a SUBSET of the failing identities is refused (exact-set equality, B4-D) (695.785768ms)
  ✔ a proof pinning a WRONG extra identity is refused too (exact-set equality, B4-D) (694.746242ms)
  ✔ a proof that forgot to pin the tarball digest cannot support PASS (B4) (707.326125ms)
✔ round-3 B4 — coherent-reseal matrix on release-critical fields (11284.795367ms)
▶ flattenNpmLsJson — npm 11.19 empty-object representation (pipeline path)
  ✔ an empty {} node with no problems mention is expected-absent: no anomaly, no hole (2.507865ms)
  ✔ the same {} node IS an anomaly when problems mentions it (unmet-optional-that-matters fails closed) (0.416099ms)
  ✔ a version-less node with missing:true is an anomaly (uninstalled REQUIRED dep) (0.340365ms)
  ✔ a version-less node carrying a declared subtree: missing-version + unwalked-subtree (0.428208ms)
  ✔ problems name-matching is token-anchored: "util" is not matched by "bufferutil@1.0.0" (0.329966ms)
  ✔ non-object node entries are malformed-node anomalies (0.348611ms)
  ✔ empty / effectively-empty trees can NEVER become VALID (criterion 6) (0.292496ms)
  ✔ a {} node for the STUDIED dependency itself is absence, not presence (criterion 7) (0.294433ms)
  ✔ ANY anomaly caps the observation at INCOMPLETE even with the dep present (0.271993ms)
✔ flattenNpmLsJson — npm 11.19 empty-object representation (pipeline path) (9.685317ms)
▶ post-sol M-2 — empty-node semantics (narrowest exemption)
  ✔ the REAL captured npm 11.19 shape (root fsevents {}, ws nested {} natives) stays VALID (1.061325ms)
  ✔ R4-SR1 (self-review): problems WITH a silent stderr is npm's real extraneous-only shape — the observation is complete, not contradictory (0.382364ms)
  ✔ an empty/absent problems field under an ELSPROBLEMS stderr IS the contradiction (stripped-report forgery) (0.283277ms)
  ✔ problems ABSENT but stderr SCREAMING ELSPROBLEMS is equally a contradiction (stripped-stderr forgery) (0.142602ms)
  ✔ a MALFORMED problems field (string, object, or array with non-strings) kills the exemption and is itself an anomaly (0.263363ms)
  ✔ string-valued problems mentioning the node fail closed identically on BOTH parsers (N4 differential) (0.345745ms)
  ✔ the STUDIED dependency appearing as {} is absence (INCOMPLETE via depPresent), never presence (0.220419ms)
  ✔ drift caused by DISAPPEARANCE of a formerly-versioned dep is byte-visible, not exemption-hidden (outside-subtree drift -> unconfined) (0.285587ms)
  ✔ deeply nested hostile trees are BOUNDED on both parsers (no stack exhaustion; fails closed) (3.23407ms)
  ✔ the traversal budgets are IDENTICAL contracts in both implementations (0.135397ms)
  ✔ anomalies from the two problem channels are DETERMINISTIC and deduped across repeated {} nodes (0.209037ms)
✔ post-sol M-2 — empty-node semantics (narrowest exemption) (7.32706ms)
▶ cross-implementation parity — pipeline flatten vs verify-tree re-flatten (criteria 2+3)
  ✔ parity: plain (0.493955ms)
  ✔ parity: 11.19 empty optionals (0.228685ms)
  ✔ parity: empty optional + problems mention (0.229374ms)
  ✔ parity: missing required (0.188641ms)
  ✔ parity: scoped names (0.253859ms)
  ✔ parity: nested copies (0.171077ms)
  ✔ parity: malformed nodes (0.198903ms)
  ✔ parity: version-less with subtree (0.137412ms)
  ✔ parity: problems only (no deps) (0.147094ms)
  ✔ parity: truncated json (0.251244ms)
  ✔ parity: json scalar (0.094695ms)
  ✔ parity: json null (0.153856ms)
  ✔ parity: empty root (0.516522ms)
✔ cross-implementation parity — pipeline flatten vs verify-tree re-flatten (criteria 2+3) (3.841889ms)
▶ confinement semantics survive the compatibility fix (criterion 3)
  ✔ a {} drift node is never a flat key, so drift sets stay byte-derived (0.36422ms)
  ✔ drift OUTSIDE the subtree stays unconfined even next to {} nodes (0.229826ms)
  ✔ scoped-name escape stays closed under segment semantics (0.224016ms)
✔ confinement semantics survive the compatibility fix (criterion 3) (1.007274ms)
▶ reflattenNpmLs — independent re-derivation of the tree observation
  ✔ flattens nested/scoped trees with versions, no anomalies (problems ignored) (2.720058ms)
  ✔ a missing-version node (npm unmet dependency) is an anomaly, never an "x" sentinel (0.408864ms)
  ✔ an empty {} node with no problems mention is an expected-absent optional, not a hole (0.477246ms)
  ✔ the same empty {} node IS an anomaly when problems mentions it (unmet-optional-that-matters fails closed) (0.253317ms)
  ✔ problems name-matching is token-anchored: "util" is not mentioned by "bufferutil@1.0.0" (0.613773ms)
  ✔ a {} node WITH a declared subtree is still missing-version + unwalked-subtree (0.248167ms)
  ✔ a version-less NODE hides a whole subtree: missing-version + unwalked-subtree (0.396971ms)
  ✔ truncated / malformed JSON => parsed=false (INVALID territory), never a partial success (0.468468ms)
  ✔ copies are counted by full path segments; subtree containment is segment membership (0.532937ms)
✔ reflattenNpmLs — independent re-derivation of the tree observation (9.696099ms)
▶ retained tree snapshots — real pipeline bytes, independent verifier
  ✔ a fresh confined CONFIRMED run retains arm-named artifacts that verify clean (1544.746525ms)
  ✔ naive tamper of retained raw bytes (no reseal) is caught (1251.188333ms)
  ✔ LAZY reseal (raw digest fixed, canonical/tree-hash left stale) is caught by the chain (1175.009787ms)
  ✔ reseal that rewrites bytes+digests but keeps the old attestation claim is caught by verify-tree (1137.120741ms)
  ✔ COHERENT full tree-side reseal: bundle layer catches the version lie (attestation invariant) (1098.456991ms)
  ✔ a coherent reseal claiming VALID over bytes with a missing-version hole is caught (status + anomaly re-derivation) (994.366017ms)
  ✔ pointing one arm at the other arm bytes is caught by BOTH layers (895.043815ms)
  ✔ flipping driftConfinedToDependency against the retained snapshots is caught (875.501321ms)
  ✔ stripping snapshot refs from a trustful bundle: verifier says unverifiable, schema refuses to seal trust on it (852.188662ms)
  ✔ post-GLM G: naive tamper/deletion of the retained attest bytes is caught by verifyArtifacts (794.577035ms)
  ✔ post-GLM G: a resealed framesSha256 the retained bytes do not back is caught ONLY by the bytes binding (864.433523ms)
  ✔ post-GLM G: reseal-everything-but-the-observation is REFUSED (the pre-G "clean 4-file resealed tuple" premise is forbidden by design) (899.143714ms)
✔ retained tree snapshots — real pipeline bytes, independent verifier (12382.936473ms)
▶ validateBundle — round-3 B6 snapshot/anomaly/version gates
  ✔ trustful WITH snapshots + empty anomalies + consistent versions validates clean (0.58766ms)
  ✔ trustful WITHOUT retained snapshots is rejected (resealed) (0.435572ms)
  ✔ trustful with a MISSING anomaly array is rejected ("did not look" != "nothing found") (0.380926ms)
  ✔ trustful with NON-EMPTY recorded anomalies is rejected (partial observation cannot anchor trust) (0.378146ms)
  ✔ resolvedVersions contradicting the dependency block is rejected (resealed attestation forgery) (0.496817ms)
  ✔ snapshot artifact names must be arm-derived (candidate pointing at baseline bytes dies sealed) (1.210424ms)
  ✔ NON-trustful bundles may legitimately carry no snapshots (honest INCONCLUSIVE rule 10) (0.393475ms)
  ✔ trustful label with rounds observation-ABSENT is rejected (rule-14 mirror, panel H) (0.344789ms)
  ✔ trustful label with a VALID observation naming an UNPINNED runner is rejected (panel H/AM-1) (0.292823ms)
  ✔ trustful label whose observed counts DISAGREE with the text channel is rejected (cross-channel gate cannot be bypassed) (0.359401ms)
✔ validateBundle — round-3 B6 snapshot/anomaly/version gates (5.151557ms)
▶ AI adapter boundary
  ✔ noop provider attaches nothing (1.031071ms)
  ✔ attachSummary cannot alter any pre-existing field, including classification (0.686951ms)
✔ AI adapter boundary (5.670161ms)
▶ classify — decision table (docs/PLAN.md section 6)
  ✔ rule 3: baseline unanimous pass + candidate unanimous pass -> PASS (2.78842ms)
  ✔ rule 5: baseline passes, all candidate rounds fail -> CONFIRMED_REGRESSION (0.505672ms)
  ✔ rule 4: baseline fails with real summaries + candidate fails -> PRE_EXISTING_FAILURE (0.330437ms)
  ✔ rule 1 (degenerate-run guard): failing round without runner summary -> INFRASTRUCTURE_FAILURE, never CONFIRMED_REGRESSION (0.269771ms)
  ✔ rule 1: killed round (exit -1) -> INFRASTRUCTURE_FAILURE (0.29749ms)
  ✔ rule 1: infra signal on a failing round outranks drift (0.230268ms)
  ✔ rule 2: split baseline -> FLAKY (experiment invalid) (0.291307ms)
  ✔ rule 7: clean baseline, mixed candidate -> FLAKY, not CONFIRMED (0.354626ms)
  ✔ rule 6: failing baseline + all-pass candidate -> INCONCLUSIVE (inverted pattern) (0.246683ms)
  ✔ rule 0: missing arms -> INCONCLUSIVE (0.302346ms)
  ✔ rule 1 (F1 guard): nonzero exit whose summary reports 0 failing is infra, not drift (0.187265ms)
  ✔ rule 1 (F5 guard): zero exit with masked failures in summary is never PASS (0.251142ms)
  ✔ audit B2: zero-test execution (exit 0, "0 passing") is INFRA, never PASS (0.471907ms)
  ✔ audit B2: a round with NO runner summary at exit 0 is INFRA, never PASS (0.235724ms)
  ✔ audit B2: recognized infra signature at EXIT ZERO is INFRA (a harness that swallows errors) (0.205666ms)
  ✔ audit B2: a candidate whose baseline is clean but rounds are zero-test is INFRA (never CONFIRMED) (0.251361ms)
  ✔ audit B2 positive control: a valid zero-failure run (N>0 passing, exit 0) still PASSES (0.218297ms)
  ✔ audit F1 (mocha-realistic): passing summary WITHOUT a failing line + nonzero exit -> INFRA, never CONFIRMED_REGRESSION (0.202717ms)
  ✔ audit F2: candidate rounds failing DIFFERENT counts -> FLAKY rule 8, not CONFIRMED_REGRESSION (0.267884ms)
  ✔ audit F2: same count but DIFFERENT failing-test identities -> FLAKY rule 8 (0.251824ms)
  ✔ audit F2: identical failure profiles (golden shape) -> still CONFIRMED_REGRESSION rule 5 (0.271786ms)
  ✔ audit F2: profile comparison is order-independent (sorted identities) (0.17954ms)
  ✔ audit F2: unstable baseline failure identities block PRE_EXISTING_FAILURE -> FLAKY (0.16797ms)
  ✔ audit F1 contract: summary-present failing round WITHOUT any failing count is INFRA, not regression (0.315258ms)
  ✔ is pure: same facts always yield the same verdict (1.081396ms)
✔ classify — decision table (docs/PLAN.md section 6) (13.46777ms)
▶ audit F9/B6 — applyConfinementGuard (rules 9 + 10, enforced not decorative)
  ✔ downgrades CONFIRMED_REGRESSION to INCONCLUSIVE rule 9 when drift is unconfined (0.651065ms)
  ✔ is identity when drift IS confined and both trees VALID (a legit CONFIRMED survives) (0.501349ms)
  ✔ never masks an INFRASTRUCTURE_FAILURE (higher-fidelity reason kept) (0.147919ms)
  ✔ downgrades PASS and PRE_EXISTING_FAILURE too (any trustful verdict needs comparable arms) (0.228204ms)
  ✔ audit B6: an empty/partial tree observation downgrades to INCONCLUSIVE rule 10 even when drift is confined (0.292781ms)
  ✔ audit B6: tree-invalidity takes precedence over unconfined drift (rule 10 not 9) (0.152647ms)
  ✔ guard removal would flip the outcome: identical facts, opposite confinement (0.165583ms)
✔ audit F9/B6 — applyConfinementGuard (rules 9 + 10, enforced not decorative) (2.72396ms)
▶ round-3 blocker 1 — identity coverage gates trustful verdicts
  ✔ identityCoverage: exact match COMPLETE; fewer / more / missing => INCOMPLETE / NOT_OBSERVED (0.384292ms)
  ✔ two DIFFERENT root-level failures that collapsed to equal EMPTY sets can never CONFIRM (rule 11) (0.42868ms)
  ✔ repeated "2 failing" with only ONE extractable identity -> INCONCLUSIVE rule 11, never CONFIRMED (0.340788ms)
  ✔ single failing round claiming 9 failures with 0 identities -> INCONCLUSIVE rule 11 (0.233993ms)
  ✔ under-accounted BASELINE blocks PRE_EXISTING_FAILURE too (coverage is not candidate-only) (0.169101ms)
  ✔ genuinely distinct root failures stay distinct (rule 8 FLAKY, not coverage, not CONFIRMED) (0.31357ms)
  ✔ fully-accounted root-level identities CONFIRM (conservatism must not break real proofs) (0.179932ms)
✔ round-3 blocker 1 — identity coverage gates trustful verdicts (2.586745ms)
▶ round-3 blocker 2 — pending tests are NOT executed assertions
  ✔ all-pending candidate (0/0/7, exit 0) can never PASS -> INFRA (0.262567ms)
  ✔ infraCause flags a pending-only round directly (was: null) (0.294737ms)
  ✔ healthy baseline + ALL-skipped candidate: the run proves nothing executed (0.135102ms)
  ✔ summary present with NO machine-readable counts at all -> INFRA (prose "summary" proves nothing) (0.137992ms)
  ✔ pending-only counts (no passing/failing line — the real mocha shape) -> INFRA zero-executed (0.730396ms)
  ✔ zero-test with NO summary at all stays INFRA (B2 path unchanged) (2.174253ms)
  ✔ a single executed assertion (1 passing, 0 failing, N pending) is enough to be a VALID run (0.21002ms)
  ✔ decoy early summary lines cannot steer a nonzero-exit round into CONFIRMED (probe P2) (0.154406ms)
  ✔ duplicate identical suite-qualified identities under-account -> rule 11, never trust (probe P4) (0.156372ms)
✔ round-3 blocker 2 — pending tests are NOT executed assertions (4.753575ms)
▶ post-sol RB-2 — coverage consistency gates strong verdicts
  ✔ Sol case 1: baseline 128 passing, candidate 1 passing is NOT PASS (0.341967ms)
  ✔ Sol case 2: baseline repetitions 128 then 1 (both exit 0) is NOT PASS (0.177751ms)
  ✔ Sol case 3: baseline 128, candidate 1 passing / 127 pending is NOT PASS (0.145294ms)
  ✔ Sol case 4: baseline 128, candidate 1 stable failing test is NOT CONFIRMED_REGRESSION (0.15711ms)
  ✔ Axios golden shape (128 passing -> 125 passing / 3 failing) STILL classifies CONFIRMED_REGRESSION rule 5 (0.97644ms)
  ✔ a passing->failing move at stable totals is a regression, not a coverage gap (0.111875ms)
  ✔ one executed test on BOTH arms, stable across repetitions, still PASSES (no hard-coded minimum) (0.219343ms)
  ✔ pending that SHRINKS candidate-side is caught by the observed total (5 executed + 0 pending vs 5 + 5 pending) (0.195886ms)
  ✔ candidate executing MORE than baseline is equally non-comparable (strong verdicts need both directions) (0.126089ms)
  ✔ rule 12 fires on candidate-side instability too (one repeat loses a test, both exit 0) (0.205981ms)
  ✔ PRE_EXISTING_FAILURE also demands comparability (baseline fails with fewer executed than candidate) (0.156578ms)
  ✔ weak outputs are never inflated by the new rules: mixed candidate with a coverage gap stays FLAKY (rule 7), infra wins over coverage (rule 1) (0.221815ms)
  ✔ treats undefined counts as zero consistently with rule 1 (mocha omits the 0-failing line): 5 passing vs 5 passing+3 failing is NOT comparable (0.128448ms)
  ✔ a stable-coverage collapse on BOTH arms (128 -> 1 -> uniform) is comparable and can still PASS — and is reported honestly (0.085739ms)
✔ post-sol RB-2 — coverage consistency gates strong verdicts (3.892997ms)
▶ post-GLM — execution-observation gate (rule 14)
  ✔ the GLM shape: unanimous "passing" prose with NO observation -> INCONCLUSIVE rule 14, never PASS (0.36311ms)
  ✔ a VALID observation that LIES about counts is caught (text 5/0/0 vs observed 42/0/0) (0.215906ms)
  ✔ a VALID observation whose failing identities differ from the text is caught (0.197026ms)
  ✔ FLAKY is gated too: a split baseline WITHOUT observation is rule 14, not FLAKY (0.118992ms)
  ✔ PRE_EXISTING_FAILURE is gated: fail/fail/fail prose is rule 14 (the guard also gates the honest direction) (0.195748ms)
  ✔ status ABSENT is not "weak-but-fine": an explicit ABSENT observation gates like a missing one (0.199031ms)
  ✔ the gate reports the FIRST offending round in bundle order (deterministic reason) (0.185486ms)
  ✔ observationGateIssue: both exit-contradiction directions fail a VALID observation (0.199493ms)
  ✔ observationSatisfied agrees with the gate on both paths (0.196318ms)
  ✔ a VALID observation whose identity array is missing/malformed is a REFUSAL, not a crash (0.252453ms)
  ✔ post-GLM F4: infra TEXT signature alone cannot veto an attested execution (precedence) (0.168806ms)
  ✔ post-glm F6b: the ACTUAL containment of a VALID-observed killed round — gate blind, rule 1 absolute (0.273881ms)
  ✔ post-GLM F4 twin: WITHOUT attestation the same prose still yields rule 1 INFRA (0.139997ms)
  ✔ post-GLM F4 residual: a crash-signature TEXT cannot veto an attested execution either (0.42063ms)
  ✔ post-GLM F4 residual twin: WITHOUT attestation crash prose still yields rule 1 INFRA (0.175756ms)
  ✔ weak paths are NOT gated: rule 0/rule 1 keep their rule numbers without any observation (0.146513ms)
✔ post-GLM — execution-observation gate (rule 14) (4.276104ms)
▶ post-GLM round 5 F1 — PRE_EXISTING requires failing-set containment
  ✔ a candidate failure Canary never saw fail in baseline is NOT pre-existing — INCONCLUSIVE 13 (never a swallowed regression) (0.282805ms)
  ✔ disjoint failing sets ({A} baseline vs {B} candidate) at equal totals describe no comparable transition — INCONCLUSIVE 13 (0.202363ms)
  ✔ an honest PRE_EXISTING_FAILURE (identical failing sets) keeps rule 4 — containment must not over-block (0.203817ms)
  ✔ CONFIRMED_REGRESSION is untouched by containment (baseline has zero failing identities) (0.250172ms)
  ✔ DOCUMENTED CEILING: version-gated passing-test substitution still PASSes (F3/§8.1) — equality of cardinality + failing sets is the exact invariant (0.208978ms)
✔ post-GLM round 5 F1 — PRE_EXISTING requires failing-set containment (1.423127ms)
▶ post-GLM round 5 F4 — rule 14 downgrades EVERY FLAKY producer (6/7/8/12)
  ✔ un-attested producer rule 6 (non-unanimous candidate under failing baseline) -> INCONCLUSIVE 14, never FLAKY (0.292821ms)
  ✔ un-attested producer rule 7 (clean baseline, mixed candidate) -> INCONCLUSIVE 14, never FLAKY (0.145845ms)
  ✔ un-attested producer rule 8 (failing rounds within an arm differ in identity) -> INCONCLUSIVE 14, never FLAKY (0.301744ms)
  ✔ un-attested producer rule 12 (repetitions differ in coverage totals) -> INCONCLUSIVE 14, never FLAKY (0.225029ms)
✔ post-GLM round 5 F4 — rule 14 downgrades EVERY FLAKY producer (6/7/8/12) (1.24793ms)
▶ inDependencySubtree
  ✔ matches the dep itself and its nested copies at any depth (escaped keys) (1.218818ms)
  ✔ scoped name collisions cannot masquerade when keys are escaped (F4) (0.250673ms)
  ✔ round-3 B6: descendants of a NESTED copy are inside the subtree (0.281587ms)
  ✔ audit F10: a SCOPED dependency matches its own escaped keys (0.263195ms)
✔ inDependencySubtree (4.046702ms)
▶ diffTrees — the arms-equality proof
  ✔ audit F10: scoped dependency drift inside its subtree is confined (0.627072ms)
  ✔ audit F10: scoped dep PLUS real external drift is still NOT confined (1.229071ms)
  ✔ golden case: only the dependency subtree changed (2.580857ms)
  ✔ detects contamination outside the dependency (0.366343ms)
  ✔ audit B6 exposes the vacuous-confinement hazard (empty trees report confined) (0.220684ms)
✔ diffTrees — the arms-equality proof (5.612293ms)
▶ audit B6 — classifyTreeObservation (tree completeness)
  ✔ a parsed, non-empty tree containing the dependency is VALID (0.49766ms)
  ✔ empty tree (no data observed) is INVALID, not a proof of confinement (0.150013ms)
  ✔ unparseable / no-root-deps is INVALID (0.131465ms)
  ✔ tree present but the studied dependency absent is INCOMPLETE (0.147388ms)
  ✔ scoped dependency presence is detected via the escaped key (dependencyInTree) (0.140941ms)
  ✔ round-3 B6: ANY observation anomaly caps the status at INCOMPLETE (0.206393ms)
✔ audit B6 — classifyTreeObservation (tree completeness) (1.596944ms)
▶ log parsing (auxiliary — never decides classification)
  ✔ extracts canonical suite-qualified identities from mocha output (audit B1) (1.538365ms)
  ✔ audit B1: same leaf title in DIFFERENT suites stays DISTINCT (0.68129ms)
  ✔ audit B1: nested describe paths survive as multi-segment identities (0.198864ms)
  ✔ audit B1: progress-list lines (N) followed by a passing line yield NO identity (0.213705ms)
  ✔ audit B1: identical identities in one run dedupe deterministically; distinct never collapse (0.271727ms)
  ✔ audit B1: ava identities keep the full suite path (0.319516ms)
  ✔ parses summary counts (0.620775ms)
  ✔ round-3 B1: ROOT-level failure ("1) title:" — colon on the numbered line) yields its identity (0.217559ms)
  ✔ round-3 B1: repeated root-level titles across rounds re-extract identically (deterministic) (0.24856ms)
  ✔ round-3 B1: mixed root + nested blocks do not corrupt each other (0.136507ms)
  ✔ round-3 B1: a nested block is abandoned at the summary line, never past it (0.157267ms)
  ✔ round-3 B1: malformed/truncated output yields NO fabricated identities (0.119474ms)
  ✔ round-3 B1: reordered distinct failures extract the same SET (profile order-independence) (0.129706ms)
✔ log parsing (auxiliary — never decides classification) (5.531314ms)
▶ streamsStable
  ✔ true only for identical hashes across all rounds (0.103521ms)
✔ streamsStable (0.172758ms)
▶ post-sol secondary — lone-CR line endings parse identically to LF/CRLF
  ✔ parseSummaryCounts reads the same totals across LF, CRLF and CR-only (0.375112ms)
  ✔ extractFailingTestNames finds the same identities across LF, CRLF and CR-only (0.099177ms)
✔ post-sol secondary — lone-CR line endings parse identically to LF/CRLF (0.546435ms)
▶ post-GLM F3 — ANSI-colored output parses identically to plain output
  ✔ parseSummaryCounts reads the same totals colored as plain (0.442912ms)
  ✔ extractFailingTestNames finds the same identities colored as plain (0.08919ms)
  ✔ F3 false-PASS battery: an ANSI-wrapped failing line cannot hide from the masked-failure count (0.098449ms)
  ✔ precision control: stripping never fabricates counts (0.156845ms)
  ✔ ANSI and lone-CR compose: colored CR-only stream matches colored LF stream (0.212103ms)
✔ post-GLM F3 — ANSI-colored output parses identically to plain output (1.331047ms)
▶ validateSpec
  ✔ accepts the golden shape (6.469521ms)
  ✔ rejects branch/tag names instead of full SHAs (0.434941ms)
  ✔ rejects a swap that does not install the candidate (0.262793ms)
  ✔ requires >=2 candidate repetitions (a regression must reproduce) (0.266715ms)
  ✔ requires >=2 baseline rounds so the FLAKY guard is reachable (F8) (0.237208ms)
  ✔ rejects identical baseline/candidate (0.392196ms)
  ✔ rejects malformed prepare argv (not array-of-arrays) (1.085524ms)
  ✔ rejects non-object input without throwing (0.361429ms)
✔ validateSpec (11.627935ms)
▶ planArms
  ✔ orders steps with toolchain between prepare and build (1.196456ms)
  ✔ omits toolchain/build when absent (0.228636ms)
✔ planArms (1.797658ms)
▶ normalizers
  ✔ canonicalizes line endings, trailing ws, final newline (3.101498ms)
  ✔ collapses timestamps, dates, durations (0.387623ms)
  ✔ collapses uuids and long hex addresses but not short hex (4.960383ms)
  ✔ collapses ports on localhost (0.308037ms)
  ✔ normalizes the run workspace, temp, home, user, host (0.524966ms)
  ✔ pathVariants covers slash forms and drive case (0.27733ms)
  ✔ the stability invariant: same logical run shape at different moments collapses to identical bytes (1.251844ms)
  ✔ result lines are never rewritten by value-shape rules (0.205322ms)
✔ normalizers (25.40723ms)
▶ renderHtml
  ✔ renders the deterministic verdict verbatim (1.440358ms)
  ✔ shows hash prefixes and log paths for audit (0.312971ms)
  ✔ states the drift-confinement result (0.215544ms)
  ✔ escapes hostile content from downstream logs/names (no HTML injection) (0.288644ms)
  ✔ audit F12: renders failing-test identities derived from the BUNDLE (no extras) (0.507972ms)
  ✔ audit F12: a bundle with no failing identities omits the section (0.224272ms)
✔ renderHtml (5.198886ms)
▶ post-sol F1 — the verification banner says SELF-CONSISTENT, not VERIFIED
  ✔ a fully local-consistent render is labeled SELF-CONSISTENT and disclaims the committed proof (0.61051ms)
  ✔ a failing consistency render is labeled NOT SELF-CONSISTENT and still warns (0.314957ms)
  ✔ no verification argument at all renders NOT SELF-CONSISTENT (absence of checking is not success) (0.228509ms)
✔ post-sol F1 — the verification banner says SELF-CONSISTENT, not VERIFIED (1.86086ms)
▶ validateBundle
  ✔ accepts a well-formed bundle (7.964404ms)
  ✔ rejects an unknown classification label (2.73714ms)
  ✔ rejects short/hexless commit SHAs (no branch pins in evidence) (2.350648ms)
  ✔ rejects a bundle missing an arm (1.596101ms)
  ✔ rejects malformed stream hashes (2.564229ms)
  ✔ rejects a round whose envKeys leak outside the sanitized allowlist (F9) (3.650457ms)
  ✔ rejects reproductionCount < 1 (1.334272ms)
✔ validateBundle (24.638081ms)
▶ validateBundle — semantic integrity (audit F3)
  ✔ rejects a CONFIRMED_REGRESSION label whose own rounds say PASS (3.786922ms)
  ✔ rejects a CONFIRMED_REGRESSION built from rounds whose failure identities differ (must re-derive FLAKY rule 8) (4.900689ms)
  ✔ rejects masked-failure rounds (exit 0 with reported failures) under a PASS label (2.279866ms)
  ✔ rejects killedByTimeout=true alongside a normal exit code (0.584236ms)
  ✔ rejects an inflated reproductionCount not backed by candidate rounds (0.709765ms)
  ✔ rejects a trustful verdict while drift says NOT confined (rule-9 guard bypassed) (0.539376ms)
  ✔ accepts the legitimate rule-9 override: unconfined drift + INCONCLUSIVE rule 9 (0.793853ms)
  ✔ audit B6: rejects a trustful verdict built on a non-VALID tree observation (1.497366ms)
  ✔ audit B6: accepts the legitimate rule-10 override (confined drift but weak observation) (0.540054ms)
  ✔ audit B6: rejects a FABRICATED rule-10 downgrade even with a valid manifest (semantic layer alone catches it) (0.650348ms)
  ✔ audit B6: observationStatus is mandatory (0.735891ms)
  ✔ refuses to treat a CONFIRMED_REGRESSION as trustworthy when round facts are too sparse to re-derive (0.681113ms)
  ✔ self-review N3: the sparse-facts refusal covers a PASS claim too (was: CONFIRMED/PRE_EXISTING only) (0.70423ms)
  ✔ robustness H1: rejects duplicate (arm,round) indices (resealed) (1.595422ms)
  ✔ round-3 B1: a RESEALED CONFIRMED whose failing identities under-account the count dies twice over (1.522746ms)
  ✔ post-sol RB-2: a resealed trustful bundle over incomparable arm coverage dies twice over (1.446464ms)
  ✔ post-sol RB-2: a trustful label with only ONE round per arm is refused (0.745455ms)
  ✔ post-sol RB-2: unstable repetition coverage under a trustful label is refused (baseline 5 vs 4 passing) (0.894092ms)
  ✔ post-sol RB-2: weak labels carry no parity requirement (honest INCONCLUSIVE rule 13 validates) (4.305395ms)
  ✔ round-3 B2: a PASS label over zero-assertion (pending-only) rounds is rejected (1.245406ms)
✔ validateBundle — semantic integrity (audit F3) (31.531138ms)
▶ post-sol M-1 — contract.ts is the single source of truth
  ✔ the committed schemas/evidence.schema.json EQUALS the generated contract (no drift) (3.611101ms)
  ✔ every always-required contract field is refused at runtime when DELETED (Sol: commands, killedByTimeout, startedAt, durationMs included) (46.835145ms)
  ✔ intentionally-optional fields may be absent (we do not blind-strictify) (0.929516ms)
  ✔ unknown fields are refused at root, round, and treeComparison scopes (policy is intentional) (4.297809ms)
  ✔ post-glm F6c: unknown fields NAMED LIKE Object.prototype members are refused too (own-property check, not `in`) (3.105893ms)
  ✔ trustful-tier fields: deleted infraSignal/snapshots/anomalies kill a trustful claim but validate clean under a weak honest label (2.026922ms)
  ✔ round indices must be contiguous per arm (an omitted round shrinks the claimed reproduction) (1.314844ms)
✔ post-sol M-1 — contract.ts is the single source of truth (62.759977ms)
▶ post-GLM round 5 — mirror constant independence + containment restatement
  ✔ STRONG_MIRROR_LABELS is a distinct copy of the classifier strong set with pinned equivalence (0.634537ms)
  ✔ refuses PRE_EXISTING_FAILURE whose candidate fails identities baseline did not (containment at 3d) (1.140509ms)
  ✔ accepts an honest PRE_EXISTING_FAILURE (identical failing sets across arms) — no over-blocking (1.161592ms)
✔ post-GLM round 5 — mirror constant independence + containment restatement (3.168636ms)
▶ Recorder.expandArgv — token expansion + enforced isolation
  ✔ expands $bin via resolver to node + bin path (6.327986ms)
  ✔ ALWAYS appends --ignore-scripts and cache isolation to install commands (2.549413ms)
  ✔ F6: flags are detected past leading options ($npm --loglevel install) (2.777541ms)
  ✔ F6: npm ci (runs lifecycle scripts by default) is also covered (2.457411ms)
  ✔ post-glm F6e: the controlled empty npm config is RE-ESTABLISHED immediately before install (tamper-between-creation-and-use) (2.851425ms)
  ✔ F6: $yarn install gets yarn-appropriate flags after -- and --ignore-scripts on the npx bootstrap (2.36658ms)
  ✔ F8: $npm -u evil.npmrc install x is REJECTED (was silent injection-skip) (2.11626ms)
  ✔ F8: conflicting config flags rejected BEFORE and AFTER the subcommand (2.419974ms)
  ✔ F8: unknown bare option before subcommand rejected; --key=value passes (2.793694ms)
  ✔ F8: exec/dlx/shell-style subcommands rejected; run of a local script is not (3.800891ms)
  ✔ F8: conflicting flags rejected in CASE VARIANTS too (red-team) (2.445437ms)
  ✔ F8: install-family options with = or after the subcommand still expand normally (2.195999ms)
  ✔ non-install commands get no injected flags (1.692742ms)
✔ Recorder.expandArgv — token expansion + enforced isolation (39.617937ms)
▶ summary/infra matchers (F1/F5 hardening)
  ✔ strict summary matcher rejects prose and accepts runner lines (0.355049ms)
  ✔ environmental error patterns are infra (F1/F2) (0.674557ms)
  ✔ audit B2: errno code in a PASSING test name is NOT infra; in an error line IS (0.469294ms)
✔ summary/infra matchers (F1/F5 hardening) (3.332149ms)
▶ Recorder.step/round — real subprocess, real artifacts (no mocks)
  ✔ captures exit code, streams, hashes, counts; unique-ifies repeated labels (62.529844ms)
  ✔ F1 shape: nonzero exit + summary claiming 0 failing is recorded with the count (54.532701ms)
  ✔ F5 shape: exit 0 while summary reports failures is captured (classifier then infra-guards) (49.677829ms)
  ✔ audit F13: failing-test identities from REAL subprocess output land in fact and evidence (50.006569ms)
  ✔ audit B2 (real subprocess): 0 passing at exit 0 records reportedPassing=0 (classifier => INFRA) (68.225921ms)
  ✔ audit B2 (real subprocess): ECONNREFUSED error line at exit 0 sets infraSignal true (not swallowed by exit) (57.171437ms)
  ✔ audit B2 (real subprocess): a genuinely passing run records reportedPassing>0 and stays valid (48.170192ms)
  ✔ audit B1 e2e: same leaf title, different SUITE across candidate rounds -> FLAKY (173.900978ms)
  ✔ audit B1 e2e: identical SUITE-QUALIFIED identity across rounds stays CONFIRM-eligible (198.648206ms)
  ✔ timeout kills produce exit -1 (and tree-kill runs without throwing) (1011.36004ms)
✔ Recorder.step/round — real subprocess, real artifacts (no mocks) (1776.591458ms)
▶ audit B5 — canonical package-manager policy (closed allowlist)
  ✔ B5: install ALIASES (the pre-fix silent-skip) now receive full injection (4.025451ms)
  ✔ B5: unknown/unvetted subcommands are REJECTED, not run without policy (1.874424ms)
  ✔ B5: RAW package-manager forms rejected for ANY command position (1.93682ms)
  ✔ B5: $bin:npm bypass is rejected; $bin:mocha still works (4.534287ms)
  ✔ B5: user `--` in an install command is rejected (was the trailing-flag dead-weight bypass) (2.32922ms)
  ✔ B5 invariant (property): accepted install => isolation flags in EFFECTIVE position after the subcommand, none after a `--` (9.9872ms)
  ✔ B5: closed-allowlist families classified correctly by the policy parser (0.23477ms)
✔ audit B5 — canonical package-manager policy (closed allowlist) (26.688237ms)
▶ round-3 B5 — wrapper-mediated / frontend package-manager execution is refused
  ✔ cmd /c npm install … is refused (the canonical Windows wrapper bypass) (3.126414ms)
  ✔ powershell / pwsh … npm is refused (1.769497ms)
  ✔ env / nohup / xargs / sh -c / sudo npm are refused (POSIX wrappers) (1.661828ms)
  ✔ package-manager FRONTENDS (pnpm/bun/corepack/volta) are refused (2.274608ms)
  ✔ node executed ON a package-manager file (node npm / node npm-cli.js) is refused (1.47533ms)
  ✔ any other unenumerated literal executable fails closed (not silently expanded) (1.608742ms)
  ✔ REGRESSION: every SUPPORTED form still expands (allowlist does not over-reject) (4.985796ms)
  ✔ REGRESSION: raw npm / npm.cmd / direct npm-cli / $bin:npm still rejected (pre-existing B5.1) (1.836889ms)
✔ round-3 B5 — wrapper-mediated / frontend package-manager execution is refused (19.277066ms)
▶ round-3 secondary — crash & sweep signals reach the classification
  ✔ hasCrashSignature: matches V8/native abort phrasing, skips pass-glyph lines (0.329805ms)
  ✔ glyph discrimination (self-review N4): ava ✖ (U+2716) fires infra; ✗-titled (U+2717) prose does not (0.261839ms)
  ✔ isInfraOutput: a hard infra phrase inside a PASSING test title is not false-INFRA (round-3 secondary) (0.162015ms)
  ✔ round() records crashSignal from a real post-summary crash -> classify says INFRA rule 1 (43.949906ms)
  ✔ round() records sweepFailed (when the run outcome flags it) -> classify says INFRA rule 1 (2.720184ms)
  ✔ post-sol secondary: CR-only line endings are matched like LF/CRLF (summary + anchored crash banner) (0.342832ms)
  ✔ assertSupportedSpecExecutable: the allowlist is small and explicit (0.329848ms)
✔ round-3 secondary — crash & sweep signals reach the classification (48.454198ms)
▶ observation hardening — expandArgvWithPlan injection decision
  ✔ the double fixture is actually pinned (fails if the pin table drifted) (0.253966ms)
  ✔ post-GLM F5: the canary double is UNSELECTABLE by default — pinned bytes, no execution authority (3.629668ms)
  ✔ pinned bytes at the canonical anchor: injected, --require appended LAST, plan from the PIN (4.081144ms)
  ✔ unpinned bytes at the canonical anchor: NO injection, runner-identity-unpinned + observed hash recorded (2.982507ms)
  ✔ pinned bytes OUTSIDE the canonical anchor (hoisted): not injectable (3.084641ms)
  ✔ post-glm F6a: pinned bytes reached through a LINK at the anchor are not injectable (root case) (2.865263ms)
  ✔ post-glm F6a: a LINK ABOVE the anchor (node_modules junctioned out) is not injectable either (2.618807ms)
  ✔ post-audit F6a coverage sentinel — the link-escape regression was ACTUALLY exercised on this platform (0.091382ms)
  ✔ a subject-supplied --require/-r in a mocha argv is refused fail-closed (3.184042ms)
  ✔ post-GLM F1: an off-position $bin:mocha token is refused, never credited (7.979325ms)
  ✔ non-mocha commands: no injection attempted, absentKind not-mocha-bin (2.11807ms)
  ✔ the ABSENT path end-to-end: an unpinned double runs REAL rounds and rule 14 refuses the strong label (90.229035ms)
✔ observation hardening — expandArgvWithPlan injection decision (123.743988ms)
▶ post-sol RB-1 — semantic package-manager policy (equivalence classes)
  ✔ Sol's accepted forms are now rejected in install-family commands (1.629825ms)
  ✔ property: for EVERY protected key, every abbreviation/negation/case/= spelling is refused (install family) (50.189295ms)
  ✔ property: the per-package config family (@scope:registry, //…:auth) is refused everywhere (2.03118ms)
  ✔ property: accepted install argv ends with Canary protected flags after every user token (2.460875ms)
  ✔ invariant: no allowed install spelling resolves to a protected key (prefix-disjoint) (0.7521ms)
  ✔ legitimate script-family passthrough and fixture install shapes still expand (5.035969ms)
  ✔ resolveOptionToken normalizes case, =-values, and one leading no- (0.194608ms)
  ✔ empirical: npm applies abbreviation + negation + LAST-WINS ordering (the semantic premises) (497.195187ms)
✔ post-sol RB-1 — semantic package-manager policy (equivalence classes) (559.982562ms)
▶ FINDING B — infra matching is case/encoding symmetric (must-match direction)
  ✔ exact GLM counterexample: mixed-case npm error + fake summary (5.51463ms)
  ✔ all case variants of npm error / npm ERR! fire (0.375474ms)
  ✔ hard patterns fire in any case (module/ERESOLVE/SyntaxError shapes) (0.328167ms)
  ✔ CR-only and CRLF line endings still see the signatures (0.211947ms)
  ✔ ANSI-wrapped signatures still fire (real colored npm output) (0.271973ms)
  ✔ SOFT errno lines fold case too (0.447867ms)
  ✔ crash signatures survive ANSI decoration (0.484244ms)
  ✔ runner summary is recognized through ANSI colors (real colored mocha) (0.439492ms)
✔ FINDING B — infra matching is case/encoding symmetric (must-match direction) (9.943283ms)
▶ FINDING B — benign prose NEVER flips to infrastructure (false-positive direction)
  ✔ passing test TITLES quoting error phrases are not infra (1.104219ms)
  ✔ intentional E404 assertions and historical logs inside test prose are not infra (0.295239ms)
  ✔ summary regexes stay anchored (prose containing "5 passing" mid-sentence) (0.17665ms)
✔ FINDING B — benign prose NEVER flips to infrastructure (false-positive direction) (2.041779ms)
▶ post-GLM F3 — summary recognition and count parsing share one view
  ✔ an ANSI-wrapped failing line is counted as surely as it is recognized (0.646356ms)
  ✔ a fully colored genuine run is recognized AND counted (no false infra) (1.259692ms)
  ✔ lone-CR and ANSI compose identically across both functions (0.324539ms)
✔ post-GLM F3 — summary recognition and count parsing share one view (2.572005ms)
▶ auditPackageManifestText — lifecycle hooks refuse execution
  ✔ accepts a clean manifest (1.372546ms)
  ✔ refuses preinstall hook (0.212664ms)
  ✔ refuses install hook (0.151978ms)
  ✔ refuses postinstall hook (0.308921ms)
  ✔ refuses prepare hook (0.161258ms)
  ✔ rejects invalid JSON without throwing (0.204731ms)
✔ auditPackageManifestText — lifecycle hooks refuse execution (4.522757ms)
▶ auditFixtureDir — rc-file injection gate
  ✔ refuses a fixture shipping .npmrc (6.750993ms)
  ✔ F10: finds rc files nested anywhere in the pinned source (7.086051ms)
  ✔ F7: refuses an UPPERCASE .NPMRC (Windows/macOS load it as project config) (1.321522ms)
  ✔ F7: also catches mixed-case nested .YarnRc.yml (7.105963ms)
✔ auditFixtureDir — rc-file injection gate (24.084429ms)
▶ expectedExtractedDir
  ✔ matches codeload tarball root naming (0.277448ms)
✔ expectedExtractedDir (0.498712ms)
▶ audit F6 — child env observation: declared == observed
  ✔ the child sees EXACTLY the declared allowlist keys (nothing undeclared) (62.627603ms)
  ✔ Windows session identity vars are neutralized, not merely absent from the block (49.251272ms)
  ✔ the real account identity is not reachable via any observed value (53.286496ms)
✔ audit F6 — child env observation: declared == observed (167.18334ms)
▶ KNOWN_RUNNER_RELEASES — npm pins equal their reviewed manifests (offline)
  ✔ every npm-origin entry has a manifest and the hashes agree (7.131352ms)
  ✔ canary-double entries are the ONLY non-manifested pins (offline e2e bytes live in-repo) (0.354302ms)
✔ KNOWN_RUNNER_RELEASES — npm pins equal their reviewed manifests (offline) (9.024923ms)
▶ post-GLM F5 — findRunnerPin: origin is an execution-authority gate
  ✔ double bytes are UNSELECTABLE by default: pinned hash, zero execution authority (1.270981ms)
  ✔ only the explicit in-process grant selects the double (0.249788ms)
  ✔ npm pins stay selectable in BOTH postures — the gate is origin-scoped, not blanket (0.197606ms)
✔ post-GLM F5 — findRunnerPin: origin is an execution-authority gate (2.111591ms)
▶ audit F5 — sweep mechanism (live parent, positive proof)
  ✔ sweepDescendants finds and kills a live parent's child process (256.478755ms)
✔ audit F5 — sweep mechanism (live parent, positive proof) (258.733951ms)
▶ audit F5 — containment through runCommand
  ✔ normal exit-0 of a child that left a helper behind: sweep clean, no survivors (263.21973ms)
  ✔ a clean exit with no descendants sweeps nothing and does not fail (50.652523ms)
  ✔ timeout: tree kill + sweep leave no survivors and do not fail (2015.01947ms)
  ✔ the swept child PID itself is never listed as killed (only descendants) (44.804263ms)
✔ audit F5 — containment through runCommand (2374.953678ms)
▶ audit S1 — POSIX session-membership predicate (setpgid escapees)
  ✔ a member of the child session is caught even after it setpgid()s (0.312922ms)
  ✔ a member of the child group is caught (0.222435ms)
  ✔ an unrelated process is not swept (0.277407ms)
✔ audit S1 — POSIX session-membership predicate (setpgid escapees) (1.196573ms)
ℹ tests 629
ℹ suites 100
ℹ pass 629
ℹ fail 0
ℹ cancelled 0
ℹ skipped 0
ℹ todo 0
ℹ duration_ms 28043.130737
npm notice
npm notice New major version of npm available! 11.19.0 -> 12.0.2
npm notice Changelog: https://github.com/npm/cli/releases/tag/v12.0.2
npm notice To update run: npm install -g npm@12.0.2
npm notice
suite-exit=0
