
> canary-reliability-network@0.0.0 test
> npm run build && node --test "packages/**/dist/test/*.test.js" "apps/**/dist/test/*.test.js"


> canary-reliability-network@0.0.0 build
> tsc -b

▶ panel K layer 1 — the validator refuses hostile frame streams
  ✔ CONTROL: an honest watched lifecycle validates VALID (the battery needs a standing baseline) (1.663507ms)
  ✔ post-glm F6b: capture DELIBERATELY honors a complete stream paired with exit -1 — the veto lives in classification, not here (0.240664ms)
  ✔ (ii) injected round with ZERO frames on the channel is INVALID (0.163371ms)
  ✔ (iii) a missing bye — and a misplaced bye — are INVALID boundary violations (0.265391ms)
  ✔ (iv) a reject frame (adapter caught a forged/dup event LIVE) condemns the round (1.231086ms)
  ✔ (v) text claiming "2 passing" over 1 watched pass is INVALID — and a lying bye cannot fix it (0.360365ms)
  ✔ (vi) a forged hello.mochaVersion is INVALID — vs the pin and vs its own shape (0.234661ms)
  ✔ panel 1 extras: flood truncation, duplicate credits, unknown kinds and no-summary all fail closed (0.197702ms)
  ✔ (xi) garbage lines, non-object frames, adapter-error and masked exit each condemn the round (0.292756ms)
✔ panel K layer 1 — the validator refuses hostile frame streams (6.138597ms)
▶ panel K layer 2 — the pipeline end-to-end refuses unattested execution
  ✔ (i) a plain-node text stub that reads as a clean run degrades to INCONCLUSIVE rule 14 (1541.231151ms)
  ✔ (vii) an UNPINNED double running the observer protocol on fd 3 gets stray-bytes forensics, zero credit (1229.096598ms)
  ✔ (viii) AM-1 kill test: double CLAIMS the pinned version, bytes are wrong -> ABSENT, strong unreachable (1185.65645ms)
  ✔ (ix) a subject --require in spec argv is refused fail-closed (protected preload flag) (540.385156ms)
  ✔ (x) process.exit() mid-round: watched lifecycle never ends -> INVALID, never strong (1052.486885ms)
✔ panel K layer 2 — the pipeline end-to-end refuses unattested execution (5549.717495ms)
▶ post-GLM F1 — off-position runner token earns no execution credit
  ✔ refused fail-closed: forging `node -e` with the token trailing (476.767634ms)
  ✔ refused fail-closed: forging prelude script with the token after it (434.021033ms)
  ✔ positive control: the executed-position token still earns VALID and a strong verdict (895.047765ms)
✔ post-GLM F1 — off-position runner token earns no execution credit (1806.227232ms)
▶ post-GLM F4 — infra prose cannot mask an attested regression
  ✔ a VALID round whose stdout trips the infra signature still yields CONFIRMED_REGRESSION (874.791439ms)
✔ post-GLM F4 — infra prose cannot mask an attested regression (875.136057ms)
▶ post-GLM F5 — an untrusted spec cannot select the canary double
  ✔ double bytes staged by the spec itself: NO injection, every round ABSENT, INCONCLUSIVE rule 14 (829.303601ms)
  ✔ trusted control: with the in-process grant the SAME spec earns VALID + a strong verdict (807.018011ms)
✔ post-GLM F5 — an untrusted spec cannot select the canary double (1636.609264ms)
▶ audit M8 — CLI subprocess exit-code contract
  ✔ check on honest evidence exits 0 and prints PASS (2434.602417ms)
  ✔ check on a tampered artifact exits 3 and names the tampered file (2126.923891ms)
  ✔ report refuses a fabricated bundle (exit 3) and renders a valid one (exit 0) (1883.077201ms)
  ✔ audit F12: report with NO argument defaults to the latest run and renders bundle-persisted failing identities (1577.110375ms)
  ✔ version exits 0; no command prints usage and exits 3 (misuse) (128.589723ms)
  ✔ round-3 secondary: an infrastructure abort exits 2 (environment fault), never 3 (misuse) (89.977525ms)
✔ audit M8 — CLI subprocess exit-code contract (8241.866721ms)
▶ FINDING A — subject text alone can never create a strong verdict
  ✔ the GLM counterexample (console.log "128 passing") is never PASS (1562.146808ms)
  ✔ test command node -e printing mocha-shaped prose is never PASS (1234.404887ms)
  ✔ a printed failing summary is never CONFIRMED_REGRESSION (1166.941092ms)
✔ FINDING A — subject text alone can never create a strong verdict (3965.132753ms)
▶ KNOWN_RUNNER_RELEASES — table == disk (canary-double)
  ✔ the pinned double hash equals the treeSha256 of the repo fixture bytes (2.107216ms)
  ✔ no placeholder digests survive, every entry is well-formed, versions unique per package (0.299791ms)
✔ KNOWN_RUNNER_RELEASES — table == disk (canary-double) (3.439445ms)
✔ intent matching the live authority stays SILENT (the guard must not shout at innocence) (662.465061ms)
✔ legacy record with no intent field verifies exactly as before (additive) (516.231995ms)
✔ dropped plan step since isolation → intent block before identity (448.193208ms)
✔ re-sealed script text (digest differs) → intent block (436.538952ms)
✔ seal vanished (authority re-created without one) → intent block (432.818044ms)
✔ task kind registered at isolation gone now → intent block (407.131983ms)
✔ registered requirements shrink → intent block (406.583441ms)
✔ INCREASES are allowed: richer plan + richer task sail past the guard (427.134182ms)
✔ restore = recovery: re-adding the dropped step clears the block, still grudgeless (589.259182ms)
✔ malformed intent fields make the RECORD invalid (a guard cannot read a snapshot it will not parse) (517.201884ms)
✔ gate order: quarantine refusal and impersonation outrank the intent guard (444.919367ms)
✔ committed test deletion in the candidate diff is ATTRIBUTABLE (the worktree began provably clean) (71.109537ms)
✔ renaming a test OUT of test paths counts as attributable coverage loss (68.953301ms)
✔ the suffix-surviving escape: tests/x.test.js → src/x.test.js is STILL coverage loss (adversary F3) (69.506524ms)
✔ the directory rule does not shout at innocence: suffix-only moves and in-dir moves stay intact (132.700655ms)
✔ the isolation premise names what the candidate boundary can NOT prove (correctness #5): never "setup" (50.874511ms)
✔ an unanswerable baseHead probe fails SAFE: deletions UNATTRIBUTABLE, never a false met (51.447184ms)
✔ added test file: changes carries it, deletions stay empty (regression evidence, not loss) (69.313934ms)
✔ F4-A: no registered task + green sealed plan → CANDIDATE NOT PROVEN, never PASS; the missing authority is named (839.449175ms)
✔ F4-B: promotion of a taskless candidate is locked — gate 1 refuses, zero promotion bundles, base unmoved (1056.176608ms)
✔ F4-C: a registered task whose obligations are all MET still reaches PASS and ACCEPTED promotion (the gate must not shout at innocence) (1190.759658ms)
✔ F4-D: registration is not a mask — a bugfix without regression evidence stays NOT PROVEN on its real duty, authority gate silent (743.360125ms)
✔ F4-E: an objective violation still BLOCKS while taskless — unmet outranks the new unproven duty (653.17003ms)
✔ F4-F: no knob opens it — an env var and an unknown flag cannot restore the authority that registration must give (672.061712ms)
✔ F4-G: precedence holds with the gate in play — fail > unmet > unproven(taskless) > pass (746.051749ms)
▶ deriveObservedCounts (pure): parses bytes, never judges them
  ✔ knows the four summary dialects (1.742906ms)
  ✔ last match wins; free text with no counts is null (0.285238ms)
  ✔ adversarial output cannot stall the parse (bounded tail + bounded jest gap) (26.106613ms)
✔ deriveObservedCounts (pure): parses bytes, never judges them (29.429811ms)
▶ candidateIdentity (pure): unknown candidate stays unknown
  ✔ a fake .git that cannot answer is recorded UNIDENTIFIED, never upgraded (6.186823ms)
  ✔ a fake .git under a REAL parent repo is still UNIDENTIFIED — git never lends ancestor identity (73.699292ms)
✔ candidateIdentity (pure): unknown candidate stays unknown (80.260306ms)
▶ verification bundle: what Canary EXECUTED, recorded from its own run
  ✔ setup writes argv/cwd/runtime/candidate/raw-bytes+digests/counts; empty output hashes truthfully (441.74291ms)
  ✔ a failing check records exit code + observed counts, and the bundle does not change the verdict (744.159977ms)
  ✔ a hostile plan-step kind in config cannot shape a path out of the bundle dir (S3, per-component) (655.679304ms)
  ✔ retention is bounded and owns only its own directory names (752.6879ms)
✔ verification bundle: what Canary EXECUTED, recorded from its own run (2595.043208ms)
▶ claims are hints: never a pass, never a block, at most an annotation
  ✔ claim + green run stays SILENT even when the claim is absurd (698.899561ms)
  ✔ diverging claim annotates an already-decided block with claim-vs-observed, both sides parsed (763.346984ms)
  ✔ without a claim the block reason is exactly the pre-M2 shape — no note (564.475566ms)
  ✔ a claim that MATCHES the printed lie still cannot stop the block (exit code is the oracle) (633.782648ms)
  ✔ forged evidence + forged last-checkpoint never produce a pass: nothing is read back (519.031361ms)
  ✔ a claim whose timestamp is not ISO-shaped cannot smuggle prose into the block reason (515.686301ms)
  ✔ an ISO-PREFIXED prose tail cannot smuggle into the note either (end anchor) (483.011241ms)
  ✔ a corrupt claims file is inert: the block stands, unannotated, no crash (446.111461ms)
  ✔ a claims file linked outside the repo is never read (S3) (423.488719ms)
✔ claims are hints: never a pass, never a block, at most an annotation (5048.607944ms)
▶ claim intake guards
  ✔ empty claim is misuse (exit 3) and writes nothing (49.922097ms)
  ✔ claims without a usable repo are refused with exit 2, nothing written (48.414571ms)
  ✔ inside a repo Canary does not trust: NEEDS ATTENTION, no claim written (50.125676ms)
  ✔ a set-up repo stores the claim labeled UNTRUSTED HINT, capped, and says so (281.044609ms)
  ✔ a claims/ dir linked outside the repo refuses the write (S3, exact path) (293.517013ms)
  ✔ a config from another installation refuses claims too (S2) (268.177741ms)
✔ claim intake guards (991.579109ms)
▶ writers stamp their own class, honestly
  ✔ every verification bundle Canary writes is CANARY_OBSERVED (setup/doctor/checkpoint) (1363.222046ms)
  ✔ the claim envelope is stamped AGENT_REPORTED next to its UNTRUSTED HINT authority (416.53556ms)
✔ writers stamp their own class, honestly (1781.322627ms)
▶ labels are inert as input — no promotion by declaring or copying
  ✔ a hand-written claim self-declaring CANARY_OBSERVED/"VERIFIED" changes nothing but annotation prose (677.734126ms)
  ✔ a forged CANARY_OBSERVED pass bundle cannot stop a block and is kept as inert data (636.201337ms)
  ✔ no side door: extras handed to the bundle writer can never shadow its reserved fields (33.279874ms)
  ✔ doctor re-derives despite a forged pass bundle: NEEDS ATTENTION, never READY (677.307238ms)
✔ labels are inert as input — no promotion by declaring or copying (2025.334049ms)
▶ class coverage and UX
  ✔ EXTERNALLY_VERIFIED has no producer: nothing under .canary ever carries it (1080.827633ms)
  ✔ trust classes are verbose-only — default output stays simple (977.826418ms)
✔ class coverage and UX (2059.058765ms)
▶ the bundle answers the M4 questions
  ✔ setup records planDigest (matching the in-memory plan), baseline, and ordered per-step stamps (485.802279ms)
  ✔ planDigest is deterministic, order-sensitive, and binds kind AND script (0.359155ms)
✔ the bundle answers the M4 questions (487.361454ms)
▶ the task label is a digest with zero verdict authority
  ✔ checkpoint records taskDigest on a pass and never stores the prose anywhere (723.646264ms)
  ✔ on a failing plan the block is byte-identical with or without a task label (1318.750938ms)
  ✔ absent or empty task yields taskDigest null; an old sender without task still gets full provenance (891.198735ms)
✔ the task label is a digest with zero verdict authority (2934.114321ms)
▶ the companion hash binds bytes — and says what it is not
  ✔ verification.sha256 matches the bundle bytes, detects a one-byte tamper, and is labeled tamper-evidence only (958.741384ms)
✔ the companion hash binds bytes — and says what it is not (959.097883ms)
▶ baseline honesty
  ✔ a pre-M4 config (no baseline) yields baseline null, never an invented identity (665.869572ms)
✔ baseline honesty (666.268274ms)
▶ setup seals the verification authority
  ✔ the seal binds the plan digest and the verbatim text of each script it runs (1334.887946ms)
✔ setup seals the verification authority (1335.973795ms)
▶ the spec attack: honest command -> "echo all good"
  ✔ a swapped script text that WOULD pass by exit code is blocked as authority drift (413.694675ms)
  ✔ the loop guard holds on authority drift: one repair attempt, then honest stop (445.02759ms)
  ✔ restoring the sealed text restores silent verification (drift detection, not a grudge) (1137.577122ms)
✔ the spec attack: honest command -> "echo all good" (1996.793643ms)
▶ the config side of the same attack
  ✔ editing cfg.plan mid-task without re-sealing blocks (390.935256ms)
  ✔ a malformed hand-planted seal fails closed (492.282037ms)
  ✔ a pre-M5 config (no seal) verifies exactly as before — additive (1170.688768ms)
✔ the config side of the same attack (2054.432148ms)
▶ re-sealing and visibility
  ✔ re-running setup re-seals the new text under a visible smoke; then it verifies (826.199368ms)
  ✔ doctor refuses READY on drifted authority (381.775249ms)
✔ re-sealing and visibility (1208.226104ms)
▶ task-kind inference from prose (union — a mislabel adds work, never removes it)
  ✔ one phrase can raise several kinds at once (1.825462ms)
  ✔ prose matching nothing infers no kinds (the pre-M6 posture stays reachable) (0.138387ms)
  ✔ the whole word "defect" infers bugfix (review #7: a leading-space typo dropped the word) (0.155961ms)
✔ task-kind inference from prose (union — a mislabel adds work, never removes it) (2.872305ms)
▶ git output parsers (-z raw bytes: no quoting to outsmart, never crash, never invent paths)
  ✔ name-status -z: NUL-separated; renames consume both paths; unknown codes degrade to mod (0.380035ms)
  ✔ porcelain -z: ??=add, staged/working D=del, R/C take a SECOND NUL token as the new name (0.225136ms)
  ✔ delPaths: deletes count; a rename AWAY from a test path is coverage loss; a rename that stays a test is not (review #5) (0.358909ms)
✔ git output parsers (-z raw bytes: no quoting to outsmart, never crash, never invent paths) (1.274036ms)
▶ obligationsFor — the one-way obligation engine
  ✔ bugfix: test ADDED/MODIFIED = met; nothing touched = UNPROVEN, never silent (0.882586ms)
  ✔ a pure test-file DELETION is never regression evidence (review #4) (0.290266ms)
  ✔ refactor: needs tests-green AND a coverage-loss answer; no-tests plan says so honestly (0.249008ms)
  ✔ attributable test deletion is UNMET (the block signal); unattributable is UNPROVEN only (0.308559ms)
  ✔ unattributable note: "already dirty at setup" ONLY when the stamp proved it (review #6) (0.297016ms)
  ✔ path rendering: 8-path cap and odd-path collapse (candidate text never rides the note) (0.161413ms)
  ✔ dependencies: implied by diff even without any declaration — and always non-objective (0.171578ms)
  ✔ performance/UI: met ONLY through a human-sealed bench/e2e step; else UNPROVEN with the honest exit (0.171105ms)
  ✔ multi-part: counted requirements and the one-concise-question variant (0.103436ms)
  ✔ a fully-covered refactor with a green sealed plan yields ONLY met obligations (silent path exists) (0.112391ms)
  ✔ kinds never declared still get the diff-implied floor: no kinds + clean signals = no obligations beyond tests-green (0.157559ms)
✔ obligationsFor — the one-way obligation engine (3.500015ms)
▶ canary task — an AGENT_REPORTED hint with zero authority
  ✔ setup + register: digest-only storage, inferred kinds, explicit zero-authority line (631.871221ms)
  ✔ --kind overrides inference; --requirement forces multi; hostile input is usage, not a crash (764.813112ms)
  ✔ registering a task against no setup / no git says so; nothing is written (74.207898ms)
✔ canary task — an AGENT_REPORTED hint with zero authority (1471.249301ms)
▶ checkpoint/doctor integration — the sealed plan passes, obligations decide the tone
  ✔ no task record, no prose, fake git: byte-identical pre-M6 silence (additive) (626.626367ms)
  ✔ registered bugfix with no test change: the pass rides an honest UNPROVEN systemMessage, never silence (726.2386ms)
  ✔ hook-stdin task prose infers kinds even without a registration (605.516598ms)
  ✔ a malformed/hand-planted record degrades to the no-record posture, hostile kinds filtered (1185.90939ms)
  ✔ fake git makes diff signals unresolvable: a registered refactor is UNPROVEN, never a silent met (610.873268ms)
  ✔ doctor lists open obligations instead of a bare READY (1000.246193ms)
  ✔ config rewrite keeps the seal: obligations never execute anything unsealed (535.458535ms)
✔ checkpoint/doctor integration — the sealed plan passes, obligations decide the tone (5291.503967ms)
✔ built CLI exists (run npm run build first) (1.272014ms)
✔ isolate misuse exits 3 with usage, and never touches the repo (1250.001149ms)
✔ isolate refuses a repo Canary does not verify (no config, exit 2) (80.722041ms)
✔ isolate refuses a base whose own config is distrusted (400.365788ms)
✔ create refuses under fake git — an unresolvable base cannot be isolated from (and nothing registers) (375.934497ms)
✔ verify refuses a malformed or name-mismatched record without executing anything (482.345635ms)
✔ verify refuses a record whose baseRoot is not this repo (impersonation guard, before any identity read) (392.382878ms)
✔ verify of a LOST candidate (fake git => unresolvable) blocks honestly and writes a BLOCKED bundle (443.735951ms)
✔ under fake git, verify can NEVER report PASS — the fail-closed ceiling of the whole contract layer (421.11358ms)
✔ list is honest with no registry, survives invalid records, and exits 0 (it never executes anything) (544.64234ms)
✔ remove refuses unregistered names; a vanished candidate is pruned honestly (record deleted, exit 0) (450.860291ms)
✔ uninstall refuses to delete .canary while candidates are registered (worker trees stay protectable) (425.884938ms)
✔ built CLI exists (run npm run build first) (4.627005ms)
✔ isolate --promote misuse exits 3 (name required, flags scoped, one mode) (1023.828232ms)
✔ promote refuses a repo Canary does not trust (exit 2, before any record read) (90.892861ms)
✔ promote of a missing or malformed record delegates to verify (exit 2, identical refusal) (532.984063ms)
✔ promote refuses an impersonated record (different baseRoot) with the canonical guard (405.371155ms)
✔ under fake git, promote BLOCKS via live verify and can never apply or accept (546.067595ms)
✔ promotion bundles obey bounded evidence retention (nothing is kept forever) (426.215812ms)
✔ intact harness entry keeps the pre-gate SILENT: LOST-style block, zero §9 lines (654.28424ms)
✔ harness entry deleted outside the window → §9 before execution (containment pre-gate) (515.258399ms)
✔ harness entry scrubbed (valid JSON, entry gone) → §9 with after "entry missing" (434.09507ms)
✔ gate order: record refusals (ghost / malformed / impostor) precede the pre-gate even with settings deleted (561.815781ms)
✔ evidence tree is in the fingerprint set: plant / edit / wipe all drift, untouched tree stays quiet (4.534863ms)
✔ §9.5 quarantine refusal out-ranks EVERY gate — even record refusals — and writes no bundle (503.520742ms)
✔ a human re-seal (setup) is the clearing act — the marker vanishes with the deliberate restore (808.500399ms)
✔ the containment pre-gate stays grudgeless: a before-execution mandate stamps NO marker, and restoring bytes recovers cleanly (510.203617ms)
✔ a config that promised nothing runs no containment gate (hand-written touched: []) (458.57242ms)
▶ detection (pure)
  ✔ lockfiles pick the package manager, first match wins in declared order (2.916092ms)
  ✔ plan is conservative, ordered, and exact-name only (1.41145ms)
  ✔ shell-shaped script names never enter a plan (0.66236ms)
  ✔ a quote-bearing CLI path cannot be embedded — buildHookCommand refuses (0.175622ms)
  ✔ containedRealPath: inside stays inside, outside resolves to null (S3 floor) (2.816661ms)
✔ detection (pure) (9.855537ms)
▶ setup
  ✔ happy path: READY, hook registered, evidence written, user repo untouched otherwise (712.787403ms)
  ✔ re-run is idempotent: one Canary entry, no duplicates, user entry preserved (727.472093ms)
  ✔ malformed settings.json: refuse, exit NEEDS ATTENTION, bytes untouched (86.919579ms)
  ✔ S5: valid JSON with a non-list hooks section gets a plain-words refusal, not an internal crash (186.854595ms)
  ✔ failing project checks never print READY (NO PROOF, NO DONE) (779.977991ms)
  ✔ unattended without --yes: installed but NOT READY — nothing executed, nothing proven (128.492942ms)
  ✔ no supported harness: explicit message, not a fake integration (78.045677ms)
  ✔ Windows path quoting survives E2E: a project path containing spaces onboards and self-checks (705.04609ms)
✔ setup (3406.65632ms)
▶ checkpoint (harness entry)
  ✔ pass -> silent allow (human never interrupted) (654.553104ms)
  ✔ failure -> decision:block with the reason (agent gets a repair turn) (569.815943ms)
  ✔ loop guard: stop_hook_active allows with an honest systemMessage, never re-blocks (531.313686ms)
  ✔ repo without Canary wiring: exit 0, silent (stay out of the way) (55.463979ms)
  ✔ S2: a config written by a different installation never executes — loud UNVERIFIED instead (355.055993ms)
  ✔ S7: a parseable-but-wrong-shape config is treated as corrupt everywhere, never a crash (716.349918ms)
  ✔ F-1: a half-written (truncated) config is loud UNVERIFIED at checkpoint, never silent; doctor stays NEEDS ATTENTION (342.179453ms)
✔ checkpoint (harness entry) (3225.270189ms)
▶ atomic config writes (GLM F-2)
  ✔ leaves no temp residue and round-trips exactly (12.250276ms)
  ✔ a crash before the final rename leaves the PREVIOUS config byte-intact, never a corrupt half-file (14.513147ms)
  ✔ every write is fsync-ed BEFORE its publish rename (durable-then-visible order is pinned) (6.720293ms)
  ✔ a crash during the settings write surfaces as a problem — original untouched, backup kept, no residue (5.222443ms)
✔ atomic config writes (GLM F-2) (38.964637ms)
▶ doctor + uninstall
  ✔ READY after a green setup; hook deletion is detected loudly; --run still works (now always-on) (1161.370177ms)
  ✔ S4: a FORGED or stale checkpoint file can never produce READY — only this run can (519.66642ms)
  ✔ never set up -> NEEDS ATTENTION with the one command; outside git -> UNSUPPORTED (96.455781ms)
  ✔ uninstall removes exactly Canary, preserves everything else; repeat is safe (625.583538ms)
  ✔ S1: an out-of-repo touched path in the config is refused, untouched, loudly (321.913281ms)
  ✔ S6: partial cleanup keeps .canary so the promised retry can actually finish (316.100246ms)
  ✔ S2-adjacent: uninstall of a foreign-cliPath config is refused (cannot prove ownership) (290.760291ms)
✔ doctor + uninstall (3332.23266ms)
▶ degenerate empty plan (hand-edited config must not fake green)
  ✔ checkpoint: zero checks executed -> UNVERIFIED systemMessage, never a silent pass; doctor flags it (368.7519ms)
✔ degenerate empty plan (hand-edited config must not fake green) (368.855241ms)
▶ link containment (S3)
  ✔ checkpoint evidence is never written through a link pointing outside the repo (437.144314ms)
  ✔ setup refuses outright when a managed file is a link (dangling included) (46.500537ms)
✔ link containment (S3) (483.772933ms)
▶ hook entry shape + ownership
  ✔ hasCanaryEntry matches exact command only (0.167024ms)
✔ hook entry shape + ownership (0.239366ms)
▶ audit M8 — offline pipeline end-to-end
  ✔ confined regression: CONFIRMED_REGRESSION, real artifacts re-hash clean (2227.124625ms)
  ✔ unconfined tree drift is downgraded to INCONCLUSIVE rule 9 (F9 e2e) (1419.078008ms)
  ✔ a tampered artifact is caught end-to-end by the prove path (F4 e2e) (1346.744861ms)
  ✔ a fabricated self-contradictory bundle is refuted by validateBundle (F3 e2e) (1192.65155ms)
  ✔ round-3 secondary: a fetch failure is INFRASTRUCTURE (InfraAbort -> CLI exit 2), not generic error (3.119482ms)
  ✔ round-3 secondary: an extraction failure is INFRASTRUCTURE too (2.870416ms)
✔ audit M8 — offline pipeline end-to-end (6193.263844ms)
▶ round-3 B3 — the proof host is the ACTUAL runtime, never the evidence
  ✔ pristine run + proofHost = this machine: full gate PASSes with ZERO skipped assertions (1404.122771ms)
  ✔ THE AUDIT ATTACK: reseal host metadata to dodge host checks -> gate FAILS (exit 1), never skip-to-PASS (1265.974526ms)
  ✔ resealing the environment TO MATCH the real machine is not an attack: identity is reality, not paper (1241.376197ms)
  ✔ off the proof host (simulate a foreign runtime): strict checks SKIP and the verdict INCOMPLETE (exit 2) — PASS is not claimed (1078.659319ms)
  ✔ post-sol F1 — SELF-CONSISTENT is NOT proof-agreement: a bundle fully consistent on this machine can still FAIL check against a diverged committed proof (1006.201618ms)
  ✔ a lying proof file cannot flip the verdict either: proofHost=foreign while running here still skips (evidence-agnostic) (908.505456ms)
✔ round-3 B3 — the proof host is the ACTUAL runtime, never the evidence (6906.985221ms)
▶ post-GLM F2 — executable bytes are part of the host identity
  ✔ a trojan runtime claiming the proof-host METADATA but running different bytes can never PASS (859.562925ms)
  ✔ a proof naming a proofHost but omitting the exec digest is REFUSED — loud FAIL, never a silently weaker gate (827.010499ms)
  ✔ the sampler reports the ACTUAL bytes of the running executable (154.934372ms)
  ✔ an environment ATTESTATION stays metadata-only: the evidence block carries no bytes to compare (documented residual) (0.243563ms)
✔ post-GLM F2 — executable bytes are part of the host identity (1842.200781ms)
▶ verifyArtifacts — audit F4 (proof must rehash the real artifacts)
  ✔ accepts a bundle whose every recorded hash matches the file on disk (4.376612ms)
  ✔ rejects a tampered raw stdout (recorded hash kept, content swapped) (5.618542ms)
  ✔ rejects a tampered normalized stdout independently of the raw one (3.07679ms)
  ✔ rejects quietly deleted stderr artifacts (4.361765ms)
  ✔ rejects all four substituted files of one round (raw, raw-err, norm, norm-err) (6.269193ms)
  ✔ rejects a logPath that breaks the round-ownership contract (9.854138ms)
✔ verifyArtifacts — audit F4 (proof must rehash the real artifacts) (35.389605ms)
▶ verifyArtifacts — audit B3 (path confinement + ownership)
  ✔ ../../ identical external substitution is refused (ownership), not verified against the external bytes (4.47462ms)
  ✔ absolute external path in logPath is refused (4.21891ms)
  ✔ cross-round swap (candidate#1 claims candidate#2 log) is refused (4.536974ms)
  ✔ baseline pointing at a candidate artifact is refused (2.940436ms)
  ✔ a valid canonical relative artifact path verifies clean (2.845501ms)
  ✔ missing + modified artifacts are refused (12.811246ms)
  ✔ a symlinked artifact resolving outside the dir is refused (symlink escape) (6.820589ms)
✔ verifyArtifacts — audit B3 (path confinement + ownership) (39.70619ms)
▶ assertProof — audit F11 + round-3 B3 (host-exactness from the ACTUAL runtime)
  ✔ legacy proof (no proofHost): host-exact hashes NEVER assert — recorded-env match grants nothing (post-glm F6f) (6.185763ms)
  ✔ post-glm F6f: an ABSENT proofHost can never grant host-exact trust — resealed env metadata cannot PASS the proof (2.49636ms)
  ✔ matching proofHost + actual runtime on it: every assertion including hashes AND the environment binding evaluates (6.331473ms)
  ✔ round-3 B3 core: resealing the evidence environment can NO LONGER skip strict checks — it FAILS the binding (14.075422ms)
  ✔ off-proof-host: host-exact comparisons skip (flagged, not silent); portable assertions still evaluate; verdict is INCOMPLETE (2.97804ms)
  ✔ off-proof-host with tampered committed hashes still passes portable checks (and this is exactly why verifyArtifacts exists) (3.70711ms)
✔ assertProof — audit F11 + round-3 B3 (host-exactness from the ACTUAL runtime) (36.466776ms)
▶ round-3 B3 — environment attestation + verdict helpers
  ✔ environmentAttestationIssues: silent only when claim == ACTUAL runtime (1.940686ms)
  ✔ proofVerdict: PASS requires zero failures AND zero skips (0.178761ms)
✔ round-3 B3 — environment attestation + verdict helpers (2.288683ms)
▶ round-3 B4-D — exact failing-identity set equality (proof vs candidate bytes)
  ✔ faithful expectation: exact set holds (0.430425ms)
  ✔ proof pinning a SUBSET (hiding a real failure) FAILS (0.660649ms)
  ✔ proof pinning an EXTRA (non-existent) identity FAILS (0.262291ms)
  ✔ the exact-set check is portable — it evaluates (never skips) off-host (0.26238ms)
  ✔ a proof that does not pin the tarball digest FAILS the pin requirement (0.266119ms)
  ✔ assertProof alone refuses a resealed experimentId the proof does not name (mutation N10) (0.45289ms)
  ✔ a proof declaring a schema version the reader does not implement FAILS (portable) (0.514156ms)
✔ round-3 B4-D — exact failing-identity set equality (proof vs candidate bytes) (5.321535ms)
▶ post-sol secondary — host sampling is immune to the verifier process environment
  ✔ a poisoned NODE_OPTIONS in the verifying process does NOT crash or steer the fingerprint (458.788495ms)
✔ post-sol secondary — host sampling is immune to the verifier process environment (459.057969ms)
▶ audit B4 — provenance forgery matrix (which layer refuses)
  ✔ pristine run passes the whole gate (1408.671069ms)
  ✔ rewriting failure counts is caught — round-3 B1 coverage gate fires even earlier (at validateBundle) (1261.155865ms)
  ✔ rewriting failing-test identities is caught by byte re-derivation (resealed) (1225.058655ms)
  ✔ NEW: per-round name/value disagreement with bytes is caught (one round forged) (1076.558593ms)
  ✔ rewriting digests away from bytes is caught by verifyArtifacts (resealed) (994.349678ms)
  ✔ rewriting the repo URL is caught by the committed proof (resealed) (886.044485ms)
  ✔ rewriting experimentId is caught by the workspace binding (resealed) — B4-A fires before the proof (857.829955ms)
  ✔ rewriting the pinned commit is caught by the committed proof (resealed) (838.369286ms)
  ✔ rewriting runtime platform is caught by the committed proof (resealed) (807.563213ms)
  ✔ flipping drift-confined to false is caught (resealed) — trustful+unconfined (764.600106ms)
  ✔ downgrading a tree observation to INCOMPLETE cannot support a trustful label (resealed) (762.221787ms)
  ✔ NEW: relabeling a real regression PASS is caught by re-derivation (resealed) (733.659355ms)
  ✔ adding a non-allowlisted env key is refused (resealed) (713.554019ms)
  ✔ naive (argv) rewrite without recomputing the manifest is caught by integrity (725.784701ms)
  ✔ naive (tarball digest) rewrite without recomputing the manifest is caught by integrity (722.460784ms)
  ✔ naive (runId) rewrite without recomputing the manifest is caught by integrity (755.328053ms)
  ✔ manifest integrity catches ANY single-field rewrite done without recompute (729.173483ms)
✔ audit B4 — provenance forgery matrix (which layer refuses) (15265.174363ms)
▶ round-3 B4 — coherent-reseal matrix on release-critical fields
  ✔ resealed runId alone is contradicted by the workspace directory (717.524515ms)
  ✔ resealed runId AND experimentId (coherent prefix) still contradicts the directory (709.572639ms)
  ✔ resealed tarball digest is contradicted by the retained fixture.tgz bytes (706.98329ms)
  ✔ attacker who swaps the TARBALL BYTES too is stopped by the committed proof pin (701.767166ms)
  ✔ resealed argv is contradicted by the committed spec re-expansion (proof host) (695.171551ms)
  ✔ weakened envKeys (valid allowlist subset) is contradicted by the policy re-derivation (700.24644ms)
  ✔ classification REASON tampering (label/rule/count coherent) is caught by byte re-derivation (696.583304ms)
  ✔ coherent INCONCLUSIVE-rule9 relabel is refused (no unconfined drift to justify it) (1404.344112ms)
  ✔ resealed dependency-copy count is contradicted by the retained snapshot recount (732.879176ms)
  ✔ a crash hidden from the record (crash line IN the bytes, resealed) is caught by byte re-derivation (714.619467ms)
  ✔ an invented crashSignal on clean bytes is caught too (bidirectional binding, resealed) (693.66859ms)
  ✔ a tampered infraSignal (false where bytes carry an infra line) is caught by bytes (704.114819ms)
  ✔ a proof pinning a SUBSET of the failing identities is refused (exact-set equality, B4-D) (716.638476ms)
  ✔ a proof pinning a WRONG extra identity is refused too (exact-set equality, B4-D) (695.887636ms)
  ✔ a proof that forgot to pin the tarball digest cannot support PASS (B4) (704.401335ms)
✔ round-3 B4 — coherent-reseal matrix on release-critical fields (11295.296495ms)
▶ flattenNpmLsJson — npm 11.19 empty-object representation (pipeline path)
  ✔ an empty {} node with no problems mention is expected-absent: no anomaly, no hole (2.920275ms)
  ✔ the same {} node IS an anomaly when problems mentions it (unmet-optional-that-matters fails closed) (0.357236ms)
  ✔ a version-less node with missing:true is an anomaly (uninstalled REQUIRED dep) (0.277484ms)
  ✔ a version-less node carrying a declared subtree: missing-version + unwalked-subtree (0.442804ms)
  ✔ problems name-matching is token-anchored: "util" is not matched by "bufferutil@1.0.0" (0.360543ms)
  ✔ non-object node entries are malformed-node anomalies (0.263088ms)
  ✔ empty / effectively-empty trees can NEVER become VALID (criterion 6) (0.306109ms)
  ✔ a {} node for the STUDIED dependency itself is absence, not presence (criterion 7) (2.074037ms)
  ✔ ANY anomaly caps the observation at INCOMPLETE even with the dep present (0.395375ms)
✔ flattenNpmLsJson — npm 11.19 empty-object representation (pipeline path) (9.450076ms)
▶ post-sol M-2 — empty-node semantics (narrowest exemption)
  ✔ the REAL captured npm 11.19 shape (root fsevents {}, ws nested {} natives) stays VALID (0.996561ms)
  ✔ R4-SR1 (self-review): problems WITH a silent stderr is npm's real extraneous-only shape — the observation is complete, not contradictory (0.449445ms)
  ✔ an empty/absent problems field under an ELSPROBLEMS stderr IS the contradiction (stripped-report forgery) (0.433209ms)
  ✔ problems ABSENT but stderr SCREAMING ELSPROBLEMS is equally a contradiction (stripped-stderr forgery) (0.219272ms)
  ✔ a MALFORMED problems field (string, object, or array with non-strings) kills the exemption and is itself an anomaly (0.40743ms)
  ✔ string-valued problems mentioning the node fail closed identically on BOTH parsers (N4 differential) (0.197072ms)
  ✔ the STUDIED dependency appearing as {} is absence (INCOMPLETE via depPresent), never presence (1.75552ms)
  ✔ drift caused by DISAPPEARANCE of a formerly-versioned dep is byte-visible, not exemption-hidden (outside-subtree drift -> unconfined) (0.378284ms)
  ✔ deeply nested hostile trees are BOUNDED on both parsers (no stack exhaustion; fails closed) (3.312129ms)
  ✔ the traversal budgets are IDENTICAL contracts in both implementations (0.202258ms)
  ✔ anomalies from the two problem channels are DETERMINISTIC and deduped across repeated {} nodes (0.229092ms)
✔ post-sol M-2 — empty-node semantics (narrowest exemption) (9.369194ms)
▶ cross-implementation parity — pipeline flatten vs verify-tree re-flatten (criteria 2+3)
  ✔ parity: plain (0.351067ms)
  ✔ parity: 11.19 empty optionals (0.105946ms)
  ✔ parity: empty optional + problems mention (0.193294ms)
  ✔ parity: missing required (0.332184ms)
  ✔ parity: scoped names (0.134177ms)
  ✔ parity: nested copies (0.101006ms)
  ✔ parity: malformed nodes (0.13953ms)
  ✔ parity: version-less with subtree (0.124032ms)
  ✔ parity: problems only (no deps) (0.227763ms)
  ✔ parity: truncated json (0.249411ms)
  ✔ parity: json scalar (0.138309ms)
  ✔ parity: json null (0.104558ms)
  ✔ parity: empty root (0.276096ms)
✔ cross-implementation parity — pipeline flatten vs verify-tree re-flatten (criteria 2+3) (3.111473ms)
▶ confinement semantics survive the compatibility fix (criterion 3)
  ✔ a {} drift node is never a flat key, so drift sets stay byte-derived (0.354343ms)
  ✔ drift OUTSIDE the subtree stays unconfined even next to {} nodes (0.209794ms)
  ✔ scoped-name escape stays closed under segment semantics (2.634015ms)
✔ confinement semantics survive the compatibility fix (criterion 3) (3.390236ms)
▶ reflattenNpmLs — independent re-derivation of the tree observation
  ✔ flattens nested/scoped trees with versions, no anomalies (problems ignored) (3.183933ms)
  ✔ a missing-version node (npm unmet dependency) is an anomaly, never an "x" sentinel (0.567356ms)
  ✔ an empty {} node with no problems mention is an expected-absent optional, not a hole (0.770286ms)
  ✔ the same empty {} node IS an anomaly when problems mentions it (unmet-optional-that-matters fails closed) (0.378176ms)
  ✔ problems name-matching is token-anchored: "util" is not mentioned by "bufferutil@1.0.0" (0.392394ms)
  ✔ a {} node WITH a declared subtree is still missing-version + unwalked-subtree (0.320454ms)
  ✔ a version-less NODE hides a whole subtree: missing-version + unwalked-subtree (0.347613ms)
  ✔ truncated / malformed JSON => parsed=false (INVALID territory), never a partial success (0.567706ms)
  ✔ copies are counted by full path segments; subtree containment is segment membership (0.686393ms)
✔ reflattenNpmLs — independent re-derivation of the tree observation (9.535328ms)
▶ retained tree snapshots — real pipeline bytes, independent verifier
  ✔ a fresh confined CONFIRMED run retains arm-named artifacts that verify clean (1560.125923ms)
  ✔ naive tamper of retained raw bytes (no reseal) is caught (1272.715011ms)
  ✔ LAZY reseal (raw digest fixed, canonical/tree-hash left stale) is caught by the chain (1223.287848ms)
  ✔ reseal that rewrites bytes+digests but keeps the old attestation claim is caught by verify-tree (1132.815993ms)
  ✔ COHERENT full tree-side reseal: bundle layer catches the version lie (attestation invariant) (1037.420083ms)
  ✔ a coherent reseal claiming VALID over bytes with a missing-version hole is caught (status + anomaly re-derivation) (915.503296ms)
  ✔ pointing one arm at the other arm bytes is caught by BOTH layers (870.662665ms)
  ✔ flipping driftConfinedToDependency against the retained snapshots is caught (840.627598ms)
  ✔ stripping snapshot refs from a trustful bundle: verifier says unverifiable, schema refuses to seal trust on it (790.997945ms)
  ✔ post-GLM G: naive tamper/deletion of the retained attest bytes is caught by verifyArtifacts (773.608878ms)
  ✔ post-GLM G: a resealed framesSha256 the retained bytes do not back is caught ONLY by the bytes binding (775.569956ms)
  ✔ post-GLM G: reseal-everything-but-the-observation is REFUSED (the pre-G "clean 4-file resealed tuple" premise is forbidden by design) (740.337593ms)
✔ retained tree snapshots — real pipeline bytes, independent verifier (11935.121813ms)
▶ validateBundle — round-3 B6 snapshot/anomaly/version gates
  ✔ trustful WITH snapshots + empty anomalies + consistent versions validates clean (0.647492ms)
  ✔ trustful WITHOUT retained snapshots is rejected (resealed) (0.406164ms)
  ✔ trustful with a MISSING anomaly array is rejected ("did not look" != "nothing found") (1.275016ms)
  ✔ trustful with NON-EMPTY recorded anomalies is rejected (partial observation cannot anchor trust) (0.442203ms)
  ✔ resolvedVersions contradicting the dependency block is rejected (resealed attestation forgery) (0.433034ms)
  ✔ snapshot artifact names must be arm-derived (candidate pointing at baseline bytes dies sealed) (0.318964ms)
  ✔ NON-trustful bundles may legitimately carry no snapshots (honest INCONCLUSIVE rule 10) (0.39119ms)
  ✔ trustful label with rounds observation-ABSENT is rejected (rule-14 mirror, panel H) (0.380177ms)
  ✔ trustful label with a VALID observation naming an UNPINNED runner is rejected (panel H/AM-1) (0.29689ms)
  ✔ trustful label whose observed counts DISAGREE with the text channel is rejected (cross-channel gate cannot be bypassed) (0.374332ms)
✔ validateBundle — round-3 B6 snapshot/anomaly/version gates (5.2442ms)
▶ AI adapter boundary
  ✔ noop provider attaches nothing (1.218972ms)
  ✔ attachSummary cannot alter any pre-existing field, including classification (0.841879ms)
✔ AI adapter boundary (5.574952ms)
▶ classify — decision table (docs/PLAN.md section 6)
  ✔ rule 3: baseline unanimous pass + candidate unanimous pass -> PASS (3.888648ms)
  ✔ rule 5: baseline passes, all candidate rounds fail -> CONFIRMED_REGRESSION (0.744021ms)
  ✔ rule 4: baseline fails with real summaries + candidate fails -> PRE_EXISTING_FAILURE (0.435036ms)
  ✔ rule 1 (degenerate-run guard): failing round without runner summary -> INFRASTRUCTURE_FAILURE, never CONFIRMED_REGRESSION (0.448088ms)
  ✔ rule 1: killed round (exit -1) -> INFRASTRUCTURE_FAILURE (0.322245ms)
  ✔ rule 1: infra signal on a failing round outranks drift (0.373826ms)
  ✔ rule 2: split baseline -> FLAKY (experiment invalid) (0.285366ms)
  ✔ rule 7: clean baseline, mixed candidate -> FLAKY, not CONFIRMED (0.350279ms)
  ✔ rule 6: failing baseline + all-pass candidate -> INCONCLUSIVE (inverted pattern) (0.285582ms)
  ✔ rule 0: missing arms -> INCONCLUSIVE (0.302084ms)
  ✔ rule 1 (F1 guard): nonzero exit whose summary reports 0 failing is infra, not drift (0.342376ms)
  ✔ rule 1 (F5 guard): zero exit with masked failures in summary is never PASS (0.359362ms)
  ✔ audit B2: zero-test execution (exit 0, "0 passing") is INFRA, never PASS (0.252983ms)
  ✔ audit B2: a round with NO runner summary at exit 0 is INFRA, never PASS (0.610479ms)
  ✔ audit B2: recognized infra signature at EXIT ZERO is INFRA (a harness that swallows errors) (0.119387ms)
  ✔ audit B2: a candidate whose baseline is clean but rounds are zero-test is INFRA (never CONFIRMED) (0.119397ms)
  ✔ audit B2 positive control: a valid zero-failure run (N>0 passing, exit 0) still PASSES (0.192409ms)
  ✔ audit F1 (mocha-realistic): passing summary WITHOUT a failing line + nonzero exit -> INFRA, never CONFIRMED_REGRESSION (0.203302ms)
  ✔ audit F2: candidate rounds failing DIFFERENT counts -> FLAKY rule 8, not CONFIRMED_REGRESSION (0.39387ms)
  ✔ audit F2: same count but DIFFERENT failing-test identities -> FLAKY rule 8 (0.205712ms)
  ✔ audit F2: identical failure profiles (golden shape) -> still CONFIRMED_REGRESSION rule 5 (0.293297ms)
  ✔ audit F2: profile comparison is order-independent (sorted identities) (0.175238ms)
  ✔ audit F2: unstable baseline failure identities block PRE_EXISTING_FAILURE -> FLAKY (0.165458ms)
  ✔ audit F1 contract: summary-present failing round WITHOUT any failing count is INFRA, not regression (0.151967ms)
  ✔ is pure: same facts always yield the same verdict (0.966442ms)
✔ classify — decision table (docs/PLAN.md section 6) (15.346234ms)
▶ audit F9/B6 — applyConfinementGuard (rules 9 + 10, enforced not decorative)
  ✔ downgrades CONFIRMED_REGRESSION to INCONCLUSIVE rule 9 when drift is unconfined (0.355771ms)
  ✔ is identity when drift IS confined and both trees VALID (a legit CONFIRMED survives) (0.181831ms)
  ✔ never masks an INFRASTRUCTURE_FAILURE (higher-fidelity reason kept) (0.203045ms)
  ✔ downgrades PASS and PRE_EXISTING_FAILURE too (any trustful verdict needs comparable arms) (0.334956ms)
  ✔ audit B6: an empty/partial tree observation downgrades to INCONCLUSIVE rule 10 even when drift is confined (0.279176ms)
  ✔ audit B6: tree-invalidity takes precedence over unconfined drift (rule 10 not 9) (0.198549ms)
  ✔ guard removal would flip the outcome: identical facts, opposite confinement (0.275782ms)
✔ audit F9/B6 — applyConfinementGuard (rules 9 + 10, enforced not decorative) (2.366966ms)
▶ round-3 blocker 1 — identity coverage gates trustful verdicts
  ✔ identityCoverage: exact match COMPLETE; fewer / more / missing => INCOMPLETE / NOT_OBSERVED (0.330088ms)
  ✔ two DIFFERENT root-level failures that collapsed to equal EMPTY sets can never CONFIRM (rule 11) (0.406819ms)
  ✔ repeated "2 failing" with only ONE extractable identity -> INCONCLUSIVE rule 11, never CONFIRMED (0.57882ms)
  ✔ single failing round claiming 9 failures with 0 identities -> INCONCLUSIVE rule 11 (0.155932ms)
  ✔ under-accounted BASELINE blocks PRE_EXISTING_FAILURE too (coverage is not candidate-only) (0.202652ms)
  ✔ genuinely distinct root failures stay distinct (rule 8 FLAKY, not coverage, not CONFIRMED) (0.191858ms)
  ✔ fully-accounted root-level identities CONFIRM (conservatism must not break real proofs) (0.216635ms)
✔ round-3 blocker 1 — identity coverage gates trustful verdicts (2.492653ms)
▶ round-3 blocker 2 — pending tests are NOT executed assertions
  ✔ all-pending candidate (0/0/7, exit 0) can never PASS -> INFRA (0.362855ms)
  ✔ infraCause flags a pending-only round directly (was: null) (0.175307ms)
  ✔ healthy baseline + ALL-skipped candidate: the run proves nothing executed (0.14381ms)
  ✔ summary present with NO machine-readable counts at all -> INFRA (prose "summary" proves nothing) (0.164975ms)
  ✔ pending-only counts (no passing/failing line — the real mocha shape) -> INFRA zero-executed (0.910648ms)
  ✔ zero-test with NO summary at all stays INFRA (B2 path unchanged) (0.244707ms)
  ✔ a single executed assertion (1 passing, 0 failing, N pending) is enough to be a VALID run (0.360523ms)
  ✔ decoy early summary lines cannot steer a nonzero-exit round into CONFIRMED (probe P2) (0.21443ms)
  ✔ duplicate identical suite-qualified identities under-account -> rule 11, never trust (probe P4) (0.431091ms)
✔ round-3 blocker 2 — pending tests are NOT executed assertions (5.322366ms)
▶ post-sol RB-2 — coverage consistency gates strong verdicts
  ✔ Sol case 1: baseline 128 passing, candidate 1 passing is NOT PASS (0.403714ms)
  ✔ Sol case 2: baseline repetitions 128 then 1 (both exit 0) is NOT PASS (0.187174ms)
  ✔ Sol case 3: baseline 128, candidate 1 passing / 127 pending is NOT PASS (0.095929ms)
  ✔ Sol case 4: baseline 128, candidate 1 stable failing test is NOT CONFIRMED_REGRESSION (0.123638ms)
  ✔ Axios golden shape (128 passing -> 125 passing / 3 failing) STILL classifies CONFIRMED_REGRESSION rule 5 (2.646578ms)
  ✔ a passing->failing move at stable totals is a regression, not a coverage gap (0.154908ms)
  ✔ one executed test on BOTH arms, stable across repetitions, still PASSES (no hard-coded minimum) (0.216812ms)
  ✔ pending that SHRINKS candidate-side is caught by the observed total (5 executed + 0 pending vs 5 + 5 pending) (0.181301ms)
  ✔ candidate executing MORE than baseline is equally non-comparable (strong verdicts need both directions) (0.124248ms)
  ✔ rule 12 fires on candidate-side instability too (one repeat loses a test, both exit 0) (0.138447ms)
  ✔ PRE_EXISTING_FAILURE also demands comparability (baseline fails with fewer executed than candidate) (0.183513ms)
  ✔ weak outputs are never inflated by the new rules: mixed candidate with a coverage gap stays FLAKY (rule 7), infra wins over coverage (rule 1) (0.23103ms)
  ✔ treats undefined counts as zero consistently with rule 1 (mocha omits the 0-failing line): 5 passing vs 5 passing+3 failing is NOT comparable (0.15978ms)
  ✔ a stable-coverage collapse on BOTH arms (128 -> 1 -> uniform) is comparable and can still PASS — and is reported honestly (0.10629ms)
✔ post-sol RB-2 — coverage consistency gates strong verdicts (5.53416ms)
▶ post-GLM — execution-observation gate (rule 14)
  ✔ the GLM shape: unanimous "passing" prose with NO observation -> INCONCLUSIVE rule 14, never PASS (0.430248ms)
  ✔ a VALID observation that LIES about counts is caught (text 5/0/0 vs observed 42/0/0) (0.1573ms)
  ✔ a VALID observation whose failing identities differ from the text is caught (0.166195ms)
  ✔ FLAKY is gated too: a split baseline WITHOUT observation is rule 14, not FLAKY (0.190884ms)
  ✔ PRE_EXISTING_FAILURE is gated: fail/fail/fail prose is rule 14 (the guard also gates the honest direction) (0.158215ms)
  ✔ status ABSENT is not "weak-but-fine": an explicit ABSENT observation gates like a missing one (0.161571ms)
  ✔ the gate reports the FIRST offending round in bundle order (deterministic reason) (0.172512ms)
  ✔ observationGateIssue: both exit-contradiction directions fail a VALID observation (0.194859ms)
  ✔ observationSatisfied agrees with the gate on both paths (0.140169ms)
  ✔ a VALID observation whose identity array is missing/malformed is a REFUSAL, not a crash (0.206007ms)
  ✔ post-GLM F4: infra TEXT signature alone cannot veto an attested execution (precedence) (0.26665ms)
  ✔ post-glm F6b: the ACTUAL containment of a VALID-observed killed round — gate blind, rule 1 absolute (0.19478ms)
  ✔ post-GLM F4 twin: WITHOUT attestation the same prose still yields rule 1 INFRA (0.11677ms)
  ✔ post-GLM F4 residual: a crash-signature TEXT cannot veto an attested execution either (0.473052ms)
  ✔ post-GLM F4 residual twin: WITHOUT attestation crash prose still yields rule 1 INFRA (0.144439ms)
  ✔ weak paths are NOT gated: rule 0/rule 1 keep their rule numbers without any observation (0.214066ms)
✔ post-GLM — execution-observation gate (rule 14) (4.257621ms)
▶ post-GLM round 5 F1 — PRE_EXISTING requires failing-set containment
  ✔ a candidate failure Canary never saw fail in baseline is NOT pre-existing — INCONCLUSIVE 13 (never a swallowed regression) (0.469863ms)
  ✔ disjoint failing sets ({A} baseline vs {B} candidate) at equal totals describe no comparable transition — INCONCLUSIVE 13 (0.250837ms)
  ✔ an honest PRE_EXISTING_FAILURE (identical failing sets) keeps rule 4 — containment must not over-block (0.204886ms)
  ✔ CONFIRMED_REGRESSION is untouched by containment (baseline has zero failing identities) (0.267536ms)
  ✔ DOCUMENTED CEILING: version-gated passing-test substitution still PASSes (F3/§8.1) — equality of cardinality + failing sets is the exact invariant (0.166087ms)
✔ post-GLM round 5 F1 — PRE_EXISTING requires failing-set containment (1.822135ms)
▶ post-GLM round 5 F4 — rule 14 downgrades EVERY FLAKY producer (6/7/8/12)
  ✔ un-attested producer rule 6 (non-unanimous candidate under failing baseline) -> INCONCLUSIVE 14, never FLAKY (0.339662ms)
  ✔ un-attested producer rule 7 (clean baseline, mixed candidate) -> INCONCLUSIVE 14, never FLAKY (0.175966ms)
  ✔ un-attested producer rule 8 (failing rounds within an arm differ in identity) -> INCONCLUSIVE 14, never FLAKY (0.187391ms)
  ✔ un-attested producer rule 12 (repetitions differ in coverage totals) -> INCONCLUSIVE 14, never FLAKY (0.117537ms)
✔ post-GLM round 5 F4 — rule 14 downgrades EVERY FLAKY producer (6/7/8/12) (1.063866ms)
▶ inDependencySubtree
  ✔ matches the dep itself and its nested copies at any depth (escaped keys) (0.767924ms)
  ✔ scoped name collisions cannot masquerade when keys are escaped (F4) (0.271108ms)
  ✔ round-3 B6: descendants of a NESTED copy are inside the subtree (0.675072ms)
  ✔ audit F10: a SCOPED dependency matches its own escaped keys (0.277454ms)
✔ inDependencySubtree (3.661988ms)
▶ diffTrees — the arms-equality proof
  ✔ audit F10: scoped dependency drift inside its subtree is confined (0.503299ms)
  ✔ audit F10: scoped dep PLUS real external drift is still NOT confined (0.933754ms)
  ✔ golden case: only the dependency subtree changed (1.982701ms)
  ✔ detects contamination outside the dependency (0.487722ms)
  ✔ audit B6 exposes the vacuous-confinement hazard (empty trees report confined) (0.638126ms)
✔ diffTrees — the arms-equality proof (5.408301ms)
▶ audit B6 — classifyTreeObservation (tree completeness)
  ✔ a parsed, non-empty tree containing the dependency is VALID (0.487526ms)
  ✔ empty tree (no data observed) is INVALID, not a proof of confinement (0.153108ms)
  ✔ unparseable / no-root-deps is INVALID (0.370854ms)
  ✔ tree present but the studied dependency absent is INCOMPLETE (0.154781ms)
  ✔ scoped dependency presence is detected via the escaped key (dependencyInTree) (0.161718ms)
  ✔ round-3 B6: ANY observation anomaly caps the status at INCOMPLETE (0.182972ms)
✔ audit B6 — classifyTreeObservation (tree completeness) (1.927502ms)
▶ log parsing (auxiliary — never decides classification)
  ✔ extracts canonical suite-qualified identities from mocha output (audit B1) (1.619749ms)
  ✔ audit B1: same leaf title in DIFFERENT suites stays DISTINCT (0.824885ms)
  ✔ audit B1: nested describe paths survive as multi-segment identities (0.248525ms)
  ✔ audit B1: progress-list lines (N) followed by a passing line yield NO identity (0.257558ms)
  ✔ audit B1: identical identities in one run dedupe deterministically; distinct never collapse (0.199454ms)
  ✔ audit B1: ava identities keep the full suite path (0.237101ms)
  ✔ parses summary counts (0.642996ms)
  ✔ round-3 B1: ROOT-level failure ("1) title:" — colon on the numbered line) yields its identity (0.507993ms)
  ✔ round-3 B1: repeated root-level titles across rounds re-extract identically (deterministic) (0.187892ms)
  ✔ round-3 B1: mixed root + nested blocks do not corrupt each other (0.227351ms)
  ✔ round-3 B1: a nested block is abandoned at the summary line, never past it (0.155046ms)
  ✔ round-3 B1: malformed/truncated output yields NO fabricated identities (0.186967ms)
  ✔ round-3 B1: reordered distinct failures extract the same SET (profile order-independence) (0.190962ms)
✔ log parsing (auxiliary — never decides classification) (6.155021ms)
▶ streamsStable
  ✔ true only for identical hashes across all rounds (0.147883ms)
✔ streamsStable (0.712541ms)
▶ post-sol secondary — lone-CR line endings parse identically to LF/CRLF
  ✔ parseSummaryCounts reads the same totals across LF, CRLF and CR-only (0.358486ms)
  ✔ extractFailingTestNames finds the same identities across LF, CRLF and CR-only (0.162476ms)
✔ post-sol secondary — lone-CR line endings parse identically to LF/CRLF (0.651507ms)
▶ post-GLM F3 — ANSI-colored output parses identically to plain output
  ✔ parseSummaryCounts reads the same totals colored as plain (0.834855ms)
  ✔ extractFailingTestNames finds the same identities colored as plain (0.190894ms)
  ✔ F3 false-PASS battery: an ANSI-wrapped failing line cannot hide from the masked-failure count (0.209677ms)
  ✔ precision control: stripping never fabricates counts (0.240457ms)
  ✔ ANSI and lone-CR compose: colored CR-only stream matches colored LF stream (0.176419ms)
✔ post-GLM F3 — ANSI-colored output parses identically to plain output (2.096561ms)
▶ validateSpec
  ✔ accepts the golden shape (4.749569ms)
  ✔ rejects branch/tag names instead of full SHAs (0.441416ms)
  ✔ rejects a swap that does not install the candidate (0.405481ms)
  ✔ requires >=2 candidate repetitions (a regression must reproduce) (0.343127ms)
  ✔ requires >=2 baseline rounds so the FLAKY guard is reachable (F8) (0.311166ms)
  ✔ rejects identical baseline/candidate (0.28574ms)
  ✔ rejects malformed prepare argv (not array-of-arrays) (0.216743ms)
  ✔ rejects non-object input without throwing (0.253426ms)
✔ validateSpec (9.60224ms)
▶ planArms
  ✔ orders steps with toolchain between prepare and build (1.28485ms)
  ✔ omits toolchain/build when absent (0.273273ms)
✔ planArms (1.959461ms)
▶ normalizers
  ✔ canonicalizes line endings, trailing ws, final newline (2.40557ms)
  ✔ collapses timestamps, dates, durations (0.285199ms)
  ✔ collapses uuids and long hex addresses but not short hex (0.37419ms)
  ✔ collapses ports on localhost (0.269287ms)
  ✔ normalizes the run workspace, temp, home, user, host (0.465848ms)
  ✔ pathVariants covers slash forms and drive case (0.398564ms)
  ✔ the stability invariant: same logical run shape at different moments collapses to identical bytes (1.245904ms)
  ✔ result lines are never rewritten by value-shape rules (0.441121ms)
✔ normalizers (17.859261ms)
▶ renderHtml
  ✔ renders the deterministic verdict verbatim (1.192051ms)
  ✔ shows hash prefixes and log paths for audit (0.238144ms)
  ✔ states the drift-confinement result (0.202426ms)
  ✔ escapes hostile content from downstream logs/names (no HTML injection) (0.548385ms)
  ✔ audit F12: renders failing-test identities derived from the BUNDLE (no extras) (0.568754ms)
  ✔ audit F12: a bundle with no failing identities omits the section (0.305419ms)
✔ renderHtml (4.917579ms)
▶ post-sol F1 — the verification banner says SELF-CONSISTENT, not VERIFIED
  ✔ a fully local-consistent render is labeled SELF-CONSISTENT and disclaims the committed proof (0.94994ms)
  ✔ a failing consistency render is labeled NOT SELF-CONSISTENT and still warns (0.487339ms)
  ✔ no verification argument at all renders NOT SELF-CONSISTENT (absence of checking is not success) (0.4338ms)
✔ post-sol F1 — the verification banner says SELF-CONSISTENT, not VERIFIED (2.708786ms)
▶ validateBundle
  ✔ accepts a well-formed bundle (7.329913ms)
  ✔ rejects an unknown classification label (2.847297ms)
  ✔ rejects short/hexless commit SHAs (no branch pins in evidence) (1.703911ms)
  ✔ rejects a bundle missing an arm (1.921155ms)
  ✔ rejects malformed stream hashes (3.183556ms)
  ✔ rejects a round whose envKeys leak outside the sanitized allowlist (F9) (3.741623ms)
  ✔ rejects reproductionCount < 1 (1.283019ms)
✔ validateBundle (24.310389ms)
▶ validateBundle — semantic integrity (audit F3)
  ✔ rejects a CONFIRMED_REGRESSION label whose own rounds say PASS (4.196288ms)
  ✔ rejects a CONFIRMED_REGRESSION built from rounds whose failure identities differ (must re-derive FLAKY rule 8) (4.123059ms)
  ✔ rejects masked-failure rounds (exit 0 with reported failures) under a PASS label (3.677973ms)
  ✔ rejects killedByTimeout=true alongside a normal exit code (0.786282ms)
  ✔ rejects an inflated reproductionCount not backed by candidate rounds (0.557998ms)
  ✔ rejects a trustful verdict while drift says NOT confined (rule-9 guard bypassed) (0.392001ms)
  ✔ accepts the legitimate rule-9 override: unconfined drift + INCONCLUSIVE rule 9 (0.845918ms)
  ✔ audit B6: rejects a trustful verdict built on a non-VALID tree observation (1.612274ms)
  ✔ audit B6: accepts the legitimate rule-10 override (confined drift but weak observation) (0.721164ms)
  ✔ audit B6: rejects a FABRICATED rule-10 downgrade even with a valid manifest (semantic layer alone catches it) (0.642336ms)
  ✔ audit B6: observationStatus is mandatory (0.828458ms)
  ✔ refuses to treat a CONFIRMED_REGRESSION as trustworthy when round facts are too sparse to re-derive (0.627537ms)
  ✔ self-review N3: the sparse-facts refusal covers a PASS claim too (was: CONFIRMED/PRE_EXISTING only) (0.700277ms)
  ✔ robustness H1: rejects duplicate (arm,round) indices (resealed) (1.128249ms)
  ✔ round-3 B1: a RESEALED CONFIRMED whose failing identities under-account the count dies twice over (1.620536ms)
  ✔ post-sol RB-2: a resealed trustful bundle over incomparable arm coverage dies twice over (1.116943ms)
  ✔ post-sol RB-2: a trustful label with only ONE round per arm is refused (0.736936ms)
  ✔ post-sol RB-2: unstable repetition coverage under a trustful label is refused (baseline 5 vs 4 passing) (2.856444ms)
  ✔ post-sol RB-2: weak labels carry no parity requirement (honest INCONCLUSIVE rule 13 validates) (1.273229ms)
  ✔ round-3 B2: a PASS label over zero-assertion (pending-only) rounds is rejected (1.514531ms)
✔ validateBundle — semantic integrity (audit F3) (32.284225ms)
▶ post-sol M-1 — contract.ts is the single source of truth
  ✔ the committed schemas/evidence.schema.json EQUALS the generated contract (no drift) (3.597418ms)
  ✔ every always-required contract field is refused at runtime when DELETED (Sol: commands, killedByTimeout, startedAt, durationMs included) (45.865653ms)
  ✔ intentionally-optional fields may be absent (we do not blind-strictify) (0.809132ms)
  ✔ unknown fields are refused at root, round, and treeComparison scopes (policy is intentional) (3.479516ms)
  ✔ post-glm F6c: unknown fields NAMED LIKE Object.prototype members are refused too (own-property check, not `in`) (3.757538ms)
  ✔ trustful-tier fields: deleted infraSignal/snapshots/anomalies kill a trustful claim but validate clean under a weak honest label (1.710488ms)
  ✔ round indices must be contiguous per arm (an omitted round shrinks the claimed reproduction) (0.611439ms)
✔ post-sol M-1 — contract.ts is the single source of truth (60.322598ms)
▶ post-GLM round 5 — mirror constant independence + containment restatement
  ✔ STRONG_MIRROR_LABELS is a distinct copy of the classifier strong set with pinned equivalence (0.895073ms)
  ✔ refuses PRE_EXISTING_FAILURE whose candidate fails identities baseline did not (containment at 3d) (1.073342ms)
  ✔ accepts an honest PRE_EXISTING_FAILURE (identical failing sets across arms) — no over-blocking (0.58248ms)
✔ post-GLM round 5 — mirror constant independence + containment restatement (2.767747ms)
▶ Recorder.expandArgv — token expansion + enforced isolation
  ✔ expands $bin via resolver to node + bin path (7.308329ms)
  ✔ ALWAYS appends --ignore-scripts and cache isolation to install commands (3.76494ms)
  ✔ F6: flags are detected past leading options ($npm --loglevel install) (3.580318ms)
  ✔ F6: npm ci (runs lifecycle scripts by default) is also covered (2.514862ms)
  ✔ post-glm F6e: the controlled empty npm config is RE-ESTABLISHED immediately before install (tamper-between-creation-and-use) (5.717948ms)
  ✔ F6: $yarn install gets yarn-appropriate flags after -- and --ignore-scripts on the npx bootstrap (2.307597ms)
  ✔ F8: $npm -u evil.npmrc install x is REJECTED (was silent injection-skip) (6.657059ms)
  ✔ F8: conflicting config flags rejected BEFORE and AFTER the subcommand (3.269314ms)
  ✔ F8: unknown bare option before subcommand rejected; --key=value passes (3.176963ms)
  ✔ F8: exec/dlx/shell-style subcommands rejected; run of a local script is not (4.226541ms)
  ✔ F8: conflicting flags rejected in CASE VARIANTS too (red-team) (2.744167ms)
  ✔ F8: install-family options with = or after the subcommand still expand normally (2.422924ms)
  ✔ non-install commands get no injected flags (2.429501ms)
✔ Recorder.expandArgv — token expansion + enforced isolation (53.176477ms)
▶ summary/infra matchers (F1/F5 hardening)
  ✔ strict summary matcher rejects prose and accepts runner lines (2.739329ms)
  ✔ environmental error patterns are infra (F1/F2) (0.688446ms)
  ✔ audit B2: errno code in a PASSING test name is NOT infra; in an error line IS (0.702852ms)
✔ summary/infra matchers (F1/F5 hardening) (4.517176ms)
▶ Recorder.step/round — real subprocess, real artifacts (no mocks)
  ✔ captures exit code, streams, hashes, counts; unique-ifies repeated labels (84.895482ms)
  ✔ F1 shape: nonzero exit + summary claiming 0 failing is recorded with the count (44.685296ms)
  ✔ F5 shape: exit 0 while summary reports failures is captured (classifier then infra-guards) (53.170613ms)
  ✔ audit F13: failing-test identities from REAL subprocess output land in fact and evidence (56.925548ms)
  ✔ audit B2 (real subprocess): 0 passing at exit 0 records reportedPassing=0 (classifier => INFRA) (61.201983ms)
  ✔ audit B2 (real subprocess): ECONNREFUSED error line at exit 0 sets infraSignal true (not swallowed by exit) (57.452744ms)
  ✔ audit B2 (real subprocess): a genuinely passing run records reportedPassing>0 and stays valid (52.758606ms)
  ✔ audit B1 e2e: same leaf title, different SUITE across candidate rounds -> FLAKY (161.371844ms)
  ✔ audit B1 e2e: identical SUITE-QUALIFIED identity across rounds stays CONFIRM-eligible (229.244974ms)
  ✔ timeout kills produce exit -1 (and tree-kill runs without throwing) (1013.119838ms)
✔ Recorder.step/round — real subprocess, real artifacts (no mocks) (1816.591303ms)
▶ audit B5 — canonical package-manager policy (closed allowlist)
  ✔ B5: install ALIASES (the pre-fix silent-skip) now receive full injection (3.690184ms)
  ✔ B5: unknown/unvetted subcommands are REJECTED, not run without policy (2.49596ms)
  ✔ B5: RAW package-manager forms rejected for ANY command position (3.122345ms)
  ✔ B5: $bin:npm bypass is rejected; $bin:mocha still works (1.898532ms)
  ✔ B5: user `--` in an install command is rejected (was the trailing-flag dead-weight bypass) (2.323334ms)
  ✔ B5 invariant (property): accepted install => isolation flags in EFFECTIVE position after the subcommand, none after a `--` (3.56234ms)
  ✔ B5: closed-allowlist families classified correctly by the policy parser (0.24884ms)
✔ audit B5 — canonical package-manager policy (closed allowlist) (17.803488ms)
▶ round-3 B5 — wrapper-mediated / frontend package-manager execution is refused
  ✔ cmd /c npm install … is refused (the canonical Windows wrapper bypass) (2.349139ms)
  ✔ powershell / pwsh … npm is refused (3.434025ms)
  ✔ env / nohup / xargs / sh -c / sudo npm are refused (POSIX wrappers) (1.732033ms)
  ✔ package-manager FRONTENDS (pnpm/bun/corepack/volta) are refused (1.789565ms)
  ✔ node executed ON a package-manager file (node npm / node npm-cli.js) is refused (2.626182ms)
  ✔ any other unenumerated literal executable fails closed (not silently expanded) (2.060507ms)
  ✔ REGRESSION: every SUPPORTED form still expands (allowlist does not over-reject) (1.78319ms)
  ✔ REGRESSION: raw npm / npm.cmd / direct npm-cli / $bin:npm still rejected (pre-existing B5.1) (1.769048ms)
✔ round-3 B5 — wrapper-mediated / frontend package-manager execution is refused (17.999154ms)
▶ round-3 secondary — crash & sweep signals reach the classification
  ✔ hasCrashSignature: matches V8/native abort phrasing, skips pass-glyph lines (0.377673ms)
  ✔ glyph discrimination (self-review N4): ava ✖ (U+2716) fires infra; ✗-titled (U+2717) prose does not (0.34533ms)
  ✔ isInfraOutput: a hard infra phrase inside a PASSING test title is not false-INFRA (round-3 secondary) (0.165713ms)
  ✔ round() records crashSignal from a real post-summary crash -> classify says INFRA rule 1 (47.959747ms)
  ✔ round() records sweepFailed (when the run outcome flags it) -> classify says INFRA rule 1 (2.700099ms)
  ✔ post-sol secondary: CR-only line endings are matched like LF/CRLF (summary + anchored crash banner) (0.351017ms)
  ✔ assertSupportedSpecExecutable: the allowlist is small and explicit (0.318132ms)
✔ round-3 secondary — crash & sweep signals reach the classification (52.689682ms)
▶ observation hardening — expandArgvWithPlan injection decision
  ✔ the double fixture is actually pinned (fails if the pin table drifted) (0.217844ms)
  ✔ post-GLM F5: the canary double is UNSELECTABLE by default — pinned bytes, no execution authority (4.509883ms)
  ✔ pinned bytes at the canonical anchor: injected, --require appended LAST, plan from the PIN (4.994626ms)
  ✔ unpinned bytes at the canonical anchor: NO injection, runner-identity-unpinned + observed hash recorded (4.812737ms)
  ✔ pinned bytes OUTSIDE the canonical anchor (hoisted): not injectable (5.04597ms)
  ✔ post-glm F6a: pinned bytes reached through a LINK at the anchor are not injectable (root case) (5.775241ms)
  ✔ post-glm F6a: a LINK ABOVE the anchor (node_modules junctioned out) is not injectable either (4.980505ms)
  ✔ post-audit F6a coverage sentinel — the link-escape regression was ACTUALLY exercised on this platform (0.169747ms)
  ✔ a subject-supplied --require/-r in a mocha argv is refused fail-closed (7.537641ms)
  ✔ post-GLM F1: an off-position $bin:mocha token is refused, never credited (5.374826ms)
  ✔ non-mocha commands: no injection attempted, absentKind not-mocha-bin (2.261908ms)
  ✔ the ABSENT path end-to-end: an unpinned double runs REAL rounds and rule 14 refuses the strong label (104.553274ms)
✔ observation hardening — expandArgvWithPlan injection decision (151.164572ms)
▶ post-sol RB-1 — semantic package-manager policy (equivalence classes)
  ✔ Sol's accepted forms are now rejected in install-family commands (3.818134ms)
  ✔ property: for EVERY protected key, every abbreviation/negation/case/= spelling is refused (install family) (53.70011ms)
  ✔ property: the per-package config family (@scope:registry, //…:auth) is refused everywhere (2.406299ms)
  ✔ property: accepted install argv ends with Canary protected flags after every user token (3.5016ms)
  ✔ invariant: no allowed install spelling resolves to a protected key (prefix-disjoint) (0.602436ms)
  ✔ legitimate script-family passthrough and fixture install shapes still expand (1.983923ms)
  ✔ resolveOptionToken normalizes case, =-values, and one leading no- (0.151957ms)
  ✔ empirical: npm applies abbreviation + negation + LAST-WINS ordering (the semantic premises) (510.241589ms)
✔ post-sol RB-1 — semantic package-manager policy (equivalence classes) (576.966172ms)
▶ FINDING B — infra matching is case/encoding symmetric (must-match direction)
  ✔ exact GLM counterexample: mixed-case npm error + fake summary (1.74381ms)
  ✔ all case variants of npm error / npm ERR! fire (0.365826ms)
  ✔ hard patterns fire in any case (module/ERESOLVE/SyntaxError shapes) (0.275536ms)
  ✔ CR-only and CRLF line endings still see the signatures (0.270901ms)
  ✔ ANSI-wrapped signatures still fire (real colored npm output) (0.214421ms)
  ✔ SOFT errno lines fold case too (0.442016ms)
  ✔ crash signatures survive ANSI decoration (0.869647ms)
  ✔ runner summary is recognized through ANSI colors (real colored mocha) (0.747355ms)
✔ FINDING B — infra matching is case/encoding symmetric (must-match direction) (7.275415ms)
▶ FINDING B — benign prose NEVER flips to infrastructure (false-positive direction)
  ✔ passing test TITLES quoting error phrases are not infra (1.694474ms)
  ✔ intentional E404 assertions and historical logs inside test prose are not infra (1.3359ms)
  ✔ summary regexes stay anchored (prose containing "5 passing" mid-sentence) (0.177187ms)
✔ FINDING B — benign prose NEVER flips to infrastructure (false-positive direction) (3.727785ms)
▶ post-GLM F3 — summary recognition and count parsing share one view
  ✔ an ANSI-wrapped failing line is counted as surely as it is recognized (0.903595ms)
  ✔ a fully colored genuine run is recognized AND counted (no false infra) (1.240118ms)
  ✔ lone-CR and ANSI compose identically across both functions (0.234022ms)
✔ post-GLM F3 — summary recognition and count parsing share one view (2.744821ms)
▶ auditPackageManifestText — lifecycle hooks refuse execution
  ✔ accepts a clean manifest (1.610705ms)
  ✔ refuses preinstall hook (0.302714ms)
  ✔ refuses install hook (0.256043ms)
  ✔ refuses postinstall hook (0.226642ms)
  ✔ refuses prepare hook (0.214559ms)
  ✔ rejects invalid JSON without throwing (0.261424ms)
✔ auditPackageManifestText — lifecycle hooks refuse execution (4.835002ms)
▶ auditFixtureDir — rc-file injection gate
  ✔ refuses a fixture shipping .npmrc (11.956184ms)
  ✔ F10: finds rc files nested anywhere in the pinned source (3.479759ms)
  ✔ F7: refuses an UPPERCASE .NPMRC (Windows/macOS load it as project config) (3.133937ms)
  ✔ F7: also catches mixed-case nested .YarnRc.yml (3.757498ms)
✔ auditFixtureDir — rc-file injection gate (23.187421ms)
▶ expectedExtractedDir
  ✔ matches codeload tarball root naming (0.285877ms)
✔ expectedExtractedDir (0.485774ms)
▶ audit F6 — child env observation: declared == observed
  ✔ the child sees EXACTLY the declared allowlist keys (nothing undeclared) (65.78637ms)
  ✔ Windows session identity vars are neutralized, not merely absent from the block (42.446558ms)
  ✔ the real account identity is not reachable via any observed value (63.09793ms)
✔ audit F6 — child env observation: declared == observed (178.705349ms)
▶ KNOWN_RUNNER_RELEASES — npm pins equal their reviewed manifests (offline)
  ✔ every npm-origin entry has a manifest and the hashes agree (4.774405ms)
  ✔ canary-double entries are the ONLY non-manifested pins (offline e2e bytes live in-repo) (0.295678ms)
✔ KNOWN_RUNNER_RELEASES — npm pins equal their reviewed manifests (offline) (6.696228ms)
▶ post-GLM F5 — findRunnerPin: origin is an execution-authority gate
  ✔ double bytes are UNSELECTABLE by default: pinned hash, zero execution authority (0.503245ms)
  ✔ only the explicit in-process grant selects the double (0.215178ms)
  ✔ npm pins stay selectable in BOTH postures — the gate is origin-scoped, not blanket (0.206912ms)
✔ post-GLM F5 — findRunnerPin: origin is an execution-authority gate (1.357462ms)
▶ audit F5 — sweep mechanism (live parent, positive proof)
  ✔ sweepDescendants finds and kills a live parent's child process (252.888921ms)
✔ audit F5 — sweep mechanism (live parent, positive proof) (254.48042ms)
▶ audit F5 — containment through runCommand
  ✔ normal exit-0 of a child that left a helper behind: sweep clean, no survivors (256.307619ms)
  ✔ a clean exit with no descendants sweeps nothing and does not fail (52.537365ms)
  ✔ timeout: tree kill + sweep leave no survivors and do not fail (2015.737325ms)
  ✔ the swept child PID itself is never listed as killed (only descendants) (43.575364ms)
✔ audit F5 — containment through runCommand (2369.441628ms)
▶ audit S1 — POSIX session-membership predicate (setpgid escapees)
  ✔ a member of the child session is caught even after it setpgid()s (0.378245ms)
  ✔ a member of the child group is caught (0.269258ms)
  ✔ an unrelated process is not swept (0.276431ms)
✔ audit S1 — POSIX session-membership predicate (setpgid escapees) (1.505548ms)
ℹ tests 636
ℹ suites 100
ℹ pass 636
ℹ fail 0
ℹ cancelled 0
ℹ skipped 0
ℹ todo 0
ℹ duration_ms 27503.135729
