
> canary-reliability-network@0.0.0 test
> npm run build && node --test "packages/**/dist/test/*.test.js" "apps/**/dist/test/*.test.js"


> canary-reliability-network@0.0.0 build
> tsc -b

▶ panel K layer 1 — the validator refuses hostile frame streams
  ✔ CONTROL: an honest watched lifecycle validates VALID (the battery needs a standing baseline) (2.088445ms)
  ✔ post-glm F6b: capture DELIBERATELY honors a complete stream paired with exit -1 — the veto lives in classification, not here (0.327038ms)
  ✔ (ii) injected round with ZERO frames on the channel is INVALID (0.189712ms)
  ✔ (iii) a missing bye — and a misplaced bye — are INVALID boundary violations (0.439905ms)
  ✔ (iv) a reject frame (adapter caught a forged/dup event LIVE) condemns the round (0.504211ms)
  ✔ (v) text claiming "2 passing" over 1 watched pass is INVALID — and a lying bye cannot fix it (1.049732ms)
  ✔ (vi) a forged hello.mochaVersion is INVALID — vs the pin and vs its own shape (0.274208ms)
  ✔ panel 1 extras: flood truncation, duplicate credits, unknown kinds and no-summary all fail closed (0.224335ms)
  ✔ (xi) garbage lines, non-object frames, adapter-error and masked exit each condemn the round (0.28932ms)
✔ panel K layer 1 — the validator refuses hostile frame streams (7.047956ms)
▶ panel K layer 2 — the pipeline end-to-end refuses unattested execution
  ✔ (i) a plain-node text stub that reads as a clean run degrades to INCONCLUSIVE rule 14 (1445.42329ms)
  ✔ (vii) an UNPINNED double running the observer protocol on fd 3 gets stray-bytes forensics, zero credit (1331.365729ms)
  ✔ (viii) AM-1 kill test: double CLAIMS the pinned version, bytes are wrong -> ABSENT, strong unreachable (1168.791653ms)
  ✔ (ix) a subject --require in spec argv is refused fail-closed (protected preload flag) (489.474343ms)
  ✔ (x) process.exit() mid-round: watched lifecycle never ends -> INVALID, never strong (1060.993594ms)
✔ panel K layer 2 — the pipeline end-to-end refuses unattested execution (5496.928672ms)
▶ post-GLM F1 — off-position runner token earns no execution credit
  ✔ refused fail-closed: forging `node -e` with the token trailing (466.707508ms)
  ✔ refused fail-closed: forging prelude script with the token after it (421.487755ms)
  ✔ positive control: the executed-position token still earns VALID and a strong verdict (884.202542ms)
✔ post-GLM F1 — off-position runner token earns no execution credit (1772.901438ms)
▶ post-GLM F4 — infra prose cannot mask an attested regression
  ✔ a VALID round whose stdout trips the infra signature still yields CONFIRMED_REGRESSION (861.531252ms)
✔ post-GLM F4 — infra prose cannot mask an attested regression (861.764663ms)
▶ post-GLM F5 — an untrusted spec cannot select the canary double
  ✔ double bytes staged by the spec itself: NO injection, every round ABSENT, INCONCLUSIVE rule 14 (877.83432ms)
  ✔ trusted control: with the in-process grant the SAME spec earns VALID + a strong verdict (823.606628ms)
✔ post-GLM F5 — an untrusted spec cannot select the canary double (1701.775069ms)
▶ audit M8 — CLI subprocess exit-code contract
  ✔ check on honest evidence exits 0 and prints PASS (2352.855371ms)
  ✔ check on a tampered artifact exits 3 and names the tampered file (1965.326829ms)
  ✔ report refuses a fabricated bundle (exit 3) and renders a valid one (exit 0) (1895.109634ms)
  ✔ audit F12: report with NO argument defaults to the latest run and renders bundle-persisted failing identities (1499.385563ms)
  ✔ version exits 0; no command prints usage and exits 3 (misuse) (108.265373ms)
  ✔ round-3 secondary: an infrastructure abort exits 2 (environment fault), never 3 (misuse) (87.605649ms)
✔ audit M8 — CLI subprocess exit-code contract (7910.229279ms)
▶ FINDING A — subject text alone can never create a strong verdict
  ✔ the GLM counterexample (console.log "128 passing") is never PASS (1497.108656ms)
  ✔ test command node -e printing mocha-shaped prose is never PASS (1337.434845ms)
  ✔ a printed failing summary is never CONFIRMED_REGRESSION (1173.562161ms)
✔ FINDING A — subject text alone can never create a strong verdict (4009.690542ms)
▶ KNOWN_RUNNER_RELEASES — table == disk (canary-double)
  ✔ the pinned double hash equals the treeSha256 of the repo fixture bytes (3.407796ms)
  ✔ no placeholder digests survive, every entry is well-formed, versions unique per package (0.51332ms)
✔ KNOWN_RUNNER_RELEASES — table == disk (canary-double) (5.147386ms)
✔ intent matching the live authority stays SILENT (the guard must not shout at innocence) (576.488565ms)
✔ legacy record with no intent field verifies exactly as before (additive) (465.922025ms)
✔ dropped plan step since isolation → intent block before identity (447.447132ms)
✔ re-sealed script text (digest differs) → intent block (517.323656ms)
✔ seal vanished (authority re-created without one) → intent block (534.213667ms)
✔ task kind registered at isolation gone now → intent block (497.273461ms)
✔ registered requirements shrink → intent block (528.500783ms)
✔ INCREASES are allowed: richer plan + richer task sail past the guard (473.945491ms)
✔ restore = recovery: re-adding the dropped step clears the block, still grudgeless (621.549437ms)
✔ malformed intent fields make the RECORD invalid (a guard cannot read a snapshot it will not parse) (546.6702ms)
✔ gate order: quarantine refusal and impersonation outrank the intent guard (466.041265ms)
✔ committed test deletion in the candidate diff is ATTRIBUTABLE (the worktree began provably clean) (74.502457ms)
✔ renaming a test OUT of test paths counts as attributable coverage loss (74.594023ms)
✔ the suffix-surviving escape: tests/x.test.js → src/x.test.js is STILL coverage loss (adversary F3) (77.300349ms)
✔ the directory rule does not shout at innocence: suffix-only moves and in-dir moves stay intact (156.331396ms)
✔ the isolation premise names what the candidate boundary can NOT prove (correctness #5): never "setup" (66.439631ms)
✔ an unanswerable baseHead probe fails SAFE: deletions UNATTRIBUTABLE, never a false met (53.390885ms)
✔ added test file: changes carries it, deletions stay empty (regression evidence, not loss) (107.278083ms)
▶ deriveObservedCounts (pure): parses bytes, never judges them
  ✔ knows the four summary dialects (1.34032ms)
  ✔ last match wins; free text with no counts is null (0.20936ms)
  ✔ adversarial output cannot stall the parse (bounded tail + bounded jest gap) (20.148978ms)
✔ deriveObservedCounts (pure): parses bytes, never judges them (22.723504ms)
▶ candidateIdentity (pure): unknown candidate stays unknown
  ✔ a fake .git that cannot answer is recorded UNIDENTIFIED, never upgraded (7.549413ms)
  ✔ a fake .git under a REAL parent repo is still UNIDENTIFIED — git never lends ancestor identity (135.969342ms)
✔ candidateIdentity (pure): unknown candidate stays unknown (144.06315ms)
▶ verification bundle: what Canary EXECUTED, recorded from its own run
  ✔ setup writes argv/cwd/runtime/candidate/raw-bytes+digests/counts; empty output hashes truthfully (435.924547ms)
  ✔ a failing check records exit code + observed counts, and the bundle does not change the verdict (659.48163ms)
  ✔ a hostile plan-step kind in config cannot shape a path out of the bundle dir (S3, per-component) (724.837154ms)
  ✔ retention is bounded and owns only its own directory names (866.20684ms)
✔ verification bundle: what Canary EXECUTED, recorded from its own run (2687.337951ms)
▶ claims are hints: never a pass, never a block, at most an annotation
  ✔ claim + green run stays SILENT even when the claim is absurd (778.203903ms)
  ✔ diverging claim annotates an already-decided block with claim-vs-observed, both sides parsed (743.670677ms)
  ✔ without a claim the block reason is exactly the pre-M2 shape — no note (636.613049ms)
  ✔ a claim that MATCHES the printed lie still cannot stop the block (exit code is the oracle) (711.061076ms)
  ✔ forged evidence + forged last-checkpoint never produce a pass: nothing is read back (642.667705ms)
  ✔ a claim whose timestamp is not ISO-shaped cannot smuggle prose into the block reason (1762.081278ms)
  ✔ an ISO-PREFIXED prose tail cannot smuggle into the note either (end anchor) (612.081789ms)
  ✔ a corrupt claims file is inert: the block stands, unannotated, no crash (451.567621ms)
  ✔ a claims file linked outside the repo is never read (S3) (476.825621ms)
✔ claims are hints: never a pass, never a block, at most an annotation (6815.51094ms)
▶ claim intake guards
  ✔ empty claim is misuse (exit 3) and writes nothing (48.959403ms)
  ✔ claims without a usable repo are refused with exit 2, nothing written (46.098275ms)
  ✔ inside a repo Canary does not trust: NEEDS ATTENTION, no claim written (47.808655ms)
  ✔ a set-up repo stores the claim labeled UNTRUSTED HINT, capped, and says so (341.63593ms)
  ✔ a claims/ dir linked outside the repo refuses the write (S3, exact path) (257.465023ms)
  ✔ a config from another installation refuses claims too (S2) (269.299915ms)
✔ claim intake guards (1011.644108ms)
▶ writers stamp their own class, honestly
  ✔ every verification bundle Canary writes is CANARY_OBSERVED (setup/doctor/checkpoint) (1196.377584ms)
  ✔ the claim envelope is stamped AGENT_REPORTED next to its UNTRUSTED HINT authority (453.461717ms)
✔ writers stamp their own class, honestly (1651.452225ms)
▶ labels are inert as input — no promotion by declaring or copying
  ✔ a hand-written claim self-declaring CANARY_OBSERVED/"VERIFIED" changes nothing but annotation prose (789.274661ms)
  ✔ a forged CANARY_OBSERVED pass bundle cannot stop a block and is kept as inert data (725.328543ms)
  ✔ no side door: extras handed to the bundle writer can never shadow its reserved fields (53.21012ms)
  ✔ doctor re-derives despite a forged pass bundle: NEEDS ATTENTION, never READY (776.252239ms)
✔ labels are inert as input — no promotion by declaring or copying (2344.903354ms)
▶ class coverage and UX
  ✔ EXTERNALLY_VERIFIED has no producer: nothing under .canary ever carries it (1173.366278ms)
  ✔ trust classes are verbose-only — default output stays simple (1113.651418ms)
✔ class coverage and UX (2287.434649ms)
▶ the bundle answers the M4 questions
  ✔ setup records planDigest (matching the in-memory plan), baseline, and ordered per-step stamps (535.796573ms)
  ✔ planDigest is deterministic, order-sensitive, and binds kind AND script (0.277263ms)
✔ the bundle answers the M4 questions (537.418337ms)
▶ the task label is a digest with zero verdict authority
  ✔ checkpoint records taskDigest on a pass and never stores the prose anywhere (676.968811ms)
  ✔ on a failing plan the block is byte-identical with or without a task label (1456.013183ms)
  ✔ absent or empty task yields taskDigest null; an old sender without task still gets full provenance (998.217086ms)
✔ the task label is a digest with zero verdict authority (3131.631202ms)
▶ the companion hash binds bytes — and says what it is not
  ✔ verification.sha256 matches the bundle bytes, detects a one-byte tamper, and is labeled tamper-evidence only (918.158094ms)
✔ the companion hash binds bytes — and says what it is not (918.409989ms)
▶ baseline honesty
  ✔ a pre-M4 config (no baseline) yields baseline null, never an invented identity (746.51716ms)
✔ baseline honesty (746.864852ms)
▶ setup seals the verification authority
  ✔ the seal binds the plan digest and the verbatim text of each script it runs (1262.004736ms)
✔ setup seals the verification authority (1263.129817ms)
▶ the spec attack: honest command -> "echo all good"
  ✔ a swapped script text that WOULD pass by exit code is blocked as authority drift (437.372258ms)
  ✔ the loop guard holds on authority drift: one repair attempt, then honest stop (457.977626ms)
  ✔ restoring the sealed text restores silent verification (drift detection, not a grudge) (1286.976247ms)
✔ the spec attack: honest command -> "echo all good" (2183.114988ms)
▶ the config side of the same attack
  ✔ editing cfg.plan mid-task without re-sealing blocks (457.143134ms)
  ✔ a malformed hand-planted seal fails closed (471.590257ms)
  ✔ a pre-M5 config (no seal) verifies exactly as before — additive (1350.773236ms)
✔ the config side of the same attack (2279.928814ms)
▶ re-sealing and visibility
  ✔ re-running setup re-seals the new text under a visible smoke; then it verifies (938.283229ms)
  ✔ doctor refuses READY on drifted authority (1589.922177ms)
✔ re-sealing and visibility (2528.465541ms)
▶ task-kind inference from prose (union — a mislabel adds work, never removes it)
  ✔ one phrase can raise several kinds at once (1.645611ms)
  ✔ prose matching nothing infers no kinds (the pre-M6 posture stays reachable) (0.170991ms)
  ✔ the whole word "defect" infers bugfix (review #7: a leading-space typo dropped the word) (0.159142ms)
✔ task-kind inference from prose (union — a mislabel adds work, never removes it) (2.83784ms)
▶ git output parsers (-z raw bytes: no quoting to outsmart, never crash, never invent paths)
  ✔ name-status -z: NUL-separated; renames consume both paths; unknown codes degrade to mod (0.492164ms)
  ✔ porcelain -z: ??=add, staged/working D=del, R/C take a SECOND NUL token as the new name (0.316805ms)
  ✔ delPaths: deletes count; a rename AWAY from a test path is coverage loss; a rename that stays a test is not (review #5) (0.39782ms)
✔ git output parsers (-z raw bytes: no quoting to outsmart, never crash, never invent paths) (1.525271ms)
▶ obligationsFor — the one-way obligation engine
  ✔ bugfix: test ADDED/MODIFIED = met; nothing touched = UNPROVEN, never silent (0.559565ms)
  ✔ a pure test-file DELETION is never regression evidence (review #4) (0.211618ms)
  ✔ refactor: needs tests-green AND a coverage-loss answer; no-tests plan says so honestly (0.218469ms)
  ✔ attributable test deletion is UNMET (the block signal); unattributable is UNPROVEN only (0.308159ms)
  ✔ unattributable note: "already dirty at setup" ONLY when the stamp proved it (review #6) (0.19129ms)
  ✔ path rendering: 8-path cap and odd-path collapse (candidate text never rides the note) (0.169118ms)
  ✔ dependencies: implied by diff even without any declaration — and always non-objective (0.165165ms)
  ✔ performance/UI: met ONLY through a human-sealed bench/e2e step; else UNPROVEN with the honest exit (0.181737ms)
  ✔ multi-part: counted requirements and the one-concise-question variant (0.09807ms)
  ✔ a fully-covered refactor with a green sealed plan yields ONLY met obligations (silent path exists) (0.106686ms)
  ✔ kinds never declared still get the diff-implied floor: no kinds + clean signals = no obligations beyond tests-green (0.184211ms)
✔ obligationsFor — the one-way obligation engine (2.836735ms)
▶ canary task — an AGENT_REPORTED hint with zero authority
  ✔ setup + register: digest-only storage, inferred kinds, explicit zero-authority line (618.427659ms)
  ✔ --kind overrides inference; --requirement forces multi; hostile input is usage, not a crash (643.411897ms)
  ✔ registering a task against no setup / no git says so; nothing is written (76.153427ms)
✔ canary task — an AGENT_REPORTED hint with zero authority (1338.292299ms)
▶ checkpoint/doctor integration — the sealed plan passes, obligations decide the tone
  ✔ no task record, no prose, fake git: byte-identical pre-M6 silence (additive) (673.845008ms)
  ✔ registered bugfix with no test change: the pass rides an honest UNPROVEN systemMessage, never silence (802.685218ms)
  ✔ hook-stdin task prose infers kinds even without a registration (659.5745ms)
  ✔ a malformed/hand-planted record degrades to the no-record posture, hostile kinds filtered (1273.191262ms)
  ✔ fake git makes diff signals unresolvable: a registered refactor is UNPROVEN, never a silent met (746.215282ms)
  ✔ doctor lists open obligations instead of a bare READY (1113.195992ms)
  ✔ config rewrite keeps the seal: obligations never execute anything unsealed (1859.613696ms)
✔ checkpoint/doctor integration — the sealed plan passes, obligations decide the tone (7128.987054ms)
✔ built CLI exists (run npm run build first) (1.347497ms)
✔ isolate misuse exits 3 with usage, and never touches the repo (1107.734127ms)
✔ isolate refuses a repo Canary does not verify (no config, exit 2) (64.587235ms)
✔ isolate refuses a base whose own config is distrusted (438.557906ms)
✔ create refuses under fake git — an unresolvable base cannot be isolated from (and nothing registers) (495.339502ms)
✔ verify refuses a malformed or name-mismatched record without executing anything (485.183339ms)
✔ verify refuses a record whose baseRoot is not this repo (impersonation guard, before any identity read) (506.597404ms)
✔ verify of a LOST candidate (fake git => unresolvable) blocks honestly and writes a BLOCKED bundle (462.253245ms)
✔ under fake git, verify can NEVER report PASS — the fail-closed ceiling of the whole contract layer (536.812507ms)
✔ list is honest with no registry, survives invalid records, and exits 0 (it never executes anything) (522.710085ms)
✔ remove refuses unregistered names; a vanished candidate is pruned honestly (record deleted, exit 0) (472.05317ms)
✔ uninstall refuses to delete .canary while candidates are registered (worker trees stay protectable) (492.572318ms)
✔ built CLI exists (run npm run build first) (4.557015ms)
✔ isolate --promote misuse exits 3 (name required, flags scoped, one mode) (968.504592ms)
✔ promote refuses a repo Canary does not trust (exit 2, before any record read) (81.394392ms)
✔ promote of a missing or malformed record delegates to verify (exit 2, identical refusal) (476.732731ms)
✔ promote refuses an impersonated record (different baseRoot) with the canonical guard (460.212642ms)
✔ under fake git, promote BLOCKS via live verify and can never apply or accept (648.586676ms)
✔ promotion bundles obey bounded evidence retention (nothing is kept forever) (521.552834ms)
✔ intact harness entry keeps the pre-gate SILENT: LOST-style block, zero §9 lines (657.449722ms)
✔ harness entry deleted outside the window → §9 before execution (containment pre-gate) (461.717634ms)
✔ harness entry scrubbed (valid JSON, entry gone) → §9 with after "entry missing" (450.710985ms)
✔ gate order: record refusals (ghost / malformed / impostor) precede the pre-gate even with settings deleted (674.629495ms)
✔ evidence tree is in the fingerprint set: plant / edit / wipe all drift, untouched tree stays quiet (12.567757ms)
✔ §9.5 quarantine refusal out-ranks EVERY gate — even record refusals — and writes no bundle (560.833617ms)
✔ a human re-seal (setup) is the clearing act — the marker vanishes with the deliberate restore (897.852514ms)
✔ the containment pre-gate stays grudgeless: a before-execution mandate stamps NO marker, and restoring bytes recovers cleanly (565.975629ms)
✔ a config that promised nothing runs no containment gate (hand-written touched: []) (463.278919ms)
▶ detection (pure)
  ✔ lockfiles pick the package manager, first match wins in declared order (7.473795ms)
  ✔ plan is conservative, ordered, and exact-name only (1.698973ms)
  ✔ shell-shaped script names never enter a plan (0.802433ms)
  ✔ a quote-bearing CLI path cannot be embedded — buildHookCommand refuses (0.24343ms)
  ✔ containedRealPath: inside stays inside, outside resolves to null (S3 floor) (2.838992ms)
✔ detection (pure) (15.140893ms)
▶ setup
  ✔ happy path: READY, hook registered, evidence written, user repo untouched otherwise (639.651677ms)
  ✔ re-run is idempotent: one Canary entry, no duplicates, user entry preserved (684.112243ms)
  ✔ malformed settings.json: refuse, exit NEEDS ATTENTION, bytes untouched (98.275919ms)
  ✔ S5: valid JSON with a non-list hooks section gets a plain-words refusal, not an internal crash (210.942438ms)
  ✔ failing project checks never print READY (NO PROOF, NO DONE) (807.853507ms)
  ✔ unattended without --yes: installed but NOT READY — nothing executed, nothing proven (184.407901ms)
  ✔ no supported harness: explicit message, not a fake integration (70.373346ms)
  ✔ Windows path quoting survives E2E: a project path containing spaces onboards and self-checks (780.384745ms)
✔ setup (3476.999214ms)
▶ checkpoint (harness entry)
  ✔ pass -> silent allow (human never interrupted) (658.95811ms)
  ✔ failure -> decision:block with the reason (agent gets a repair turn) (670.403471ms)
  ✔ loop guard: stop_hook_active allows with an honest systemMessage, never re-blocks (623.903724ms)
  ✔ repo without Canary wiring: exit 0, silent (stay out of the way) (58.723391ms)
  ✔ S2: a config written by a different installation never executes — loud UNVERIFIED instead (357.149683ms)
  ✔ S7: a parseable-but-wrong-shape config is treated as corrupt everywhere, never a crash (794.136871ms)
  ✔ F-1: a half-written (truncated) config is loud UNVERIFIED at checkpoint, never silent; doctor stays NEEDS ATTENTION (1604.989836ms)
✔ checkpoint (harness entry) (4768.774908ms)
▶ atomic config writes (GLM F-2)
  ✔ leaves no temp residue and round-trips exactly (53.127414ms)
  ✔ a crash before the final rename leaves the PREVIOUS config byte-intact, never a corrupt half-file (89.242752ms)
  ✔ every write is fsync-ed BEFORE its publish rename (durable-then-visible order is pinned) (47.073179ms)
  ✔ a crash during the settings write surfaces as a problem — original untouched, backup kept, no residue (15.693518ms)
✔ atomic config writes (GLM F-2) (205.39415ms)
▶ doctor + uninstall
  ✔ READY after a green setup; hook deletion is detected loudly; --run still works (now always-on) (1196.181701ms)
  ✔ S4: a FORGED or stale checkpoint file can never produce READY — only this run can (512.979361ms)
  ✔ never set up -> NEEDS ATTENTION with the one command; outside git -> UNSUPPORTED (92.067776ms)
  ✔ uninstall removes exactly Canary, preserves everything else; repeat is safe (618.353601ms)
  ✔ S1: an out-of-repo touched path in the config is refused, untouched, loudly (304.760742ms)
  ✔ S6: partial cleanup keeps .canary so the promised retry can actually finish (306.163153ms)
  ✔ S2-adjacent: uninstall of a foreign-cliPath config is refused (cannot prove ownership) (256.829772ms)
✔ doctor + uninstall (3287.697327ms)
▶ degenerate empty plan (hand-edited config must not fake green)
  ✔ checkpoint: zero checks executed -> UNVERIFIED systemMessage, never a silent pass; doctor flags it (411.381188ms)
✔ degenerate empty plan (hand-edited config must not fake green) (411.500013ms)
▶ link containment (S3)
  ✔ checkpoint evidence is never written through a link pointing outside the repo (473.65734ms)
  ✔ setup refuses outright when a managed file is a link (dangling included) (43.573136ms)
✔ link containment (S3) (517.383299ms)
▶ hook entry shape + ownership
  ✔ hasCanaryEntry matches exact command only (0.176985ms)
✔ hook entry shape + ownership (0.237847ms)
▶ audit M8 — offline pipeline end-to-end
  ✔ confined regression: CONFIRMED_REGRESSION, real artifacts re-hash clean (2120.749173ms)
  ✔ unconfined tree drift is downgraded to INCONCLUSIVE rule 9 (F9 e2e) (1419.640355ms)
  ✔ a tampered artifact is caught end-to-end by the prove path (F4 e2e) (1320.691458ms)
  ✔ a fabricated self-contradictory bundle is refuted by validateBundle (F3 e2e) (1225.95563ms)
  ✔ round-3 secondary: a fetch failure is INFRASTRUCTURE (InfraAbort -> CLI exit 2), not generic error (2.285764ms)
  ✔ round-3 secondary: an extraction failure is INFRASTRUCTURE too (1.987155ms)
✔ audit M8 — offline pipeline end-to-end (6093.094792ms)
▶ round-3 B3 — the proof host is the ACTUAL runtime, never the evidence
  ✔ pristine run + proofHost = this machine: full gate PASSes with ZERO skipped assertions (1361.789828ms)
  ✔ THE AUDIT ATTACK: reseal host metadata to dodge host checks -> gate FAILS (exit 1), never skip-to-PASS (1267.003637ms)
  ✔ resealing the environment TO MATCH the real machine is not an attack: identity is reality, not paper (1200.606516ms)
  ✔ off the proof host (simulate a foreign runtime): strict checks SKIP and the verdict INCOMPLETE (exit 2) — PASS is not claimed (1081.411709ms)
  ✔ post-sol F1 — SELF-CONSISTENT is NOT proof-agreement: a bundle fully consistent on this machine can still FAIL check against a diverged committed proof (1057.902315ms)
  ✔ a lying proof file cannot flip the verdict either: proofHost=foreign while running here still skips (evidence-agnostic) (852.677058ms)
✔ round-3 B3 — the proof host is the ACTUAL runtime, never the evidence (6823.243472ms)
▶ post-GLM F2 — executable bytes are part of the host identity
  ✔ a trojan runtime claiming the proof-host METADATA but running different bytes can never PASS (892.526503ms)
  ✔ a proof naming a proofHost but omitting the exec digest is REFUSED — loud FAIL, never a silently weaker gate (856.597415ms)
  ✔ the sampler reports the ACTUAL bytes of the running executable (162.1187ms)
  ✔ an environment ATTESTATION stays metadata-only: the evidence block carries no bytes to compare (documented residual) (0.245463ms)
✔ post-GLM F2 — executable bytes are part of the host identity (1911.886609ms)
▶ verifyArtifacts — audit F4 (proof must rehash the real artifacts)
  ✔ accepts a bundle whose every recorded hash matches the file on disk (12.875347ms)
  ✔ rejects a tampered raw stdout (recorded hash kept, content swapped) (3.250531ms)
  ✔ rejects a tampered normalized stdout independently of the raw one (6.326981ms)
  ✔ rejects quietly deleted stderr artifacts (9.303849ms)
  ✔ rejects all four substituted files of one round (raw, raw-err, norm, norm-err) (9.015765ms)
  ✔ rejects a logPath that breaks the round-ownership contract (3.379659ms)
✔ verifyArtifacts — audit F4 (proof must rehash the real artifacts) (46.222673ms)
▶ verifyArtifacts — audit B3 (path confinement + ownership)
  ✔ ../../ identical external substitution is refused (ownership), not verified against the external bytes (4.649966ms)
  ✔ absolute external path in logPath is refused (4.268904ms)
  ✔ cross-round swap (candidate#1 claims candidate#2 log) is refused (8.36675ms)
  ✔ baseline pointing at a candidate artifact is refused (9.387808ms)
  ✔ a valid canonical relative artifact path verifies clean (6.179367ms)
  ✔ missing + modified artifacts are refused (11.095872ms)
  ✔ a symlinked artifact resolving outside the dir is refused (symlink escape) (3.809885ms)
✔ verifyArtifacts — audit B3 (path confinement + ownership) (48.72413ms)
▶ assertProof — audit F11 + round-3 B3 (host-exactness from the ACTUAL runtime)
  ✔ legacy proof (no proofHost): host-exact hashes NEVER assert — recorded-env match grants nothing (post-glm F6f) (3.873312ms)
  ✔ post-glm F6f: an ABSENT proofHost can never grant host-exact trust — resealed env metadata cannot PASS the proof (1.660013ms)
  ✔ matching proofHost + actual runtime on it: every assertion including hashes AND the environment binding evaluates (2.939588ms)
  ✔ round-3 B3 core: resealing the evidence environment can NO LONGER skip strict checks — it FAILS the binding (3.610245ms)
  ✔ off-proof-host: host-exact comparisons skip (flagged, not silent); portable assertions still evaluate; verdict is INCOMPLETE (1.819707ms)
  ✔ off-proof-host with tampered committed hashes still passes portable checks (and this is exactly why verifyArtifacts exists) (9.376146ms)
✔ assertProof — audit F11 + round-3 B3 (host-exactness from the ACTUAL runtime) (23.789856ms)
▶ round-3 B3 — environment attestation + verdict helpers
  ✔ environmentAttestationIssues: silent only when claim == ACTUAL runtime (1.977745ms)
  ✔ proofVerdict: PASS requires zero failures AND zero skips (0.161055ms)
✔ round-3 B3 — environment attestation + verdict helpers (2.28759ms)
▶ round-3 B4-D — exact failing-identity set equality (proof vs candidate bytes)
  ✔ faithful expectation: exact set holds (0.465734ms)
  ✔ proof pinning a SUBSET (hiding a real failure) FAILS (0.478264ms)
  ✔ proof pinning an EXTRA (non-existent) identity FAILS (0.225705ms)
  ✔ the exact-set check is portable — it evaluates (never skips) off-host (0.218568ms)
  ✔ a proof that does not pin the tarball digest FAILS the pin requirement (0.200024ms)
  ✔ assertProof alone refuses a resealed experimentId the proof does not name (mutation N10) (0.379643ms)
  ✔ a proof declaring a schema version the reader does not implement FAILS (portable) (0.405836ms)
✔ round-3 B4-D — exact failing-identity set equality (proof vs candidate bytes) (3.314706ms)
▶ post-sol secondary — host sampling is immune to the verifier process environment
  ✔ a poisoned NODE_OPTIONS in the verifying process does NOT crash or steer the fingerprint (419.687193ms)
✔ post-sol secondary — host sampling is immune to the verifier process environment (419.983478ms)
▶ audit B4 — provenance forgery matrix (which layer refuses)
  ✔ pristine run passes the whole gate (1348.993302ms)
  ✔ rewriting failure counts is caught — round-3 B1 coverage gate fires even earlier (at validateBundle) (1253.604101ms)
  ✔ rewriting failing-test identities is caught by byte re-derivation (resealed) (1211.963965ms)
  ✔ NEW: per-round name/value disagreement with bytes is caught (one round forged) (1085.652688ms)
  ✔ rewriting digests away from bytes is caught by verifyArtifacts (resealed) (1047.191195ms)
  ✔ rewriting the repo URL is caught by the committed proof (resealed) (839.845372ms)
  ✔ rewriting experimentId is caught by the workspace binding (resealed) — B4-A fires before the proof (876.987866ms)
  ✔ rewriting the pinned commit is caught by the committed proof (resealed) (860.258692ms)
  ✔ rewriting runtime platform is caught by the committed proof (resealed) (880.640204ms)
  ✔ flipping drift-confined to false is caught (resealed) — trustful+unconfined (797.526192ms)
  ✔ downgrading a tree observation to INCOMPLETE cannot support a trustful label (resealed) (798.034011ms)
  ✔ NEW: relabeling a real regression PASS is caught by re-derivation (resealed) (751.49667ms)
  ✔ adding a non-allowlisted env key is refused (resealed) (711.164469ms)
  ✔ naive (argv) rewrite without recomputing the manifest is caught by integrity (705.646442ms)
  ✔ naive (tarball digest) rewrite without recomputing the manifest is caught by integrity (754.268311ms)
  ✔ naive (runId) rewrite without recomputing the manifest is caught by integrity (748.93902ms)
  ✔ manifest integrity catches ANY single-field rewrite done without recompute (735.793743ms)
✔ audit B4 — provenance forgery matrix (which layer refuses) (15410.840094ms)
▶ round-3 B4 — coherent-reseal matrix on release-critical fields
  ✔ resealed runId alone is contradicted by the workspace directory (729.650574ms)
  ✔ resealed runId AND experimentId (coherent prefix) still contradicts the directory (747.728153ms)
  ✔ resealed tarball digest is contradicted by the retained fixture.tgz bytes (752.846992ms)
  ✔ attacker who swaps the TARBALL BYTES too is stopped by the committed proof pin (741.388669ms)
  ✔ resealed argv is contradicted by the committed spec re-expansion (proof host) (740.742746ms)
  ✔ weakened envKeys (valid allowlist subset) is contradicted by the policy re-derivation (744.397558ms)
  ✔ classification REASON tampering (label/rule/count coherent) is caught by byte re-derivation (748.022299ms)
  ✔ coherent INCONCLUSIVE-rule9 relabel is refused (no unconfined drift to justify it) (1475.812937ms)
  ✔ resealed dependency-copy count is contradicted by the retained snapshot recount (706.700383ms)
  ✔ a crash hidden from the record (crash line IN the bytes, resealed) is caught by byte re-derivation (712.514604ms)
  ✔ an invented crashSignal on clean bytes is caught too (bidirectional binding, resealed) (721.237917ms)
  ✔ a tampered infraSignal (false where bytes carry an infra line) is caught by bytes (702.399282ms)
  ✔ a proof pinning a SUBSET of the failing identities is refused (exact-set equality, B4-D) (733.627836ms)
  ✔ a proof pinning a WRONG extra identity is refused too (exact-set equality, B4-D) (722.991554ms)
  ✔ a proof that forgot to pin the tarball digest cannot support PASS (B4) (712.824953ms)
✔ round-3 B4 — coherent-reseal matrix on release-critical fields (11693.850454ms)
▶ flattenNpmLsJson — npm 11.19 empty-object representation (pipeline path)
  ✔ an empty {} node with no problems mention is expected-absent: no anomaly, no hole (2.838028ms)
  ✔ the same {} node IS an anomaly when problems mentions it (unmet-optional-that-matters fails closed) (0.31298ms)
  ✔ a version-less node with missing:true is an anomaly (uninstalled REQUIRED dep) (0.227687ms)
  ✔ a version-less node carrying a declared subtree: missing-version + unwalked-subtree (0.361098ms)
  ✔ problems name-matching is token-anchored: "util" is not matched by "bufferutil@1.0.0" (0.315908ms)
  ✔ non-object node entries are malformed-node anomalies (0.245608ms)
  ✔ empty / effectively-empty trees can NEVER become VALID (criterion 6) (0.357056ms)
  ✔ a {} node for the STUDIED dependency itself is absence, not presence (criterion 7) (0.236154ms)
  ✔ ANY anomaly caps the observation at INCOMPLETE even with the dep present (0.26714ms)
✔ flattenNpmLsJson — npm 11.19 empty-object representation (pipeline path) (8.174504ms)
▶ post-sol M-2 — empty-node semantics (narrowest exemption)
  ✔ the REAL captured npm 11.19 shape (root fsevents {}, ws nested {} natives) stays VALID (0.928698ms)
  ✔ R4-SR1 (self-review): problems WITH a silent stderr is npm's real extraneous-only shape — the observation is complete, not contradictory (0.497143ms)
  ✔ an empty/absent problems field under an ELSPROBLEMS stderr IS the contradiction (stripped-report forgery) (0.2685ms)
  ✔ problems ABSENT but stderr SCREAMING ELSPROBLEMS is equally a contradiction (stripped-stderr forgery) (0.180791ms)
  ✔ a MALFORMED problems field (string, object, or array with non-strings) kills the exemption and is itself an anomaly (0.82774ms)
  ✔ string-valued problems mentioning the node fail closed identically on BOTH parsers (N4 differential) (0.253041ms)
  ✔ the STUDIED dependency appearing as {} is absence (INCOMPLETE via depPresent), never presence (0.28445ms)
  ✔ drift caused by DISAPPEARANCE of a formerly-versioned dep is byte-visible, not exemption-hidden (outside-subtree drift -> unconfined) (0.387765ms)
  ✔ deeply nested hostile trees are BOUNDED on both parsers (no stack exhaustion; fails closed) (3.119268ms)
  ✔ the traversal budgets are IDENTICAL contracts in both implementations (0.114524ms)
  ✔ anomalies from the two problem channels are DETERMINISTIC and deduped across repeated {} nodes (0.180998ms)
✔ post-sol M-2 — empty-node semantics (narrowest exemption) (8.105746ms)
▶ cross-implementation parity — pipeline flatten vs verify-tree re-flatten (criteria 2+3)
  ✔ parity: plain (0.405648ms)
  ✔ parity: 11.19 empty optionals (0.225576ms)
  ✔ parity: empty optional + problems mention (0.285672ms)
  ✔ parity: missing required (0.163223ms)
  ✔ parity: scoped names (0.133649ms)
  ✔ parity: nested copies (0.219524ms)
  ✔ parity: malformed nodes (0.126796ms)
  ✔ parity: version-less with subtree (0.181816ms)
  ✔ parity: problems only (no deps) (0.153326ms)
  ✔ parity: truncated json (0.161705ms)
  ✔ parity: json scalar (0.120497ms)
  ✔ parity: json null (0.127802ms)
  ✔ parity: empty root (0.239092ms)
✔ cross-implementation parity — pipeline flatten vs verify-tree re-flatten (criteria 2+3) (3.514889ms)
▶ confinement semantics survive the compatibility fix (criterion 3)
  ✔ a {} drift node is never a flat key, so drift sets stay byte-derived (1.683584ms)
  ✔ drift OUTSIDE the subtree stays unconfined even next to {} nodes (0.182979ms)
  ✔ scoped-name escape stays closed under segment semantics (0.156352ms)
✔ confinement semantics survive the compatibility fix (criterion 3) (2.192764ms)
▶ reflattenNpmLs — independent re-derivation of the tree observation
  ✔ flattens nested/scoped trees with versions, no anomalies (problems ignored) (2.571912ms)
  ✔ a missing-version node (npm unmet dependency) is an anomaly, never an "x" sentinel (0.476707ms)
  ✔ an empty {} node with no problems mention is an expected-absent optional, not a hole (0.527044ms)
  ✔ the same empty {} node IS an anomaly when problems mentions it (unmet-optional-that-matters fails closed) (0.270393ms)
  ✔ problems name-matching is token-anchored: "util" is not mentioned by "bufferutil@1.0.0" (0.345856ms)
  ✔ a {} node WITH a declared subtree is still missing-version + unwalked-subtree (0.271822ms)
  ✔ a version-less NODE hides a whole subtree: missing-version + unwalked-subtree (0.205012ms)
  ✔ truncated / malformed JSON => parsed=false (INVALID territory), never a partial success (0.256975ms)
  ✔ copies are counted by full path segments; subtree containment is segment membership (0.356307ms)
✔ reflattenNpmLs — independent re-derivation of the tree observation (7.703574ms)
▶ retained tree snapshots — real pipeline bytes, independent verifier
  ✔ a fresh confined CONFIRMED run retains arm-named artifacts that verify clean (1417.982534ms)
  ✔ naive tamper of retained raw bytes (no reseal) is caught (1375.225443ms)
  ✔ LAZY reseal (raw digest fixed, canonical/tree-hash left stale) is caught by the chain (1178.465113ms)
  ✔ reseal that rewrites bytes+digests but keeps the old attestation claim is caught by verify-tree (1143.448621ms)
  ✔ COHERENT full tree-side reseal: bundle layer catches the version lie (attestation invariant) (1002.921839ms)
  ✔ a coherent reseal claiming VALID over bytes with a missing-version hole is caught (status + anomaly re-derivation) (907.616821ms)
  ✔ pointing one arm at the other arm bytes is caught by BOTH layers (809.366709ms)
  ✔ flipping driftConfinedToDependency against the retained snapshots is caught (935.066543ms)
  ✔ stripping snapshot refs from a trustful bundle: verifier says unverifiable, schema refuses to seal trust on it (862.836445ms)
  ✔ post-GLM G: naive tamper/deletion of the retained attest bytes is caught by verifyArtifacts (807.506318ms)
  ✔ post-GLM G: a resealed framesSha256 the retained bytes do not back is caught ONLY by the bytes binding (786.913701ms)
  ✔ post-GLM G: reseal-everything-but-the-observation is REFUSED (the pre-G "clean 4-file resealed tuple" premise is forbidden by design) (782.60817ms)
✔ retained tree snapshots — real pipeline bytes, independent verifier (12011.284673ms)
▶ validateBundle — round-3 B6 snapshot/anomaly/version gates
  ✔ trustful WITH snapshots + empty anomalies + consistent versions validates clean (0.650991ms)
  ✔ trustful WITHOUT retained snapshots is rejected (resealed) (0.455341ms)
  ✔ trustful with a MISSING anomaly array is rejected ("did not look" != "nothing found") (1.124871ms)
  ✔ trustful with NON-EMPTY recorded anomalies is rejected (partial observation cannot anchor trust) (0.393077ms)
  ✔ resolvedVersions contradicting the dependency block is rejected (resealed attestation forgery) (0.335885ms)
  ✔ snapshot artifact names must be arm-derived (candidate pointing at baseline bytes dies sealed) (0.325249ms)
  ✔ NON-trustful bundles may legitimately carry no snapshots (honest INCONCLUSIVE rule 10) (0.482206ms)
  ✔ trustful label with rounds observation-ABSENT is rejected (rule-14 mirror, panel H) (0.559149ms)
  ✔ trustful label with a VALID observation naming an UNPINNED runner is rejected (panel H/AM-1) (0.302962ms)
  ✔ trustful label whose observed counts DISAGREE with the text channel is rejected (cross-channel gate cannot be bypassed) (0.353012ms)
✔ validateBundle — round-3 B6 snapshot/anomaly/version gates (5.212413ms)
▶ AI adapter boundary
  ✔ noop provider attaches nothing (0.85131ms)
  ✔ attachSummary cannot alter any pre-existing field, including classification (0.782109ms)
✔ AI adapter boundary (6.726545ms)
▶ classify — decision table (docs/PLAN.md section 6)
  ✔ rule 3: baseline unanimous pass + candidate unanimous pass -> PASS (2.121912ms)
  ✔ rule 5: baseline passes, all candidate rounds fail -> CONFIRMED_REGRESSION (0.573051ms)
  ✔ rule 4: baseline fails with real summaries + candidate fails -> PRE_EXISTING_FAILURE (0.457403ms)
  ✔ rule 1 (degenerate-run guard): failing round without runner summary -> INFRASTRUCTURE_FAILURE, never CONFIRMED_REGRESSION (0.296891ms)
  ✔ rule 1: killed round (exit -1) -> INFRASTRUCTURE_FAILURE (0.31093ms)
  ✔ rule 1: infra signal on a failing round outranks drift (0.244307ms)
  ✔ rule 2: split baseline -> FLAKY (experiment invalid) (0.191181ms)
  ✔ rule 7: clean baseline, mixed candidate -> FLAKY, not CONFIRMED (0.210464ms)
  ✔ rule 6: failing baseline + all-pass candidate -> INCONCLUSIVE (inverted pattern) (0.327058ms)
  ✔ rule 0: missing arms -> INCONCLUSIVE (0.218705ms)
  ✔ rule 1 (F1 guard): nonzero exit whose summary reports 0 failing is infra, not drift (0.181205ms)
  ✔ rule 1 (F5 guard): zero exit with masked failures in summary is never PASS (0.10576ms)
  ✔ audit B2: zero-test execution (exit 0, "0 passing") is INFRA, never PASS (0.157732ms)
  ✔ audit B2: a round with NO runner summary at exit 0 is INFRA, never PASS (0.10778ms)
  ✔ audit B2: recognized infra signature at EXIT ZERO is INFRA (a harness that swallows errors) (0.097695ms)
  ✔ audit B2: a candidate whose baseline is clean but rounds are zero-test is INFRA (never CONFIRMED) (0.21351ms)
  ✔ audit B2 positive control: a valid zero-failure run (N>0 passing, exit 0) still PASSES (0.184626ms)
  ✔ audit F1 (mocha-realistic): passing summary WITHOUT a failing line + nonzero exit -> INFRA, never CONFIRMED_REGRESSION (0.144601ms)
  ✔ audit F2: candidate rounds failing DIFFERENT counts -> FLAKY rule 8, not CONFIRMED_REGRESSION (0.26993ms)
  ✔ audit F2: same count but DIFFERENT failing-test identities -> FLAKY rule 8 (0.194001ms)
  ✔ audit F2: identical failure profiles (golden shape) -> still CONFIRMED_REGRESSION rule 5 (0.293717ms)
  ✔ audit F2: profile comparison is order-independent (sorted identities) (0.266081ms)
  ✔ audit F2: unstable baseline failure identities block PRE_EXISTING_FAILURE -> FLAKY (0.475001ms)
  ✔ audit F1 contract: summary-present failing round WITHOUT any failing count is INFRA, not regression (0.277451ms)
  ✔ is pure: same facts always yield the same verdict (1.194891ms)
✔ classify — decision table (docs/PLAN.md section 6) (12.15404ms)
▶ audit F9/B6 — applyConfinementGuard (rules 9 + 10, enforced not decorative)
  ✔ downgrades CONFIRMED_REGRESSION to INCONCLUSIVE rule 9 when drift is unconfined (0.375718ms)
  ✔ is identity when drift IS confined and both trees VALID (a legit CONFIRMED survives) (0.172411ms)
  ✔ never masks an INFRASTRUCTURE_FAILURE (higher-fidelity reason kept) (0.128453ms)
  ✔ downgrades PASS and PRE_EXISTING_FAILURE too (any trustful verdict needs comparable arms) (0.240591ms)
  ✔ audit B6: an empty/partial tree observation downgrades to INCONCLUSIVE rule 10 even when drift is confined (0.234361ms)
  ✔ audit B6: tree-invalidity takes precedence over unconfined drift (rule 10 not 9) (0.167472ms)
  ✔ guard removal would flip the outcome: identical facts, opposite confinement (0.150191ms)
✔ audit F9/B6 — applyConfinementGuard (rules 9 + 10, enforced not decorative) (1.848405ms)
▶ round-3 blocker 1 — identity coverage gates trustful verdicts
  ✔ identityCoverage: exact match COMPLETE; fewer / more / missing => INCOMPLETE / NOT_OBSERVED (0.275696ms)
  ✔ two DIFFERENT root-level failures that collapsed to equal EMPTY sets can never CONFIRM (rule 11) (0.282617ms)
  ✔ repeated "2 failing" with only ONE extractable identity -> INCONCLUSIVE rule 11, never CONFIRMED (0.236638ms)
  ✔ single failing round claiming 9 failures with 0 identities -> INCONCLUSIVE rule 11 (0.196258ms)
  ✔ under-accounted BASELINE blocks PRE_EXISTING_FAILURE too (coverage is not candidate-only) (0.169818ms)
  ✔ genuinely distinct root failures stay distinct (rule 8 FLAKY, not coverage, not CONFIRMED) (0.390013ms)
  ✔ fully-accounted root-level identities CONFIRM (conservatism must not break real proofs) (0.322434ms)
✔ round-3 blocker 1 — identity coverage gates trustful verdicts (2.493827ms)
▶ round-3 blocker 2 — pending tests are NOT executed assertions
  ✔ all-pending candidate (0/0/7, exit 0) can never PASS -> INFRA (0.429002ms)
  ✔ infraCause flags a pending-only round directly (was: null) (0.268805ms)
  ✔ healthy baseline + ALL-skipped candidate: the run proves nothing executed (0.240019ms)
  ✔ summary present with NO machine-readable counts at all -> INFRA (prose "summary" proves nothing) (0.254313ms)
  ✔ pending-only counts (no passing/failing line — the real mocha shape) -> INFRA zero-executed (1.898553ms)
  ✔ zero-test with NO summary at all stays INFRA (B2 path unchanged) (0.234577ms)
  ✔ a single executed assertion (1 passing, 0 failing, N pending) is enough to be a VALID run (0.16971ms)
  ✔ decoy early summary lines cannot steer a nonzero-exit round into CONFIRMED (probe P2) (0.154676ms)
  ✔ duplicate identical suite-qualified identities under-account -> rule 11, never trust (probe P4) (0.264922ms)
✔ round-3 blocker 2 — pending tests are NOT executed assertions (4.394774ms)
▶ post-sol RB-2 — coverage consistency gates strong verdicts
  ✔ Sol case 1: baseline 128 passing, candidate 1 passing is NOT PASS (0.286648ms)
  ✔ Sol case 2: baseline repetitions 128 then 1 (both exit 0) is NOT PASS (0.145646ms)
  ✔ Sol case 3: baseline 128, candidate 1 passing / 127 pending is NOT PASS (0.140204ms)
  ✔ Sol case 4: baseline 128, candidate 1 stable failing test is NOT CONFIRMED_REGRESSION (0.270611ms)
  ✔ Axios golden shape (128 passing -> 125 passing / 3 failing) STILL classifies CONFIRMED_REGRESSION rule 5 (0.302551ms)
  ✔ a passing->failing move at stable totals is a regression, not a coverage gap (0.234755ms)
  ✔ one executed test on BOTH arms, stable across repetitions, still PASSES (no hard-coded minimum) (0.20381ms)
  ✔ pending that SHRINKS candidate-side is caught by the observed total (5 executed + 0 pending vs 5 + 5 pending) (0.139189ms)
  ✔ candidate executing MORE than baseline is equally non-comparable (strong verdicts need both directions) (0.106193ms)
  ✔ rule 12 fires on candidate-side instability too (one repeat loses a test, both exit 0) (0.122686ms)
  ✔ PRE_EXISTING_FAILURE also demands comparability (baseline fails with fewer executed than candidate) (0.184744ms)
  ✔ weak outputs are never inflated by the new rules: mixed candidate with a coverage gap stays FLAKY (rule 7), infra wins over coverage (rule 1) (0.202706ms)
  ✔ treats undefined counts as zero consistently with rule 1 (mocha omits the 0-failing line): 5 passing vs 5 passing+3 failing is NOT comparable (0.1023ms)
  ✔ a stable-coverage collapse on BOTH arms (128 -> 1 -> uniform) is comparable and can still PASS — and is reported honestly (0.109939ms)
✔ post-sol RB-2 — coverage consistency gates strong verdicts (3.175358ms)
▶ post-GLM — execution-observation gate (rule 14)
  ✔ the GLM shape: unanimous "passing" prose with NO observation -> INCONCLUSIVE rule 14, never PASS (0.548564ms)
  ✔ a VALID observation that LIES about counts is caught (text 5/0/0 vs observed 42/0/0) (0.146573ms)
  ✔ a VALID observation whose failing identities differ from the text is caught (0.141969ms)
  ✔ FLAKY is gated too: a split baseline WITHOUT observation is rule 14, not FLAKY (0.143438ms)
  ✔ PRE_EXISTING_FAILURE is gated: fail/fail/fail prose is rule 14 (the guard also gates the honest direction) (0.164524ms)
  ✔ status ABSENT is not "weak-but-fine": an explicit ABSENT observation gates like a missing one (0.226662ms)
  ✔ the gate reports the FIRST offending round in bundle order (deterministic reason) (0.122174ms)
  ✔ observationGateIssue: both exit-contradiction directions fail a VALID observation (0.151305ms)
  ✔ observationSatisfied agrees with the gate on both paths (0.22327ms)
  ✔ a VALID observation whose identity array is missing/malformed is a REFUSAL, not a crash (0.15721ms)
  ✔ post-GLM F4: infra TEXT signature alone cannot veto an attested execution (precedence) (0.263443ms)
  ✔ post-glm F6b: the ACTUAL containment of a VALID-observed killed round — gate blind, rule 1 absolute (0.19406ms)
  ✔ post-GLM F4 twin: WITHOUT attestation the same prose still yields rule 1 INFRA (0.184301ms)
  ✔ post-GLM F4 residual: a crash-signature TEXT cannot veto an attested execution either (0.387548ms)
  ✔ post-GLM F4 residual twin: WITHOUT attestation crash prose still yields rule 1 INFRA (0.13002ms)
  ✔ weak paths are NOT gated: rule 0/rule 1 keep their rule numbers without any observation (0.186331ms)
✔ post-GLM — execution-observation gate (rule 14) (4.158533ms)
▶ post-GLM round 5 F1 — PRE_EXISTING requires failing-set containment
  ✔ a candidate failure Canary never saw fail in baseline is NOT pre-existing — INCONCLUSIVE 13 (never a swallowed regression) (0.969008ms)
  ✔ disjoint failing sets ({A} baseline vs {B} candidate) at equal totals describe no comparable transition — INCONCLUSIVE 13 (0.180821ms)
  ✔ an honest PRE_EXISTING_FAILURE (identical failing sets) keeps rule 4 — containment must not over-block (0.206432ms)
  ✔ CONFIRMED_REGRESSION is untouched by containment (baseline has zero failing identities) (0.150359ms)
  ✔ DOCUMENTED CEILING: version-gated passing-test substitution still PASSes (F3/§8.1) — equality of cardinality + failing sets is the exact invariant (0.194375ms)
✔ post-GLM round 5 F1 — PRE_EXISTING requires failing-set containment (2.001474ms)
▶ post-GLM round 5 F4 — rule 14 downgrades EVERY FLAKY producer (6/7/8/12)
  ✔ un-attested producer rule 6 (non-unanimous candidate under failing baseline) -> INCONCLUSIVE 14, never FLAKY (0.277096ms)
  ✔ un-attested producer rule 7 (clean baseline, mixed candidate) -> INCONCLUSIVE 14, never FLAKY (0.197392ms)
  ✔ un-attested producer rule 8 (failing rounds within an arm differ in identity) -> INCONCLUSIVE 14, never FLAKY (0.186558ms)
  ✔ un-attested producer rule 12 (repetitions differ in coverage totals) -> INCONCLUSIVE 14, never FLAKY (0.127418ms)
✔ post-GLM round 5 F4 — rule 14 downgrades EVERY FLAKY producer (6/7/8/12) (1.052735ms)
▶ inDependencySubtree
  ✔ matches the dep itself and its nested copies at any depth (escaped keys) (0.822229ms)
  ✔ scoped name collisions cannot masquerade when keys are escaped (F4) (0.22324ms)
  ✔ round-3 B6: descendants of a NESTED copy are inside the subtree (0.479144ms)
  ✔ audit F10: a SCOPED dependency matches its own escaped keys (0.236993ms)
✔ inDependencySubtree (3.355678ms)
▶ diffTrees — the arms-equality proof
  ✔ audit F10: scoped dependency drift inside its subtree is confined (0.505375ms)
  ✔ audit F10: scoped dep PLUS real external drift is still NOT confined (1.117362ms)
  ✔ golden case: only the dependency subtree changed (0.28866ms)
  ✔ detects contamination outside the dependency (1.97034ms)
  ✔ audit B6 exposes the vacuous-confinement hazard (empty trees report confined) (0.211331ms)
✔ diffTrees — the arms-equality proof (4.664483ms)
▶ audit B6 — classifyTreeObservation (tree completeness)
  ✔ a parsed, non-empty tree containing the dependency is VALID (0.406683ms)
  ✔ empty tree (no data observed) is INVALID, not a proof of confinement (0.351538ms)
  ✔ unparseable / no-root-deps is INVALID (0.20938ms)
  ✔ tree present but the studied dependency absent is INCOMPLETE (0.189032ms)
  ✔ scoped dependency presence is detected via the escaped key (dependencyInTree) (0.230604ms)
  ✔ round-3 B6: ANY observation anomaly caps the status at INCOMPLETE (0.207891ms)
✔ audit B6 — classifyTreeObservation (tree completeness) (2.022789ms)
▶ log parsing (auxiliary — never decides classification)
  ✔ extracts canonical suite-qualified identities from mocha output (audit B1) (1.996309ms)
  ✔ audit B1: same leaf title in DIFFERENT suites stays DISTINCT (0.620114ms)
  ✔ audit B1: nested describe paths survive as multi-segment identities (0.118585ms)
  ✔ audit B1: progress-list lines (N) followed by a passing line yield NO identity (0.146238ms)
  ✔ audit B1: identical identities in one run dedupe deterministically; distinct never collapse (0.14117ms)
  ✔ audit B1: ava identities keep the full suite path (0.161182ms)
  ✔ parses summary counts (0.515045ms)
  ✔ round-3 B1: ROOT-level failure ("1) title:" — colon on the numbered line) yields its identity (0.157506ms)
  ✔ round-3 B1: repeated root-level titles across rounds re-extract identically (deterministic) (0.22396ms)
  ✔ round-3 B1: mixed root + nested blocks do not corrupt each other (0.121631ms)
  ✔ round-3 B1: a nested block is abandoned at the summary line, never past it (0.102112ms)
  ✔ round-3 B1: malformed/truncated output yields NO fabricated identities (0.134713ms)
  ✔ round-3 B1: reordered distinct failures extract the same SET (profile order-independence) (0.157427ms)
✔ log parsing (auxiliary — never decides classification) (5.121576ms)
▶ streamsStable
  ✔ true only for identical hashes across all rounds (0.149688ms)
✔ streamsStable (0.238304ms)
▶ post-sol secondary — lone-CR line endings parse identically to LF/CRLF
  ✔ parseSummaryCounts reads the same totals across LF, CRLF and CR-only (0.308939ms)
  ✔ extractFailingTestNames finds the same identities across LF, CRLF and CR-only (0.129833ms)
✔ post-sol secondary — lone-CR line endings parse identically to LF/CRLF (0.545064ms)
▶ post-GLM F3 — ANSI-colored output parses identically to plain output
  ✔ parseSummaryCounts reads the same totals colored as plain (0.668854ms)
  ✔ extractFailingTestNames finds the same identities colored as plain (0.119798ms)
  ✔ F3 false-PASS battery: an ANSI-wrapped failing line cannot hide from the masked-failure count (0.101234ms)
  ✔ precision control: stripping never fabricates counts (0.25319ms)
  ✔ ANSI and lone-CR compose: colored CR-only stream matches colored LF stream (0.170745ms)
✔ post-GLM F3 — ANSI-colored output parses identically to plain output (1.609658ms)
▶ validateSpec
  ✔ accepts the golden shape (5.294325ms)
  ✔ rejects branch/tag names instead of full SHAs (0.481981ms)
  ✔ rejects a swap that does not install the candidate (0.281887ms)
  ✔ requires >=2 candidate repetitions (a regression must reproduce) (0.236165ms)
  ✔ requires >=2 baseline rounds so the FLAKY guard is reachable (F8) (0.221999ms)
  ✔ rejects identical baseline/candidate (0.249513ms)
  ✔ rejects malformed prepare argv (not array-of-arrays) (0.245175ms)
  ✔ rejects non-object input without throwing (0.207783ms)
✔ validateSpec (9.004455ms)
▶ planArms
  ✔ orders steps with toolchain between prepare and build (1.331819ms)
  ✔ omits toolchain/build when absent (0.63294ms)
✔ planArms (2.51548ms)
▶ normalizers
  ✔ canonicalizes line endings, trailing ws, final newline (2.07068ms)
  ✔ collapses timestamps, dates, durations (0.229244ms)
  ✔ collapses uuids and long hex addresses but not short hex (0.3276ms)
  ✔ collapses ports on localhost (0.17732ms)
  ✔ normalizes the run workspace, temp, home, user, host (0.406781ms)
  ✔ pathVariants covers slash forms and drive case (0.201956ms)
  ✔ the stability invariant: same logical run shape at different moments collapses to identical bytes (1.118153ms)
  ✔ result lines are never rewritten by value-shape rules (0.311847ms)
✔ normalizers (8.579154ms)
▶ renderHtml
  ✔ renders the deterministic verdict verbatim (1.880913ms)
  ✔ shows hash prefixes and log paths for audit (0.200399ms)
  ✔ states the drift-confinement result (0.23578ms)
  ✔ escapes hostile content from downstream logs/names (no HTML injection) (0.246684ms)
  ✔ audit F12: renders failing-test identities derived from the BUNDLE (no extras) (0.583855ms)
  ✔ audit F12: a bundle with no failing identities omits the section (0.294082ms)
✔ renderHtml (5.278099ms)
▶ post-sol F1 — the verification banner says SELF-CONSISTENT, not VERIFIED
  ✔ a fully local-consistent render is labeled SELF-CONSISTENT and disclaims the committed proof (0.994363ms)
  ✔ a failing consistency render is labeled NOT SELF-CONSISTENT and still warns (0.616122ms)
  ✔ no verification argument at all renders NOT SELF-CONSISTENT (absence of checking is not success) (0.203514ms)
✔ post-sol F1 — the verification banner says SELF-CONSISTENT, not VERIFIED (2.611415ms)
▶ validateBundle
  ✔ accepts a well-formed bundle (9.815537ms)
  ✔ rejects an unknown classification label (3.720407ms)
  ✔ rejects short/hexless commit SHAs (no branch pins in evidence) (2.410924ms)
  ✔ rejects a bundle missing an arm (1.905877ms)
  ✔ rejects malformed stream hashes (3.262552ms)
  ✔ rejects a round whose envKeys leak outside the sanitized allowlist (F9) (0.976461ms)
  ✔ rejects reproductionCount < 1 (3.22591ms)
✔ validateBundle (27.243285ms)
▶ validateBundle — semantic integrity (audit F3)
  ✔ rejects a CONFIRMED_REGRESSION label whose own rounds say PASS (2.69525ms)
  ✔ rejects a CONFIRMED_REGRESSION built from rounds whose failure identities differ (must re-derive FLAKY rule 8) (3.735959ms)
  ✔ rejects masked-failure rounds (exit 0 with reported failures) under a PASS label (3.350567ms)
  ✔ rejects killedByTimeout=true alongside a normal exit code (0.57245ms)
  ✔ rejects an inflated reproductionCount not backed by candidate rounds (0.800649ms)
  ✔ rejects a trustful verdict while drift says NOT confined (rule-9 guard bypassed) (0.489778ms)
  ✔ accepts the legitimate rule-9 override: unconfined drift + INCONCLUSIVE rule 9 (0.613145ms)
  ✔ audit B6: rejects a trustful verdict built on a non-VALID tree observation (1.314974ms)
  ✔ audit B6: accepts the legitimate rule-10 override (confined drift but weak observation) (0.520004ms)
  ✔ audit B6: rejects a FABRICATED rule-10 downgrade even with a valid manifest (semantic layer alone catches it) (0.499223ms)
  ✔ audit B6: observationStatus is mandatory (0.629884ms)
  ✔ refuses to treat a CONFIRMED_REGRESSION as trustworthy when round facts are too sparse to re-derive (0.521719ms)
  ✔ self-review N3: the sparse-facts refusal covers a PASS claim too (was: CONFIRMED/PRE_EXISTING only) (0.698281ms)
  ✔ robustness H1: rejects duplicate (arm,round) indices (resealed) (0.926322ms)
  ✔ round-3 B1: a RESEALED CONFIRMED whose failing identities under-account the count dies twice over (1.266531ms)
  ✔ post-sol RB-2: a resealed trustful bundle over incomparable arm coverage dies twice over (0.727855ms)
  ✔ post-sol RB-2: a trustful label with only ONE round per arm is refused (0.498207ms)
  ✔ post-sol RB-2: unstable repetition coverage under a trustful label is refused (baseline 5 vs 4 passing) (0.637494ms)
  ✔ post-sol RB-2: weak labels carry no parity requirement (honest INCONCLUSIVE rule 13 validates) (0.79289ms)
  ✔ round-3 B2: a PASS label over zero-assertion (pending-only) rounds is rejected (3.950918ms)
✔ validateBundle — semantic integrity (audit F3) (26.795625ms)
▶ post-sol M-1 — contract.ts is the single source of truth
  ✔ the committed schemas/evidence.schema.json EQUALS the generated contract (no drift) (2.310125ms)
  ✔ every always-required contract field is refused at runtime when DELETED (Sol: commands, killedByTimeout, startedAt, durationMs included) (49.674087ms)
  ✔ intentionally-optional fields may be absent (we do not blind-strictify) (0.589229ms)
  ✔ unknown fields are refused at root, round, and treeComparison scopes (policy is intentional) (1.532289ms)
  ✔ post-glm F6c: unknown fields NAMED LIKE Object.prototype members are refused too (own-property check, not `in`) (3.102806ms)
  ✔ trustful-tier fields: deleted infraSignal/snapshots/anomalies kill a trustful claim but validate clean under a weak honest label (1.36374ms)
  ✔ round indices must be contiguous per arm (an omitted round shrinks the claimed reproduction) (1.073106ms)
✔ post-sol M-1 — contract.ts is the single source of truth (60.169328ms)
▶ post-GLM round 5 — mirror constant independence + containment restatement
  ✔ STRONG_MIRROR_LABELS is a distinct copy of the classifier strong set with pinned equivalence (0.242572ms)
  ✔ refuses PRE_EXISTING_FAILURE whose candidate fails identities baseline did not (containment at 3d) (0.851149ms)
  ✔ accepts an honest PRE_EXISTING_FAILURE (identical failing sets across arms) — no over-blocking (0.949419ms)
✔ post-GLM round 5 — mirror constant independence + containment restatement (2.21987ms)
▶ Recorder.expandArgv — token expansion + enforced isolation
  ✔ expands $bin via resolver to node + bin path (6.32246ms)
  ✔ ALWAYS appends --ignore-scripts and cache isolation to install commands (5.01962ms)
  ✔ F6: flags are detected past leading options ($npm --loglevel install) (3.396677ms)
  ✔ F6: npm ci (runs lifecycle scripts by default) is also covered (2.455704ms)
  ✔ post-glm F6e: the controlled empty npm config is RE-ESTABLISHED immediately before install (tamper-between-creation-and-use) (2.298226ms)
  ✔ F6: $yarn install gets yarn-appropriate flags after -- and --ignore-scripts on the npx bootstrap (1.932033ms)
  ✔ F8: $npm -u evil.npmrc install x is REJECTED (was silent injection-skip) (6.209879ms)
  ✔ F8: conflicting config flags rejected BEFORE and AFTER the subcommand (3.259987ms)
  ✔ F8: unknown bare option before subcommand rejected; --key=value passes (3.419595ms)
  ✔ F8: exec/dlx/shell-style subcommands rejected; run of a local script is not (3.075616ms)
  ✔ F8: conflicting flags rejected in CASE VARIANTS too (red-team) (7.875619ms)
  ✔ F8: install-family options with = or after the subcommand still expand normally (4.554547ms)
  ✔ non-install commands get no injected flags (6.325463ms)
✔ Recorder.expandArgv — token expansion + enforced isolation (58.803994ms)
▶ summary/infra matchers (F1/F5 hardening)
  ✔ strict summary matcher rejects prose and accepts runner lines (0.543126ms)
  ✔ environmental error patterns are infra (F1/F2) (4.892155ms)
  ✔ audit B2: errno code in a PASSING test name is NOT infra; in an error line IS (4.275689ms)
✔ summary/infra matchers (F1/F5 hardening) (10.027292ms)
▶ Recorder.step/round — real subprocess, real artifacts (no mocks)
  ✔ captures exit code, streams, hashes, counts; unique-ifies repeated labels (65.083354ms)
  ✔ F1 shape: nonzero exit + summary claiming 0 failing is recorded with the count (47.079224ms)
  ✔ F5 shape: exit 0 while summary reports failures is captured (classifier then infra-guards) (51.601166ms)
  ✔ audit F13: failing-test identities from REAL subprocess output land in fact and evidence (50.889489ms)
  ✔ audit B2 (real subprocess): 0 passing at exit 0 records reportedPassing=0 (classifier => INFRA) (50.718839ms)
  ✔ audit B2 (real subprocess): ECONNREFUSED error line at exit 0 sets infraSignal true (not swallowed by exit) (46.292052ms)
  ✔ audit B2 (real subprocess): a genuinely passing run records reportedPassing>0 and stays valid (44.277235ms)
  ✔ audit B1 e2e: same leaf title, different SUITE across candidate rounds -> FLAKY (144.985968ms)
  ✔ audit B1 e2e: identical SUITE-QUALIFIED identity across rounds stays CONFIRM-eligible (196.707702ms)
  ✔ timeout kills produce exit -1 (and tree-kill runs without throwing) (1013.264118ms)
✔ Recorder.step/round — real subprocess, real artifacts (no mocks) (1712.551254ms)
▶ audit B5 — canonical package-manager policy (closed allowlist)
  ✔ B5: install ALIASES (the pre-fix silent-skip) now receive full injection (5.387427ms)
  ✔ B5: unknown/unvetted subcommands are REJECTED, not run without policy (1.806314ms)
  ✔ B5: RAW package-manager forms rejected for ANY command position (5.812058ms)
  ✔ B5: $bin:npm bypass is rejected; $bin:mocha still works (2.118508ms)
  ✔ B5: user `--` in an install command is rejected (was the trailing-flag dead-weight bypass) (3.310242ms)
  ✔ B5 invariant (property): accepted install => isolation flags in EFFECTIVE position after the subcommand, none after a `--` (2.075706ms)
  ✔ B5: closed-allowlist families classified correctly by the policy parser (0.238774ms)
✔ audit B5 — canonical package-manager policy (closed allowlist) (21.19122ms)
▶ round-3 B5 — wrapper-mediated / frontend package-manager execution is refused
  ✔ cmd /c npm install … is refused (the canonical Windows wrapper bypass) (4.43367ms)
  ✔ powershell / pwsh … npm is refused (2.418794ms)
  ✔ env / nohup / xargs / sh -c / sudo npm are refused (POSIX wrappers) (3.644223ms)
  ✔ package-manager FRONTENDS (pnpm/bun/corepack/volta) are refused (1.697652ms)
  ✔ node executed ON a package-manager file (node npm / node npm-cli.js) is refused (4.448091ms)
  ✔ any other unenumerated literal executable fails closed (not silently expanded) (1.765158ms)
  ✔ REGRESSION: every SUPPORTED form still expands (allowlist does not over-reject) (3.838104ms)
  ✔ REGRESSION: raw npm / npm.cmd / direct npm-cli / $bin:npm still rejected (pre-existing B5.1) (1.671914ms)
✔ round-3 B5 — wrapper-mediated / frontend package-manager execution is refused (24.466151ms)
▶ round-3 secondary — crash & sweep signals reach the classification
  ✔ hasCrashSignature: matches V8/native abort phrasing, skips pass-glyph lines (0.291159ms)
  ✔ glyph discrimination (self-review N4): ava ✖ (U+2716) fires infra; ✗-titled (U+2717) prose does not (0.312945ms)
  ✔ isInfraOutput: a hard infra phrase inside a PASSING test title is not false-INFRA (round-3 secondary) (0.132301ms)
  ✔ round() records crashSignal from a real post-summary crash -> classify says INFRA rule 1 (45.917593ms)
  ✔ round() records sweepFailed (when the run outcome flags it) -> classify says INFRA rule 1 (3.513944ms)
  ✔ post-sol secondary: CR-only line endings are matched like LF/CRLF (summary + anchored crash banner) (0.34165ms)
  ✔ assertSupportedSpecExecutable: the allowlist is small and explicit (0.373313ms)
✔ round-3 secondary — crash & sweep signals reach the classification (51.320667ms)
▶ observation hardening — expandArgvWithPlan injection decision
  ✔ the double fixture is actually pinned (fails if the pin table drifted) (0.185779ms)
  ✔ post-GLM F5: the canary double is UNSELECTABLE by default — pinned bytes, no execution authority (3.883815ms)
  ✔ pinned bytes at the canonical anchor: injected, --require appended LAST, plan from the PIN (7.336696ms)
  ✔ unpinned bytes at the canonical anchor: NO injection, runner-identity-unpinned + observed hash recorded (6.895004ms)
  ✔ pinned bytes OUTSIDE the canonical anchor (hoisted): not injectable (5.586216ms)
  ✔ post-glm F6a: pinned bytes reached through a LINK at the anchor are not injectable (root case) (3.537442ms)
  ✔ post-glm F6a: a LINK ABOVE the anchor (node_modules junctioned out) is not injectable either (3.421013ms)
  ✔ post-audit F6a coverage sentinel — the link-escape regression was ACTUALLY exercised on this platform (0.174817ms)
  ✔ a subject-supplied --require/-r in a mocha argv is refused fail-closed (5.3092ms)
  ✔ post-GLM F1: an off-position $bin:mocha token is refused, never credited (6.614628ms)
  ✔ non-mocha commands: no injection attempted, absentKind not-mocha-bin (1.644056ms)
  ✔ the ABSENT path end-to-end: an unpinned double runs REAL rounds and rule 14 refuses the strong label (104.272303ms)
✔ observation hardening — expandArgvWithPlan injection decision (149.75627ms)
▶ post-sol RB-1 — semantic package-manager policy (equivalence classes)
  ✔ Sol's accepted forms are now rejected in install-family commands (2.059924ms)
  ✔ property: for EVERY protected key, every abbreviation/negation/case/= spelling is refused (install family) (49.525955ms)
  ✔ property: the per-package config family (@scope:registry, //…:auth) is refused everywhere (1.825208ms)
  ✔ property: accepted install argv ends with Canary protected flags after every user token (2.016738ms)
  ✔ invariant: no allowed install spelling resolves to a protected key (prefix-disjoint) (0.49688ms)
  ✔ legitimate script-family passthrough and fixture install shapes still expand (3.800704ms)
  ✔ resolveOptionToken normalizes case, =-values, and one leading no- (0.220908ms)
  ✔ empirical: npm applies abbreviation + negation + LAST-WINS ordering (the semantic premises) (513.492891ms)
✔ post-sol RB-1 — semantic package-manager policy (equivalence classes) (573.841226ms)
▶ FINDING B — infra matching is case/encoding symmetric (must-match direction)
  ✔ exact GLM counterexample: mixed-case npm error + fake summary (1.317252ms)
  ✔ all case variants of npm error / npm ERR! fire (0.457927ms)
  ✔ hard patterns fire in any case (module/ERESOLVE/SyntaxError shapes) (0.278732ms)
  ✔ CR-only and CRLF line endings still see the signatures (0.354681ms)
  ✔ ANSI-wrapped signatures still fire (real colored npm output) (0.203071ms)
  ✔ SOFT errno lines fold case too (0.764632ms)
  ✔ crash signatures survive ANSI decoration (0.565853ms)
  ✔ runner summary is recognized through ANSI colors (real colored mocha) (0.450503ms)
✔ FINDING B — infra matching is case/encoding symmetric (must-match direction) (6.522464ms)
▶ FINDING B — benign prose NEVER flips to infrastructure (false-positive direction)
  ✔ passing test TITLES quoting error phrases are not infra (0.793689ms)
  ✔ intentional E404 assertions and historical logs inside test prose are not infra (1.236623ms)
  ✔ summary regexes stay anchored (prose containing "5 passing" mid-sentence) (0.147263ms)
✔ FINDING B — benign prose NEVER flips to infrastructure (false-positive direction) (2.445582ms)
▶ post-GLM F3 — summary recognition and count parsing share one view
  ✔ an ANSI-wrapped failing line is counted as surely as it is recognized (0.481211ms)
  ✔ a fully colored genuine run is recognized AND counted (no false infra) (0.998218ms)
  ✔ lone-CR and ANSI compose identically across both functions (0.173476ms)
✔ post-GLM F3 — summary recognition and count parsing share one view (1.87589ms)
▶ auditPackageManifestText — lifecycle hooks refuse execution
  ✔ accepts a clean manifest (1.288139ms)
  ✔ refuses preinstall hook (0.296901ms)
  ✔ refuses install hook (0.197392ms)
  ✔ refuses postinstall hook (0.311877ms)
  ✔ refuses prepare hook (0.165254ms)
  ✔ rejects invalid JSON without throwing (0.159122ms)
✔ auditPackageManifestText — lifecycle hooks refuse execution (4.627716ms)
▶ auditFixtureDir — rc-file injection gate
  ✔ refuses a fixture shipping .npmrc (3.668172ms)
  ✔ F10: finds rc files nested anywhere in the pinned source (4.548475ms)
  ✔ F7: refuses an UPPERCASE .NPMRC (Windows/macOS load it as project config) (3.743513ms)
  ✔ F7: also catches mixed-case nested .YarnRc.yml (6.777193ms)
✔ auditFixtureDir — rc-file injection gate (19.386164ms)
▶ expectedExtractedDir
  ✔ matches codeload tarball root naming (0.234144ms)
✔ expectedExtractedDir (0.478481ms)
▶ audit F6 — child env observation: declared == observed
  ✔ the child sees EXACTLY the declared allowlist keys (nothing undeclared) (69.504662ms)
  ✔ Windows session identity vars are neutralized, not merely absent from the block (51.225232ms)
  ✔ the real account identity is not reachable via any observed value (53.735382ms)
✔ audit F6 — child env observation: declared == observed (176.416197ms)
▶ KNOWN_RUNNER_RELEASES — npm pins equal their reviewed manifests (offline)
  ✔ every npm-origin entry has a manifest and the hashes agree (21.835022ms)
  ✔ canary-double entries are the ONLY non-manifested pins (offline e2e bytes live in-repo) (0.292031ms)
✔ KNOWN_RUNNER_RELEASES — npm pins equal their reviewed manifests (offline) (23.342361ms)
▶ post-GLM F5 — findRunnerPin: origin is an execution-authority gate
  ✔ double bytes are UNSELECTABLE by default: pinned hash, zero execution authority (0.389441ms)
  ✔ only the explicit in-process grant selects the double (0.175635ms)
  ✔ npm pins stay selectable in BOTH postures — the gate is origin-scoped, not blanket (0.208739ms)
✔ post-GLM F5 — findRunnerPin: origin is an execution-authority gate (1.28066ms)
▶ audit F5 — sweep mechanism (live parent, positive proof)
  ✔ sweepDescendants finds and kills a live parent's child process (244.652521ms)
✔ audit F5 — sweep mechanism (live parent, positive proof) (246.05338ms)
▶ audit F5 — containment through runCommand
  ✔ normal exit-0 of a child that left a helper behind: sweep clean, no survivors (247.542158ms)
  ✔ a clean exit with no descendants sweeps nothing and does not fail (47.488208ms)
  ✔ timeout: tree kill + sweep leave no survivors and do not fail (2016.604437ms)
  ✔ the swept child PID itself is never listed as killed (only descendants) (50.750434ms)
✔ audit F5 — containment through runCommand (2363.698034ms)
▶ audit S1 — POSIX session-membership predicate (setpgid escapees)
  ✔ a member of the child session is caught even after it setpgid()s (0.316256ms)
  ✔ a member of the child group is caught (0.213647ms)
  ✔ an unrelated process is not swept (0.262886ms)
✔ audit S1 — POSIX session-membership predicate (setpgid escapees) (1.358732ms)
ℹ tests 629
ℹ suites 100
ℹ pass 629
ℹ fail 0
ℹ cancelled 0
ℹ skipped 0
ℹ todo 0
ℹ duration_ms 28042.327242
suite exit: 0
